
> shaderbot@2.1.0 test
> jest

  console.log
    ­ƒÜÇ Initialisation de la base de donn├®es...

      at SimpleDatabase.log [as initialize] (src/simple-database.js:19:21)

npm : (node:31928) [DEP0147] DeprecationWarning: In future versions of Node.js, fs.rmdir(path, { recursive: true }) 
will be removed. Use fs.rm(path, { recursive: true }) instead
Au caractère C:\Users\anne\AppData\Local\Temp\ps-script-1773489a-7f96-4f44-b0de-f1aff0e44cab.ps1:119 : 1
+ npm test 2>&1 | Out-File -FilePath test-output.txt -Encoding utf8; Ge ...
+ ~~~~~~~~~~~~~
    + CategoryInfo          : NotSpecified: ((node:31928) [D...true }) instead:String) [], RemoteException
    + FullyQualifiedErrorId : NativeCommandError
 
(Use `node --trace-deprecation ...` to show where the warning was created)
  console.warn
    [2025-11-15T16:26:56.280Z] WARN: Failed to count colors TypeError: Cannot read properties of null (reading 'length')
        at Function.length [as countUniqueColors] (C:\Users\anne\Desktop\GLSL_DISCORD\src\utils\gifOptimizer.js:37:47)
        at Function.countUniqueColors [as detectOptimalQuality] (C:\Users\anne\Desktop\GLSL_DISCORD\src\utils\gifOptimizer.js:18:39)
        at Object.detectOptimalQuality (C:\Users\anne\Desktop\GLSL_DISCORD\tests\utils\gifOptimizer.test.js:24:48)
        at Promise.then.completed (C:\Users\anne\Desktop\GLSL_DISCORD\node_modules\jest-circus\build\utils.js:298:28)
        at new Promise (<anonymous>)
        at callAsyncCircusFn (C:\Users\anne\Desktop\GLSL_DISCORD\node_modules\jest-circus\build\utils.js:231:10)
        at _callCircusTest (C:\Users\anne\Desktop\GLSL_DISCORD\node_modules\jest-circus\build\run.js:316:40)
        at processTicksAndRejections (node:internal/process/task_queues:95:5)
        at _runTest (C:\Users\anne\Desktop\GLSL_DISCORD\node_modules\jest-circus\build\run.js:252:3)
        at _runTestsForDescribeBlock (C:\Users\anne\Desktop\GLSL_DISCORD\node_modules\jest-circus\build\run.js:126:9)
        at _runTestsForDescribeBlock (C:\Users\anne\Desktop\GLSL_DISCORD\node_modules\jest-circus\build\run.js:121:9)
        at _runTestsForDescribeBlock (C:\Users\anne\Desktop\GLSL_DISCORD\node_modules\jest-circus\build\run.js:121:9)
        at run (C:\Users\anne\Desktop\GLSL_DISCORD\node_modules\jest-circus\build\run.js:71:3)
        at runAndTransformResultsToJestFormat (C:\Users\anne\Desktop\GLSL_DISCORD\node_modules\jest-circus\build\legacy-code-todo-rewrite\jestAdapterInit.js:122:21)
        at jestAdapter (C:\Users\anne\Desktop\GLSL_DISCORD\node_modules\jest-circus\build\legacy-code-todo-rewrite\jestAdapter.js:79:19)
        at runTestInternal (C:\Users\anne\Desktop\GLSL_DISCORD\node_modules\jest-runner\build\runTest.js:367:16)
        at runTest (C:\Users\anne\Desktop\GLSL_DISCORD\node_modules\jest-runner\build\runTest.js:444:34)
        at Object.worker (C:\Users\anne\Desktop\GLSL_DISCORD\node_modules\jest-runner\build\testWorker.js:106:12)

      24 |
      25 |     static warn(msg, ...args) {
    > 26 |         console.warn(`[${this.formatTimestamp()}] WARN: ${msg}`, ...args);
         |                 ^
      27 |     }
      28 |
      29 |     static debug(msg, ...args) {

      at Function.warn (src/utils/logger.js:26:17)
      at Function.warn [as countUniqueColors] (src/utils/gifOptimizer.js:53:20)
      at Function.countUniqueColors [as detectOptimalQuality] (src/utils/gifOptimizer.js:18:39)
      at Object.detectOptimalQuality (tests/utils/gifOptimizer.test.js:24:48)

  console.warn
    [2025-11-15T16:26:56.352Z] WARN: Failed to count colors TypeError: Cannot read properties of null (reading 'length')
        at Function.length [as countUniqueColors] (C:\Users\anne\Desktop\GLSL_DISCORD\src\utils\gifOptimizer.js:37:47)
        at Object.countUniqueColors (C:\Users\anne\Desktop\GLSL_DISCORD\tests\utils\gifOptimizer.test.js:45:47)
        at Promise.then.completed (C:\Users\anne\Desktop\GLSL_DISCORD\node_modules\jest-circus\build\utils.js:298:28)
        at new Promise (<anonymous>)
        at callAsyncCircusFn (C:\Users\anne\Desktop\GLSL_DISCORD\node_modules\jest-circus\build\utils.js:231:10)
        at _callCircusTest (C:\Users\anne\Desktop\GLSL_DISCORD\node_modules\jest-circus\build\run.js:316:40)
        at processTicksAndRejections (node:internal/process/task_queues:95:5)
        at _runTest (C:\Users\anne\Desktop\GLSL_DISCORD\node_modules\jest-circus\build\run.js:252:3)
        at _runTestsForDescribeBlock (C:\Users\anne\Desktop\GLSL_DISCORD\node_modules\jest-circus\build\run.js:126:9)
        at _runTestsForDescribeBlock (C:\Users\anne\Desktop\GLSL_DISCORD\node_modules\jest-circus\build\run.js:121:9)
        at _runTestsForDescribeBlock (C:\Users\anne\Desktop\GLSL_DISCORD\node_modules\jest-circus\build\run.js:121:9)
        at run (C:\Users\anne\Desktop\GLSL_DISCORD\node_modules\jest-circus\build\run.js:71:3)
        at runAndTransformResultsToJestFormat (C:\Users\anne\Desktop\GLSL_DISCORD\node_modules\jest-circus\build\legacy-code-todo-rewrite\jestAdapterInit.js:122:21)
        at jestAdapter (C:\Users\anne\Desktop\GLSL_DISCORD\node_modules\jest-circus\build\legacy-code-todo-rewrite\jestAdapter.js:79:19)
        at runTestInternal (C:\Users\anne\Desktop\GLSL_DISCORD\node_modules\jest-runner\build\runTest.js:367:16)
        at runTest (C:\Users\anne\Desktop\GLSL_DISCORD\node_modules\jest-runner\build\runTest.js:444:34)
        at Object.worker (C:\Users\anne\Desktop\GLSL_DISCORD\node_modules\jest-runner\build\testWorker.js:106:12)

      24 |
      25 |     static warn(msg, ...args) {
    > 26 |         console.warn(`[${this.formatTimestamp()}] WARN: ${msg}`, ...args);
         |                 ^
      27 |     }
      28 |
      29 |     static debug(msg, ...args) {

      at Function.warn (src/utils/logger.js:26:17)
      at Function.warn [as countUniqueColors] (src/utils/gifOptimizer.js:53:20)
      at Object.countUniqueColors (tests/utils/gifOptimizer.test.js:45:47)

  console.error
    ÔØî Erreur initialisation base de donn├®es: TypeError: this.db.run is not a function
        at run (C:\Users\anne\Desktop\GLSL_DISCORD\src\simple-database.js:105:21)
        at new Promise (<anonymous>)
        at SimpleDatabase.createTables (C:\Users\anne\Desktop\GLSL_DISCORD\src\simple-database.js:77:16)
        at SimpleDatabase.createTables [as initialize] (C:\Users\anne\Desktop\GLSL_DISCORD\src\simple-database.js:52:24)
        at Object.initialize (C:\Users\anne\Desktop\GLSL_DISCORD\tests\simple-database.test.js:139:32)
        at Promise.then.completed (C:\Users\anne\Desktop\GLSL_DISCORD\node_modules\jest-circus\build\utils.js:298:28)
        at new Promise (<anonymous>)
        at callAsyncCircusFn (C:\Users\anne\Desktop\GLSL_DISCORD\node_modules\jest-circus\build\utils.js:231:10)
        at _callCircusTest (C:\Users\anne\Desktop\GLSL_DISCORD\node_modules\jest-circus\build\run.js:316:40)
        at processTicksAndRejections (node:internal/process/task_queues:95:5)
        at _runTest (C:\Users\anne\Desktop\GLSL_DISCORD\node_modules\jest-circus\build\run.js:252:3)
        at _runTestsForDescribeBlock (C:\Users\anne\Desktop\GLSL_DISCORD\node_modules\jest-circus\build\run.js:126:9)
        at _runTestsForDescribeBlock (C:\Users\anne\Desktop\GLSL_DISCORD\node_modules\jest-circus\build\run.js:121:9)
        at _runTestsForDescribeBlock (C:\Users\anne\Desktop\GLSL_DISCORD\node_modules\jest-circus\build\run.js:121:9)
        at run (C:\Users\anne\Desktop\GLSL_DISCORD\node_modules\jest-circus\build\run.js:71:3)
        at runAndTransformResultsToJestFormat (C:\Users\anne\Desktop\GLSL_DISCORD\node_modules\jest-circus\build\legacy-code-todo-rewrite\jestAdapterInit.js:122:21)
        at jestAdapter (C:\Users\anne\Desktop\GLSL_DISCORD\node_modules\jest-circus\build\legacy-code-todo-rewrite\jestAdapter.js:79:19)
        at runTestInternal (C:\Users\anne\Desktop\GLSL_DISCORD\node_modules\jest-runner\build\runTest.js:367:16)
        at runTest (C:\Users\anne\Desktop\GLSL_DISCORD\node_modules\jest-runner\build\runTest.js:444:34)
        at Object.worker (C:\Users\anne\Desktop\GLSL_DISCORD\node_modules\jest-runner\build\testWorker.js:106:12)

      59 |             
      60 |         } catch (error) {
    > 61 |             console.error('ÔØî Erreur initialisation base de donn├®es:', error);
         |                     ^
      62 |             // En cas d'erreur, utiliser une base en m├®moire
      63 |             try {
      64 |                 this.dbPath = ':memory:';

      at SimpleDatabase.error [as initialize] (src/simple-database.js:61:21)
      at Object.<anonymous> (tests/simple-database.test.js:139:13)

  console.error
    ÔØî Erreur fatale base de donn├®es: TypeError: this.db.run is not a function
        at run (C:\Users\anne\Desktop\GLSL_DISCORD\src\simple-database.js:105:21)
        at new Promise (<anonymous>)
        at SimpleDatabase.createTables (C:\Users\anne\Desktop\GLSL_DISCORD\src\simple-database.js:77:16)
        at SimpleDatabase.createTables [as initialize] (C:\Users\anne\Desktop\GLSL_DISCORD\src\simple-database.js:66:28)
        at processTicksAndRejections (node:internal/process/task_queues:95:5)
        at Object.<anonymous> (C:\Users\anne\Desktop\GLSL_DISCORD\tests\simple-database.test.js:139:13)

      68 |                 console.log('Ô£à Base de donn├®es en m├®moire initialis├®e');
      69 |             } catch (fallbackError) {
    > 70 |                 console.error('ÔØî Erreur fatale base de donn├®es:', fallbackError);
         |                         ^
      71 |                 throw fallbackError;
      72 |             }
      73 |         }

      at SimpleDatabase.error [as initialize] (src/simple-database.js:70:25)
      at Object.<anonymous> (tests/simple-database.test.js:139:13)

  console.log
    ­ƒÜÇ Initialisation de la base de donn├®es...

      at SimpleDatabase.log [as initialize] (src/simple-database.js:19:21)

  console.log
    ­ƒîÉ Environnement Vercel d├®tect├® - Utilisation de la m├®moire

      at SimpleDatabase.log [as initialize] (src/simple-database.js:25:25)

  console.error
    ÔØî Erreur initialisation base de donn├®es: TypeError: this.db.run is not a function
        at run (C:\Users\anne\Desktop\GLSL_DISCORD\src\simple-database.js:105:21)
        at new Promise (<anonymous>)
        at SimpleDatabase.createTables (C:\Users\anne\Desktop\GLSL_DISCORD\src\simple-database.js:77:16)
        at SimpleDatabase.createTables [as initialize] (C:\Users\anne\Desktop\GLSL_DISCORD\src\simple-database.js:52:24)
        at Object.initialize (C:\Users\anne\Desktop\GLSL_DISCORD\tests\simple-database.test.js:193:32)
        at Promise.then.completed (C:\Users\anne\Desktop\GLSL_DISCORD\node_modules\jest-circus\build\utils.js:298:28)
        at new Promise (<anonymous>)
        at callAsyncCircusFn (C:\Users\anne\Desktop\GLSL_DISCORD\node_modules\jest-circus\build\utils.js:231:10)
        at _callCircusTest (C:\Users\anne\Desktop\GLSL_DISCORD\node_modules\jest-circus\build\run.js:316:40)
        at processTicksAndRejections (node:internal/process/task_queues:95:5)
        at _runTest (C:\Users\anne\Desktop\GLSL_DISCORD\node_modules\jest-circus\build\run.js:252:3)
        at _runTestsForDescribeBlock (C:\Users\anne\Desktop\GLSL_DISCORD\node_modules\jest-circus\build\run.js:126:9)
        at _runTestsForDescribeBlock (C:\Users\anne\Desktop\GLSL_DISCORD\node_modules\jest-circus\build\run.js:121:9)
        at _runTestsForDescribeBlock (C:\Users\anne\Desktop\GLSL_DISCORD\node_modules\jest-circus\build\run.js:121:9)
        at run (C:\Users\anne\Desktop\GLSL_DISCORD\node_modules\jest-circus\build\run.js:71:3)
        at runAndTransformResultsToJestFormat (C:\Users\anne\Desktop\GLSL_DISCORD\node_modules\jest-circus\build\legacy-code-todo-rewrite\jestAdapterInit.js:122:21)
        at jestAdapter (C:\Users\anne\Desktop\GLSL_DISCORD\node_modules\jest-circus\build\legacy-code-todo-rewrite\jestAdapter.js:79:19)
        at runTestInternal (C:\Users\anne\Desktop\GLSL_DISCORD\node_modules\jest-runner\build\runTest.js:367:16)
        at runTest (C:\Users\anne\Desktop\GLSL_DISCORD\node_modules\jest-runner\build\runTest.js:444:34)
        at Object.worker (C:\Users\anne\Desktop\GLSL_DISCORD\node_modules\jest-runner\build\testWorker.js:106:12)

      59 |             
      60 |         } catch (error) {
    > 61 |             console.error('ÔØî Erreur initialisation base de donn├®es:', error);
         |                     ^
      62 |             // En cas d'erreur, utiliser une base en m├®moire
      63 |             try {
      64 |                 this.dbPath = ':memory:';

      at SimpleDatabase.error [as initialize] (src/simple-database.js:61:21)
      at Object.<anonymous> (tests/simple-database.test.js:193:13)

  console.error
    ÔØî Erreur fatale base de donn├®es: TypeError: this.db.run is not a function
        at run (C:\Users\anne\Desktop\GLSL_DISCORD\src\simple-database.js:105:21)
        at new Promise (<anonymous>)
        at SimpleDatabase.createTables (C:\Users\anne\Desktop\GLSL_DISCORD\src\simple-database.js:77:16)
        at SimpleDatabase.createTables [as initialize] (C:\Users\anne\Desktop\GLSL_DISCORD\src\simple-database.js:66:28)
        at processTicksAndRejections (node:internal/process/task_queues:95:5)
        at Object.<anonymous> (C:\Users\anne\Desktop\GLSL_DISCORD\tests\simple-database.test.js:193:13)

      68 |                 console.log('Ô£à Base de donn├®es en m├®moire initialis├®e');
      69 |             } catch (fallbackError) {
    > 70 |                 console.error('ÔØî Erreur fatale base de donn├®es:', fallbackError);
         |                         ^
      71 |                 throw fallbackError;
      72 |             }
      73 |         }

      at SimpleDatabase.error [as initialize] (src/simple-database.js:70:25)
      at Object.<anonymous> (tests/simple-database.test.js:193:13)

  console.log
    ­ƒÜÇ Initialisation de la base de donn├®es...

      at SimpleDatabase.log [as initialize] (src/simple-database.js:19:21)

  console.log
    ­ƒôü Dossier data cr├®├®

      at SimpleDatabase.log [as initialize] (src/simple-database.js:34:33)

  console.error
    ÔØî Erreur initialisation base de donn├®es: TypeError: this.db.run is not a function
        at run (C:\Users\anne\Desktop\GLSL_DISCORD\src\simple-database.js:105:21)
        at new Promise (<anonymous>)
        at SimpleDatabase.createTables (C:\Users\anne\Desktop\GLSL_DISCORD\src\simple-database.js:77:16)
        at SimpleDatabase.createTables [as initialize] (C:\Users\anne\Desktop\GLSL_DISCORD\src\simple-database.js:52:24)
        at Object.initialize (C:\Users\anne\Desktop\GLSL_DISCORD\tests\simple-database.test.js:248:32)
        at Promise.then.completed (C:\Users\anne\Desktop\GLSL_DISCORD\node_modules\jest-circus\build\utils.js:298:28)
        at new Promise (<anonymous>)
        at callAsyncCircusFn (C:\Users\anne\Desktop\GLSL_DISCORD\node_modules\jest-circus\build\utils.js:231:10)
        at _callCircusTest (C:\Users\anne\Desktop\GLSL_DISCORD\node_modules\jest-circus\build\run.js:316:40)
        at processTicksAndRejections (node:internal/process/task_queues:95:5)
        at _runTest (C:\Users\anne\Desktop\GLSL_DISCORD\node_modules\jest-circus\build\run.js:252:3)
        at _runTestsForDescribeBlock (C:\Users\anne\Desktop\GLSL_DISCORD\node_modules\jest-circus\build\run.js:126:9)
        at _runTestsForDescribeBlock (C:\Users\anne\Desktop\GLSL_DISCORD\node_modules\jest-circus\build\run.js:121:9)
        at _runTestsForDescribeBlock (C:\Users\anne\Desktop\GLSL_DISCORD\node_modules\jest-circus\build\run.js:121:9)
        at run (C:\Users\anne\Desktop\GLSL_DISCORD\node_modules\jest-circus\build\run.js:71:3)
        at runAndTransformResultsToJestFormat (C:\Users\anne\Desktop\GLSL_DISCORD\node_modules\jest-circus\build\legacy-code-todo-rewrite\jestAdapterInit.js:122:21)
        at jestAdapter (C:\Users\anne\Desktop\GLSL_DISCORD\node_modules\jest-circus\build\legacy-code-todo-rewrite\jestAdapter.js:79:19)
        at runTestInternal (C:\Users\anne\Desktop\GLSL_DISCORD\node_modules\jest-runner\build\runTest.js:367:16)
        at runTest (C:\Users\anne\Desktop\GLSL_DISCORD\node_modules\jest-runner\build\runTest.js:444:34)
        at Object.worker (C:\Users\anne\Desktop\GLSL_DISCORD\node_modules\jest-runner\build\testWorker.js:106:12)

      59 |             
      60 |         } catch (error) {
    > 61 |             console.error('ÔØî Erreur initialisation base de donn├®es:', error);
         |                     ^
      62 |             // En cas d'erreur, utiliser une base en m├®moire
      63 |             try {
      64 |                 this.dbPath = ':memory:';

      at SimpleDatabase.error [as initialize] (src/simple-database.js:61:21)
      at Object.<anonymous> (tests/simple-database.test.js:248:13)

  console.error
    ÔØî Erreur fatale base de donn├®es: TypeError: this.db.run is not a function
        at run (C:\Users\anne\Desktop\GLSL_DISCORD\src\simple-database.js:105:21)
        at new Promise (<anonymous>)
        at SimpleDatabase.createTables (C:\Users\anne\Desktop\GLSL_DISCORD\src\simple-database.js:77:16)
        at SimpleDatabase.createTables [as initialize] (C:\Users\anne\Desktop\GLSL_DISCORD\src\simple-database.js:66:28)
        at processTicksAndRejections (node:internal/process/task_queues:95:5)
        at Object.<anonymous> (C:\Users\anne\Desktop\GLSL_DISCORD\tests\simple-database.test.js:248:13)

      68 |                 console.log('Ô£à Base de donn├®es en m├®moire initialis├®e');
      69 |             } catch (fallbackError) {
    > 70 |                 console.error('ÔØî Erreur fatale base de donn├®es:', fallbackError);
         |                         ^
      71 |                 throw fallbackError;
      72 |             }
      73 |         }

      at SimpleDatabase.error [as initialize] (src/simple-database.js:70:25)
      at Object.<anonymous> (tests/simple-database.test.js:248:13)

  console.log
    ­ƒÜÇ Initialisation de la base de donn├®es...

      at SimpleDatabase.log [as initialize] (src/simple-database.js:19:21)

  console.log
    ÔÜá´©Å Impossible de cr├®er le dossier data, utilisation de la m├®moire

      at SimpleDatabase.log [as initialize] (src/simple-database.js:37:29)

  console.error
    ÔØî Erreur initialisation base de donn├®es: TypeError: this.db.run is not a function
        at run (C:\Users\anne\Desktop\GLSL_DISCORD\src\simple-database.js:105:21)
        at new Promise (<anonymous>)
        at SimpleDatabase.createTables (C:\Users\anne\Desktop\GLSL_DISCORD\src\simple-database.js:77:16)
        at SimpleDatabase.createTables [as initialize] (C:\Users\anne\Desktop\GLSL_DISCORD\src\simple-database.js:52:24)
        at Object.initialize (C:\Users\anne\Desktop\GLSL_DISCORD\tests\simple-database.test.js:306:32)
        at Promise.then.completed (C:\Users\anne\Desktop\GLSL_DISCORD\node_modules\jest-circus\build\utils.js:298:28)
        at new Promise (<anonymous>)
        at callAsyncCircusFn (C:\Users\anne\Desktop\GLSL_DISCORD\node_modules\jest-circus\build\utils.js:231:10)
        at _callCircusTest (C:\Users\anne\Desktop\GLSL_DISCORD\node_modules\jest-circus\build\run.js:316:40)
        at processTicksAndRejections (node:internal/process/task_queues:95:5)
        at _runTest (C:\Users\anne\Desktop\GLSL_DISCORD\node_modules\jest-circus\build\run.js:252:3)
        at _runTestsForDescribeBlock (C:\Users\anne\Desktop\GLSL_DISCORD\node_modules\jest-circus\build\run.js:126:9)
        at _runTestsForDescribeBlock (C:\Users\anne\Desktop\GLSL_DISCORD\node_modules\jest-circus\build\run.js:121:9)
        at _runTestsForDescribeBlock (C:\Users\anne\Desktop\GLSL_DISCORD\node_modules\jest-circus\build\run.js:121:9)
        at run (C:\Users\anne\Desktop\GLSL_DISCORD\node_modules\jest-circus\build\run.js:71:3)
        at runAndTransformResultsToJestFormat (C:\Users\anne\Desktop\GLSL_DISCORD\node_modules\jest-circus\build\legacy-code-todo-rewrite\jestAdapterInit.js:122:21)
        at jestAdapter (C:\Users\anne\Desktop\GLSL_DISCORD\node_modules\jest-circus\build\legacy-code-todo-rewrite\jestAdapter.js:79:19)
        at runTestInternal (C:\Users\anne\Desktop\GLSL_DISCORD\node_modules\jest-runner\build\runTest.js:367:16)
        at runTest (C:\Users\anne\Desktop\GLSL_DISCORD\node_modules\jest-runner\build\runTest.js:444:34)
        at Object.worker (C:\Users\anne\Desktop\GLSL_DISCORD\node_modules\jest-runner\build\testWorker.js:106:12)

      59 |             
      60 |         } catch (error) {
    > 61 |             console.error('ÔØî Erreur initialisation base de donn├®es:', error);
         |                     ^
      62 |             // En cas d'erreur, utiliser une base en m├®moire
      63 |             try {
      64 |                 this.dbPath = ':memory:';

      at SimpleDatabase.error [as initialize] (src/simple-database.js:61:21)
      at Object.<anonymous> (tests/simple-database.test.js:306:13)

  console.error
    ÔØî Erreur fatale base de donn├®es: TypeError: this.db.run is not a function
        at run (C:\Users\anne\Desktop\GLSL_DISCORD\src\simple-database.js:105:21)
        at new Promise (<anonymous>)
        at SimpleDatabase.createTables (C:\Users\anne\Desktop\GLSL_DISCORD\src\simple-database.js:77:16)
        at SimpleDatabase.createTables [as initialize] (C:\Users\anne\Desktop\GLSL_DISCORD\src\simple-database.js:66:28)
        at processTicksAndRejections (node:internal/process/task_queues:95:5)
        at Object.<anonymous> (C:\Users\anne\Desktop\GLSL_DISCORD\tests\simple-database.test.js:306:13)

      68 |                 console.log('Ô£à Base de donn├®es en m├®moire initialis├®e');
      69 |             } catch (fallbackError) {
    > 70 |                 console.error('ÔØî Erreur fatale base de donn├®es:', fallbackError);
         |                         ^
      71 |                 throw fallbackError;
      72 |             }
      73 |         }

      at SimpleDatabase.error [as initialize] (src/simple-database.js:70:25)
      at Object.<anonymous> (tests/simple-database.test.js:306:13)

  console.log
    Ô£à Shader sauvegard├® avec ID: 1

      at Object.log (src/simple-database.js:150:29)

  console.log
    [2025-11-15T16:26:56.358Z] INFO: Ô£à Database backup created: db-backup-2025-11-15T16-26-56-347Z.db

      at Function.log [as info] (src/utils/logger.js:11:17)

  console.log
    [2025-11-15T16:26:56.404Z] INFO: Creating optimized GIF: quality=1, size=100x100

      at Function.log [as info] (src/utils/logger.js:11:17)

  console.error
    ÔØî Erreur statistique totalShaders: Error: DB error
        at Object.<anonymous> (C:\Users\anne\Desktop\GLSL_DISCORD\tests\simple-database.test.js:461:30)
        at C:\Users\anne\Desktop\GLSL_DISCORD\node_modules\jest-mock\build\index.js:397:39
        at Object.<anonymous> (C:\Users\anne\Desktop\GLSL_DISCORD\node_modules\jest-mock\build\index.js:404:13)
        at Object.mockConstructor [as get] (C:\Users\anne\Desktop\GLSL_DISCORD\node_modules\jest-mock\build\index.js:113:19)
        at get (C:\Users\anne\Desktop\GLSL_DISCORD\src\simple-database.js:350:25)
        at Array.forEach (<anonymous>)
        at forEach (C:\Users\anne\Desktop\GLSL_DISCORD\src\simple-database.js:349:37)
        at new Promise (<anonymous>)
        at SimpleDatabase.getStats (C:\Users\anne\Desktop\GLSL_DISCORD\src\simple-database.js:333:16)
        at Object.getStats (C:\Users\anne\Desktop\GLSL_DISCORD\tests\simple-database.test.js:469:42)
        at Promise.then.completed (C:\Users\anne\Desktop\GLSL_DISCORD\node_modules\jest-circus\build\utils.js:298:28)
        at new Promise (<anonymous>)
        at callAsyncCircusFn (C:\Users\anne\Desktop\GLSL_DISCORD\node_modules\jest-circus\build\utils.js:231:10)
        at _callCircusTest (C:\Users\anne\Desktop\GLSL_DISCORD\node_modules\jest-circus\build\run.js:316:40)
        at processTicksAndRejections (node:internal/process/task_queues:95:5)
        at _runTest (C:\Users\anne\Desktop\GLSL_DISCORD\node_modules\jest-circus\build\run.js:252:3)
        at _runTestsForDescribeBlock (C:\Users\anne\Desktop\GLSL_DISCORD\node_modules\jest-circus\build\run.js:126:9)
        at _runTestsForDescribeBlock (C:\Users\anne\Desktop\GLSL_DISCORD\node_modules\jest-circus\build\run.js:121:9)
        at _runTestsForDescribeBlock (C:\Users\anne\Desktop\GLSL_DISCORD\node_modules\jest-circus\build\run.js:121:9)
        at run (C:\Users\anne\Desktop\GLSL_DISCORD\node_modules\jest-circus\build\run.js:71:3)
        at runAndTransformResultsToJestFormat (C:\Users\anne\Desktop\GLSL_DISCORD\node_modules\jest-circus\build\legacy-code-todo-rewrite\jestAdapterInit.js:122:21)
        at jestAdapter (C:\Users\anne\Desktop\GLSL_DISCORD\node_modules\jest-circus\build\legacy-code-todo-rewrite\jestAdapter.js:79:19)
        at runTestInternal (C:\Users\anne\Desktop\GLSL_DISCORD\node_modules\jest-runner\build\runTest.js:367:16)
        at runTest (C:\Users\anne\Desktop\GLSL_DISCORD\node_modules\jest-runner\build\runTest.js:444:34)
        at Object.worker (C:\Users\anne\Desktop\GLSL_DISCORD\node_modules\jest-runner\build\testWorker.js:106:12)

      350 |                 this.db.get(query, (err, row) => {
      351 |                     if (err) {
    > 352 |                         console.error(`ÔØî Erreur statistique ${key}:`, err);
          |                                 ^
      353 |                         stats[key] = 0;
      354 |                     } else {
      355 |                         stats[key] = row.count || row.total || 0;

      at error (src/simple-database.js:352:33)
      at Object.callback (tests/simple-database.test.js:461:21)
      at get (src/simple-database.js:350:25)
          at Array.forEach (<anonymous>)
      at forEach (src/simple-database.js:349:37)
      at SimpleDatabase.getStats (src/simple-database.js:333:16)
      at Object.getStats (tests/simple-database.test.js:469:42)

  console.log
    [2025-11-15T16:26:56.406Z] INFO: Ô£à Metrics exported: metrics-2025-11-15T16-26-56-405Z.json

      at Function.log [as info] (src/utils/logger.js:11:17)

  console.log
    Ô£à Base de donn├®es ferm├®e

      at log (src/simple-database.js:396:37)

  console.log
    Ô£à Base de donn├®es d├®j├á ferm├®e

      at log (src/simple-database.js:380:33)

  console.log
    Ô£à Base de donn├®es d├®j├á ferm├®e ou non initialis├®e

      at log (src/simple-database.js:370:25)

  console.log
    [2025-11-15T16:26:56.414Z] INFO: Ô£à Metrics exported: metrics-2025-11-15T16-26-56-412Z.json

      at Function.log [as info] (src/utils/logger.js:11:17)

  console.log
    Ô£à Index cr├®├®: idx_shaders_user_id

      at log (src/simple-database.js:436:33)
          at Array.forEach (<anonymous>)

  console.log
    Ô£à Index cr├®├®: idx_shaders_created_at

      at log (src/simple-database.js:436:33)
          at Array.forEach (<anonymous>)

  console.log
    Ô£à Index cr├®├®: idx_shaders_preset_name

      at log (src/simple-database.js:436:33)
          at Array.forEach (<anonymous>)

  console.log
    Ô£à Index cr├®├®: idx_shaders_name

      at log (src/simple-database.js:436:33)
          at Array.forEach (<anonymous>)

  console.log
    Ô£à Index cr├®├®: idx_users_last_seen

      at log (src/simple-database.js:436:33)
          at Array.forEach (<anonymous>)

  console.warn
    ÔÜá´©Å Erreur cr├®ation index: CREATE INDEX IF NOT EXISTS idx_shaders_user_id ON shaders(user_id) Index error

      432 |                 this.db.run(indexSQL, (err) => {
      433 |                     if (err) {
    > 434 |                         console.warn(`ÔÜá´©Å Erreur cr├®ation index: ${indexSQL}`, err.message);
          |                                 ^
      435 |                     } else {
      436 |                         console.log(`Ô£à Index cr├®├®: ${indexSQL.split(' ')[5]}`);
      437 |                     }

      at warn (src/simple-database.js:434:33)
      at Object.callback (tests/simple-database.test.js:672:21)
      at run (src/simple-database.js:432:25)
          at Array.forEach (<anonymous>)
      at forEach (src/simple-database.js:431:21)
      at SimpleDatabase.createIndexes (src/simple-database.js:419:16)
      at Object.createIndexes (tests/simple-database.test.js:678:28)

  console.log
    Ô£à Index cr├®├®: idx_shaders_created_at

      at log (src/simple-database.js:436:33)
          at Array.forEach (<anonymous>)

  console.log
    Ô£à Index cr├®├®: idx_shaders_preset_name

      at log (src/simple-database.js:436:33)
          at Array.forEach (<anonymous>)

  console.log
    Ô£à Index cr├®├®: idx_shaders_name

      at log (src/simple-database.js:436:33)
          at Array.forEach (<anonymous>)

  console.log
    Ô£à Index cr├®├®: idx_users_last_seen

      at log (src/simple-database.js:436:33)
          at Array.forEach (<anonymous>)

  console.error
    ÔØî Erreur sauvegarde shader: Error: Database error
        at Object.<anonymous> (C:\Users\anne\Desktop\GLSL_DISCORD\tests\simple-database.test.js:693:44)
        at C:\Users\anne\Desktop\GLSL_DISCORD\node_modules\jest-mock\build\index.js:397:39
        at Object.<anonymous> (C:\Users\anne\Desktop\GLSL_DISCORD\node_modules\jest-mock\build\index.js:404:13)
        at Object.mockConstructor [as run] (C:\Users\anne\Desktop\GLSL_DISCORD\node_modules\jest-mock\build\index.js:108:19)
        at run (C:\Users\anne\Desktop\GLSL_DISCORD\src\simple-database.js:145:18)
        at new Promise (<anonymous>)
        at SimpleDatabase.saveShader (C:\Users\anne\Desktop\GLSL_DISCORD\src\simple-database.js:133:16)
        at Object.saveShader (C:\Users\anne\Desktop\GLSL_DISCORD\tests\simple-database.test.js:706:35)
        at Promise.then.completed (C:\Users\anne\Desktop\GLSL_DISCORD\node_modules\jest-circus\build\utils.js:298:28)
        at new Promise (<anonymous>)
        at callAsyncCircusFn (C:\Users\anne\Desktop\GLSL_DISCORD\node_modules\jest-circus\build\utils.js:231:10)
        at _callCircusTest (C:\Users\anne\Desktop\GLSL_DISCORD\node_modules\jest-circus\build\run.js:316:40)
        at processTicksAndRejections (node:internal/process/task_queues:95:5)
        at _runTest (C:\Users\anne\Desktop\GLSL_DISCORD\node_modules\jest-circus\build\run.js:252:3)
        at _runTestsForDescribeBlock (C:\Users\anne\Desktop\GLSL_DISCORD\node_modules\jest-circus\build\run.js:126:9)
        at _runTestsForDescribeBlock (C:\Users\anne\Desktop\GLSL_DISCORD\node_modules\jest-circus\build\run.js:121:9)
        at _runTestsForDescribeBlock (C:\Users\anne\Desktop\GLSL_DISCORD\node_modules\jest-circus\build\run.js:121:9)
        at run (C:\Users\anne\Desktop\GLSL_DISCORD\node_modules\jest-circus\build\run.js:71:3)
        at runAndTransformResultsToJestFormat (C:\Users\anne\Desktop\GLSL_DISCORD\node_modules\jest-circus\build\legacy-code-todo-rewrite\jestAdapterInit.js:122:21)
        at jestAdapter (C:\Users\anne\Desktop\GLSL_DISCORD\node_modules\jest-circus\build\legacy-code-todo-rewrite\jestAdapter.js:79:19)
        at runTestInternal (C:\Users\anne\Desktop\GLSL_DISCORD\node_modules\jest-runner\build\runTest.js:367:16)
        at runTest (C:\Users\anne\Desktop\GLSL_DISCORD\node_modules\jest-runner\build\runTest.js:444:34)
        at Object.worker (C:\Users\anne\Desktop\GLSL_DISCORD\node_modules\jest-runner\build\testWorker.js:106:12)

      145 |             stmt.run([code, userId, userName, imagePath || null, gifPath || null, name || null], function(err) {
      146 |                 if (err) {
    > 147 |                     console.error('ÔØî Erreur sauvegarde shader:', err);
          |                             ^
      148 |                     reject(err);
      149 |                 } else {
      150 |                     console.log('Ô£à Shader sauvegard├® avec ID:', this.lastID);

      at error (src/simple-database.js:147:29)
      at Object.callback (tests/simple-database.test.js:693:35)
      at run (src/simple-database.js:145:18)
      at SimpleDatabase.saveShader (src/simple-database.js:133:16)
      at Object.saveShader (tests/simple-database.test.js:706:35)

  console.log
    Ô£à Shader sauvegard├® avec ID: 1

      at Object.log (src/simple-database.js:150:29)

  console.error
    ÔØî Erreur r├®cup├®ration shader: Error: Database error
        at Object.<anonymous> (C:\Users\anne\Desktop\GLSL_DISCORD\tests\simple-database.test.js:746:30)
        at C:\Users\anne\Desktop\GLSL_DISCORD\node_modules\jest-mock\build\index.js:397:39
        at Object.<anonymous> (C:\Users\anne\Desktop\GLSL_DISCORD\node_modules\jest-mock\build\index.js:404:13)
        at Object.mockConstructor [as get] (C:\Users\anne\Desktop\GLSL_DISCORD\node_modules\jest-mock\build\index.js:113:19)
        at get (C:\Users\anne\Desktop\GLSL_DISCORD\src\simple-database.js:167:21)
        at new Promise (<anonymous>)
        at SimpleDatabase.getShaderById (C:\Users\anne\Desktop\GLSL_DISCORD\src\simple-database.js:160:16)
        at Object.getShaderById (C:\Users\anne\Desktop\GLSL_DISCORD\tests\simple-database.test.js:750:35)
        at Promise.then.completed (C:\Users\anne\Desktop\GLSL_DISCORD\node_modules\jest-circus\build\utils.js:298:28)
        at new Promise (<anonymous>)
        at callAsyncCircusFn (C:\Users\anne\Desktop\GLSL_DISCORD\node_modules\jest-circus\build\utils.js:231:10)
        at _callCircusTest (C:\Users\anne\Desktop\GLSL_DISCORD\node_modules\jest-circus\build\run.js:316:40)
        at processTicksAndRejections (node:internal/process/task_queues:95:5)
        at _runTest (C:\Users\anne\Desktop\GLSL_DISCORD\node_modules\jest-circus\build\run.js:252:3)
        at _runTestsForDescribeBlock (C:\Users\anne\Desktop\GLSL_DISCORD\node_modules\jest-circus\build\run.js:126:9)
        at _runTestsForDescribeBlock (C:\Users\anne\Desktop\GLSL_DISCORD\node_modules\jest-circus\build\run.js:121:9)
        at _runTestsForDescribeBlock (C:\Users\anne\Desktop\GLSL_DISCORD\node_modules\jest-circus\build\run.js:121:9)
        at run (C:\Users\anne\Desktop\GLSL_DISCORD\node_modules\jest-circus\build\run.js:71:3)
        at runAndTransformResultsToJestFormat (C:\Users\anne\Desktop\GLSL_DISCORD\node_modules\jest-circus\build\legacy-code-todo-rewrite\jestAdapterInit.js:122:21)
        at jestAdapter (C:\Users\anne\Desktop\GLSL_DISCORD\node_modules\jest-circus\build\legacy-code-todo-rewrite\jestAdapter.js:79:19)
        at runTestInternal (C:\Users\anne\Desktop\GLSL_DISCORD\node_modules\jest-runner\build\runTest.js:367:16)
        at runTest (C:\Users\anne\Desktop\GLSL_DISCORD\node_modules\jest-runner\build\runTest.js:444:34)
        at Object.worker (C:\Users\anne\Desktop\GLSL_DISCORD\node_modules\jest-runner\build\testWorker.js:106:12)

      167 |             this.db.get(query, [id], (err, row) => {
      168 |                 if (err) {
    > 169 |                     console.error('ÔØî Erreur r├®cup├®ration shader:', err);
          |                             ^
      170 |                     reject(err);
      171 |                 } else {
      172 |                     resolve(row || null);

      at error (src/simple-database.js:169:29)
      at Object.callback (tests/simple-database.test.js:746:21)
      at get (src/simple-database.js:167:21)
      at SimpleDatabase.getShaderById (src/simple-database.js:160:16)
      at Object.getShaderById (tests/simple-database.test.js:750:35)

  console.error
    ÔØî Erreur r├®cup├®ration shader par nom: Error: Database error
        at Object.<anonymous> (C:\Users\anne\Desktop\GLSL_DISCORD\tests\simple-database.test.js:765:30)
        at C:\Users\anne\Desktop\GLSL_DISCORD\node_modules\jest-mock\build\index.js:397:39
        at Object.<anonymous> (C:\Users\anne\Desktop\GLSL_DISCORD\node_modules\jest-mock\build\index.js:404:13)
        at Object.mockConstructor [as get] (C:\Users\anne\Desktop\GLSL_DISCORD\node_modules\jest-mock\build\index.js:113:19)
        at get (C:\Users\anne\Desktop\GLSL_DISCORD\src\simple-database.js:187:21)
        at new Promise (<anonymous>)
        at SimpleDatabase.getShaderByName (C:\Users\anne\Desktop\GLSL_DISCORD\src\simple-database.js:179:16)
        at Object.getShaderByName (C:\Users\anne\Desktop\GLSL_DISCORD\tests\simple-database.test.js:769:35)
        at Promise.then.completed (C:\Users\anne\Desktop\GLSL_DISCORD\node_modules\jest-circus\build\utils.js:298:28)
        at new Promise (<anonymous>)
        at callAsyncCircusFn (C:\Users\anne\Desktop\GLSL_DISCORD\node_modules\jest-circus\build\utils.js:231:10)
        at _callCircusTest (C:\Users\anne\Desktop\GLSL_DISCORD\node_modules\jest-circus\build\run.js:316:40)
        at processTicksAndRejections (node:internal/process/task_queues:95:5)
        at _runTest (C:\Users\anne\Desktop\GLSL_DISCORD\node_modules\jest-circus\build\run.js:252:3)
        at _runTestsForDescribeBlock (C:\Users\anne\Desktop\GLSL_DISCORD\node_modules\jest-circus\build\run.js:126:9)
        at _runTestsForDescribeBlock (C:\Users\anne\Desktop\GLSL_DISCORD\node_modules\jest-circus\build\run.js:121:9)
        at _runTestsForDescribeBlock (C:\Users\anne\Desktop\GLSL_DISCORD\node_modules\jest-circus\build\run.js:121:9)
        at run (C:\Users\anne\Desktop\GLSL_DISCORD\node_modules\jest-circus\build\run.js:71:3)
        at runAndTransformResultsToJestFormat (C:\Users\anne\Desktop\GLSL_DISCORD\node_modules\jest-circus\build\legacy-code-todo-rewrite\jestAdapterInit.js:122:21)
        at jestAdapter (C:\Users\anne\Desktop\GLSL_DISCORD\node_modules\jest-circus\build\legacy-code-todo-rewrite\jestAdapter.js:79:19)
        at runTestInternal (C:\Users\anne\Desktop\GLSL_DISCORD\node_modules\jest-runner\build\runTest.js:367:16)
        at runTest (C:\Users\anne\Desktop\GLSL_DISCORD\node_modules\jest-runner\build\runTest.js:444:34)
        at Object.worker (C:\Users\anne\Desktop\GLSL_DISCORD\node_modules\jest-runner\build\testWorker.js:106:12)

      187 |             this.db.get(query, [`%${name}%`], (err, row) => {
      188 |                 if (err) {
    > 189 |                     console.error('ÔØî Erreur r├®cup├®ration shader par nom:', err);
          |                             ^
      190 |                     reject(err);
      191 |                 } else {
      192 |                     resolve(row || null);

      at error (src/simple-database.js:189:29)
      at Object.callback (tests/simple-database.test.js:765:21)
      at get (src/simple-database.js:187:21)
      at SimpleDatabase.getShaderByName (src/simple-database.js:179:16)
      at Object.getShaderByName (tests/simple-database.test.js:769:35)

  console.error
    ÔØî Erreur recherche shaders par nom: Error: Database error
        at Object.<anonymous> (C:\Users\anne\Desktop\GLSL_DISCORD\tests\simple-database.test.js:797:30)
        at C:\Users\anne\Desktop\GLSL_DISCORD\node_modules\jest-mock\build\index.js:397:39
        at Object.<anonymous> (C:\Users\anne\Desktop\GLSL_DISCORD\node_modules\jest-mock\build\index.js:404:13)
        at Object.mockConstructor [as all] (C:\Users\anne\Desktop\GLSL_DISCORD\node_modules\jest-mock\build\index.js:113:19)
        at all (C:\Users\anne\Desktop\GLSL_DISCORD\src\simple-database.js:207:21)
        at new Promise (<anonymous>)
        at SimpleDatabase.searchShadersByName (C:\Users\anne\Desktop\GLSL_DISCORD\src\simple-database.js:199:16)
        at Object.searchShadersByName (C:\Users\anne\Desktop\GLSL_DISCORD\tests\simple-database.test.js:801:35)
        at Promise.then.completed (C:\Users\anne\Desktop\GLSL_DISCORD\node_modules\jest-circus\build\utils.js:298:28)
        at new Promise (<anonymous>)
        at callAsyncCircusFn (C:\Users\anne\Desktop\GLSL_DISCORD\node_modules\jest-circus\build\utils.js:231:10)
        at _callCircusTest (C:\Users\anne\Desktop\GLSL_DISCORD\node_modules\jest-circus\build\run.js:316:40)
        at processTicksAndRejections (node:internal/process/task_queues:95:5)
        at _runTest (C:\Users\anne\Desktop\GLSL_DISCORD\node_modules\jest-circus\build\run.js:252:3)
        at _runTestsForDescribeBlock (C:\Users\anne\Desktop\GLSL_DISCORD\node_modules\jest-circus\build\run.js:126:9)
        at _runTestsForDescribeBlock (C:\Users\anne\Desktop\GLSL_DISCORD\node_modules\jest-circus\build\run.js:121:9)
        at _runTestsForDescribeBlock (C:\Users\anne\Desktop\GLSL_DISCORD\node_modules\jest-circus\build\run.js:121:9)
        at run (C:\Users\anne\Desktop\GLSL_DISCORD\node_modules\jest-circus\build\run.js:71:3)
        at runAndTransformResultsToJestFormat (C:\Users\anne\Desktop\GLSL_DISCORD\node_modules\jest-circus\build\legacy-code-todo-rewrite\jestAdapterInit.js:122:21)
        at jestAdapter (C:\Users\anne\Desktop\GLSL_DISCORD\node_modules\jest-circus\build\legacy-code-todo-rewrite\jestAdapter.js:79:19)
        at runTestInternal (C:\Users\anne\Desktop\GLSL_DISCORD\node_modules\jest-runner\build\runTest.js:367:16)
        at runTest (C:\Users\anne\Desktop\GLSL_DISCORD\node_modules\jest-runner\build\runTest.js:444:34)
        at Object.worker (C:\Users\anne\Desktop\GLSL_DISCORD\node_modules\jest-runner\build\testWorker.js:106:12)

      207 |             this.db.all(query, [`%${name}%`, limit], (err, rows) => {
      208 |                 if (err) {
    > 209 |                     console.error('ÔØî Erreur recherche shaders par nom:', err);
          |                             ^
      210 |                     reject(err);
      211 |                 } else {
      212 |                     resolve(rows || []);

      at error (src/simple-database.js:209:29)
      at Object.callback (tests/simple-database.test.js:797:21)
      at all (src/simple-database.js:207:21)
      at SimpleDatabase.searchShadersByName (src/simple-database.js:199:16)
      at Object.searchShadersByName (tests/simple-database.test.js:801:35)

  console.error
    ÔØî Erreur incr├®mentation vues: Error: Database error
        at Object.<anonymous> (C:\Users\anne\Desktop\GLSL_DISCORD\tests\simple-database.test.js:827:44)
        at C:\Users\anne\Desktop\GLSL_DISCORD\node_modules\jest-mock\build\index.js:397:39
        at Object.<anonymous> (C:\Users\anne\Desktop\GLSL_DISCORD\node_modules\jest-mock\build\index.js:404:13)
        at Object.mockConstructor [as run] (C:\Users\anne\Desktop\GLSL_DISCORD\node_modules\jest-mock\build\index.js:108:19)
        at run (C:\Users\anne\Desktop\GLSL_DISCORD\src\simple-database.js:226:18)
        at new Promise (<anonymous>)
        at SimpleDatabase.incrementViews (C:\Users\anne\Desktop\GLSL_DISCORD\src\simple-database.js:219:16)
        at Object.incrementViews (C:\Users\anne\Desktop\GLSL_DISCORD\tests\simple-database.test.js:834:35)
        at Promise.then.completed (C:\Users\anne\Desktop\GLSL_DISCORD\node_modules\jest-circus\build\utils.js:298:28)
        at new Promise (<anonymous>)
        at callAsyncCircusFn (C:\Users\anne\Desktop\GLSL_DISCORD\node_modules\jest-circus\build\utils.js:231:10)
        at _callCircusTest (C:\Users\anne\Desktop\GLSL_DISCORD\node_modules\jest-circus\build\run.js:316:40)
        at processTicksAndRejections (node:internal/process/task_queues:95:5)
        at _runTest (C:\Users\anne\Desktop\GLSL_DISCORD\node_modules\jest-circus\build\run.js:252:3)
        at _runTestsForDescribeBlock (C:\Users\anne\Desktop\GLSL_DISCORD\node_modules\jest-circus\build\run.js:126:9)
        at _runTestsForDescribeBlock (C:\Users\anne\Desktop\GLSL_DISCORD\node_modules\jest-circus\build\run.js:121:9)
        at _runTestsForDescribeBlock (C:\Users\anne\Desktop\GLSL_DISCORD\node_modules\jest-circus\build\run.js:121:9)
        at run (C:\Users\anne\Desktop\GLSL_DISCORD\node_modules\jest-circus\build\run.js:71:3)
        at runAndTransformResultsToJestFormat (C:\Users\anne\Desktop\GLSL_DISCORD\node_modules\jest-circus\build\legacy-code-todo-rewrite\jestAdapterInit.js:122:21)
        at jestAdapter (C:\Users\anne\Desktop\GLSL_DISCORD\node_modules\jest-circus\build\legacy-code-todo-rewrite\jestAdapter.js:79:19)
        at runTestInternal (C:\Users\anne\Desktop\GLSL_DISCORD\node_modules\jest-runner\build\runTest.js:367:16)
        at runTest (C:\Users\anne\Desktop\GLSL_DISCORD\node_modules\jest-runner\build\runTest.js:444:34)
        at Object.worker (C:\Users\anne\Desktop\GLSL_DISCORD\node_modules\jest-runner\build\testWorker.js:106:12)

      226 |             stmt.run([id], (err) => {
      227 |                 if (err) {
    > 228 |                     console.error('ÔØî Erreur incr├®mentation vues:', err);
          |                             ^
      229 |                     reject(err);
      230 |                 } else {
      231 |                     resolve();

      at error (src/simple-database.js:228:29)
      at Object.callback (tests/simple-database.test.js:827:35)
      at run (src/simple-database.js:226:18)
      at SimpleDatabase.incrementViews (src/simple-database.js:219:16)
      at Object.incrementViews (tests/simple-database.test.js:834:35)

  console.error
    ÔØî Erreur r├®cup├®ration shaders populaires: Error: Database error
        at Object.<anonymous> (C:\Users\anne\Desktop\GLSL_DISCORD\tests\simple-database.test.js:849:30)
        at C:\Users\anne\Desktop\GLSL_DISCORD\node_modules\jest-mock\build\index.js:397:39
        at Object.<anonymous> (C:\Users\anne\Desktop\GLSL_DISCORD\node_modules\jest-mock\build\index.js:404:13)
        at Object.mockConstructor [as all] (C:\Users\anne\Desktop\GLSL_DISCORD\node_modules\jest-mock\build\index.js:113:19)
        at all (C:\Users\anne\Desktop\GLSL_DISCORD\src\simple-database.js:276:21)
        at new Promise (<anonymous>)
        at SimpleDatabase.getPopularShaders (C:\Users\anne\Desktop\GLSL_DISCORD\src\simple-database.js:264:16)
        at Object.getPopularShaders (C:\Users\anne\Desktop\GLSL_DISCORD\tests\simple-database.test.js:853:35)
        at Promise.then.completed (C:\Users\anne\Desktop\GLSL_DISCORD\node_modules\jest-circus\build\utils.js:298:28)
        at new Promise (<anonymous>)
        at callAsyncCircusFn (C:\Users\anne\Desktop\GLSL_DISCORD\node_modules\jest-circus\build\utils.js:231:10)
        at _callCircusTest (C:\Users\anne\Desktop\GLSL_DISCORD\node_modules\jest-circus\build\run.js:316:40)
        at processTicksAndRejections (node:internal/process/task_queues:95:5)
        at _runTest (C:\Users\anne\Desktop\GLSL_DISCORD\node_modules\jest-circus\build\run.js:252:3)
        at _runTestsForDescribeBlock (C:\Users\anne\Desktop\GLSL_DISCORD\node_modules\jest-circus\build\run.js:126:9)
        at _runTestsForDescribeBlock (C:\Users\anne\Desktop\GLSL_DISCORD\node_modules\jest-circus\build\run.js:121:9)
        at _runTestsForDescribeBlock (C:\Users\anne\Desktop\GLSL_DISCORD\node_modules\jest-circus\build\run.js:121:9)
        at run (C:\Users\anne\Desktop\GLSL_DISCORD\node_modules\jest-circus\build\run.js:71:3)
        at runAndTransformResultsToJestFormat (C:\Users\anne\Desktop\GLSL_DISCORD\node_modules\jest-circus\build\legacy-code-todo-rewrite\jestAdapterInit.js:122:21)
        at jestAdapter (C:\Users\anne\Desktop\GLSL_DISCORD\node_modules\jest-circus\build\legacy-code-todo-rewrite\jestAdapter.js:79:19)
        at runTestInternal (C:\Users\anne\Desktop\GLSL_DISCORD\node_modules\jest-runner\build\runTest.js:367:16)
        at runTest (C:\Users\anne\Desktop\GLSL_DISCORD\node_modules\jest-runner\build\runTest.js:444:34)
        at Object.worker (C:\Users\anne\Desktop\GLSL_DISCORD\node_modules\jest-runner\build\testWorker.js:106:12)

      276 |             this.db.all(query, [limit], (err, rows) => {
      277 |                 if (err) {
    > 278 |                     console.error('ÔØî Erreur r├®cup├®ration shaders populaires:', err);
          |                             ^
      279 |                     reject(err);
      280 |                 } else {
      281 |                     resolve(rows || []);

      at error (src/simple-database.js:278:29)
      at Object.callback (tests/simple-database.test.js:849:21)
      at all (src/simple-database.js:276:21)
      at SimpleDatabase.getPopularShaders (src/simple-database.js:264:16)
      at Object.getPopularShaders (tests/simple-database.test.js:853:35)

  console.error
    ÔØî Erreur recherche shaders: Error: Database error
        at Object.<anonymous> (C:\Users\anne\Desktop\GLSL_DISCORD\tests\simple-database.test.js:881:30)
        at C:\Users\anne\Desktop\GLSL_DISCORD\node_modules\jest-mock\build\index.js:397:39
        at Object.<anonymous> (C:\Users\anne\Desktop\GLSL_DISCORD\node_modules\jest-mock\build\index.js:404:13)
        at Object.mockConstructor [as all] (C:\Users\anne\Desktop\GLSL_DISCORD\node_modules\jest-mock\build\index.js:113:19)
        at all (C:\Users\anne\Desktop\GLSL_DISCORD\src\simple-database.js:302:21)
        at new Promise (<anonymous>)
        at SimpleDatabase.searchShaders (C:\Users\anne\Desktop\GLSL_DISCORD\src\simple-database.js:288:16)
        at Object.searchShaders (C:\Users\anne\Desktop\GLSL_DISCORD\tests\simple-database.test.js:885:35)
        at Promise.then.completed (C:\Users\anne\Desktop\GLSL_DISCORD\node_modules\jest-circus\build\utils.js:298:28)
        at new Promise (<anonymous>)
        at callAsyncCircusFn (C:\Users\anne\Desktop\GLSL_DISCORD\node_modules\jest-circus\build\utils.js:231:10)
        at _callCircusTest (C:\Users\anne\Desktop\GLSL_DISCORD\node_modules\jest-circus\build\run.js:316:40)
        at processTicksAndRejections (node:internal/process/task_queues:95:5)
        at _runTest (C:\Users\anne\Desktop\GLSL_DISCORD\node_modules\jest-circus\build\run.js:252:3)
        at _runTestsForDescribeBlock (C:\Users\anne\Desktop\GLSL_DISCORD\node_modules\jest-circus\build\run.js:126:9)
        at _runTestsForDescribeBlock (C:\Users\anne\Desktop\GLSL_DISCORD\node_modules\jest-circus\build\run.js:121:9)
        at _runTestsForDescribeBlock (C:\Users\anne\Desktop\GLSL_DISCORD\node_modules\jest-circus\build\run.js:121:9)
        at run (C:\Users\anne\Desktop\GLSL_DISCORD\node_modules\jest-circus\build\run.js:71:3)
        at runAndTransformResultsToJestFormat (C:\Users\anne\Desktop\GLSL_DISCORD\node_modules\jest-circus\build\legacy-code-todo-rewrite\jestAdapterInit.js:122:21)
        at jestAdapter (C:\Users\anne\Desktop\GLSL_DISCORD\node_modules\jest-circus\build\legacy-code-todo-rewrite\jestAdapter.js:79:19)
        at runTestInternal (C:\Users\anne\Desktop\GLSL_DISCORD\node_modules\jest-runner\build\runTest.js:367:16)
        at runTest (C:\Users\anne\Desktop\GLSL_DISCORD\node_modules\jest-runner\build\runTest.js:444:34)
        at Object.worker (C:\Users\anne\Desktop\GLSL_DISCORD\node_modules\jest-runner\build\testWorker.js:106:12)

      302 |             this.db.all(searchQuery, [searchTerm, searchTerm, limit], (err, rows) => {
      303 |                 if (err) {
    > 304 |                     console.error('ÔØî Erreur recherche shaders:', err);
          |                             ^
      305 |                     reject(err);
      306 |                 } else {
      307 |                     resolve(rows || []);

      at error (src/simple-database.js:304:29)
      at Object.callback (tests/simple-database.test.js:881:21)
      at all (src/simple-database.js:302:21)
      at SimpleDatabase.searchShaders (src/simple-database.js:288:16)
      at Object.searchShaders (tests/simple-database.test.js:885:35)

  console.error
    ÔØî Erreur r├®cup├®ration shaders par utilisateur: Error: Database error
        at Object.<anonymous> (C:\Users\anne\Desktop\GLSL_DISCORD\tests\simple-database.test.js:913:30)
        at C:\Users\anne\Desktop\GLSL_DISCORD\node_modules\jest-mock\build\index.js:397:39
        at Object.<anonymous> (C:\Users\anne\Desktop\GLSL_DISCORD\node_modules\jest-mock\build\index.js:404:13)
        at Object.mockConstructor [as all] (C:\Users\anne\Desktop\GLSL_DISCORD\node_modules\jest-mock\build\index.js:113:19)
        at all (C:\Users\anne\Desktop\GLSL_DISCORD\src\simple-database.js:321:21)
        at new Promise (<anonymous>)
        at SimpleDatabase.getShadersByUserId (C:\Users\anne\Desktop\GLSL_DISCORD\src\simple-database.js:314:16)
        at Object.getShadersByUserId (C:\Users\anne\Desktop\GLSL_DISCORD\tests\simple-database.test.js:917:35)
        at Promise.then.completed (C:\Users\anne\Desktop\GLSL_DISCORD\node_modules\jest-circus\build\utils.js:298:28)
        at new Promise (<anonymous>)
        at callAsyncCircusFn (C:\Users\anne\Desktop\GLSL_DISCORD\node_modules\jest-circus\build\utils.js:231:10)
        at _callCircusTest (C:\Users\anne\Desktop\GLSL_DISCORD\node_modules\jest-circus\build\run.js:316:40)
        at processTicksAndRejections (node:internal/process/task_queues:95:5)
        at _runTest (C:\Users\anne\Desktop\GLSL_DISCORD\node_modules\jest-circus\build\run.js:252:3)
        at _runTestsForDescribeBlock (C:\Users\anne\Desktop\GLSL_DISCORD\node_modules\jest-circus\build\run.js:126:9)
        at _runTestsForDescribeBlock (C:\Users\anne\Desktop\GLSL_DISCORD\node_modules\jest-circus\build\run.js:121:9)
        at _runTestsForDescribeBlock (C:\Users\anne\Desktop\GLSL_DISCORD\node_modules\jest-circus\build\run.js:121:9)
        at run (C:\Users\anne\Desktop\GLSL_DISCORD\node_modules\jest-circus\build\run.js:71:3)
        at runAndTransformResultsToJestFormat (C:\Users\anne\Desktop\GLSL_DISCORD\node_modules\jest-circus\build\legacy-code-todo-rewrite\jestAdapterInit.js:122:21)
        at jestAdapter (C:\Users\anne\Desktop\GLSL_DISCORD\node_modules\jest-circus\build\legacy-code-todo-rewrite\jestAdapter.js:79:19)
        at runTestInternal (C:\Users\anne\Desktop\GLSL_DISCORD\node_modules\jest-runner\build\runTest.js:367:16)
        at runTest (C:\Users\anne\Desktop\GLSL_DISCORD\node_modules\jest-runner\build\runTest.js:444:34)
        at Object.worker (C:\Users\anne\Desktop\GLSL_DISCORD\node_modules\jest-runner\build\testWorker.js:106:12)

      321 |             this.db.all(query, [userId], (err, rows) => {
      322 |                 if (err) {
    > 323 |                     console.error('ÔØî Erreur r├®cup├®ration shaders par utilisateur:', err);
          |                             ^
      324 |                     reject(err);
      325 |                 } else {
      326 |                     resolve(rows || []);

      at error (src/simple-database.js:323:29)
      at Object.callback (tests/simple-database.test.js:913:21)
      at all (src/simple-database.js:321:21)
      at SimpleDatabase.getShadersByUserId (src/simple-database.js:314:16)
      at Object.getShadersByUserId (tests/simple-database.test.js:917:35)

  console.error
    ÔØî Erreur mise ├á jour utilisateur: Error: Database error
        at Object.<anonymous> (C:\Users\anne\Desktop\GLSL_DISCORD\tests\simple-database.test.js:1017:44)
        at C:\Users\anne\Desktop\GLSL_DISCORD\node_modules\jest-mock\build\index.js:397:39
        at Object.<anonymous> (C:\Users\anne\Desktop\GLSL_DISCORD\node_modules\jest-mock\build\index.js:404:13)
        at Object.mockConstructor [as run] (C:\Users\anne\Desktop\GLSL_DISCORD\node_modules\jest-mock\build\index.js:108:19)
        at run (C:\Users\anne\Desktop\GLSL_DISCORD\src\simple-database.js:250:18)
        at new Promise (<anonymous>)
        at SimpleDatabase.updateUserStats (C:\Users\anne\Desktop\GLSL_DISCORD\src\simple-database.js:239:16)
        at Object.updateUserStats (C:\Users\anne\Desktop\GLSL_DISCORD\tests\simple-database.test.js:1024:35)
        at Promise.then.completed (C:\Users\anne\Desktop\GLSL_DISCORD\node_modules\jest-circus\build\utils.js:298:28)
        at new Promise (<anonymous>)
        at callAsyncCircusFn (C:\Users\anne\Desktop\GLSL_DISCORD\node_modules\jest-circus\build\utils.js:231:10)
        at _callCircusTest (C:\Users\anne\Desktop\GLSL_DISCORD\node_modules\jest-circus\build\run.js:316:40)
        at processTicksAndRejections (node:internal/process/task_queues:95:5)
        at _runTest (C:\Users\anne\Desktop\GLSL_DISCORD\node_modules\jest-circus\build\run.js:252:3)
        at _runTestsForDescribeBlock (C:\Users\anne\Desktop\GLSL_DISCORD\node_modules\jest-circus\build\run.js:126:9)
        at _runTestsForDescribeBlock (C:\Users\anne\Desktop\GLSL_DISCORD\node_modules\jest-circus\build\run.js:121:9)
        at _runTestsForDescribeBlock (C:\Users\anne\Desktop\GLSL_DISCORD\node_modules\jest-circus\build\run.js:121:9)
        at run (C:\Users\anne\Desktop\GLSL_DISCORD\node_modules\jest-circus\build\run.js:71:3)
        at runAndTransformResultsToJestFormat (C:\Users\anne\Desktop\GLSL_DISCORD\node_modules\jest-circus\build\legacy-code-todo-rewrite\jestAdapterInit.js:122:21)
        at jestAdapter (C:\Users\anne\Desktop\GLSL_DISCORD\node_modules\jest-circus\build\legacy-code-todo-rewrite\jestAdapter.js:79:19)
        at runTestInternal (C:\Users\anne\Desktop\GLSL_DISCORD\node_modules\jest-runner\build\runTest.js:367:16)
        at runTest (C:\Users\anne\Desktop\GLSL_DISCORD\node_modules\jest-runner\build\runTest.js:444:34)
        at Object.worker (C:\Users\anne\Desktop\GLSL_DISCORD\node_modules\jest-runner\build\testWorker.js:106:12)

      250 |             stmt.run([userId, userName], (err) => {
      251 |                 if (err) {
    > 252 |                     console.error('ÔØî Erreur mise ├á jour utilisateur:', err);
          |                             ^
      253 |                     reject(err);
      254 |                 } else {
      255 |                     resolve();

      at error (src/simple-database.js:252:29)
      at Object.callback (tests/simple-database.test.js:1017:35)
      at run (src/simple-database.js:250:18)
      at SimpleDatabase.updateUserStats (src/simple-database.js:239:16)
      at Object.updateUserStats (tests/simple-database.test.js:1024:35)

  console.error
    ÔØî Erreur fermeture base de donn├®es: Error: Close error
        at Object.<anonymous> (C:\Users\anne\Desktop\GLSL_DISCORD\tests\simple-database.test.js:1035:26)
        at C:\Users\anne\Desktop\GLSL_DISCORD\node_modules\jest-mock\build\index.js:397:39
        at Object.<anonymous> (C:\Users\anne\Desktop\GLSL_DISCORD\node_modules\jest-mock\build\index.js:404:13)
        at Object.mockConstructor [as close] (C:\Users\anne\Desktop\GLSL_DISCORD\node_modules\jest-mock\build\index.js:103:19)
        at close (C:\Users\anne\Desktop\GLSL_DISCORD\src\simple-database.js:387:29)
        at Object.params (C:\Users\anne\Desktop\GLSL_DISCORD\tests\simple-database.test.js:43:21)
        at C:\Users\anne\Desktop\GLSL_DISCORD\node_modules\jest-mock\build\index.js:397:39
        at Object.<anonymous> (C:\Users\anne\Desktop\GLSL_DISCORD\node_modules\jest-mock\build\index.js:404:13)
        at Object.mockConstructor [as get] (C:\Users\anne\Desktop\GLSL_DISCORD\node_modules\jest-mock\build\index.js:113:19)
        at get (C:\Users\anne\Desktop\GLSL_DISCORD\src\simple-database.js:378:25)
        at new Promise (<anonymous>)
        at SimpleDatabase.close (C:\Users\anne\Desktop\GLSL_DISCORD\src\simple-database.js:368:16)
        at Object.close (C:\Users\anne\Desktop\GLSL_DISCORD\tests\simple-database.test.js:1039:35)
        at Promise.then.completed (C:\Users\anne\Desktop\GLSL_DISCORD\node_modules\jest-circus\build\utils.js:298:28)
        at new Promise (<anonymous>)
        at callAsyncCircusFn (C:\Users\anne\Desktop\GLSL_DISCORD\node_modules\jest-circus\build\utils.js:231:10)
        at _callCircusTest (C:\Users\anne\Desktop\GLSL_DISCORD\node_modules\jest-circus\build\run.js:316:40)
        at processTicksAndRejections (node:internal/process/task_queues:95:5)
        at _runTest (C:\Users\anne\Desktop\GLSL_DISCORD\node_modules\jest-circus\build\run.js:252:3)
        at _runTestsForDescribeBlock (C:\Users\anne\Desktop\GLSL_DISCORD\node_modules\jest-circus\build\run.js:126:9)
        at _runTestsForDescribeBlock (C:\Users\anne\Desktop\GLSL_DISCORD\node_modules\jest-circus\build\run.js:121:9)
        at _runTestsForDescribeBlock (C:\Users\anne\Desktop\GLSL_DISCORD\node_modules\jest-circus\build\run.js:121:9)
        at run (C:\Users\anne\Desktop\GLSL_DISCORD\node_modules\jest-circus\build\run.js:71:3)
        at runAndTransformResultsToJestFormat (C:\Users\anne\Desktop\GLSL_DISCORD\node_modules\jest-circus\build\legacy-code-todo-rewrite\jestAdapterInit.js:122:21)
        at jestAdapter (C:\Users\anne\Desktop\GLSL_DISCORD\node_modules\jest-circus\build\legacy-code-todo-rewrite\jestAdapter.js:79:19)
        at runTestInternal (C:\Users\anne\Desktop\GLSL_DISCORD\node_modules\jest-runner\build\runTest.js:367:16)
        at runTest (C:\Users\anne\Desktop\GLSL_DISCORD\node_modules\jest-runner\build\runTest.js:444:34)
        at Object.worker (C:\Users\anne\Desktop\GLSL_DISCORD\node_modules\jest-runner\build\testWorker.js:106:12)

      389 |                             // Ignorer l'erreur si la DB est d├®j├á ferm├®e
      390 |                             if (!closeErr.message.includes('closed')) {
    > 391 |                                 console.error('ÔØî Erreur fermeture base de donn├®es:', closeErr);
          |                                         ^
      392 |                             } else {
      393 |                                 console.log('Ô£à Base de donn├®es d├®j├á ferm├®e');
      394 |                             }

      at error (src/simple-database.js:391:41)
      at Object.callback (tests/simple-database.test.js:1035:17)
      at close (src/simple-database.js:387:29)
      at Object.params (tests/simple-database.test.js:43:21)
      at get (src/simple-database.js:378:25)
      at SimpleDatabase.close (src/simple-database.js:368:16)
      at Object.close (tests/simple-database.test.js:1039:35)

  console.log
    Ô£à Base de donn├®es d├®j├á ferm├®e

      at log (src/simple-database.js:380:33)

  console.log
    Ô£à WAL activ├® pour meilleures performances

      at log (src/simple-database.js:497:29)

  console.warn
    ÔÜá´©Å Impossible d'activer WAL: WAL error

      493 |             this.db.run('PRAGMA journal_mode = WAL', (err) => {
      494 |                 if (err) {
    > 495 |                     console.warn('ÔÜá´©Å Impossible d\'activer WAL:', err.message);
          |                             ^
      496 |                 } else {
      497 |                     console.log('Ô£à WAL activ├® pour meilleures performances');
      498 |                 }

      at warn (src/simple-database.js:495:29)
      at Object.callback (tests/simple-database.test.js:1074:31)
      at run (src/simple-database.js:493:21)
      at SimpleDatabase.enableWAL (src/simple-database.js:491:16)
      at Object.enableWAL (tests/simple-database.test.js:1077:35)

  console.warn
    ÔÜá´©Å Impossible de configurer synchronous: WAL error

      501 |                 this.db.run('PRAGMA synchronous = NORMAL', (err) => {
      502 |                     if (err) {
    > 503 |                         console.warn('ÔÜá´©Å Impossible de configurer synchronous:', err.message);
          |                                 ^
      504 |                     }
      505 |                     resolve();
      506 |                 });

      at warn (src/simple-database.js:503:33)
      at Object.callback (tests/simple-database.test.js:1074:31)
      at run (src/simple-database.js:501:25)
      at Object.callback (tests/simple-database.test.js:1074:31)
      at run (src/simple-database.js:493:21)
      at SimpleDatabase.enableWAL (src/simple-database.js:491:16)
      at Object.enableWAL (tests/simple-database.test.js:1077:35)

FAIL tests/simple-database.test.js
  SimpleDatabase
    initialize
      ├ù devrait initialiser la base de donn├®es en local (102 ms)
      ├ù devrait utiliser la m├®moire sur Vercel (7 ms)
      ├ù devrait cr├®er le dossier data s'il n'existe pas (4 ms)
      ├ù devrait utiliser la m├®moire en cas d'erreur de cr├®ation de dossier (4 ms)
    saveShader
      ÔêÜ devrait sauvegarder un shader (6 ms)
      ÔêÜ devrait rejeter si non initialis├® (1 ms)
    getShaderById
      ÔêÜ devrait r├®cup├®rer un shader par ID (1 ms)
      ÔêÜ devrait retourner null si shader non trouv├®
      ÔêÜ devrait rejeter si non initialis├® (1 ms)
      ÔêÜ devrait r├®cup├®rer un shader par ID (1 ms)
      ÔêÜ devrait retourner null si shader non trouv├®
    getShadersByUserId
      ÔêÜ devrait r├®cup├®rer les shaders d'un utilisateur
      ÔêÜ devrait r├®cup├®rer les shaders d'un utilisateur (1 ms)
    updateUserStats
      ÔêÜ devrait mettre ├á jour les stats d'un utilisateur
    getStats
      ÔêÜ devrait retourner les statistiques (1 ms)
      ÔêÜ devrait g├®rer les erreurs dans getStats (3 ms)
    close
      ÔêÜ devrait fermer la base de donn├®es (3 ms)
      ÔêÜ devrait g├®rer la base d├®j├á ferm├®e (2 ms)
      ÔêÜ devrait g├®rer si db est null (2 ms)
    getShaderByName
      ÔêÜ devrait r├®cup├®rer un shader par nom (1 ms)
    searchShadersByName
      ÔêÜ devrait rechercher des shaders par nom
    incrementViews
      ÔêÜ devrait incr├®menter les vues
    getPopularShaders
      ÔêÜ devrait r├®cup├®rer les shaders populaires (1 ms)
    searchShaders
      ÔêÜ devrait rechercher des shaders
    getUserShaderCount
      ÔêÜ devrait compter les shaders d'un utilisateur
    getUserShadersPaginated
      ÔêÜ devrait r├®cup├®rer les shaders pagin├®s (1 ms)
    createIndexes
      ÔêÜ devrait cr├®er les index (6 ms)
      ÔêÜ devrait g├®rer les erreurs de cr├®ation d'index (7 ms)
    saveShader error handling
      ÔêÜ devrait g├®rer les erreurs lors de la sauvegarde (3 ms)
      ÔêÜ devrait g├®rer les valeurs null pour imagePath et gifPath (2 ms)
    getShaderById error handling
      ÔêÜ devrait g├®rer les erreurs de base de donn├®es (3 ms)
    getShaderByName error handling
      ÔêÜ devrait g├®rer les erreurs de base de donn├®es (6 ms)
      ÔêÜ devrait retourner null si shader non trouv├®
    searchShadersByName error handling
      ÔêÜ devrait g├®rer les erreurs de base de donn├®es (2 ms)
      ÔêÜ devrait retourner un tableau vide si aucun r├®sultat (1 ms)
    incrementViews error handling
      ÔêÜ devrait g├®rer les erreurs lors de l'incr├®mentation (2 ms)
    getPopularShaders error handling
      ÔêÜ devrait g├®rer les erreurs de base de donn├®es (2 ms)
      ÔêÜ devrait retourner un tableau vide si aucun r├®sultat
    searchShaders error handling
      ÔêÜ devrait g├®rer les erreurs de base de donn├®es (2 ms)
      ÔêÜ devrait retourner un tableau vide si aucun r├®sultat (1 ms)
    getShadersByUserId error handling
      ÔêÜ devrait g├®rer les erreurs de base de donn├®es (1 ms)
      ÔêÜ devrait retourner un tableau vide si aucun shader (1 ms)
    getUserShaderCount error handling
      ÔêÜ devrait g├®rer les erreurs de base de donn├®es
      ÔêÜ devrait retourner 0 si aucun shader
      ÔêÜ devrait retourner 0 si row est null
    getUserShadersPaginated error handling
      ÔêÜ devrait g├®rer les erreurs de base de donn├®es (1 ms)
      ├ù devrait utiliser les valeurs par d├®faut pour page et limit (2 ms)
    updateUserStats error handling
      ÔêÜ devrait g├®rer les erreurs lors de la mise ├á jour (2 ms)
    close error handling
      ÔêÜ devrait g├®rer les erreurs lors de la fermeture (2 ms)
      ÔêÜ devrait g├®rer les exceptions lors de la v├®rification (1 ms)
    enableWAL
      ÔêÜ devrait activer WAL mode (1 ms)
      ÔêÜ devrait g├®rer les erreurs lors de l'activation de WAL (3 ms)

  ÔùÅ SimpleDatabase ÔÇ║ initialize ÔÇ║ devrait initialiser la base de donn├®es en local

    TypeError: this.db.run is not a function

      103 |
      104 |             // Ex├®cuter les deux instructions s├®par├®ment
    > 105 |             this.db.run(createShadersTable, (err) => {
          |                     ^
      106 |                 if (err) {
      107 |                     console.error('ÔØî Erreur cr├®ation table shaders:', err);
      108 |                     reject(err);

      at run (src/simple-database.js:105:21)
      at SimpleDatabase.createTables (src/simple-database.js:77:16)
      at SimpleDatabase.createTables [as initialize] (src/simple-database.js:66:28)
      at Object.<anonymous> (tests/simple-database.test.js:139:13)

  ÔùÅ SimpleDatabase ÔÇ║ initialize ÔÇ║ devrait utiliser la m├®moire sur Vercel

    TypeError: this.db.run is not a function

      103 |
      104 |             // Ex├®cuter les deux instructions s├®par├®ment
    > 105 |             this.db.run(createShadersTable, (err) => {
          |                     ^
      106 |                 if (err) {
      107 |                     console.error('ÔØî Erreur cr├®ation table shaders:', err);
      108 |                     reject(err);

      at run (src/simple-database.js:105:21)
      at SimpleDatabase.createTables (src/simple-database.js:77:16)
      at SimpleDatabase.createTables [as initialize] (src/simple-database.js:66:28)
      at Object.<anonymous> (tests/simple-database.test.js:193:13)

  ÔùÅ SimpleDatabase ÔÇ║ initialize ÔÇ║ devrait cr├®er le dossier data s'il n'existe pas

    TypeError: this.db.run is not a function

      103 |
      104 |             // Ex├®cuter les deux instructions s├®par├®ment
    > 105 |             this.db.run(createShadersTable, (err) => {
          |                     ^
      106 |                 if (err) {
      107 |                     console.error('ÔØî Erreur cr├®ation table shaders:', err);
      108 |                     reject(err);

      at run (src/simple-database.js:105:21)
      at SimpleDatabase.createTables (src/simple-database.js:77:16)
      at SimpleDatabase.createTables [as initialize] (src/simple-database.js:66:28)
      at Object.<anonymous> (tests/simple-database.test.js:248:13)

  ÔùÅ SimpleDatabase ÔÇ║ initialize ÔÇ║ devrait utiliser la m├®moire en cas d'erreur de cr├®ation de dossier

    TypeError: this.db.run is not a function

      103 |
      104 |             // Ex├®cuter les deux instructions s├®par├®ment
    > 105 |             this.db.run(createShadersTable, (err) => {
          |                     ^
      106 |                 if (err) {
      107 |                     console.error('ÔØî Erreur cr├®ation table shaders:', err);
      108 |                     reject(err);

      at run (src/simple-database.js:105:21)
      at SimpleDatabase.createTables (src/simple-database.js:77:16)
      at SimpleDatabase.createTables [as initialize] (src/simple-database.js:66:28)
      at Object.<anonymous> (tests/simple-database.test.js:306:13)

  ÔùÅ SimpleDatabase ÔÇ║ getUserShadersPaginated error handling ÔÇ║ devrait utiliser les valeurs par d├®faut pour page 
et limit

    expect(jest.fn()).toHaveBeenCalledWith(...expected)

    Expected: StringContaining "LIMIT", ArrayContaining [20, 0]
    Received: "SELECT * FROM shaders WHERE user_id = ? ORDER BY created_at DESC LIMIT ? OFFSET ?", ["user123", 20, 0], 
[Function anonymous]

    Number of calls: 1

       999 |             expect(results).toEqual([]);
      1000 |             // V├®rifier que les valeurs par d├®faut sont utilis├®es (page=1, limit=20)
    > 1001 |             expect(mockDb.all).toHaveBeenCalledWith(
           |                                ^
      1002 |                 expect.stringContaining('LIMIT'),
      1003 |                 expect.arrayContaining([20, 0]) // limit=20, offset=0
      1004 |             );

      at Object.toHaveBeenCalledWith (tests/simple-database.test.js:1001:32)

  console.log
    [2025-11-15T16:26:56.578Z] INFO: ­ƒùæ´©Å Deleted old backup: db-backup-4.db

      at Function.log [as info] (src/utils/logger.js:11:17)

  console.log
    [2025-11-15T16:26:56.579Z] INFO: ­ƒùæ´©Å Deleted old backup: db-backup-3.db

      at Function.log [as info] (src/utils/logger.js:11:17)

  console.log
    [2025-11-15T16:26:56.580Z] INFO: ­ƒùæ´©Å Deleted old backup: db-backup-2.db

      at Function.log [as info] (src/utils/logger.js:11:17)

  console.log
    [2025-11-15T16:26:56.581Z] INFO: ­ƒùæ´©Å Deleted old backup: db-backup-1.db

      at Function.log [as info] (src/utils/logger.js:11:17)

  console.log
    [2025-11-15T16:26:56.582Z] INFO: ­ƒùæ´©Å Deleted old backup: db-backup-0.db

      at Function.log [as info] (src/utils/logger.js:11:17)

  console.log
    [2025-11-15T16:26:56.582Z] INFO: Ô£à Cleaned 5 old backups

      at Function.log [as info] (src/utils/logger.js:11:17)

  console.log
    [2025-11-15T16:26:56.586Z] INFO: ­ƒôª Creating full backup...

      at Function.log [as info] (src/utils/logger.js:11:17)

  console.log
    [2025-11-15T16:26:56.589Z] INFO: Ô£à Database backup created: db-backup-2025-11-15T16-26-56-588Z.db

      at Function.log [as info] (src/utils/logger.js:11:17)

  console.log
    [2025-11-15T16:26:56.592Z] INFO: Ô£à Metrics exported: metrics-2025-11-15T16-26-56-591Z.json

      at Function.log [as info] (src/utils/logger.js:11:17)

  console.log
    [2025-11-15T16:26:56.593Z] INFO: Ô£à Full backup completed successfully

      at Function.log [as info] (src/utils/logger.js:11:17)

  console.log
    [2025-11-15T16:26:56.597Z] INFO: Ô£à Optimized GIF created: 1.89 KB

      at Function.log [as info] (src/utils/logger.js:11:17)

  console.log
    [2025-11-15T16:26:56.599Z] INFO: Creating optimized GIF: quality=1, size=100x100

      at Function.log [as info] (src/utils/logger.js:11:17)

  console.log
    [2025-11-15T16:26:56.622Z] INFO: Redis not configured, using memory cache

      at Function.log [as info] (src/utils/logger.js:11:17)

  console.log
    [2025-11-15T16:26:56.632Z] INFO: Redis not configured, using memory cache

      at Function.log [as info] (src/utils/logger.js:11:17)

  console.log
    [2025-11-15T16:26:56.633Z] INFO: Redis not configured, using memory cache

      at Function.log [as info] (src/utils/logger.js:11:17)

  console.log
    [2025-11-15T16:26:56.634Z] INFO: Redis not configured, using memory cache

      at Function.log [as info] (src/utils/logger.js:11:17)

  console.log
    [2025-11-15T16:26:56.636Z] INFO: Redis not configured, using memory cache

      at Function.log [as info] (src/utils/logger.js:11:17)

  console.log
    [2025-11-15T16:26:56.655Z] INFO: Redis not configured, using memory cache

      at Function.log [as info] (src/utils/logger.js:11:17)

  console.log
    [2025-11-15T16:26:56.656Z] INFO: Redis not configured, using memory cache

      at Function.log [as info] (src/utils/logger.js:11:17)

  console.log
    [2025-11-15T16:26:56.657Z] INFO: Invalidated 2 cache keys matching test:*

      at Function.log [as info] (src/utils/logger.js:11:17)

  console.log
    [2025-11-15T16:26:56.658Z] INFO: Redis not configured, using memory cache

      at Function.log [as info] (src/utils/logger.js:11:17)

  console.log
    [2025-11-15T16:26:56.670Z] INFO: Cleaned 1 expired cache entries

      at Function.log [as info] (src/utils/logger.js:11:17)

  console.log
    [2025-11-15T16:26:56.671Z] INFO: Redis not configured, using memory cache

      at Function.log [as info] (src/utils/logger.js:11:17)

  console.log
    [2025-11-15T16:26:56.672Z] INFO: Redis not configured, using memory cache

      at Function.log [as info] (src/utils/logger.js:11:17)

  console.log
    [2025-11-15T16:26:56.673Z] INFO: Redis not configured, using memory cache

      at Function.log [as info] (src/utils/logger.js:11:17)

  console.log
    [2025-11-15T16:26:56.674Z] INFO: Redis not configured, using memory cache

      at Function.log [as info] (src/utils/logger.js:11:17)

  console.log
    [2025-11-15T16:26:56.675Z] INFO: Redis not configured, using memory cache

      at Function.log [as info] (src/utils/logger.js:11:17)

  console.log
    [2025-11-15T16:26:56.678Z] INFO: Redis not configured, using memory cache

      at Function.log [as info] (src/utils/logger.js:11:17)

  console.log
    ­ƒöì R├®sultat compilation: {
      success: true,
      gifPath: './test.gif',
      frameDirectory: './frames',
      cached: false
    }

      at Object.log [as execute] (commands/shader-preset.js:107:21)

  console.log
    [2025-11-15T16:26:56.679Z] INFO: Redis not configured, using memory cache

      at Function.log [as info] (src/utils/logger.js:11:17)

  console.log
    [2025-11-15T16:26:56.680Z] INFO: Redis not configured, using memory cache

      at Function.log [as info] (src/utils/logger.js:11:17)

  console.log
    ­ƒöì V├®rification GIF: C:\Users\anne\Desktop\GLSL_DISCORD\test.gif (existe: false)

      at Object.log [as execute] (commands/shader-preset.js:121:25)

  console.log
    ­ƒöì Chemin original: ./test.gif

      at Object.log [as execute] (commands/shader-preset.js:122:25)

  console.log
    ­ƒöì CWD: C:\Users\anne\Desktop\GLSL_DISCORD

      at Object.log [as execute] (commands/shader-preset.js:123:25)

  console.warn
    ÔÜá´©Å GIF non trouv├® ├á C:\Users\anne\Desktop\GLSL_DISCORD\test.gif, tentative avec chemin original: ./test.gif

      127 |                     files.push(new AttachmentBuilder(gifPathResolved, { name: 'animation.gif' }));
      128 |                 } else {
    > 129 |                     console.warn(`ÔÜá´©Å GIF non trouv├® ├á ${gifPathResolved}, tentative avec chemin original: ${result.gifPath}`);
          |                             ^
      130 |                     // Essayer avec le chemin original
      131 |                     if (fs.existsSync(result.gifPath)) {
      132 |                         console.log(`Ô£à Attachement du GIF avec chemin original: ${result.gifPath}`);

      at Object.warn [as execute] (commands/shader-preset.js:129:29)
      at Object.<anonymous> (tests/commands/shader-preset.test.js:86:9)

  console.error
    ÔØî GIF introuvable aux deux chemins: C:\Users\anne\Desktop\GLSL_DISCORD\test.gif et ./test.gif

      133 |                         files.push(new AttachmentBuilder(result.gifPath, { name: 'animation.gif' }));
      134 |                     } else {
    > 135 |                         console.error(`ÔØî GIF introuvable aux deux chemins: ${gifPathResolved} et ${result.gifPath}`);
          |                                 ^
      136 |                     }
      137 |                 }
      138 |             } else {

      at Object.error [as execute] (commands/shader-preset.js:135:33)
      at Object.<anonymous> (tests/commands/shader-preset.test.js:86:9)

  console.log
    ­ƒôÄ Fichiers ├á attacher: 0 fichier(s)

      at Object.log [as execute] (commands/shader-preset.js:158:21)

  console.log
    ­ƒöì R├®sultat compilation: {
      success: true,
      gifPath: './test.gif',
      frameDirectory: './frames',
      cached: false
    }

      at Object.log [as execute] (commands/shader-preset.js:107:21)

  console.log
    ­ƒöì V├®rification GIF: C:\Users\anne\Desktop\GLSL_DISCORD\test.gif (existe: true)

      at Object.log [as execute] (commands/shader-preset.js:121:25)

  console.log
    ­ƒöì Chemin original: ./test.gif

      at Object.log [as execute] (commands/shader-preset.js:122:25)

  console.log
    ­ƒöì CWD: C:\Users\anne\Desktop\GLSL_DISCORD

      at Object.log [as execute] (commands/shader-preset.js:123:25)

  console.log
    Ô£à Attachement du GIF: C:\Users\anne\Desktop\GLSL_DISCORD\test.gif

      at Object.log [as execute] (commands/shader-preset.js:126:29)

  console.log
    ­ƒôÄ Fichiers ├á attacher: 1 fichier(s)

      at Object.log [as execute] (commands/shader-preset.js:158:21)

  console.log
    ­ƒöì R├®sultat compilation: {
      success: true,
      gifPath: null,
      frameDirectory: './frames',
      cached: undefined
    }

      at Object.log [as execute] (commands/shader-preset.js:107:21)

  console.warn
    ÔÜá´©Å result.gifPath est null/undefined

      137 |                 }
      138 |             } else {
    > 139 |                 console.warn(`ÔÜá´©Å result.gifPath est null/undefined`);
          |                         ^
      140 |             }
      141 |             
      142 |             // Fallback: utiliser la premi├¿re frame si pas de GIF

      at Object.warn [as execute] (commands/shader-preset.js:139:25)
      at Object.<anonymous> (tests/commands/shader-preset.test.js:172:9)

  console.log
    ­ƒô© Tentative fallback avec frameDirectory: ./frames

      at Object.log [as execute] (commands/shader-preset.js:144:25)

  console.log
    ­ƒô© Utilisation de la premi├¿re frame comme fallback: frames\frame0.png

      at Object.log [as execute] (commands/shader-preset.js:152:33)

  console.log
    ­ƒôÄ Fichiers ├á attacher: 1 fichier(s)

      at Object.log [as execute] (commands/shader-preset.js:158:21)

  console.log
    ­ƒöì R├®sultat compilation: {
      success: true,
      gifPath: './test.gif',
      frameDirectory: './frames',
      cached: false
    }

      at Object.log [as execute] (commands/shader-preset.js:107:21)

  console.log
    ­ƒöì V├®rification GIF: C:\Users\anne\Desktop\GLSL_DISCORD\test.gif (existe: true)

      at Object.log [as execute] (commands/shader-preset.js:121:25)

  console.log
    ­ƒöì Chemin original: ./test.gif

      at Object.log [as execute] (commands/shader-preset.js:122:25)

  console.log
    ­ƒöì CWD: C:\Users\anne\Desktop\GLSL_DISCORD

      at Object.log [as execute] (commands/shader-preset.js:123:25)

  console.log
    Ô£à Attachement du GIF: C:\Users\anne\Desktop\GLSL_DISCORD\test.gif

      at Object.log [as execute] (commands/shader-preset.js:126:29)

  console.log
    [2025-11-15T16:26:56.702Z] INFO: Redis not configured, using memory cache

      at Function.log [as info] (src/utils/logger.js:11:17)

  console.log
    ­ƒôÄ Fichiers ├á attacher: 1 fichier(s)

      at Object.log [as execute] (commands/shader-preset.js:158:21)

  console.log
    [2025-11-15T16:26:56.704Z] INFO: Redis not configured, using memory cache

      at Function.log [as info] (src/utils/logger.js:11:17)

  console.log
    [2025-11-15T16:26:56.705Z] INFO: Invalidated 1 cache keys matching test:*

      at Function.log [as info] (src/utils/logger.js:11:17)

  console.log
    [2025-11-15T16:26:56.705Z] INFO: Redis not configured, using memory cache

      at Function.log [as info] (src/utils/logger.js:11:17)

  console.log
    [2025-11-15T16:26:56.706Z] INFO: Invalidated 0 cache keys matching nonexistent:*

      at Function.log [as info] (src/utils/logger.js:11:17)

  console.log
    [2025-11-15T16:26:56.707Z] INFO: Redis not configured, using memory cache

      at Function.log [as info] (src/utils/logger.js:11:17)

PASS tests/commands/shader-preset.test.js
  shader-preset command
    ÔêÜ devrait avoir la structure de commande correcte (6 ms)
    ÔêÜ devrait ex├®cuter autocomplete (1 ms)
    ÔêÜ devrait compiler un preset avec succ├¿s (55 ms)
    ÔêÜ devrait rejeter si rate limit d├®pass├® (1 ms)
    ÔêÜ devrait rejeter si preset non trouv├® (1 ms)
    ÔêÜ devrait rejeter si validation ├®choue (1 ms)
    ÔêÜ devrait g├®rer les erreurs de compilation (1 ms)
    ÔêÜ devrait utiliser le GIF si disponible (5 ms)
    ÔêÜ devrait utiliser frameDirectory en fallback si pas de GIF (4 ms)
    ÔêÜ devrait g├®rer les erreurs (1 ms)
    ÔêÜ devrait inclure presetName dans le r├®sultat (3 ms)

  console.log
    [2025-11-15T16:26:56.709Z] INFO: Redis not configured, using memory cache

      at Function.log [as info] (src/utils/logger.js:11:17)

  console.log
    [2025-11-15T16:26:56.711Z] INFO: Redis not configured, using memory cache

      at Function.log [as info] (src/utils/logger.js:11:17)

  console.log
    [2025-11-15T16:26:56.712Z] INFO: Redis not configured, using memory cache

      at Function.log [as info] (src/utils/logger.js:11:17)

  console.log
    [2025-11-15T16:26:56.713Z] INFO: Redis not configured, using memory cache

      at Function.log [as info] (src/utils/logger.js:11:17)

  console.log
    [2025-11-15T16:26:56.732Z] INFO: Cleaned 2 expired cache entries

      at Function.log [as info] (src/utils/logger.js:11:17)

PASS tests/utils/cacheManager.test.js
  CacheManager
    generateKey
      ÔêÜ devrait g├®n├®rer une cl├® de cache (10 ms)
      ÔêÜ devrait g├®n├®rer la m├¬me cl├® pour les m├¬mes donn├®es (2 ms)
    get/set
      ÔêÜ devrait stocker et r├®cup├®rer une valeur (1 ms)
      ÔêÜ devrait retourner null pour une cl├® inexistante (1 ms)
      ÔêÜ devrait expirer les valeurs apr├¿s TTL (20 ms)
    delete
      ÔêÜ devrait supprimer une cl├® (1 ms)
      ÔêÜ devrait g├®rer les erreurs lors de la suppression (1 ms)
    invalidate
      ÔêÜ devrait invalider les cl├®s correspondant au pattern (2 ms)
      ÔêÜ devrait g├®rer les erreurs lors de l'invalidation (2 ms)
      ÔêÜ devrait g├®rer les patterns sans correspondance (2 ms)
    cleanExpired
      ÔêÜ devrait nettoyer les entr├®es expir├®es (12 ms)
      ÔêÜ devrait retourner 0 si aucune entr├®e expir├®e (1 ms)
      ÔêÜ devrait nettoyer plusieurs entr├®es expir├®es (20 ms)
    getStats
      ÔêÜ devrait retourner les statistiques (2 ms)
      ÔêÜ devrait calculer le hitRate correctement (2 ms)
      ÔêÜ devrait g├®rer le cas o├╣ il n'y a pas de requ├¬tes (1 ms)
    resetStats
      ÔêÜ devrait r├®initialiser les statistiques (1 ms)
    getCacheManager singleton
      ÔêÜ devrait retourner la m├¬me instance (1 ms)
    Redis integration
      ÔêÜ devrait utiliser Redis si configur├® (3 ms)
      ÔêÜ devrait g├®rer les erreurs Redis (1 ms)
    set
      ÔêÜ devrait g├®rer les erreurs lors de la sauvegarde
      ÔêÜ devrait g├®rer les valeurs expir├®es dans le cache m├®moire (21 ms)
    memory cache limits
      ÔêÜ devrait g├®rer le cache m├®moire plein (1 ms)

  console.log
    ­ƒÜÇ Initialisation de la base de donn├®es...

      at SimpleDatabase.log [as initialize] (src/simple-database.js:19:21)

PASS tests/template-syntax.test.js
  Template HTML Syntax Tests
    WebGL Security Injection
      ÔêÜ injectSecurityLimits() devrait retourner du code JavaScript valide (11 ms)
      ÔêÜ Le code de s├®curit├® devrait pouvoir ├¬tre ├®valu├® sans erreur (1 ms)
    Template HTML Generation
      Ôùï skipped createCompilationPage devrait g├®n├®rer un template HTML valide
    Template Literal Conflicts
      ÔêÜ Le template HTML ne devrait pas avoir de conflits de template literals

  console.log
    Ô£à Connect├® ├á la base de donn├®es SQLite

      at Database.log (src/simple-database.js:48:25)

  console.log
    Ô£à Tables cr├®├®es avec succ├¿s

      at Statement.log (src/simple-database.js:117:33)

(node:28084) [DEP0147] DeprecationWarning: In future versions of Node.js, fs.rmdir(path, { recursive: true }) will be 
removed. Use fs.rm(path, { recursive: true }) instead
(Use `node --trace-deprecation ...` to show where the warning was created)
PASS tests/compiler.test.js
  RealWebGLCompiler
    D├®tection du format shader
      ÔêÜ devrait d├®tecter GLSL (7 ms)
      ÔêÜ devrait d├®tecter WGSL
      ÔêÜ devrait d├®tecter GLSL avec uniform (3 ms)
      ÔêÜ devrait d├®tecter GLSL avec vec2
      ÔêÜ devrait d├®tecter WGSL avec @vertex (1 ms)
      ÔêÜ devrait d├®tecter WGSL avec texture_
      ÔêÜ devrait pr├®f├®rer WGSL si plus de keywords WGSL sont d├®tect├®s
      ÔêÜ devrait pr├®f├®rer GLSL si plus de keywords GLSL sont d├®tect├®s
      ÔêÜ devrait retourner glsl par d├®faut si aucun format n'est d├®tect├® (1 ms)
    Validation des shaders
      ÔêÜ devrait valider un shader GLSL valide
      ÔêÜ devrait rejeter un shader GLSL invalide (1 ms)
      ÔêÜ devrait rejeter un shader trop long (1 ms)
      ÔêÜ devrait valider un shader vide (pas d'erreur de validation) (1 ms)
      ÔêÜ devrait valider un shader WGSL valide
      ÔêÜ devrait d├®tecter les shaders avec des fonctions mainImage manquantes (GLSL)
    Cache
      Ôùï skipped devrait utiliser le cache pour les shaders identiques
    setupOutputDirectory
      ÔêÜ devrait cr├®er le dossier output si pas sur Vercel (4 ms)
      ÔêÜ ne devrait pas cr├®er le dossier sur Vercel (1 ms)
    Error handling
      ÔêÜ devrait g├®rer les erreurs lors de la validation
      ÔêÜ devrait g├®rer les erreurs lors de la d├®tection de format

  console.log
    [2025-11-15T16:26:56.776Z] INFO: Ô£à Optimized GIF created: 0.96 KB

      at Function.log [as info] (src/utils/logger.js:11:17)

  console.log
    [2025-11-15T16:26:56.779Z] INFO: Creating optimized GIF: quality=1, size=800x600

      at Function.log [as info] (src/utils/logger.js:11:17)

  console.warn
    ÔÜá´©Å Erreur cr├®ation index: CREATE INDEX IF NOT EXISTS idx_shaders_preset_name ON shaders(preset_name) SQLITE_ERROR: no such column: preset_name

      432 |                 this.db.run(indexSQL, (err) => {
      433 |                     if (err) {
    > 434 |                         console.warn(`ÔÜá´©Å Erreur cr├®ation index: ${indexSQL}`, err.message);
          |                                 ^
      435 |                     } else {
      436 |                         console.log(`Ô£à Index cr├®├®: ${indexSQL.split(' ')[5]}`);
      437 |                     }

      at warn (src/simple-database.js:434:33)
      at replacement (node_modules/sqlite3/lib/trace.js:25:27)
      at Statement.errBack (node_modules/sqlite3/lib/sqlite3.js:15:21)

  console.warn
    ÔÜá´©Å Erreur cr├®ation index: CREATE INDEX IF NOT EXISTS idx_shaders_name ON shaders(name) SQLITE_ERROR: no such column: name

      432 |                 this.db.run(indexSQL, (err) => {
      433 |                     if (err) {
    > 434 |                         console.warn(`ÔÜá´©Å Erreur cr├®ation index: ${indexSQL}`, err.message);
          |                                 ^
      435 |                     } else {
      436 |                         console.log(`Ô£à Index cr├®├®: ${indexSQL.split(' ')[5]}`);
      437 |                     }

      at warn (src/simple-database.js:434:33)
      at replacement (node_modules/sqlite3/lib/trace.js:25:27)
      at Statement.errBack (node_modules/sqlite3/lib/sqlite3.js:15:21)

  console.log
    Ô£à Index cr├®├®: idx_shaders_user_id

      at Statement.log (src/simple-database.js:436:33)

  console.log
    Ô£à Index cr├®├®: idx_shaders_created_at

      at Statement.log (src/simple-database.js:436:33)

  console.log
    Ô£à Index cr├®├®: idx_users_last_seen

      at Statement.log (src/simple-database.js:436:33)

  console.log
    Ô£à WAL activ├® pour meilleures performances

      at Statement.log (src/simple-database.js:497:29)

  console.log
    Ô£à Base de donn├®es initialis├®e avec succ├¿s

      at SimpleDatabase.log [as initialize] (src/simple-database.js:58:21)

  console.log
    Ô£à Base de donn├®es ferm├®e

      at Database.log (src/simple-database.js:396:37)

  console.log
    ­ƒöº Initialisation du Browser Pool...

      at BrowserPool.log [as initialize] (src/browser-pool.js:24:17)

Le chemin d'acc´┐¢s sp´┐¢cifi´┐¢ est introuvable.
  console.log
    Ô£à Browser Pool initialis├® (max: 2 instances)

      at BrowserPool.log [as initialize] (src/browser-pool.js:31:17)

  console.log
    ­ƒøæ Fermeture de tous les browsers du pool...

      at BrowserPool.log [as closeAll] (src/browser-pool.js:214:17)

  console.log
    Ô£à Tous les browsers ferm├®s

      at BrowserPool.log [as closeAll] (src/browser-pool.js:229:17)

  console.log
    ­ƒöº Initialisation du Browser Pool...

      at BrowserPool.log [as initialize] (src/browser-pool.js:24:17)

  console.warn
    Experiment "non-existent" not found

      28 |         const experiment = this.experiments.get(experimentName);
      29 |         if (!experiment) {
    > 30 |             console.warn(`Experiment "${experimentName}" not found`);
         |                     ^
      31 |             return null;
      32 |         }
      33 |

      at ABTest.warn [as getVariant] (src/utils/abTesting.js:30:21)
      at Object.getVariant (tests/utils/abTesting.test.js:17:36)

Le chemin d'acc´┐¢s sp´┐¢cifi´┐¢ est introuvable.
  console.log
    Ô£à Browser Pool initialis├® (max: 1 instances)

      at BrowserPool.log [as initialize] (src/browser-pool.js:31:17)

  console.log
    ­ƒôü Cache directory cr├®├®: ./test-cache

      at ShaderCache.log [as setupCacheDirectory] (src/shader-cache.js:22:25)

  console.log
    ­ƒôü Cache directory cr├®├®: ./test-cache

      at ShaderCache.log [as setupCacheDirectory] (src/shader-cache.js:22:25)

  console.log
    ­ƒôü Cache directory cr├®├®: ./test-cache

      at ShaderCache.log [as setupCacheDirectory] (src/shader-cache.js:22:25)

  console.log
    ­ƒôü Cache directory cr├®├®: ./test-cache

      at ShaderCache.log [as setupCacheDirectory] (src/shader-cache.js:22:25)

  console.log
    ­ƒôü Cache directory cr├®├®: ./test-cache

      at ShaderCache.log [as setupCacheDirectory] (src/shader-cache.js:22:25)

  console.log
    Ô£à Cache hit pour shader hash: 14748977...

      at ShaderCache.log [as getCachedGif] (src/shader-cache.js:73:29)

  console.log
    ­ƒôü Cache directory cr├®├®: ./test-cache

      at ShaderCache.log [as setupCacheDirectory] (src/shader-cache.js:22:25)

  console.log
    ­ƒÆ¥ Shader mis en cache: 14748977...

      at ShaderCache.log [as setCache] (src/shader-cache.js:116:25)

PASS tests/utils/abTesting.test.js
  ABTest
    getVariant
      ÔêÜ devrait retourner une variante pour un exp├®rience existante (2 ms)
      ÔêÜ devrait retourner null pour une exp├®rience inexistante (6 ms)
      ÔêÜ devrait retourner la m├¬me variante pour le m├¬me utilisateur (1 ms)
      ÔêÜ devrait retourner diff├®rentes variantes pour diff├®rents utilisateurs
    trackConversion
      ÔêÜ devrait tracker une conversion (1 ms)
      ÔêÜ devrait tracker plusieurs conversions pour le m├¬me utilisateur
      ÔêÜ devrait tracker des m├®triques sp├®cifiques (1 ms)
      ÔêÜ devrait tracker des valeurs personnalis├®es
    getResults
      ÔêÜ devrait retourner les r├®sultats pour toutes les variantes (1 ms)
      ÔêÜ devrait calculer le taux de conversion
      ÔêÜ devrait retourner null pour une exp├®rience inexistante
      ÔêÜ devrait retourner des r├®sultats vides pour une exp├®rience sans conversions (1 ms)
    hashUserId
      ÔêÜ devrait retourner un hash entre 0 et 99
      ÔêÜ devrait retourner le m├¬me hash pour le m├¬me userId
      ÔêÜ devrait retourner des hash diff├®rents pour des userId diff├®rents
    createExperiment
      ÔêÜ devrait cr├®er une nouvelle exp├®rience
      ÔêÜ devrait rejeter si variants et weights ont des longueurs diff├®rentes (18 ms)
      ÔêÜ devrait rejeter si les weights ne somment pas ├á 100 (1 ms)
      ÔêÜ devrait accepter des weights qui somment approximativement ├á 100
    getAllExperiments
      ÔêÜ devrait retourner toutes les exp├®riences
    getVariant - edge cases
      ÔêÜ devrait retourner la premi├¿re variante si hash d├®passe les weights (1 ms)
      ÔêÜ devrait g├®rer les hash aux limites des weights
    trackConversion - edge cases
      ÔêÜ devrait tracker des conversions avec valeur 0
      ÔêÜ devrait tracker des conversions avec valeurs n├®gatives
      ÔêÜ devrait tracker plusieurs m├®triques diff├®rentes (1 ms)
    getResults - edge cases
      ÔêÜ devrait calculer avgValue correctement avec conversions multiples
      ÔêÜ devrait retourner avgValue 0 si pas de conversions
      ÔêÜ devrait g├®rer les variantes sans r├®sultats
    createExperiment - edge cases
      ÔêÜ devrait accepter une description vide (1 ms)
      ÔêÜ devrait accepter des weights avec d├®cimales
      ÔêÜ devrait rejeter si la somme des weights est trop ├®loign├®e de 100
    hashUserId - edge cases
      ÔêÜ devrait g├®rer les userId vides (1 ms)
      ÔêÜ devrait g├®rer les userId num├®riques
      ÔêÜ devrait g├®rer les userId avec caract├¿res sp├®ciaux
    getABTest singleton
      ÔêÜ devrait retourner la m├¬me instance

  console.log
    ­ƒÆ¥ Shader mis en cache: 14748977...

      at ShaderCache.log [as setCache] (src/shader-cache.js:116:25)

  console.log
    ­ƒº╣ 1 fichiers de cache expir├®s supprim├®s

      at ShaderCache.log [as cleanExpired] (src/shader-cache.js:166:25)

PASS tests/shader-cache.test.js
  ShaderCache
    constructor
      ÔêÜ devrait cr├®er un cache avec le r├®pertoire par d├®faut (5 ms)
      ÔêÜ devrait cr├®er le r├®pertoire de cache s'il n'existe pas (1 ms)
    getShaderHash
      ÔêÜ devrait g├®n├®rer un hash SHA256 (2 ms)
      ÔêÜ devrait g├®n├®rer le m├¬me hash pour le m├¬me code
    getCachedGif
      ÔêÜ devrait retourner null si pas de cache (1 ms)
      ÔêÜ devrait retourner le GIF depuis le cache m├®moire si valide (1 ms)
      ÔêÜ devrait supprimer le cache m├®moire si expir├®
      ÔêÜ devrait retourner le GIF depuis le cache disque si valide (2 ms)
      ÔêÜ devrait supprimer le cache disque si expir├® (1 ms)
    setCache
      ÔêÜ devrait mettre en cache un GIF (2 ms)
      ÔêÜ devrait mettre ├á jour le cache m├®moire (1 ms)
    deleteCache
      ÔêÜ devrait supprimer le cache pour un hash
      ÔêÜ devrait supprimer le cache m├®moire (1 ms)
    cleanExpired
      ÔêÜ devrait nettoyer les caches expir├®s (1 ms)
    getStats
      ÔêÜ devrait retourner les statistiques du cache (1 ms)
    getShaderCache singleton
      ÔêÜ devrait retourner la m├¬me instance

  console.warn
    [2025-11-15T16:26:56.891Z] WARN: Span non-existent not found

      24 |
      25 |     static warn(msg, ...args) {
    > 26 |         console.warn(`[${this.formatTimestamp()}] WARN: ${msg}`, ...args);
         |                 ^
      27 |     }
      28 |
      29 |     static debug(msg, ...args) {

      at Function.warn (src/utils/logger.js:26:17)
      at Telemetry.warn [as endSpan] (src/utils/telemetry.js:43:20)
      at endSpan (tests/utils/telemetry.test.js:45:27)
      at Object.<anonymous> (node_modules/expect/build/toThrowMatchers.js:74:11)
      at Object.throwingMatcher [as toThrow] (node_modules/expect/build/index.js:320:21)
      at Object.toThrow (tests/utils/telemetry.test.js:46:20)

PASS tests/metrics.test.js
  Metrics
    recordCompilation
      ÔêÜ devrait enregistrer une compilation r├®ussie (1 ms)
      ÔêÜ devrait enregistrer une compilation ├®chou├®e
      ÔêÜ devrait enregistrer le temps de compilation (1 ms)
      ÔêÜ devrait limiter l'historique ├á maxHistorySize
      ÔêÜ devrait enregistrer les statistiques par type de shader (1 ms)
      ÔêÜ devrait enregistrer les statistiques par utilisateur
      ÔêÜ devrait accumuler les statistiques par type (1 ms)
    recordError
      ÔêÜ devrait enregistrer une erreur (11 ms)
      ÔêÜ devrait limiter le nombre d'erreurs (29 ms)
      ÔêÜ devrait inclure le contexte (1 ms)
    startCompilation/endCompilation
      ÔêÜ devrait incr├®menter les compilations actives
      ÔêÜ devrait d├®cr├®menter les compilations actives
      ÔêÜ ne devrait pas aller en dessous de 0 (1 ms)
    getAverageCompilationTime
      ÔêÜ devrait retourner 0 si aucune compilation
      ÔêÜ devrait calculer la moyenne
    getSuccessRate
      ÔêÜ devrait retourner 0 si aucune compilation (2 ms)
      ÔêÜ devrait calculer le taux de succ├¿s (2 ms)
    getStats
      ÔêÜ devrait retourner les statistiques compl├¿tes (1 ms)
      ÔêÜ devrait inclure les top utilisateurs (1 ms)
    reset
      ÔêÜ devrait r├®initialiser toutes les m├®triques (1 ms)
    getMetrics singleton
      ÔêÜ devrait retourner la m├¬me instance

  console.log
    [2025-11-15T16:26:56.984Z] INFO: Telemetry metrics reset

      at Function.log [as info] (src/utils/logger.js:11:17)

PASS tests/utils/telemetry.test.js
  Telemetry
    startSpan
      ÔêÜ devrait d├®marrer un span (2 ms)
      ÔêÜ devrait accepter des m├®tadonn├®es (1 ms)
    endSpan
      ÔêÜ devrait terminer un span et enregistrer les m├®triques
      ÔêÜ devrait g├®rer les erreurs (1 ms)
      ÔêÜ ne devrait rien faire si le span n'existe pas (46 ms)
      ÔêÜ devrait supprimer le span apr├¿s la fin
    getMetricType
      ÔêÜ devrait identifier les compilations (3 ms)
      ÔêÜ devrait identifier les appels API
      ÔêÜ devrait identifier les requ├¬tes DB
    getThreshold
      ÔêÜ devrait retourner le seuil pour une op├®ration
      ÔêÜ devrait retourner le seuil par d├®faut
    getReport
      ÔêÜ devrait g├®n├®rer un rapport (26 ms)
      ÔêÜ devrait filtrer par fen├¬tre temporelle (13 ms)
    summarize
      ÔêÜ devrait r├®sumer les m├®triques (1 ms)
      ÔêÜ devrait retourner des z├®ros pour une liste vide
    avg
      ÔêÜ devrait calculer la moyenne (1 ms)
    percentile
      ÔêÜ devrait calculer les percentiles
    getRawMetrics
      ÔêÜ devrait retourner les m├®triques brutes (1 ms)
    reset
      ÔêÜ devrait r├®initialiser les m├®triques (2 ms)
    endSpan - slow operations
      ÔêÜ devrait alerter pour les op├®rations lentes (1 ms)
    endSpan - maxMetrics limit
      ÔêÜ devrait limiter la taille des m├®triques (1 ms)
    getMetricType - edge cases
      ÔêÜ devrait retourner compilations par d├®faut
    getThreshold - partial matches
      ÔêÜ devrait trouver le seuil par correspondance partielle
    percentile - edge cases
      ÔêÜ devrait g├®rer un tableau vide
      ÔêÜ devrait g├®rer un tableau avec un seul ├®l├®ment
      ÔêÜ devrait calculer correctement les percentiles pour diff├®rents p
    summarize - edge cases
      ÔêÜ devrait g├®rer les m├®triques avec diff├®rentes dur├®es
    getReport - different metric types
      ÔêÜ devrait inclure tous les types de m├®triques (1 ms)
    constructor options
      ÔêÜ devrait accepter des options personnalis├®es
    getTelemetry singleton
      ÔêÜ devrait retourner la m├¬me instance
      ÔêÜ devrait accepter des options ├á la premi├¿re cr├®ation (2 ms)

  console.log
    ­ƒöº Initialisation du Browser Pool...

      at BrowserPool.log [as initialize] (src/browser-pool.js:24:17)

  console.log
    Ô£à Browser Pool initialis├® (max: 2 instances)

      at BrowserPool.log [as initialize] (src/browser-pool.js:31:17)

  console.log
    Ô£à Chrome trouv├®: /path/to/chrome

      at BrowserPool.log [as findChromePath] (src/browser-pool.js:56:29)

  console.log
    Ô£à Nouveau browser cr├®├® (1/2 actifs)

      at BrowserPool.log [as getBrowser] (src/browser-pool.js:171:21)

  console.log
    [2025-11-15T16:26:57.022Z] INFO: Ô£à S3 client configured for backups

      at Function.log [as info] (src/utils/logger.js:11:17)

  console.log
    Ô£à Nouveau browser cr├®├® (2/2 actifs)

      at BrowserPool.log [as getBrowser] (src/browser-pool.js:171:21)

  console.log
    Ô£à Nouveau browser cr├®├® (2/2 actifs)

      at BrowserPool.log [as getBrowser] (src/browser-pool.js:171:21)

  console.log
    ÔÖ╗´©Å Browser r├®utilis├® (1 dans le pool)

      at BrowserPool.log [as releaseBrowser] (src/browser-pool.js:194:25)

  console.log
    ­ƒøæ Fermeture de tous les browsers du pool...

      at BrowserPool.log [as closeAll] (src/browser-pool.js:214:17)

  console.log
    Ô£à Tous les browsers ferm├®s

      at BrowserPool.log [as closeAll] (src/browser-pool.js:229:17)

PASS tests/browser-pool.test.js
  BrowserPool
    constructor
      ÔêÜ devrait cr├®er un pool avec maxInstances (2 ms)
      ÔêÜ devrait utiliser 2 instances par d├®faut
    initialize
      ÔêÜ devrait initialiser le pool (5 ms)
      ÔêÜ ne devrait pas r├®initialiser si d├®j├á initialis├®
    findChromePath
      ÔêÜ devrait trouver Chrome dans le cache (1 ms)
      ÔêÜ devrait retourner null si Chrome non trouv├® (1 ms)
    getBrowser
      ÔêÜ devrait r├®utiliser un browser du pool
      ÔêÜ devrait cr├®er un nouveau browser si le pool est vide (1 ms)
      ÔêÜ devrait attendre si maxInstances atteint (16 ms)
      ÔêÜ devrait cr├®er un nouveau browser si celui du pool est ferm├® (1 ms)
    releaseBrowser
      ÔêÜ devrait remettre le browser dans le pool (2 ms)
      ÔêÜ devrait fermer le browser si le pool est plein
      ÔêÜ devrait fermer le browser s'il n'est plus connect├®
      ÔêÜ ne devrait rien faire si browser est null (1 ms)
    closeAll
      ÔêÜ devrait fermer tous les browsers du pool (1 ms)
    getStats
      ÔêÜ devrait retourner les statistiques du pool (1 ms)
    getBrowserPool singleton
      ÔêÜ devrait retourner la m├¬me instance

  console.error
    [2025-11-15T16:26:57.029Z] ERROR: Failed to create backup directory Error: Permission denied
        at Object.<anonymous> (C:\Users\anne\Desktop\GLSL_DISCORD\tests\utils\backupManager.test.js:145:52)
        at Promise.then.completed (C:\Users\anne\Desktop\GLSL_DISCORD\node_modules\jest-circus\build\utils.js:298:28)
        at new Promise (<anonymous>)
        at callAsyncCircusFn (C:\Users\anne\Desktop\GLSL_DISCORD\node_modules\jest-circus\build\utils.js:231:10)
        at _callCircusTest (C:\Users\anne\Desktop\GLSL_DISCORD\node_modules\jest-circus\build\run.js:316:40)
        at _runTest (C:\Users\anne\Desktop\GLSL_DISCORD\node_modules\jest-circus\build\run.js:252:3)
        at _runTestsForDescribeBlock (C:\Users\anne\Desktop\GLSL_DISCORD\node_modules\jest-circus\build\run.js:126:9)
        at _runTestsForDescribeBlock (C:\Users\anne\Desktop\GLSL_DISCORD\node_modules\jest-circus\build\run.js:121:9)
        at _runTestsForDescribeBlock (C:\Users\anne\Desktop\GLSL_DISCORD\node_modules\jest-circus\build\run.js:121:9)
        at run (C:\Users\anne\Desktop\GLSL_DISCORD\node_modules\jest-circus\build\run.js:71:3)
        at runAndTransformResultsToJestFormat (C:\Users\anne\Desktop\GLSL_DISCORD\node_modules\jest-circus\build\legacy-code-todo-rewrite\jestAdapterInit.js:122:21)
        at jestAdapter (C:\Users\anne\Desktop\GLSL_DISCORD\node_modules\jest-circus\build\legacy-code-todo-rewrite\jestAdapter.js:79:19)
        at runTestInternal (C:\Users\anne\Desktop\GLSL_DISCORD\node_modules\jest-runner\build\runTest.js:367:16)
        at runTest (C:\Users\anne\Desktop\GLSL_DISCORD\node_modules\jest-runner\build\runTest.js:444:34)
        at Object.worker (C:\Users\anne\Desktop\GLSL_DISCORD\node_modules\jest-runner\build\testWorker.js:106:12)

      14 |     static error(msg, error = null, ...args) {
      15 |         if (error) {
    > 16 |             console.error(`[${this.formatTimestamp()}] ERROR: ${msg}`, error, ...args);
         |                     ^
      17 |             if (error.stack) {
      18 |                 console.error(`[${this.formatTimestamp()}] STACK:`, error.stack);
      19 |             }

      at Function.error (src/utils/logger.js:16:21)
      at BackupManager.error [as ensureBackupDir] (src/utils/backupManager.js:47:20)
      at Object.<anonymous> (tests/utils/backupManager.test.js:147:13)

  console.error
    [2025-11-15T16:26:57.044Z] STACK: Error: Permission denied
        at Object.<anonymous> (C:\Users\anne\Desktop\GLSL_DISCORD\tests\utils\backupManager.test.js:145:52)
        at Promise.then.completed (C:\Users\anne\Desktop\GLSL_DISCORD\node_modules\jest-circus\build\utils.js:298:28)
        at new Promise (<anonymous>)
        at callAsyncCircusFn (C:\Users\anne\Desktop\GLSL_DISCORD\node_modules\jest-circus\build\utils.js:231:10)
        at _callCircusTest (C:\Users\anne\Desktop\GLSL_DISCORD\node_modules\jest-circus\build\run.js:316:40)
        at _runTest (C:\Users\anne\Desktop\GLSL_DISCORD\node_modules\jest-circus\build\run.js:252:3)
        at _runTestsForDescribeBlock (C:\Users\anne\Desktop\GLSL_DISCORD\node_modules\jest-circus\build\run.js:126:9)
        at _runTestsForDescribeBlock (C:\Users\anne\Desktop\GLSL_DISCORD\node_modules\jest-circus\build\run.js:121:9)
        at _runTestsForDescribeBlock (C:\Users\anne\Desktop\GLSL_DISCORD\node_modules\jest-circus\build\run.js:121:9)
        at run (C:\Users\anne\Desktop\GLSL_DISCORD\node_modules\jest-circus\build\run.js:71:3)
        at runAndTransformResultsToJestFormat (C:\Users\anne\Desktop\GLSL_DISCORD\node_modules\jest-circus\build\legacy-code-todo-rewrite\jestAdapterInit.js:122:21)
        at jestAdapter (C:\Users\anne\Desktop\GLSL_DISCORD\node_modules\jest-circus\build\legacy-code-todo-rewrite\jestAdapter.js:79:19)
        at runTestInternal (C:\Users\anne\Desktop\GLSL_DISCORD\node_modules\jest-runner\build\runTest.js:367:16)
        at runTest (C:\Users\anne\Desktop\GLSL_DISCORD\node_modules\jest-runner\build\runTest.js:444:34)
        at Object.worker (C:\Users\anne\Desktop\GLSL_DISCORD\node_modules\jest-runner\build\testWorker.js:106:12)

      16 |             console.error(`[${this.formatTimestamp()}] ERROR: ${msg}`, error, ...args);
      17 |             if (error.stack) {
    > 18 |                 console.error(`[${this.formatTimestamp()}] STACK:`, error.stack);
         |                         ^
      19 |             }
      20 |         } else {
      21 |             console.error(`[${this.formatTimestamp()}] ERROR: ${msg}`, ...args);

      at Function.error (src/utils/logger.js:18:25)
      at BackupManager.error [as ensureBackupDir] (src/utils/backupManager.js:47:20)
      at Object.<anonymous> (tests/utils/backupManager.test.js:147:13)

  console.error
    [2025-11-15T16:26:57.046Z] ERROR: Database backup failed Error: File not found
        at Object.<anonymous> (C:\Users\anne\Desktop\GLSL_DISCORD\tests\utils\backupManager.test.js:157:55)
        at Promise.then.completed (C:\Users\anne\Desktop\GLSL_DISCORD\node_modules\jest-circus\build\utils.js:298:28)
        at new Promise (<anonymous>)
        at callAsyncCircusFn (C:\Users\anne\Desktop\GLSL_DISCORD\node_modules\jest-circus\build\utils.js:231:10)
        at _callCircusTest (C:\Users\anne\Desktop\GLSL_DISCORD\node_modules\jest-circus\build\run.js:316:40)
        at _runTest (C:\Users\anne\Desktop\GLSL_DISCORD\node_modules\jest-circus\build\run.js:252:3)
        at _runTestsForDescribeBlock (C:\Users\anne\Desktop\GLSL_DISCORD\node_modules\jest-circus\build\run.js:126:9)
        at _runTestsForDescribeBlock (C:\Users\anne\Desktop\GLSL_DISCORD\node_modules\jest-circus\build\run.js:121:9)
        at _runTestsForDescribeBlock (C:\Users\anne\Desktop\GLSL_DISCORD\node_modules\jest-circus\build\run.js:121:9)
        at run (C:\Users\anne\Desktop\GLSL_DISCORD\node_modules\jest-circus\build\run.js:71:3)
        at runAndTransformResultsToJestFormat (C:\Users\anne\Desktop\GLSL_DISCORD\node_modules\jest-circus\build\legacy-code-todo-rewrite\jestAdapterInit.js:122:21)
        at jestAdapter (C:\Users\anne\Desktop\GLSL_DISCORD\node_modules\jest-circus\build\legacy-code-todo-rewrite\jestAdapter.js:79:19)
        at runTestInternal (C:\Users\anne\Desktop\GLSL_DISCORD\node_modules\jest-runner\build\runTest.js:367:16)
        at runTest (C:\Users\anne\Desktop\GLSL_DISCORD\node_modules\jest-runner\build\runTest.js:444:34)
        at Object.worker (C:\Users\anne\Desktop\GLSL_DISCORD\node_modules\jest-runner\build\testWorker.js:106:12)

      14 |     static error(msg, error = null, ...args) {
      15 |         if (error) {
    > 16 |             console.error(`[${this.formatTimestamp()}] ERROR: ${msg}`, error, ...args);
         |                     ^
      17 |             if (error.stack) {
      18 |                 console.error(`[${this.formatTimestamp()}] STACK:`, error.stack);
      19 |             }

      at Function.error (src/utils/logger.js:16:21)
      at BackupManager.error [as createDatabaseBackup] (src/utils/backupManager.js:75:20)
      at Object.<anonymous> (tests/utils/backupManager.test.js:159:13)

  console.error
    [2025-11-15T16:26:57.047Z] STACK: Error: File not found
        at Object.<anonymous> (C:\Users\anne\Desktop\GLSL_DISCORD\tests\utils\backupManager.test.js:157:55)
        at Promise.then.completed (C:\Users\anne\Desktop\GLSL_DISCORD\node_modules\jest-circus\build\utils.js:298:28)
        at new Promise (<anonymous>)
        at callAsyncCircusFn (C:\Users\anne\Desktop\GLSL_DISCORD\node_modules\jest-circus\build\utils.js:231:10)
        at _callCircusTest (C:\Users\anne\Desktop\GLSL_DISCORD\node_modules\jest-circus\build\run.js:316:40)
        at _runTest (C:\Users\anne\Desktop\GLSL_DISCORD\node_modules\jest-circus\build\run.js:252:3)
        at _runTestsForDescribeBlock (C:\Users\anne\Desktop\GLSL_DISCORD\node_modules\jest-circus\build\run.js:126:9)
        at _runTestsForDescribeBlock (C:\Users\anne\Desktop\GLSL_DISCORD\node_modules\jest-circus\build\run.js:121:9)
        at _runTestsForDescribeBlock (C:\Users\anne\Desktop\GLSL_DISCORD\node_modules\jest-circus\build\run.js:121:9)
        at run (C:\Users\anne\Desktop\GLSL_DISCORD\node_modules\jest-circus\build\run.js:71:3)
        at runAndTransformResultsToJestFormat (C:\Users\anne\Desktop\GLSL_DISCORD\node_modules\jest-circus\build\legacy-code-todo-rewrite\jestAdapterInit.js:122:21)
        at jestAdapter (C:\Users\anne\Desktop\GLSL_DISCORD\node_modules\jest-circus\build\legacy-code-todo-rewrite\jestAdapter.js:79:19)
        at runTestInternal (C:\Users\anne\Desktop\GLSL_DISCORD\node_modules\jest-runner\build\runTest.js:367:16)
        at runTest (C:\Users\anne\Desktop\GLSL_DISCORD\node_modules\jest-runner\build\runTest.js:444:34)
        at Object.worker (C:\Users\anne\Desktop\GLSL_DISCORD\node_modules\jest-runner\build\testWorker.js:106:12)

      16 |             console.error(`[${this.formatTimestamp()}] ERROR: ${msg}`, error, ...args);
      17 |             if (error.stack) {
    > 18 |                 console.error(`[${this.formatTimestamp()}] STACK:`, error.stack);
         |                         ^
      19 |             }
      20 |         } else {
      21 |             console.error(`[${this.formatTimestamp()}] ERROR: ${msg}`, ...args);

      at Function.error (src/utils/logger.js:18:25)
      at BackupManager.error [as createDatabaseBackup] (src/utils/backupManager.js:75:20)
      at Object.<anonymous> (tests/utils/backupManager.test.js:159:13)

  console.log
    [2025-11-15T16:26:57.053Z] INFO: Ô£à Metrics exported: metrics-2025-11-15T16-26-57-051Z.json

      at Function.log [as info] (src/utils/logger.js:11:17)

PASS tests/utils/webhookManager.test.js
  WebhookManager
    sendError
      ÔêÜ devrait envoyer une erreur via webhook (12 ms)
      ÔêÜ devrait inclure le contexte (1 ms)
      ÔêÜ ne devrait rien faire si webhook non configur├®
    sendCompilationStats
      ÔêÜ devrait envoyer les statistiques (1 ms)
      ÔêÜ ne devrait rien faire si webhook non configur├®
    sendAnalytics
      ÔêÜ devrait envoyer les analytics
    send
      ÔêÜ devrait envoyer un message personnalis├® (2 ms)
      ÔêÜ ne devrait rien faire si URL vide
    isEnabled
      ÔêÜ devrait retourner true si webhooks configur├®s (1 ms)
      ÔêÜ devrait retourner false si aucun webhook configur├® (1 ms)
    sendError - edge cases
      ÔêÜ devrait tronquer les stack traces longues (1 ms)
      ÔêÜ devrait g├®rer les erreurs sans stack trace (1 ms)
      ÔêÜ devrait tronquer le contexte long (1 ms)
      ÔêÜ devrait g├®rer les erreurs lors de l'envoi (1 ms)
    sendCompilationStats - edge cases
      ÔêÜ devrait g├®rer les stats avec valeurs manquantes
      ÔêÜ devrait g├®rer les erreurs lors de l'envoi (2 ms)
    sendAnalytics - edge cases
      ÔêÜ devrait g├®rer les analytics avec valeurs manquantes (2 ms)
      ÔêÜ devrait g├®rer les erreurs lors de l'envoi (1 ms)
    send - error handling
      ÔêÜ devrait g├®rer les r├®ponses non-OK (5 ms)
      ÔêÜ devrait g├®rer les erreurs r├®seau (1 ms)
    constructor - enabled state
      ÔêÜ devrait ├¬tre d├®sactiv├® si aucun webhook configur├®
      ÔêÜ devrait ├¬tre activ├® si au moins un webhook configur├® (1 ms)
    getWebhookManager singleton
      ÔêÜ devrait retourner la m├¬me instance

  console.error
    [2025-11-15T16:26:57.059Z] ERROR: Metrics export failed Error: Disk full
        at Object.<anonymous> (C:\Users\anne\Desktop\GLSL_DISCORD\tests\utils\backupManager.test.js:213:56)
        at Promise.then.completed (C:\Users\anne\Desktop\GLSL_DISCORD\node_modules\jest-circus\build\utils.js:298:28)
        at new Promise (<anonymous>)
        at callAsyncCircusFn (C:\Users\anne\Desktop\GLSL_DISCORD\node_modules\jest-circus\build\utils.js:231:10)
        at _callCircusTest (C:\Users\anne\Desktop\GLSL_DISCORD\node_modules\jest-circus\build\run.js:316:40)
        at _runTest (C:\Users\anne\Desktop\GLSL_DISCORD\node_modules\jest-circus\build\run.js:252:3)
        at _runTestsForDescribeBlock (C:\Users\anne\Desktop\GLSL_DISCORD\node_modules\jest-circus\build\run.js:126:9)
        at _runTestsForDescribeBlock (C:\Users\anne\Desktop\GLSL_DISCORD\node_modules\jest-circus\build\run.js:121:9)
        at _runTestsForDescribeBlock (C:\Users\anne\Desktop\GLSL_DISCORD\node_modules\jest-circus\build\run.js:121:9)
        at run (C:\Users\anne\Desktop\GLSL_DISCORD\node_modules\jest-circus\build\run.js:71:3)
        at runAndTransformResultsToJestFormat (C:\Users\anne\Desktop\GLSL_DISCORD\node_modules\jest-circus\build\legacy-code-todo-rewrite\jestAdapterInit.js:122:21)
        at jestAdapter (C:\Users\anne\Desktop\GLSL_DISCORD\node_modules\jest-circus\build\legacy-code-todo-rewrite\jestAdapter.js:79:19)
        at runTestInternal (C:\Users\anne\Desktop\GLSL_DISCORD\node_modules\jest-runner\build\runTest.js:367:16)
        at runTest (C:\Users\anne\Desktop\GLSL_DISCORD\node_modules\jest-runner\build\runTest.js:444:34)
        at Object.worker (C:\Users\anne\Desktop\GLSL_DISCORD\node_modules\jest-runner\build\testWorker.js:106:12)

      14 |     static error(msg, error = null, ...args) {
      15 |         if (error) {
    > 16 |             console.error(`[${this.formatTimestamp()}] ERROR: ${msg}`, error, ...args);
         |                     ^
      17 |             if (error.stack) {
      18 |                 console.error(`[${this.formatTimestamp()}] STACK:`, error.stack);
      19 |             }

      at Function.error (src/utils/logger.js:16:21)
      at BackupManager.error [as exportMetrics] (src/utils/backupManager.js:142:20)
      at Object.<anonymous> (tests/utils/backupManager.test.js:215:13)

  console.error
    [2025-11-15T16:26:57.061Z] STACK: Error: Disk full
        at Object.<anonymous> (C:\Users\anne\Desktop\GLSL_DISCORD\tests\utils\backupManager.test.js:213:56)
        at Promise.then.completed (C:\Users\anne\Desktop\GLSL_DISCORD\node_modules\jest-circus\build\utils.js:298:28)
        at new Promise (<anonymous>)
        at callAsyncCircusFn (C:\Users\anne\Desktop\GLSL_DISCORD\node_modules\jest-circus\build\utils.js:231:10)
        at _callCircusTest (C:\Users\anne\Desktop\GLSL_DISCORD\node_modules\jest-circus\build\run.js:316:40)
        at _runTest (C:\Users\anne\Desktop\GLSL_DISCORD\node_modules\jest-circus\build\run.js:252:3)
        at _runTestsForDescribeBlock (C:\Users\anne\Desktop\GLSL_DISCORD\node_modules\jest-circus\build\run.js:126:9)
        at _runTestsForDescribeBlock (C:\Users\anne\Desktop\GLSL_DISCORD\node_modules\jest-circus\build\run.js:121:9)
        at _runTestsForDescribeBlock (C:\Users\anne\Desktop\GLSL_DISCORD\node_modules\jest-circus\build\run.js:121:9)
        at run (C:\Users\anne\Desktop\GLSL_DISCORD\node_modules\jest-circus\build\run.js:71:3)
        at runAndTransformResultsToJestFormat (C:\Users\anne\Desktop\GLSL_DISCORD\node_modules\jest-circus\build\legacy-code-todo-rewrite\jestAdapterInit.js:122:21)
        at jestAdapter (C:\Users\anne\Desktop\GLSL_DISCORD\node_modules\jest-circus\build\legacy-code-todo-rewrite\jestAdapter.js:79:19)
        at runTestInternal (C:\Users\anne\Desktop\GLSL_DISCORD\node_modules\jest-runner\build\runTest.js:367:16)
        at runTest (C:\Users\anne\Desktop\GLSL_DISCORD\node_modules\jest-runner\build\runTest.js:444:34)
        at Object.worker (C:\Users\anne\Desktop\GLSL_DISCORD\node_modules\jest-runner\build\testWorker.js:106:12)

      16 |             console.error(`[${this.formatTimestamp()}] ERROR: ${msg}`, error, ...args);
      17 |             if (error.stack) {
    > 18 |                 console.error(`[${this.formatTimestamp()}] STACK:`, error.stack);
         |                         ^
      19 |             }
      20 |         } else {
      21 |             console.error(`[${this.formatTimestamp()}] ERROR: ${msg}`, ...args);

      at Function.error (src/utils/logger.js:18:25)
      at BackupManager.error [as exportMetrics] (src/utils/backupManager.js:142:20)
      at Object.<anonymous> (tests/utils/backupManager.test.js:215:13)

  console.error
    [2025-11-15T16:26:57.064Z] ERROR: Cleanup old backups failed Error: Permission denied
        at Object.<anonymous> (C:\Users\anne\Desktop\GLSL_DISCORD\tests\utils\backupManager.test.js:225:54)
        at Promise.then.completed (C:\Users\anne\Desktop\GLSL_DISCORD\node_modules\jest-circus\build\utils.js:298:28)
        at new Promise (<anonymous>)
        at callAsyncCircusFn (C:\Users\anne\Desktop\GLSL_DISCORD\node_modules\jest-circus\build\utils.js:231:10)
        at _callCircusTest (C:\Users\anne\Desktop\GLSL_DISCORD\node_modules\jest-circus\build\run.js:316:40)
        at _runTest (C:\Users\anne\Desktop\GLSL_DISCORD\node_modules\jest-circus\build\run.js:252:3)
        at _runTestsForDescribeBlock (C:\Users\anne\Desktop\GLSL_DISCORD\node_modules\jest-circus\build\run.js:126:9)
        at _runTestsForDescribeBlock (C:\Users\anne\Desktop\GLSL_DISCORD\node_modules\jest-circus\build\run.js:121:9)
        at _runTestsForDescribeBlock (C:\Users\anne\Desktop\GLSL_DISCORD\node_modules\jest-circus\build\run.js:121:9)
        at run (C:\Users\anne\Desktop\GLSL_DISCORD\node_modules\jest-circus\build\run.js:71:3)
        at runAndTransformResultsToJestFormat (C:\Users\anne\Desktop\GLSL_DISCORD\node_modules\jest-circus\build\legacy-code-todo-rewrite\jestAdapterInit.js:122:21)
        at jestAdapter (C:\Users\anne\Desktop\GLSL_DISCORD\node_modules\jest-circus\build\legacy-code-todo-rewrite\jestAdapter.js:79:19)
        at runTestInternal (C:\Users\anne\Desktop\GLSL_DISCORD\node_modules\jest-runner\build\runTest.js:367:16)
        at runTest (C:\Users\anne\Desktop\GLSL_DISCORD\node_modules\jest-runner\build\runTest.js:444:34)
        at Object.worker (C:\Users\anne\Desktop\GLSL_DISCORD\node_modules\jest-runner\build\testWorker.js:106:12)

      14 |     static error(msg, error = null, ...args) {
      15 |         if (error) {
    > 16 |             console.error(`[${this.formatTimestamp()}] ERROR: ${msg}`, error, ...args);
         |                     ^
      17 |             if (error.stack) {
      18 |                 console.error(`[${this.formatTimestamp()}] STACK:`, error.stack);
      19 |             }

      at Function.error (src/utils/logger.js:16:21)
      at BackupManager.error [as cleanOldBackups] (src/utils/backupManager.js:206:20)
      at Object.<anonymous> (tests/utils/backupManager.test.js:227:29)

  console.error
    [2025-11-15T16:26:57.065Z] STACK: Error: Permission denied
        at Object.<anonymous> (C:\Users\anne\Desktop\GLSL_DISCORD\tests\utils\backupManager.test.js:225:54)
        at Promise.then.completed (C:\Users\anne\Desktop\GLSL_DISCORD\node_modules\jest-circus\build\utils.js:298:28)
        at new Promise (<anonymous>)
        at callAsyncCircusFn (C:\Users\anne\Desktop\GLSL_DISCORD\node_modules\jest-circus\build\utils.js:231:10)
        at _callCircusTest (C:\Users\anne\Desktop\GLSL_DISCORD\node_modules\jest-circus\build\run.js:316:40)
        at _runTest (C:\Users\anne\Desktop\GLSL_DISCORD\node_modules\jest-circus\build\run.js:252:3)
        at _runTestsForDescribeBlock (C:\Users\anne\Desktop\GLSL_DISCORD\node_modules\jest-circus\build\run.js:126:9)
        at _runTestsForDescribeBlock (C:\Users\anne\Desktop\GLSL_DISCORD\node_modules\jest-circus\build\run.js:121:9)
        at _runTestsForDescribeBlock (C:\Users\anne\Desktop\GLSL_DISCORD\node_modules\jest-circus\build\run.js:121:9)
        at run (C:\Users\anne\Desktop\GLSL_DISCORD\node_modules\jest-circus\build\run.js:71:3)
        at runAndTransformResultsToJestFormat (C:\Users\anne\Desktop\GLSL_DISCORD\node_modules\jest-circus\build\legacy-code-todo-rewrite\jestAdapterInit.js:122:21)
        at jestAdapter (C:\Users\anne\Desktop\GLSL_DISCORD\node_modules\jest-circus\build\legacy-code-todo-rewrite\jestAdapter.js:79:19)
        at runTestInternal (C:\Users\anne\Desktop\GLSL_DISCORD\node_modules\jest-runner\build\runTest.js:367:16)
        at runTest (C:\Users\anne\Desktop\GLSL_DISCORD\node_modules\jest-runner\build\runTest.js:444:34)
        at Object.worker (C:\Users\anne\Desktop\GLSL_DISCORD\node_modules\jest-runner\build\testWorker.js:106:12)

      16 |             console.error(`[${this.formatTimestamp()}] ERROR: ${msg}`, error, ...args);
      17 |             if (error.stack) {
    > 18 |                 console.error(`[${this.formatTimestamp()}] STACK:`, error.stack);
         |                         ^
      19 |             }
      20 |         } else {
      21 |             console.error(`[${this.formatTimestamp()}] ERROR: ${msg}`, ...args);

      at Function.error (src/utils/logger.js:18:25)
      at BackupManager.error [as cleanOldBackups] (src/utils/backupManager.js:206:20)
      at Object.<anonymous> (tests/utils/backupManager.test.js:227:29)

  console.error
    [2025-11-15T16:26:57.070Z] ERROR: Cleanup old backups failed Error: Stat error
        at Object.<anonymous> (C:\Users\anne\Desktop\GLSL_DISCORD\tests\utils\backupManager.test.js:239:59)

      14 |     static error(msg, error = null, ...args) {
      15 |         if (error) {
    > 16 |             console.error(`[${this.formatTimestamp()}] ERROR: ${msg}`, error, ...args);
         |                     ^
      17 |             if (error.stack) {
      18 |                 console.error(`[${this.formatTimestamp()}] STACK:`, error.stack);
      19 |             }

      at Function.error (src/utils/logger.js:16:21)
      at BackupManager.error [as cleanOldBackups] (src/utils/backupManager.js:206:20)
      at Object.<anonymous> (tests/utils/backupManager.test.js:241:29)

  console.error
    [2025-11-15T16:26:57.071Z] STACK: Error: Stat error
        at Object.<anonymous> (C:\Users\anne\Desktop\GLSL_DISCORD\tests\utils\backupManager.test.js:239:59)

      16 |             console.error(`[${this.formatTimestamp()}] ERROR: ${msg}`, error, ...args);
      17 |             if (error.stack) {
    > 18 |                 console.error(`[${this.formatTimestamp()}] STACK:`, error.stack);
         |                         ^
      19 |             }
      20 |         } else {
      21 |             console.error(`[${this.formatTimestamp()}] ERROR: ${msg}`, ...args);

      at Function.error (src/utils/logger.js:18:25)
      at BackupManager.error [as cleanOldBackups] (src/utils/backupManager.js:206:20)
      at Object.<anonymous> (tests/utils/backupManager.test.js:241:29)

  console.log
    [2025-11-15T16:26:57.075Z] INFO: ­ƒôª Creating full backup...

      at Function.log [as info] (src/utils/logger.js:11:17)

  console.warn
    [2025-11-15T16:26:57.077Z] WARN: Database file not found, skipping database backup ENOENT: no such file or directory, access 'C:\Users\anne\Desktop\GLSL_DISCORD\nonexistent.db'

      24 |
      25 |     static warn(msg, ...args) {
    > 26 |         console.warn(`[${this.formatTimestamp()}] WARN: ${msg}`, ...args);
         |                 ^
      27 |     }
      28 |
      29 |     static debug(msg, ...args) {

      at Function.warn (src/utils/logger.js:26:17)
      at BackupManager.warn [as createFullBackup] (src/utils/backupManager.js:230:24)
      at Object.<anonymous> (tests/utils/backupManager.test.js:250:29)

  console.log
    [2025-11-15T16:26:57.082Z] INFO: Ô£à Metrics exported: metrics-2025-11-15T16-26-57-080Z.json

      at Function.log [as info] (src/utils/logger.js:11:17)

  console.log
    [2025-11-15T16:26:57.084Z] INFO: Ô£à Full backup completed successfully

      at Function.log [as info] (src/utils/logger.js:11:17)

  console.log
    [2025-11-15T16:26:57.087Z] INFO: ­ƒôª Creating full backup...

      at Function.log [as info] (src/utils/logger.js:11:17)

  console.error
    [2025-11-15T16:26:57.088Z] ERROR: Failed to create backup directory Error: Fatal error
        at Object.<anonymous> (C:\Users\anne\Desktop\GLSL_DISCORD\tests\utils\backupManager.test.js:258:52)
        at Promise.then.completed (C:\Users\anne\Desktop\GLSL_DISCORD\node_modules\jest-circus\build\utils.js:298:28)
        at new Promise (<anonymous>)
        at callAsyncCircusFn (C:\Users\anne\Desktop\GLSL_DISCORD\node_modules\jest-circus\build\utils.js:231:10)
        at _callCircusTest (C:\Users\anne\Desktop\GLSL_DISCORD\node_modules\jest-circus\build\run.js:316:40)
        at _runTest (C:\Users\anne\Desktop\GLSL_DISCORD\node_modules\jest-circus\build\run.js:252:3)
        at _runTestsForDescribeBlock (C:\Users\anne\Desktop\GLSL_DISCORD\node_modules\jest-circus\build\run.js:126:9)
        at _runTestsForDescribeBlock (C:\Users\anne\Desktop\GLSL_DISCORD\node_modules\jest-circus\build\run.js:121:9)
        at _runTestsForDescribeBlock (C:\Users\anne\Desktop\GLSL_DISCORD\node_modules\jest-circus\build\run.js:121:9)
        at run (C:\Users\anne\Desktop\GLSL_DISCORD\node_modules\jest-circus\build\run.js:71:3)
        at runAndTransformResultsToJestFormat (C:\Users\anne\Desktop\GLSL_DISCORD\node_modules\jest-circus\build\legacy-code-todo-rewrite\jestAdapterInit.js:122:21)
        at jestAdapter (C:\Users\anne\Desktop\GLSL_DISCORD\node_modules\jest-circus\build\legacy-code-todo-rewrite\jestAdapter.js:79:19)
        at runTestInternal (C:\Users\anne\Desktop\GLSL_DISCORD\node_modules\jest-runner\build\runTest.js:367:16)
        at runTest (C:\Users\anne\Desktop\GLSL_DISCORD\node_modules\jest-runner\build\runTest.js:444:34)
        at Object.worker (C:\Users\anne\Desktop\GLSL_DISCORD\node_modules\jest-runner\build\testWorker.js:106:12)

      14 |     static error(msg, error = null, ...args) {
      15 |         if (error) {
    > 16 |             console.error(`[${this.formatTimestamp()}] ERROR: ${msg}`, error, ...args);
         |                     ^
      17 |             if (error.stack) {
      18 |                 console.error(`[${this.formatTimestamp()}] STACK:`, error.stack);
      19 |             }

      at Function.error (src/utils/logger.js:16:21)
      at BackupManager.error [as ensureBackupDir] (src/utils/backupManager.js:47:20)
      at BackupManager.createDatabaseBackup (src/utils/backupManager.js:57:13)
      at BackupManager.createFullBackup (src/utils/backupManager.js:228:36)
      at Object.<anonymous> (tests/utils/backupManager.test.js:260:13)

  console.error
    [2025-11-15T16:26:57.089Z] STACK: Error: Fatal error
        at Object.<anonymous> (C:\Users\anne\Desktop\GLSL_DISCORD\tests\utils\backupManager.test.js:258:52)
        at Promise.then.completed (C:\Users\anne\Desktop\GLSL_DISCORD\node_modules\jest-circus\build\utils.js:298:28)
        at new Promise (<anonymous>)
        at callAsyncCircusFn (C:\Users\anne\Desktop\GLSL_DISCORD\node_modules\jest-circus\build\utils.js:231:10)
        at _callCircusTest (C:\Users\anne\Desktop\GLSL_DISCORD\node_modules\jest-circus\build\run.js:316:40)
        at _runTest (C:\Users\anne\Desktop\GLSL_DISCORD\node_modules\jest-circus\build\run.js:252:3)
        at _runTestsForDescribeBlock (C:\Users\anne\Desktop\GLSL_DISCORD\node_modules\jest-circus\build\run.js:126:9)
        at _runTestsForDescribeBlock (C:\Users\anne\Desktop\GLSL_DISCORD\node_modules\jest-circus\build\run.js:121:9)
        at _runTestsForDescribeBlock (C:\Users\anne\Desktop\GLSL_DISCORD\node_modules\jest-circus\build\run.js:121:9)
        at run (C:\Users\anne\Desktop\GLSL_DISCORD\node_modules\jest-circus\build\run.js:71:3)
        at runAndTransformResultsToJestFormat (C:\Users\anne\Desktop\GLSL_DISCORD\node_modules\jest-circus\build\legacy-code-todo-rewrite\jestAdapterInit.js:122:21)
        at jestAdapter (C:\Users\anne\Desktop\GLSL_DISCORD\node_modules\jest-circus\build\legacy-code-todo-rewrite\jestAdapter.js:79:19)
        at runTestInternal (C:\Users\anne\Desktop\GLSL_DISCORD\node_modules\jest-runner\build\runTest.js:367:16)
        at runTest (C:\Users\anne\Desktop\GLSL_DISCORD\node_modules\jest-runner\build\runTest.js:444:34)
        at Object.worker (C:\Users\anne\Desktop\GLSL_DISCORD\node_modules\jest-runner\build\testWorker.js:106:12)

      16 |             console.error(`[${this.formatTimestamp()}] ERROR: ${msg}`, error, ...args);
      17 |             if (error.stack) {
    > 18 |                 console.error(`[${this.formatTimestamp()}] STACK:`, error.stack);
         |                         ^
      19 |             }
      20 |         } else {
      21 |             console.error(`[${this.formatTimestamp()}] ERROR: ${msg}`, ...args);

      at Function.error (src/utils/logger.js:18:25)
      at BackupManager.error [as ensureBackupDir] (src/utils/backupManager.js:47:20)
      at BackupManager.createDatabaseBackup (src/utils/backupManager.js:57:13)
      at BackupManager.createFullBackup (src/utils/backupManager.js:228:36)
      at Object.<anonymous> (tests/utils/backupManager.test.js:260:13)

  console.error
    [2025-11-15T16:26:57.090Z] ERROR: Database backup failed Error: Fatal error
        at Object.<anonymous> (C:\Users\anne\Desktop\GLSL_DISCORD\tests\utils\backupManager.test.js:258:52)
        at Promise.then.completed (C:\Users\anne\Desktop\GLSL_DISCORD\node_modules\jest-circus\build\utils.js:298:28)
        at new Promise (<anonymous>)
        at callAsyncCircusFn (C:\Users\anne\Desktop\GLSL_DISCORD\node_modules\jest-circus\build\utils.js:231:10)
        at _callCircusTest (C:\Users\anne\Desktop\GLSL_DISCORD\node_modules\jest-circus\build\run.js:316:40)
        at _runTest (C:\Users\anne\Desktop\GLSL_DISCORD\node_modules\jest-circus\build\run.js:252:3)
        at _runTestsForDescribeBlock (C:\Users\anne\Desktop\GLSL_DISCORD\node_modules\jest-circus\build\run.js:126:9)
        at _runTestsForDescribeBlock (C:\Users\anne\Desktop\GLSL_DISCORD\node_modules\jest-circus\build\run.js:121:9)
        at _runTestsForDescribeBlock (C:\Users\anne\Desktop\GLSL_DISCORD\node_modules\jest-circus\build\run.js:121:9)
        at run (C:\Users\anne\Desktop\GLSL_DISCORD\node_modules\jest-circus\build\run.js:71:3)
        at runAndTransformResultsToJestFormat (C:\Users\anne\Desktop\GLSL_DISCORD\node_modules\jest-circus\build\legacy-code-todo-rewrite\jestAdapterInit.js:122:21)
        at jestAdapter (C:\Users\anne\Desktop\GLSL_DISCORD\node_modules\jest-circus\build\legacy-code-todo-rewrite\jestAdapter.js:79:19)
        at runTestInternal (C:\Users\anne\Desktop\GLSL_DISCORD\node_modules\jest-runner\build\runTest.js:367:16)
        at runTest (C:\Users\anne\Desktop\GLSL_DISCORD\node_modules\jest-runner\build\runTest.js:444:34)
        at Object.worker (C:\Users\anne\Desktop\GLSL_DISCORD\node_modules\jest-runner\build\testWorker.js:106:12)

      14 |     static error(msg, error = null, ...args) {
      15 |         if (error) {
    > 16 |             console.error(`[${this.formatTimestamp()}] ERROR: ${msg}`, error, ...args);
         |                     ^
      17 |             if (error.stack) {
      18 |                 console.error(`[${this.formatTimestamp()}] STACK:`, error.stack);
      19 |             }

      at Function.error (src/utils/logger.js:16:21)
      at BackupManager.error [as createDatabaseBackup] (src/utils/backupManager.js:75:20)
      at BackupManager.createFullBackup (src/utils/backupManager.js:228:36)
      at Object.<anonymous> (tests/utils/backupManager.test.js:260:13)

  console.error
    [2025-11-15T16:26:57.091Z] STACK: Error: Fatal error
        at Object.<anonymous> (C:\Users\anne\Desktop\GLSL_DISCORD\tests\utils\backupManager.test.js:258:52)
        at Promise.then.completed (C:\Users\anne\Desktop\GLSL_DISCORD\node_modules\jest-circus\build\utils.js:298:28)
        at new Promise (<anonymous>)
        at callAsyncCircusFn (C:\Users\anne\Desktop\GLSL_DISCORD\node_modules\jest-circus\build\utils.js:231:10)
        at _callCircusTest (C:\Users\anne\Desktop\GLSL_DISCORD\node_modules\jest-circus\build\run.js:316:40)
        at _runTest (C:\Users\anne\Desktop\GLSL_DISCORD\node_modules\jest-circus\build\run.js:252:3)
        at _runTestsForDescribeBlock (C:\Users\anne\Desktop\GLSL_DISCORD\node_modules\jest-circus\build\run.js:126:9)
        at _runTestsForDescribeBlock (C:\Users\anne\Desktop\GLSL_DISCORD\node_modules\jest-circus\build\run.js:121:9)
        at _runTestsForDescribeBlock (C:\Users\anne\Desktop\GLSL_DISCORD\node_modules\jest-circus\build\run.js:121:9)
        at run (C:\Users\anne\Desktop\GLSL_DISCORD\node_modules\jest-circus\build\run.js:71:3)
        at runAndTransformResultsToJestFormat (C:\Users\anne\Desktop\GLSL_DISCORD\node_modules\jest-circus\build\legacy-code-todo-rewrite\jestAdapterInit.js:122:21)
        at jestAdapter (C:\Users\anne\Desktop\GLSL_DISCORD\node_modules\jest-circus\build\legacy-code-todo-rewrite\jestAdapter.js:79:19)
        at runTestInternal (C:\Users\anne\Desktop\GLSL_DISCORD\node_modules\jest-runner\build\runTest.js:367:16)
        at runTest (C:\Users\anne\Desktop\GLSL_DISCORD\node_modules\jest-runner\build\runTest.js:444:34)
        at Object.worker (C:\Users\anne\Desktop\GLSL_DISCORD\node_modules\jest-runner\build\testWorker.js:106:12)

      16 |             console.error(`[${this.formatTimestamp()}] ERROR: ${msg}`, error, ...args);
      17 |             if (error.stack) {
    > 18 |                 console.error(`[${this.formatTimestamp()}] STACK:`, error.stack);
         |                         ^
      19 |             }
      20 |         } else {
      21 |             console.error(`[${this.formatTimestamp()}] ERROR: ${msg}`, ...args);

      at Function.error (src/utils/logger.js:18:25)
      at BackupManager.error [as createDatabaseBackup] (src/utils/backupManager.js:75:20)
      at BackupManager.createFullBackup (src/utils/backupManager.js:228:36)
      at Object.<anonymous> (tests/utils/backupManager.test.js:260:13)

  console.warn
    [2025-11-15T16:26:57.092Z] WARN: Database file not found, skipping database backup Fatal error

      24 |
      25 |     static warn(msg, ...args) {
    > 26 |         console.warn(`[${this.formatTimestamp()}] WARN: ${msg}`, ...args);
         |                 ^
      27 |     }
      28 |
      29 |     static debug(msg, ...args) {

      at Function.warn (src/utils/logger.js:26:17)
      at BackupManager.warn [as createFullBackup] (src/utils/backupManager.js:230:24)
      at Object.<anonymous> (tests/utils/backupManager.test.js:260:13)

  console.error
    [2025-11-15T16:26:57.093Z] ERROR: Failed to create backup directory Error: Fatal error
        at Object.<anonymous> (C:\Users\anne\Desktop\GLSL_DISCORD\tests\utils\backupManager.test.js:258:52)
        at Promise.then.completed (C:\Users\anne\Desktop\GLSL_DISCORD\node_modules\jest-circus\build\utils.js:298:28)
        at new Promise (<anonymous>)
        at callAsyncCircusFn (C:\Users\anne\Desktop\GLSL_DISCORD\node_modules\jest-circus\build\utils.js:231:10)
        at _callCircusTest (C:\Users\anne\Desktop\GLSL_DISCORD\node_modules\jest-circus\build\run.js:316:40)
        at _runTest (C:\Users\anne\Desktop\GLSL_DISCORD\node_modules\jest-circus\build\run.js:252:3)
        at _runTestsForDescribeBlock (C:\Users\anne\Desktop\GLSL_DISCORD\node_modules\jest-circus\build\run.js:126:9)
        at _runTestsForDescribeBlock (C:\Users\anne\Desktop\GLSL_DISCORD\node_modules\jest-circus\build\run.js:121:9)
        at _runTestsForDescribeBlock (C:\Users\anne\Desktop\GLSL_DISCORD\node_modules\jest-circus\build\run.js:121:9)
        at run (C:\Users\anne\Desktop\GLSL_DISCORD\node_modules\jest-circus\build\run.js:71:3)
        at runAndTransformResultsToJestFormat (C:\Users\anne\Desktop\GLSL_DISCORD\node_modules\jest-circus\build\legacy-code-todo-rewrite\jestAdapterInit.js:122:21)
        at jestAdapter (C:\Users\anne\Desktop\GLSL_DISCORD\node_modules\jest-circus\build\legacy-code-todo-rewrite\jestAdapter.js:79:19)
        at runTestInternal (C:\Users\anne\Desktop\GLSL_DISCORD\node_modules\jest-runner\build\runTest.js:367:16)
        at runTest (C:\Users\anne\Desktop\GLSL_DISCORD\node_modules\jest-runner\build\runTest.js:444:34)
        at Object.worker (C:\Users\anne\Desktop\GLSL_DISCORD\node_modules\jest-runner\build\testWorker.js:106:12)

      14 |     static error(msg, error = null, ...args) {
      15 |         if (error) {
    > 16 |             console.error(`[${this.formatTimestamp()}] ERROR: ${msg}`, error, ...args);
         |                     ^
      17 |             if (error.stack) {
      18 |                 console.error(`[${this.formatTimestamp()}] STACK:`, error.stack);
      19 |             }

      at Function.error (src/utils/logger.js:16:21)
      at BackupManager.error [as ensureBackupDir] (src/utils/backupManager.js:47:20)
      at BackupManager.exportMetrics (src/utils/backupManager.js:85:13)
      at BackupManager.createFullBackup (src/utils/backupManager.js:234:31)
      at Object.<anonymous> (tests/utils/backupManager.test.js:260:13)

  console.error
    [2025-11-15T16:26:57.095Z] STACK: Error: Fatal error
        at Object.<anonymous> (C:\Users\anne\Desktop\GLSL_DISCORD\tests\utils\backupManager.test.js:258:52)
        at Promise.then.completed (C:\Users\anne\Desktop\GLSL_DISCORD\node_modules\jest-circus\build\utils.js:298:28)
        at new Promise (<anonymous>)
        at callAsyncCircusFn (C:\Users\anne\Desktop\GLSL_DISCORD\node_modules\jest-circus\build\utils.js:231:10)
        at _callCircusTest (C:\Users\anne\Desktop\GLSL_DISCORD\node_modules\jest-circus\build\run.js:316:40)
        at _runTest (C:\Users\anne\Desktop\GLSL_DISCORD\node_modules\jest-circus\build\run.js:252:3)
        at _runTestsForDescribeBlock (C:\Users\anne\Desktop\GLSL_DISCORD\node_modules\jest-circus\build\run.js:126:9)
        at _runTestsForDescribeBlock (C:\Users\anne\Desktop\GLSL_DISCORD\node_modules\jest-circus\build\run.js:121:9)
        at _runTestsForDescribeBlock (C:\Users\anne\Desktop\GLSL_DISCORD\node_modules\jest-circus\build\run.js:121:9)
        at run (C:\Users\anne\Desktop\GLSL_DISCORD\node_modules\jest-circus\build\run.js:71:3)
        at runAndTransformResultsToJestFormat (C:\Users\anne\Desktop\GLSL_DISCORD\node_modules\jest-circus\build\legacy-code-todo-rewrite\jestAdapterInit.js:122:21)
        at jestAdapter (C:\Users\anne\Desktop\GLSL_DISCORD\node_modules\jest-circus\build\legacy-code-todo-rewrite\jestAdapter.js:79:19)
        at runTestInternal (C:\Users\anne\Desktop\GLSL_DISCORD\node_modules\jest-runner\build\runTest.js:367:16)
        at runTest (C:\Users\anne\Desktop\GLSL_DISCORD\node_modules\jest-runner\build\runTest.js:444:34)
        at Object.worker (C:\Users\anne\Desktop\GLSL_DISCORD\node_modules\jest-runner\build\testWorker.js:106:12)

      16 |             console.error(`[${this.formatTimestamp()}] ERROR: ${msg}`, error, ...args);
      17 |             if (error.stack) {
    > 18 |                 console.error(`[${this.formatTimestamp()}] STACK:`, error.stack);
         |                         ^
      19 |             }
      20 |         } else {
      21 |             console.error(`[${this.formatTimestamp()}] ERROR: ${msg}`, ...args);

      at Function.error (src/utils/logger.js:18:25)
      at BackupManager.error [as ensureBackupDir] (src/utils/backupManager.js:47:20)
      at BackupManager.exportMetrics (src/utils/backupManager.js:85:13)
      at BackupManager.createFullBackup (src/utils/backupManager.js:234:31)
      at Object.<anonymous> (tests/utils/backupManager.test.js:260:13)

  console.error
    [2025-11-15T16:26:57.097Z] ERROR: Metrics export failed Error: Fatal error
        at Object.<anonymous> (C:\Users\anne\Desktop\GLSL_DISCORD\tests\utils\backupManager.test.js:258:52)
        at Promise.then.completed (C:\Users\anne\Desktop\GLSL_DISCORD\node_modules\jest-circus\build\utils.js:298:28)
        at new Promise (<anonymous>)
        at callAsyncCircusFn (C:\Users\anne\Desktop\GLSL_DISCORD\node_modules\jest-circus\build\utils.js:231:10)
        at _callCircusTest (C:\Users\anne\Desktop\GLSL_DISCORD\node_modules\jest-circus\build\run.js:316:40)
        at _runTest (C:\Users\anne\Desktop\GLSL_DISCORD\node_modules\jest-circus\build\run.js:252:3)
        at _runTestsForDescribeBlock (C:\Users\anne\Desktop\GLSL_DISCORD\node_modules\jest-circus\build\run.js:126:9)
        at _runTestsForDescribeBlock (C:\Users\anne\Desktop\GLSL_DISCORD\node_modules\jest-circus\build\run.js:121:9)
        at _runTestsForDescribeBlock (C:\Users\anne\Desktop\GLSL_DISCORD\node_modules\jest-circus\build\run.js:121:9)
        at run (C:\Users\anne\Desktop\GLSL_DISCORD\node_modules\jest-circus\build\run.js:71:3)
        at runAndTransformResultsToJestFormat (C:\Users\anne\Desktop\GLSL_DISCORD\node_modules\jest-circus\build\legacy-code-todo-rewrite\jestAdapterInit.js:122:21)
        at jestAdapter (C:\Users\anne\Desktop\GLSL_DISCORD\node_modules\jest-circus\build\legacy-code-todo-rewrite\jestAdapter.js:79:19)
        at runTestInternal (C:\Users\anne\Desktop\GLSL_DISCORD\node_modules\jest-runner\build\runTest.js:367:16)
        at runTest (C:\Users\anne\Desktop\GLSL_DISCORD\node_modules\jest-runner\build\runTest.js:444:34)
        at Object.worker (C:\Users\anne\Desktop\GLSL_DISCORD\node_modules\jest-runner\build\testWorker.js:106:12)

      14 |     static error(msg, error = null, ...args) {
      15 |         if (error) {
    > 16 |             console.error(`[${this.formatTimestamp()}] ERROR: ${msg}`, error, ...args);
         |                     ^
      17 |             if (error.stack) {
      18 |                 console.error(`[${this.formatTimestamp()}] STACK:`, error.stack);
      19 |             }

      at Function.error (src/utils/logger.js:16:21)
      at BackupManager.error [as exportMetrics] (src/utils/backupManager.js:142:20)
      at BackupManager.createFullBackup (src/utils/backupManager.js:234:31)
      at Object.<anonymous> (tests/utils/backupManager.test.js:260:13)

  console.error
    [2025-11-15T16:26:57.098Z] STACK: Error: Fatal error
        at Object.<anonymous> (C:\Users\anne\Desktop\GLSL_DISCORD\tests\utils\backupManager.test.js:258:52)
        at Promise.then.completed (C:\Users\anne\Desktop\GLSL_DISCORD\node_modules\jest-circus\build\utils.js:298:28)
        at new Promise (<anonymous>)
        at callAsyncCircusFn (C:\Users\anne\Desktop\GLSL_DISCORD\node_modules\jest-circus\build\utils.js:231:10)
        at _callCircusTest (C:\Users\anne\Desktop\GLSL_DISCORD\node_modules\jest-circus\build\run.js:316:40)
        at _runTest (C:\Users\anne\Desktop\GLSL_DISCORD\node_modules\jest-circus\build\run.js:252:3)
        at _runTestsForDescribeBlock (C:\Users\anne\Desktop\GLSL_DISCORD\node_modules\jest-circus\build\run.js:126:9)
        at _runTestsForDescribeBlock (C:\Users\anne\Desktop\GLSL_DISCORD\node_modules\jest-circus\build\run.js:121:9)
        at _runTestsForDescribeBlock (C:\Users\anne\Desktop\GLSL_DISCORD\node_modules\jest-circus\build\run.js:121:9)
        at run (C:\Users\anne\Desktop\GLSL_DISCORD\node_modules\jest-circus\build\run.js:71:3)
        at runAndTransformResultsToJestFormat (C:\Users\anne\Desktop\GLSL_DISCORD\node_modules\jest-circus\build\legacy-code-todo-rewrite\jestAdapterInit.js:122:21)
        at jestAdapter (C:\Users\anne\Desktop\GLSL_DISCORD\node_modules\jest-circus\build\legacy-code-todo-rewrite\jestAdapter.js:79:19)
        at runTestInternal (C:\Users\anne\Desktop\GLSL_DISCORD\node_modules\jest-runner\build\runTest.js:367:16)
        at runTest (C:\Users\anne\Desktop\GLSL_DISCORD\node_modules\jest-runner\build\runTest.js:444:34)
        at Object.worker (C:\Users\anne\Desktop\GLSL_DISCORD\node_modules\jest-runner\build\testWorker.js:106:12)

      16 |             console.error(`[${this.formatTimestamp()}] ERROR: ${msg}`, error, ...args);
      17 |             if (error.stack) {
    > 18 |                 console.error(`[${this.formatTimestamp()}] STACK:`, error.stack);
         |                         ^
      19 |             }
      20 |         } else {
      21 |             console.error(`[${this.formatTimestamp()}] ERROR: ${msg}`, ...args);

      at Function.error (src/utils/logger.js:18:25)
      at BackupManager.error [as exportMetrics] (src/utils/backupManager.js:142:20)
      at BackupManager.createFullBackup (src/utils/backupManager.js:234:31)
      at Object.<anonymous> (tests/utils/backupManager.test.js:260:13)

  console.error
    [2025-11-15T16:26:57.098Z] ERROR: Full backup failed Error: Fatal error
        at Object.<anonymous> (C:\Users\anne\Desktop\GLSL_DISCORD\tests\utils\backupManager.test.js:258:52)
        at Promise.then.completed (C:\Users\anne\Desktop\GLSL_DISCORD\node_modules\jest-circus\build\utils.js:298:28)
        at new Promise (<anonymous>)
        at callAsyncCircusFn (C:\Users\anne\Desktop\GLSL_DISCORD\node_modules\jest-circus\build\utils.js:231:10)
        at _callCircusTest (C:\Users\anne\Desktop\GLSL_DISCORD\node_modules\jest-circus\build\run.js:316:40)
        at _runTest (C:\Users\anne\Desktop\GLSL_DISCORD\node_modules\jest-circus\build\run.js:252:3)
        at _runTestsForDescribeBlock (C:\Users\anne\Desktop\GLSL_DISCORD\node_modules\jest-circus\build\run.js:126:9)
        at _runTestsForDescribeBlock (C:\Users\anne\Desktop\GLSL_DISCORD\node_modules\jest-circus\build\run.js:121:9)
        at _runTestsForDescribeBlock (C:\Users\anne\Desktop\GLSL_DISCORD\node_modules\jest-circus\build\run.js:121:9)
        at run (C:\Users\anne\Desktop\GLSL_DISCORD\node_modules\jest-circus\build\run.js:71:3)
        at runAndTransformResultsToJestFormat (C:\Users\anne\Desktop\GLSL_DISCORD\node_modules\jest-circus\build\legacy-code-todo-rewrite\jestAdapterInit.js:122:21)
        at jestAdapter (C:\Users\anne\Desktop\GLSL_DISCORD\node_modules\jest-circus\build\legacy-code-todo-rewrite\jestAdapter.js:79:19)
        at runTestInternal (C:\Users\anne\Desktop\GLSL_DISCORD\node_modules\jest-runner\build\runTest.js:367:16)
        at runTest (C:\Users\anne\Desktop\GLSL_DISCORD\node_modules\jest-runner\build\runTest.js:444:34)
        at Object.worker (C:\Users\anne\Desktop\GLSL_DISCORD\node_modules\jest-runner\build\testWorker.js:106:12)

      14 |     static error(msg, error = null, ...args) {
      15 |         if (error) {
    > 16 |             console.error(`[${this.formatTimestamp()}] ERROR: ${msg}`, error, ...args);
         |                     ^
      17 |             if (error.stack) {
      18 |                 console.error(`[${this.formatTimestamp()}] STACK:`, error.stack);
      19 |             }

      at Function.error (src/utils/logger.js:16:21)
      at BackupManager.error [as createFullBackup] (src/utils/backupManager.js:243:20)
      at Object.<anonymous> (tests/utils/backupManager.test.js:260:13)

  console.error
    [2025-11-15T16:26:57.100Z] STACK: Error: Fatal error
        at Object.<anonymous> (C:\Users\anne\Desktop\GLSL_DISCORD\tests\utils\backupManager.test.js:258:52)
        at Promise.then.completed (C:\Users\anne\Desktop\GLSL_DISCORD\node_modules\jest-circus\build\utils.js:298:28)
        at new Promise (<anonymous>)
        at callAsyncCircusFn (C:\Users\anne\Desktop\GLSL_DISCORD\node_modules\jest-circus\build\utils.js:231:10)
        at _callCircusTest (C:\Users\anne\Desktop\GLSL_DISCORD\node_modules\jest-circus\build\run.js:316:40)
        at _runTest (C:\Users\anne\Desktop\GLSL_DISCORD\node_modules\jest-circus\build\run.js:252:3)
        at _runTestsForDescribeBlock (C:\Users\anne\Desktop\GLSL_DISCORD\node_modules\jest-circus\build\run.js:126:9)
        at _runTestsForDescribeBlock (C:\Users\anne\Desktop\GLSL_DISCORD\node_modules\jest-circus\build\run.js:121:9)
        at _runTestsForDescribeBlock (C:\Users\anne\Desktop\GLSL_DISCORD\node_modules\jest-circus\build\run.js:121:9)
        at run (C:\Users\anne\Desktop\GLSL_DISCORD\node_modules\jest-circus\build\run.js:71:3)
        at runAndTransformResultsToJestFormat (C:\Users\anne\Desktop\GLSL_DISCORD\node_modules\jest-circus\build\legacy-code-todo-rewrite\jestAdapterInit.js:122:21)
        at jestAdapter (C:\Users\anne\Desktop\GLSL_DISCORD\node_modules\jest-circus\build\legacy-code-todo-rewrite\jestAdapter.js:79:19)
        at runTestInternal (C:\Users\anne\Desktop\GLSL_DISCORD\node_modules\jest-runner\build\runTest.js:367:16)
        at runTest (C:\Users\anne\Desktop\GLSL_DISCORD\node_modules\jest-runner\build\runTest.js:444:34)
        at Object.worker (C:\Users\anne\Desktop\GLSL_DISCORD\node_modules\jest-runner\build\testWorker.js:106:12)

      16 |             console.error(`[${this.formatTimestamp()}] ERROR: ${msg}`, error, ...args);
      17 |             if (error.stack) {
    > 18 |                 console.error(`[${this.formatTimestamp()}] STACK:`, error.stack);
         |                         ^
      19 |             }
      20 |         } else {
      21 |             console.error(`[${this.formatTimestamp()}] ERROR: ${msg}`, ...args);

      at Function.error (src/utils/logger.js:18:25)
      at BackupManager.error [as createFullBackup] (src/utils/backupManager.js:243:20)
      at Object.<anonymous> (tests/utils/backupManager.test.js:260:13)

  console.error
    [2025-11-15T16:26:57.109Z] ERROR: S3 upload failed Error: S3 error
        at Object.<anonymous> (C:\Users\anne\Desktop\GLSL_DISCORD\tests\utils\backupManager.test.js:279:51)
        at Promise.then.completed (C:\Users\anne\Desktop\GLSL_DISCORD\node_modules\jest-circus\build\utils.js:298:28)
        at new Promise (<anonymous>)
        at callAsyncCircusFn (C:\Users\anne\Desktop\GLSL_DISCORD\node_modules\jest-circus\build\utils.js:231:10)
        at _callCircusTest (C:\Users\anne\Desktop\GLSL_DISCORD\node_modules\jest-circus\build\run.js:316:40)
        at _runTest (C:\Users\anne\Desktop\GLSL_DISCORD\node_modules\jest-circus\build\run.js:252:3)
        at _runTestsForDescribeBlock (C:\Users\anne\Desktop\GLSL_DISCORD\node_modules\jest-circus\build\run.js:126:9)
        at _runTestsForDescribeBlock (C:\Users\anne\Desktop\GLSL_DISCORD\node_modules\jest-circus\build\run.js:121:9)
        at _runTestsForDescribeBlock (C:\Users\anne\Desktop\GLSL_DISCORD\node_modules\jest-circus\build\run.js:121:9)
        at run (C:\Users\anne\Desktop\GLSL_DISCORD\node_modules\jest-circus\build\run.js:71:3)
        at runAndTransformResultsToJestFormat (C:\Users\anne\Desktop\GLSL_DISCORD\node_modules\jest-circus\build\legacy-code-todo-rewrite\jestAdapterInit.js:122:21)
        at jestAdapter (C:\Users\anne\Desktop\GLSL_DISCORD\node_modules\jest-circus\build\legacy-code-todo-rewrite\jestAdapter.js:79:19)
        at runTestInternal (C:\Users\anne\Desktop\GLSL_DISCORD\node_modules\jest-runner\build\runTest.js:367:16)
        at runTest (C:\Users\anne\Desktop\GLSL_DISCORD\node_modules\jest-runner\build\runTest.js:444:34)
        at Object.worker (C:\Users\anne\Desktop\GLSL_DISCORD\node_modules\jest-runner\build\testWorker.js:106:12)

      14 |     static error(msg, error = null, ...args) {
      15 |         if (error) {
    > 16 |             console.error(`[${this.formatTimestamp()}] ERROR: ${msg}`, error, ...args);
         |                     ^
      17 |             if (error.stack) {
      18 |                 console.error(`[${this.formatTimestamp()}] STACK:`, error.stack);
      19 |             }

      at Function.error (src/utils/logger.js:16:21)
      at BackupManager.error [as uploadToS3] (src/utils/backupManager.js:166:20)
      at Object.<anonymous> (tests/utils/backupManager.test.js:288:13)

  console.error
    [2025-11-15T16:26:57.110Z] STACK: Error: S3 error
        at Object.<anonymous> (C:\Users\anne\Desktop\GLSL_DISCORD\tests\utils\backupManager.test.js:279:51)
        at Promise.then.completed (C:\Users\anne\Desktop\GLSL_DISCORD\node_modules\jest-circus\build\utils.js:298:28)
        at new Promise (<anonymous>)
        at callAsyncCircusFn (C:\Users\anne\Desktop\GLSL_DISCORD\node_modules\jest-circus\build\utils.js:231:10)
        at _callCircusTest (C:\Users\anne\Desktop\GLSL_DISCORD\node_modules\jest-circus\build\run.js:316:40)
        at _runTest (C:\Users\anne\Desktop\GLSL_DISCORD\node_modules\jest-circus\build\run.js:252:3)
        at _runTestsForDescribeBlock (C:\Users\anne\Desktop\GLSL_DISCORD\node_modules\jest-circus\build\run.js:126:9)
        at _runTestsForDescribeBlock (C:\Users\anne\Desktop\GLSL_DISCORD\node_modules\jest-circus\build\run.js:121:9)
        at _runTestsForDescribeBlock (C:\Users\anne\Desktop\GLSL_DISCORD\node_modules\jest-circus\build\run.js:121:9)
        at run (C:\Users\anne\Desktop\GLSL_DISCORD\node_modules\jest-circus\build\run.js:71:3)
        at runAndTransformResultsToJestFormat (C:\Users\anne\Desktop\GLSL_DISCORD\node_modules\jest-circus\build\legacy-code-todo-rewrite\jestAdapterInit.js:122:21)
        at jestAdapter (C:\Users\anne\Desktop\GLSL_DISCORD\node_modules\jest-circus\build\legacy-code-todo-rewrite\jestAdapter.js:79:19)
        at runTestInternal (C:\Users\anne\Desktop\GLSL_DISCORD\node_modules\jest-runner\build\runTest.js:367:16)
        at runTest (C:\Users\anne\Desktop\GLSL_DISCORD\node_modules\jest-runner\build\runTest.js:444:34)
        at Object.worker (C:\Users\anne\Desktop\GLSL_DISCORD\node_modules\jest-runner\build\testWorker.js:106:12)

      16 |             console.error(`[${this.formatTimestamp()}] ERROR: ${msg}`, error, ...args);
      17 |             if (error.stack) {
    > 18 |                 console.error(`[${this.formatTimestamp()}] STACK:`, error.stack);
         |                         ^
      19 |             }
      20 |         } else {
      21 |             console.error(`[${this.formatTimestamp()}] ERROR: ${msg}`, ...args);

      at Function.error (src/utils/logger.js:18:25)
      at BackupManager.error [as uploadToS3] (src/utils/backupManager.js:166:20)
      at Object.<anonymous> (tests/utils/backupManager.test.js:288:13)

  console.warn
    [2025-11-15T16:26:57.081Z] WARN: [test-breaker] Circuit breaker opened after 3 failures. Will retry after 2025-11-15T16:26:58.080Z

      24 |
      25 |     static warn(msg, ...args) {
    > 26 |         console.warn(`[${this.formatTimestamp()}] WARN: ${msg}`, ...args);
         |                 ^
      27 |     }
      28 |
      29 |     static debug(msg, ...args) {

      at Function.warn (src/utils/logger.js:26:17)
      at CircuitBreaker.warn [as onFailure] (src/utils/circuitBreaker.js:74:20)
      at CircuitBreaker.onFailure [as execute] (src/utils/circuitBreaker.js:43:18)
      at Object.<anonymous> (tests/utils/circuitBreaker.test.js:31:21)

PASS tests/utils/embedBuilder.test.js
  CustomEmbedBuilder
    success
      ÔêÜ devrait cr├®er un embed de succ├¿s (11 ms)
      ÔêÜ devrait cr├®er un embed de succ├¿s avec des fields (1 ms)
      ÔêÜ devrait cr├®er un embed de succ├¿s sans fields
    error
      ÔêÜ devrait cr├®er un embed d'erreur (1 ms)
    info
      ÔêÜ devrait cr├®er un embed d'information
      ÔêÜ devrait cr├®er un embed d'information avec des fields (1 ms)
    warning
      ÔêÜ devrait cr├®er un embed d'avertissement
    shaderCompiled
      ÔêÜ devrait cr├®er un embed pour shader compil├® avec toutes les donn├®es (2 ms)
      ÔêÜ devrait cr├®er un embed avec donn├®es minimales
      ÔêÜ devrait inclure le cache si pr├®sent (1 ms)
    progress
      ÔêÜ devrait cr├®er un embed de progression
    createProgressBar
      ÔêÜ devrait cr├®er une barre de progression
      ÔêÜ devrait cr├®er une barre de progression ├á 0% (3 ms)
      ÔêÜ devrait cr├®er une barre de progression ├á 100%
    stats
      ÔêÜ devrait cr├®er un embed de statistiques (1 ms)
      ÔêÜ devrait cr├®er un embed avec statistiques partielles (1 ms)

  console.log
    [2025-11-15T16:26:57.141Z] INFO: [test-breaker] Circuit breaker entering HALF_OPEN state

      at Function.log [as info] (src/utils/logger.js:11:17)

  console.log
    [2025-11-15T16:26:57.144Z] INFO: [test-breaker] Circuit breaker closed after successful attempt

      at Function.log [as info] (src/utils/logger.js:11:17)

  console.log
    [2025-11-15T16:26:57.146Z] INFO: [test-breaker] Circuit breaker closed after successful attempt

      at Function.log [as info] (src/utils/logger.js:11:17)

  console.warn
    [2025-11-15T16:26:57.149Z] WARN: [test-breaker] Circuit breaker opened after 3 failures. Will retry after 2025-11-15T16:26:58.149Z

      24 |
      25 |     static warn(msg, ...args) {
    > 26 |         console.warn(`[${this.formatTimestamp()}] WARN: ${msg}`, ...args);
         |                 ^
      27 |     }
      28 |
      29 |     static debug(msg, ...args) {

      at Function.warn (src/utils/logger.js:26:17)
      at CircuitBreaker.warn [as onFailure] (src/utils/circuitBreaker.js:74:20)
      at Object.onFailure (tests/utils/circuitBreaker.test.js:96:28)

  console.warn
    [2025-11-15T16:26:57.154Z] WARN: [test-breaker] Circuit breaker opened after 3 failures. Will retry after 2025-11-15T16:26:58.154Z

      24 |
      25 |     static warn(msg, ...args) {
    > 26 |         console.warn(`[${this.formatTimestamp()}] WARN: ${msg}`, ...args);
         |                 ^
      27 |     }
      28 |
      29 |     static debug(msg, ...args) {

      at Function.warn (src/utils/logger.js:26:17)
      at CircuitBreaker.warn [as onFailure] (src/utils/circuitBreaker.js:74:20)
      at Object.onFailure (tests/utils/circuitBreaker.test.js:104:28)

PASS tests/utils/progressTracker.test.js
  ProgressTracker
    startTracking
      ÔêÜ devrait d├®marrer le suivi d'un job (1 ms)
      ÔêÜ devrait initialiser avec les m├®tadonn├®es
      ÔêÜ devrait d├®finir startTime (1 ms)
    updateProgress
      ÔêÜ devrait mettre ├á jour la progression
      ÔêÜ devrait limiter la progression entre 0 et 100
      ÔêÜ devrait pr├®server le step pr├®c├®dent si non fourni
      ÔêÜ ne devrait rien faire si le job n'existe pas
      ÔêÜ devrait mettre ├á jour lastUpdate
    complete
      ÔêÜ devrait marquer un job comme termin├® (1 ms)
      ÔêÜ devrait calculer la dur├®e (11 ms)
      ÔêÜ devrait d├®finir endTime
      ÔêÜ ne devrait rien faire si le job n'existe pas (1 ms)
    fail
      ÔêÜ devrait marquer un job comme ├®chou├®
      ÔêÜ devrait g├®rer les erreurs sans message
      ÔêÜ devrait calculer la dur├®e (14 ms)
      ÔêÜ ne devrait rien faire si le job n'existe pas
    getProgress
      ÔêÜ devrait retourner la progression d'un job
      ÔêÜ devrait retourner null pour un job inexistant
    remove
      ÔêÜ devrait supprimer le suivi d'un job
      ÔêÜ ne devrait rien faire si le job n'existe pas
    cleanOldJobs
      ÔêÜ devrait nettoyer les anciens jobs (1 ms)
      ÔêÜ ne devrait pas nettoyer les jobs r├®cents
      ÔêÜ ne devrait pas nettoyer les jobs sans endTime
    getActiveJobs
      ÔêÜ devrait retourner les jobs actifs
      ÔêÜ devrait inclure les jobs en processing (1 ms)
      ÔêÜ devrait retourner un tableau vide si aucun job actif
    getProgressTracker singleton
      ÔêÜ devrait retourner la m├¬me instance

  console.log
    [2025-11-15T16:26:57.158Z] INFO: [test-breaker] Circuit breaker manually reset

      at Function.log [as info] (src/utils/logger.js:11:17)

  console.log
    [2025-11-15T16:26:57.158Z] INFO: ­ƒöä Auto backups scheduled: 0 3 * * *

      at Function.log [as info] (src/utils/logger.js:11:17)

  console.log
    [2025-11-15T16:26:57.160Z] INFO: ­ƒöä Auto cleanup scheduled: weekly on Sunday at 4am

      at Function.log [as info] (src/utils/logger.js:11:17)

PASS tests/utils/circuitBreaker.test.js
  CircuitBreaker
    execute
      ÔêÜ devrait ex├®cuter une fonction avec succ├¿s en ├®tat CLOSED (3 ms)
      ÔêÜ devrait passer en OPEN apr├¿s plusieurs ├®checs (48 ms)
      ÔêÜ devrait rejeter imm├®diatement en ├®tat OPEN (13 ms)
      ÔêÜ devrait passer en HALF_OPEN apr├¿s le timeout (4 ms)
      ÔêÜ devrait passer les arguments ├á la fonction
    onSuccess
      ÔêÜ devrait r├®initialiser les ├®checs (1 ms)
      ÔêÜ devrait fermer le circuit en HALF_OPEN (2 ms)
    onFailure
      ÔêÜ devrait incr├®menter les ├®checs
      ÔêÜ devrait ouvrir le circuit apr├¿s le seuil (6 ms)
      ÔêÜ devrait d├®finir nextAttempt lors de l'ouverture (2 ms)
    getState
      ÔêÜ devrait retourner l'├®tat actuel (1 ms)
      ÔêÜ devrait inclure nextAttempt si OPEN
      ÔêÜ devrait retourner null pour nextAttempt si pas OPEN (1 ms)
    reset
      ÔêÜ devrait r├®initialiser le circuit breaker (1 ms)
    Configuration par d├®faut
      ÔêÜ devrait utiliser les valeurs par d├®faut (1 ms)

PASS tests/utils/rateLimiter.test.js
  RateLimiter
    checkLimit
      ÔêÜ devrait autoriser une requ├¬te valide (2 ms)
      ÔêÜ devrait bloquer si limite utilisateur d├®pass├®e (1 ms)
      ÔêÜ devrait bloquer si limite globale d├®pass├®e
      ÔêÜ devrait r├®initialiser la limite globale si expir├®e (1 ms)
      ÔêÜ devrait r├®initialiser la limite utilisateur si expir├®e
      ÔêÜ devrait incr├®menter le compteur global
    getCommandLimit
      ÔêÜ devrait retourner la limite pour une commande connue
      ÔêÜ devrait retourner la limite par d├®faut pour une commande inconnue
    getStats
      ÔêÜ devrait retourner les statistiques (1 ms)
    resetUser
      ÔêÜ devrait r├®initialiser les limites pour un utilisateur et une commande (1 ms)
      ÔêÜ devrait r├®initialiser toutes les limites d'un utilisateur si commande non sp├®cifi├®e
    startCleanup
      ÔêÜ devrait d├®marrer le nettoyage automatique (2 ms)
    getRateLimiter singleton
      ÔêÜ devrait retourner la m├¬me instance (1 ms)

PASS tests/utils/backupManager.test.js
  BackupManager
    ensureBackupDir
      ÔêÜ devrait cr├®er le r├®pertoire de backup (9 ms)
      ÔêÜ devrait g├®rer les erreurs de cr├®ation de r├®pertoire (17 ms)
    createDatabaseBackup
      ÔêÜ devrait cr├®er un backup de la base de donn├®es (59 ms)
      ÔêÜ devrait g├®rer les erreurs de copie de fichier (5 ms)
    exportMetrics
      ÔêÜ devrait exporter les m├®triques (6 ms)
      ÔêÜ devrait inclure les m├®triques de d├®pendances (6 ms)
      ÔêÜ devrait g├®rer les erreurs de d├®pendances (8 ms)
      ÔêÜ devrait g├®rer les erreurs d'├®criture de fichier (5 ms)
    cleanOldBackups
      ÔêÜ devrait nettoyer les vieux backups (168 ms)
      ÔêÜ devrait g├®rer les erreurs de lecture de r├®pertoire (3 ms)
      ÔêÜ devrait g├®rer les erreurs de stat (8 ms)
    createFullBackup
      ÔêÜ devrait cr├®er un backup complet (11 ms)
      ÔêÜ devrait g├®rer l'absence de fichier DB (11 ms)
      ÔêÜ devrait g├®rer les erreurs g├®n├®rales (17 ms)
    getBackupManager singleton
      ÔêÜ devrait retourner la m├¬me instance (1 ms)
    setupS3
      ÔêÜ devrait configurer S3 si les credentials sont disponibles (429 ms)
      ÔêÜ devrait g├®rer l'absence de credentials S3 (1 ms)
    uploadToS3
      ÔêÜ devrait retourner silencieusement si S3 n'est pas configur├® (2 ms)
      ÔêÜ devrait g├®rer les erreurs S3 sans faire ├®chouer (8 ms)
    startAutoBackups
      ÔêÜ devrait g├®rer l'absence de node-cron (47 ms)

PASS tests/utils/errorHandler.test.js
  ErrorHandler
    handle
      ÔêÜ devrait g├®rer une erreur et r├®pondre ├á l'interaction (10 ms)
      ÔêÜ devrait utiliser followUp si interaction d├®j├á r├®pondue (1 ms)
      ÔêÜ devrait utiliser followUp si interaction d├®j├á diff├®r├®e (1 ms)
      ÔêÜ devrait g├®rer les erreurs lors de l'envoi du message (1 ms)
      ÔêÜ devrait inclure le contexte dans les logs (1 ms)
    getErrorMessage
      ÔêÜ devrait retourner un message pour timeout (1 ms)
      ÔêÜ devrait retourner un message pour syntax error
      ÔêÜ devrait retourner un message pour WebGL error (1 ms)
      ÔêÜ devrait retourner un message pour memory error
      ÔêÜ devrait retourner un message pour not found
      ÔêÜ devrait retourner un message pour rate limit (3 ms)
      ÔêÜ devrait retourner un message g├®n├®rique pour autres erreurs (1 ms)
      ÔêÜ devrait g├®rer les erreurs sans message
    log
      ÔêÜ devrait logger une erreur sans r├®pondre
      ÔêÜ devrait logger sans contexte

PASS tests/commands.test.js
  Commandes Discord
    shader-preset
      ÔêÜ devrait avoir les options requises (845 ms)
    shader
      ÔêÜ devrait avoir les options requises (12 ms)
      ÔêÜ devrait avoir des options de texture optionnelles

  console.log
    ­ƒöì R├®sultat compilation: {
      success: true,
      gifPath: 'C:\\Users\\anne\\Desktop\\GLSL_DISCORD\\tests\\temp-test.gif',
      frameDirectory: null,
      cached: false
    }

      at Object.log [as execute] (commands/shader-preset.js:107:21)

  console.log
    ­ƒöì V├®rification GIF: C:\Users\anne\Desktop\GLSL_DISCORD\tests\temp-test.gif (existe: true)

      at Object.log [as execute] (commands/shader-preset.js:121:25)

  console.log
    ­ƒöì Chemin original: C:\Users\anne\Desktop\GLSL_DISCORD\tests\temp-test.gif

      at Object.log [as execute] (commands/shader-preset.js:122:25)

  console.log
    ­ƒöì CWD: C:\Users\anne\Desktop\GLSL_DISCORD

      at Object.log [as execute] (commands/shader-preset.js:123:25)

  console.log
    Ô£à Attachement du GIF: C:\Users\anne\Desktop\GLSL_DISCORD\tests\temp-test.gif

      at Object.log [as execute] (commands/shader-preset.js:126:29)

  console.warn
    Feature flag "non-existent" not found

      22 |         const flag = this.flags.get(flagName);
      23 |         if (!flag) {
    > 24 |             console.warn(`Feature flag "${flagName}" not found`);
         |                     ^
      25 |             return false;
      26 |         }
      27 |

      at FeatureFlags.warn [as isEnabled] (src/utils/featureFlags.js:24:21)
      at Object.isEnabled (tests/utils/featureFlags.test.js:20:33)

  console.log
    ­ƒôÄ Fichiers ├á attacher: 1 fichier(s)

      at Object.log [as execute] (commands/shader-preset.js:158:21)

  console.log
    Feature flag "test-rollout" updated: enabled=true, rollout=50%

      at FeatureFlags.log [as setFlag] (src/utils/featureFlags.js:65:17)

  console.log
    Feature flag "test-disabled" updated: enabled=false, rollout=100%

      at FeatureFlags.log [as setFlag] (src/utils/featureFlags.js:65:17)

  console.log
    ­ƒöì R├®sultat compilation: {
      success: true,
      gifPath: 'temp-test-rel.gif',
      frameDirectory: null,
      cached: false
    }

      at Object.log [as execute] (commands/shader-preset.js:107:21)

  console.log
    ­ƒöì V├®rification GIF: C:\Users\anne\Desktop\GLSL_DISCORD\temp-test-rel.gif (existe: true)

      at Object.log [as execute] (commands/shader-preset.js:121:25)

  console.log
    Feature flag "new-flag" updated: enabled=true, rollout=100%

      at FeatureFlags.log [as setFlag] (src/utils/featureFlags.js:65:17)

  console.log
    ­ƒöì Chemin original: temp-test-rel.gif

      at Object.log [as execute] (commands/shader-preset.js:122:25)

  console.log
    ­ƒöì CWD: C:\Users\anne\Desktop\GLSL_DISCORD

      at Object.log [as execute] (commands/shader-preset.js:123:25)

  console.log
    Feature flag "webgpu-support" updated: enabled=true, rollout=100%

      at FeatureFlags.log [as setFlag] (src/utils/featureFlags.js:65:17)

  console.log
    Ô£à Attachement du GIF: C:\Users\anne\Desktop\GLSL_DISCORD\temp-test-rel.gif

      at Object.log [as execute] (commands/shader-preset.js:126:29)

  console.log
    Feature flag "webgpu-support" updated: enabled=true, rollout=100%

      at FeatureFlags.log [as setFlag] (src/utils/featureFlags.js:65:17)

  console.log
    ­ƒôÄ Fichiers ├á attacher: 1 fichier(s)

      at Object.log [as execute] (commands/shader-preset.js:158:21)

  console.log
    Feature flag "test-flag" updated: enabled=true, rollout=150%

      at FeatureFlags.log [as setFlag] (src/utils/featureFlags.js:65:17)

  console.log
    Feature flag "test-flag" updated: enabled=true, rollout=-10%

      at FeatureFlags.log [as setFlag] (src/utils/featureFlags.js:65:17)

  console.log
    Feature flag "test-flag" updated: enabled=true, rollout=100%

      at FeatureFlags.log [as setFlag] (src/utils/featureFlags.js:65:17)

  console.log
    ­ƒöì R├®sultat compilation: {
      success: true,
      gifPath: 'C:\\Users\\anne\\Desktop\\GLSL_DISCORD\\cache\\shaders\\test-cached.gif',
      frameDirectory: null,
      cached: true
    }

      at Object.log [as execute] (commands/shader-preset.js:107:21)

  console.log
    ­ƒöì V├®rification GIF: C:\Users\anne\Desktop\GLSL_DISCORD\cache\shaders\test-cached.gif (existe: true)

      at Object.log [as execute] (commands/shader-preset.js:121:25)

  console.log
    ­ƒöì Chemin original: C:\Users\anne\Desktop\GLSL_DISCORD\cache\shaders\test-cached.gif

      at Object.log [as execute] (commands/shader-preset.js:122:25)

  console.log
    ­ƒöì CWD: C:\Users\anne\Desktop\GLSL_DISCORD

      at Object.log [as execute] (commands/shader-preset.js:123:25)

  console.log
    Ô£à Attachement du GIF: C:\Users\anne\Desktop\GLSL_DISCORD\cache\shaders\test-cached.gif

      at Object.log [as execute] (commands/shader-preset.js:126:29)

  console.log
    ­ƒôÄ Fichiers ├á attacher: 1 fichier(s)

      at Object.log [as execute] (commands/shader-preset.js:158:21)

  console.log
    Feature flag "test-flag" updated: enabled=true, rollout=100%

      at FeatureFlags.log [as setFlag] (src/utils/featureFlags.js:65:17)

  console.log
    ­ƒöì R├®sultat compilation: {
      success: true,
      gifPath: null,
      frameDirectory: 'C:\\Users\\anne\\Desktop\\GLSL_DISCORD\\tests\\temp-frames',
      cached: false
    }

      at Object.log [as execute] (commands/shader-preset.js:107:21)

  console.log
    Feature flag "test-flag" updated: enabled=false, rollout=0%

      at FeatureFlags.log [as setFlag] (src/utils/featureFlags.js:65:17)

  console.warn
    ÔÜá´©Å result.gifPath est null/undefined

      137 |                 }
      138 |             } else {
    > 139 |                 console.warn(`ÔÜá´©Å result.gifPath est null/undefined`);
          |                         ^
      140 |             }
      141 |             
      142 |             // Fallback: utiliser la premi├¿re frame si pas de GIF

      at Object.warn [as execute] (commands/shader-preset.js:139:25)
      at Object.<anonymous> (tests/shader-preset-integration.test.js:247:17)

  console.log
    ­ƒô© Tentative fallback avec frameDirectory: C:\Users\anne\Desktop\GLSL_DISCORD\tests\temp-frames

      at Object.log [as execute] (commands/shader-preset.js:144:25)

  console.log
    ­ƒô© Utilisation de la premi├¿re frame comme fallback: C:\Users\anne\Desktop\GLSL_DISCORD\tests\temp-frames\frame_000.png

      at Object.log [as execute] (commands/shader-preset.js:152:33)

  console.log
    ­ƒôÄ Fichiers ├á attacher: 1 fichier(s)

      at Object.log [as execute] (commands/shader-preset.js:158:21)

  console.log
    Feature flag "test-new-feature" updated: enabled=true, rollout=100%

      at FeatureFlags.log [as setFlag] (src/utils/featureFlags.js:65:17)

PASS tests/bot-editreply-formdata.test.js
  bot.js - editReply avec FormData
    ÔêÜ devrait cr├®er un payload JSON valide avec embeds (7 ms)
    ÔêÜ devrait ajouter un contenu par d├®faut si le payload est vide
    ÔêÜ devrait d├®tecter un payload vide avant l'envoi
    ÔêÜ devrait valider que le payload contient au moins content ou embeds (1 ms)
    ÔêÜ devrait utiliser fetch avec le token Discord pour FormData (3 ms)
    ÔêÜ devrait g├®rer les erreurs Discord API correctement (1 ms)
    ÔêÜ devrait valider le payload JSON avant l'envoi avec FormData
    ÔêÜ devrait supprimer un content qui est juste un espace avec des embeds (1 ms)
    ÔêÜ devrait d├®tecter et corriger un payload vide avant l'envoi

  console.log
    ­ƒöì R├®sultat compilation: { success: true, gifPath: null, frameDirectory: null, cached: false }

      at Object.log [as execute] (commands/shader-preset.js:107:21)

  console.warn
    ÔÜá´©Å result.gifPath est null/undefined

      137 |                 }
      138 |             } else {
    > 139 |                 console.warn(`ÔÜá´©Å result.gifPath est null/undefined`);
          |                         ^
      140 |             }
      141 |             
      142 |             // Fallback: utiliser la premi├¿re frame si pas de GIF

      at Object.warn [as execute] (commands/shader-preset.js:139:25)
      at Object.<anonymous> (tests/shader-preset-integration.test.js:284:13)

PASS tests/utils/featureFlags.test.js
  FeatureFlags
    isEnabled
      ÔêÜ devrait retourner true pour un flag activ├® ├á 100% (1 ms)
      ÔêÜ devrait retourner false pour un flag d├®sactiv├®
      ÔêÜ devrait retourner false pour un flag inexistant (3 ms)
      ÔêÜ devrait retourner true pour un rollout ├á 100% avec userId (1 ms)
      ÔêÜ devrait retourner false pour un rollout ├á 0%
      ÔêÜ devrait utiliser le hash userId pour un rollout partiel
      ÔêÜ devrait g├®rer un rollout partiel correctement (2 ms)
      ÔêÜ devrait retourner false si enabled est false m├¬me avec rollout 100 (1 ms)
      ÔêÜ devrait utiliser un pourcentage al├®atoire sans userId
    hashUserId
      ÔêÜ devrait retourner un hash entre 0 et 99
      ÔêÜ devrait retourner le m├¬me hash pour le m├¬me userId
    setFlag
      ÔêÜ devrait cr├®er un nouveau flag (1 ms)
      ÔêÜ devrait mettre ├á jour un flag existant (1 ms)
      ÔêÜ devrait pr├®server la description existante si non fournie (1 ms)
      ÔêÜ devrait limiter le rollout entre 0 et 100 (1 ms)
    getAllFlags
      ÔêÜ devrait retourner tous les flags
    getFlag
      ÔêÜ devrait retourner un flag existant (1 ms)
      ÔêÜ devrait retourner null pour un flag inexistant
    loadFromEnv
      ÔêÜ devrait charger les flags depuis les variables d'environnement (5 ms)
      ÔêÜ devrait g├®rer les flags avec seulement enabled (3 ms)
      ÔêÜ devrait g├®rer les flags d├®sactiv├®s (2 ms)
      ÔêÜ devrait convertir les noms avec underscores et majuscules (2 ms)
    getFeatureFlags singleton
      ÔêÜ devrait retourner la m├¬me instance (1 ms)

  console.log
    ­ƒôÄ Fichiers ├á attacher: 0 fichier(s)

      at Object.log [as execute] (commands/shader-preset.js:158:21)

  console.log
    ­ƒöì R├®sultat compilation: {
      success: true,
      gifPath: './cache/shaders/test.gif',
      frameDirectory: null,
      cached: true
    }

      at Object.log [as execute] (commands/shader-preset.js:107:21)

  console.log
    ­ƒöì V├®rification GIF: C:\Users\anne\Desktop\GLSL_DISCORD\cache\shaders\test.gif (existe: true)

      at Object.log [as execute] (commands/shader-preset.js:121:25)

  console.log
    ­ƒöì Chemin original: ./cache/shaders/test.gif

      at Object.log [as execute] (commands/shader-preset.js:122:25)

  console.log
    ­ƒöì CWD: C:\Users\anne\Desktop\GLSL_DISCORD

      at Object.log [as execute] (commands/shader-preset.js:123:25)

  console.log
    Ô£à Attachement du GIF: C:\Users\anne\Desktop\GLSL_DISCORD\cache\shaders\test.gif

      at Object.log [as execute] (commands/shader-preset.js:126:29)

  console.log
    ­ƒôÄ Fichiers ├á attacher: 1 fichier(s)

      at Object.log [as execute] (commands/shader-preset.js:158:21)

PASS tests/shader-preset-integration.test.js
  shader-preset - Tests d'int├®gration
    Attachement du GIF
      ÔêÜ devrait attacher le GIF quand il existe (chemin absolu) (892 ms)
      ÔêÜ devrait attacher le GIF quand il existe (chemin relatif) (6 ms)
      ÔêÜ devrait attacher le GIF depuis le cache (8 ms)
      ÔêÜ devrait utiliser le fallback (premi├¿re frame) si le GIF n'existe pas (6 ms)
      ÔêÜ ne devrait pas attacher de fichier si ni GIF ni frames ne sont disponibles (3 ms)
      ÔêÜ devrait r├®soudre correctement les chemins relatifs du cache (4 ms)
    Gestion d'erreurs
      ÔêÜ devrait g├®rer les erreurs avec ErrorHandler (1 ms)

  console.error
    Erreur lors de la r├®cup├®ration du shader rainbow: Error: Shader error
        at GLSLDiscordBot.<anonymous> (C:\Users\anne\Desktop\GLSL_DISCORD\tests\bot.test.js:374:23)
        at C:\Users\anne\Desktop\GLSL_DISCORD\node_modules\jest-mock\build\index.js:397:39
        at GLSLDiscordBot.<anonymous> (C:\Users\anne\Desktop\GLSL_DISCORD\node_modules\jest-mock\build\index.js:404:13)
        at GLSLDiscordBot.mockConstructor [as getRainbowShader] (C:\Users\anne\Desktop\GLSL_DISCORD\node_modules\jest-mock\build\index.js:148:19)
        at getRainbowShader (C:\Users\anne\Desktop\GLSL_DISCORD\bot.js:4432:35)
        at GLSLDiscordBot.getter [as getShaderCodeByName] (C:\Users\anne\Desktop\GLSL_DISCORD\bot.js:4549:24)
        at Object.getShaderCodeByName (C:\Users\anne\Desktop\GLSL_DISCORD\tests\bot.test.js:377:32)
        at Promise.then.completed (C:\Users\anne\Desktop\GLSL_DISCORD\node_modules\jest-circus\build\utils.js:298:28)
        at new Promise (<anonymous>)
        at callAsyncCircusFn (C:\Users\anne\Desktop\GLSL_DISCORD\node_modules\jest-circus\build\utils.js:231:10)
        at _callCircusTest (C:\Users\anne\Desktop\GLSL_DISCORD\node_modules\jest-circus\build\run.js:316:40)
        at processTicksAndRejections (node:internal/process/task_queues:95:5)
        at _runTest (C:\Users\anne\Desktop\GLSL_DISCORD\node_modules\jest-circus\build\run.js:252:3)
        at _runTestsForDescribeBlock (C:\Users\anne\Desktop\GLSL_DISCORD\node_modules\jest-circus\build\run.js:126:9)
        at _runTestsForDescribeBlock (C:\Users\anne\Desktop\GLSL_DISCORD\node_modules\jest-circus\build\run.js:121:9)
        at _runTestsForDescribeBlock (C:\Users\anne\Desktop\GLSL_DISCORD\node_modules\jest-circus\build\run.js:121:9)
        at run (C:\Users\anne\Desktop\GLSL_DISCORD\node_modules\jest-circus\build\run.js:71:3)
        at runAndTransformResultsToJestFormat (C:\Users\anne\Desktop\GLSL_DISCORD\node_modules\jest-circus\build\legacy-code-todo-rewrite\jestAdapterInit.js:122:21)
        at jestAdapter (C:\Users\anne\Desktop\GLSL_DISCORD\node_modules\jest-circus\build\legacy-code-todo-rewrite\jestAdapter.js:79:19)
        at runTestInternal (C:\Users\anne\Desktop\GLSL_DISCORD\node_modules\jest-runner\build\runTest.js:367:16)
        at runTest (C:\Users\anne\Desktop\GLSL_DISCORD\node_modules\jest-runner\build\runTest.js:444:34)
        at Object.worker (C:\Users\anne\Desktop\GLSL_DISCORD\node_modules\jest-runner\build\testWorker.js:106:12)

      4549 |                 return getter();
      4550 |             } catch (error) {
    > 4551 |                 console.error(`Erreur lors de la r├®cup├®ration du shader ${name}:`, error);
           |                         ^
      4552 |                 return null;
      4553 |             }
      4554 |         }

      at GLSLDiscordBot.error [as getShaderCodeByName] (bot.js:4551:25)
      at Object.getShaderCodeByName (tests/bot.test.js:377:32)

PASS tests/bot-editreply-empty-content-fix.test.js
  bot.js - Correction content vide avec FormData
    ÔêÜ devrait supprimer un content qui est juste un espace si on a des embeds (2 ms)
    ÔêÜ devrait remplacer un content vide par un contenu par d├®faut si pas d'embeds (1 ms)
    ÔêÜ ne devrait pas modifier un content valide
    ÔêÜ devrait valider que le payload final n'a pas de content vide (1 ms)
    ÔêÜ devrait cr├®er un payload JSON valide sans content vide (1 ms)

PASS tests/bot-editreply-zerowidth-space.test.js
  bot.js - editReply avec Zero-Width Space et FormData
    ÔêÜ devrait utiliser Zero-Width Space (ÔÇï) quand pas de content avec FormData + embeds (808 ms)
    ÔêÜ devrait utiliser Zero-Width Space m├¬me si content est un espace vide (1 ms)
    ÔêÜ devrait utiliser le content r├®el si fourni avec FormData + embeds (3 ms)
    ÔêÜ devrait valider que Zero-Width Space n'est pas trimm├® (1 ms)
    ÔêÜ devrait utiliser Zero-Width Space avec FormData m├¬me sans embeds (3 ms)
    ÔêÜ ne devrait pas utiliser Zero-Width Space si content r├®el est fourni (1 ms)
    ÔêÜ devrait g├®rer correctement les erreurs Discord API avec Zero-Width Space (15 ms)

  console.log
    ­ƒöì Structure AttachmentBuilder: {
      hasAttachment: true,
      hasData: false,
      hasFile: false,
      name: 'animation.gif',
      keys: [ 'attachment', 'name', 'description' ]
    }

      at Object.log (tests/http-interaction-files.test.js:158:21)

PASS tests/utils/shaderValidator.test.js
  ShaderValidator
    validate
      ÔêÜ devrait accepter un shader GLSL valide (2 ms)
      ÔêÜ devrait rejeter un shader sans mainImage (2 ms)
      ÔêÜ devrait d├®tecter les boucles infinies (1 ms)
      ÔêÜ devrait d├®tecter les instructions dangereuses
      ÔêÜ devrait rejeter un code trop long (2 ms)
    sanitize
      ÔêÜ devrait enlever les commentaires (3 ms)
      ÔêÜ devrait normaliser les espaces
    validateAndSanitize
      ÔêÜ devrait valider et nettoyer en une op├®ration (1 ms)

PASS tests/utils/logger.test.js
  Logger
    formatTimestamp
      ÔêÜ devrait formater un timestamp ISO (2 ms)
    info
      ÔêÜ devrait logger un message info (1 ms)
      ÔêÜ devrait logger avec des arguments suppl├®mentaires
    error
      ÔêÜ devrait logger une erreur sans stack (1 ms)
      ÔêÜ devrait logger une erreur avec stack (9 ms)
      ÔêÜ devrait logger une erreur sans objet error
      ÔêÜ devrait logger avec des arguments suppl├®mentaires
    warn
      ÔêÜ devrait logger un avertissement (1 ms)
    debug
      ÔêÜ ne devrait pas logger si DEBUG n'est pas activ├®
      ÔêÜ devrait logger si DEBUG est activ├® (1 ms)
    success
      ÔêÜ devrait logger un message de succ├¿s

PASS tests/http-payload-validation.test.js
  HTTP Interaction - Validation du Payload JSON
    ÔêÜ devrait d├®tecter un payload JSON vide (2 ms)
    ÔêÜ devrait construire un payload valide avec embeds
    ÔêÜ devrait ajouter un contenu par d├®faut si le payload est vide (1 ms)
    ÔêÜ devrait valider que Discord n├®cessite au moins content ou embeds

PASS tests/bot-editreply-formdata-empty-content.test.js
  bot.js - editReply avec FormData et embeds (probl├¿me content vide)
    ÔêÜ devrait envoyer un message avec embeds et Zero-Width Space comme content (826 ms)
    ÔêÜ devrait remplacer un espace vide par Zero-Width Space avec des embeds (2 ms)
    ÔêÜ devrait accepter un payload avec embeds et Zero-Width Space comme content (10 ms)

  console.log
    ­ƒôï Command /help executed

      at Object.log [as execute] (commands/help.js:11:21)

PASS tests/http-interaction-files.test.js
  HTTP Interaction - Envoi de fichiers
    ÔêÜ devrait envoyer un fichier GIF via FormData (13 ms)
    ÔêÜ devrait d├®tecter si AttachmentBuilder n'expose pas le fichier correctement (45 ms)
    ÔêÜ devrait ├®chouer si le fichier ne peut pas ├¬tre lu depuis AttachmentBuilder (10 ms)
    ÔêÜ devrait ajouter un contenu par d├®faut si le payload JSON est vide (4 ms)
    ÔêÜ devrait valider que le payload_json contient au moins content ou embeds (2 ms)

  console.log
    ­ƒôï Command /help executed

      at Object.log [as execute] (commands/help.js:11:21)

PASS tests/commands/help.test.js
  help command
    ÔêÜ devrait avoir la structure de commande correcte (7 ms)
    ÔêÜ devrait ex├®cuter la commande help avec succ├¿s (39 ms)
    ÔêÜ devrait g├®rer les erreurs (3 ms)

PASS tests/utils/jsEscape.test.js
  jsEscape
    escapeJSString
      ÔêÜ devrait ├®chapper une cha├«ne simple (1 ms)
      ÔêÜ devrait ├®chapper les guillemets
      ÔêÜ devrait ├®chapper les apostrophes
      ÔêÜ devrait ├®chapper les retours ├á la ligne (1 ms)
      ÔêÜ devrait convertir les non-strings en strings
      ÔêÜ devrait ├®chapper les caract├¿res sp├®ciaux
    escapeJSStringForTemplate
      ÔêÜ devrait ├®chapper avec guillemets (1 ms)
      ÔêÜ devrait ├®chapper les caract├¿res sp├®ciaux
      ÔêÜ devrait convertir les non-strings
    normalizeAccents
      ÔêÜ devrait normaliser les accents fran├ºais (1 ms)
      ÔêÜ devrait normaliser tous les accents
      ÔêÜ devrait laisser les caract├¿res sans accents inchang├®s
      ÔêÜ devrait convertir les non-strings
    escapeForConsoleLog
      ÔêÜ devrait ├®chapper pour console.log
      ÔêÜ devrait normaliser les accents si demand├® (1 ms)
      ÔêÜ ne devrait pas normaliser les accents par d├®faut
      ÔêÜ devrait ├®chapper les caract├¿res sp├®ciaux

PASS tests/utils/prometheus.test.js
  PrometheusMetrics
    recordCompilation
      ÔêÜ devrait enregistrer une compilation r├®ussie (1 ms)
      ÔêÜ devrait enregistrer une compilation ├®chou├®e (1 ms)
      ÔêÜ devrait enregistrer la dur├®e
      ÔêÜ devrait limiter ├á 100 dur├®es (1 ms)
    updateBrowserPool
      ÔêÜ devrait mettre ├á jour les m├®triques du browser pool
    recordCacheHit/Miss
      ÔêÜ devrait enregistrer un cache hit (1 ms)
      ÔêÜ devrait enregistrer un cache miss
    updateQueueLength
      ÔêÜ devrait mettre ├á jour la longueur de la queue
    recordRateLimitHit
      ÔêÜ devrait enregistrer un rate limit hit (1 ms)
    getAverageDuration
      ÔêÜ devrait retourner 0 si aucune dur├®e
      ÔêÜ devrait calculer la moyenne
    getPrometheusFormat
      ÔêÜ devrait g├®n├®rer le format Prometheus (1 ms)
      ÔêÜ devrait calculer le taux de r├®ussite
    getPrometheusMetrics singleton
      ÔêÜ devrait retourner la m├¬me instance

PASS tests/commands/shader-code.test.js
  shader-code command
    ÔêÜ devrait avoir la structure de commande correcte (6 ms)
    autocomplete
      ÔêÜ devrait retourner des suggestions filtr├®es (2 ms)
      ÔêÜ devrait filtrer par pr├®fixe
      ÔêÜ devrait limiter ├á 25 r├®sultats (1 ms)
    execute
      ÔêÜ devrait afficher le code du shader si trouv├® (1 ms)
      ÔêÜ devrait afficher un message d'erreur si shader non trouv├®
      ÔêÜ devrait diviser le code en plusieurs messages si trop long (1 ms)
      ÔêÜ devrait g├®rer les erreurs (1 ms)

  console.log
    [2025-11-15T16:26:57.316Z] INFO: Registered cleanup function: test

      at Function.log [as info] (src/utils/logger.js:11:17)

  console.log
    [2025-11-15T16:26:57.357Z] INFO: Registered cleanup function: test1

      at Function.log [as info] (src/utils/logger.js:11:17)

  console.log
    [2025-11-15T16:26:57.358Z] INFO: Registered cleanup function: test2

      at Function.log [as info] (src/utils/logger.js:11:17)

  console.log
    [2025-11-15T16:26:57.360Z] INFO: ­ƒº╣ Cleaning up resources...

      at Function.log [as info] (src/utils/logger.js:11:17)

  console.log
    ­ƒöì V├®rification GIF: C:\Users\anne\Desktop\GLSL_DISCORD\test.gif (existe: false)

      at Object.log [as execute] (commands/shader-generate.js:141:25)

  console.log
    [2025-11-15T16:26:57.360Z] INFO: Cleaning up: test1

      at Function.log [as info] (src/utils/logger.js:11:17)

  console.log
    [2025-11-15T16:26:57.361Z] INFO: Ô£à test1 cleaned up

      at Function.log [as info] (src/utils/logger.js:11:17)

  console.log
    [2025-11-15T16:26:57.361Z] INFO: Cleaning up: test2

      at Function.log [as info] (src/utils/logger.js:11:17)

  console.log
    [2025-11-15T16:26:57.362Z] INFO: Ô£à test2 cleaned up

      at Function.log [as info] (src/utils/logger.js:11:17)

  console.warn
    ÔÜá´©Å GIF non trouv├® ├á C:\Users\anne\Desktop\GLSL_DISCORD\test.gif, tentative avec chemin original: ./test.gif

      145 |                     files.push(new AttachmentBuilder(gifPathResolved, { name: 'animation.gif' }));
      146 |                 } else {
    > 147 |                     console.warn(`ÔÜá´©Å GIF non trouv├® ├á ${gifPathResolved}, tentative avec chemin original: ${result.gifPath}`);
          |                             ^
      148 |                     // Essayer avec le chemin original
      149 |                     if (fs.existsSync(result.gifPath)) {
      150 |                         files.push(new AttachmentBuilder(result.gifPath, { name: 'animation.gif' }));

      at Object.warn [as execute] (commands/shader-generate.js:147:29)
      at Object.<anonymous> (tests/commands/shader-generate.test.js:62:9)

  console.log
    [2025-11-15T16:26:57.363Z] INFO: Registered cleanup function: test

      at Function.log [as info] (src/utils/logger.js:11:17)

  console.log
    ­ƒöì V├®rification GIF: C:\Users\anne\Desktop\GLSL_DISCORD\test.gif (existe: false)

      at Object.log [as execute] (commands/shader-generate.js:141:25)

  console.log
    [2025-11-15T16:26:57.366Z] INFO: ­ƒº╣ Cleaning up resources...

      at Function.log [as info] (src/utils/logger.js:11:17)

  console.warn
    ÔÜá´©Å GIF non trouv├® ├á C:\Users\anne\Desktop\GLSL_DISCORD\test.gif, tentative avec chemin original: ./test.gif

      145 |                     files.push(new AttachmentBuilder(gifPathResolved, { name: 'animation.gif' }));
      146 |                 } else {
    > 147 |                     console.warn(`ÔÜá´©Å GIF non trouv├® ├á ${gifPathResolved}, tentative avec chemin original: ${result.gifPath}`);
          |                             ^
      148 |                     // Essayer avec le chemin original
      149 |                     if (fs.existsSync(result.gifPath)) {
      150 |                         files.push(new AttachmentBuilder(result.gifPath, { name: 'animation.gif' }));

      at Object.warn [as execute] (commands/shader-generate.js:147:29)
      at Object.<anonymous> (tests/commands/shader-generate.test.js:115:9)

  console.log
    [2025-11-15T16:26:57.367Z] INFO: Cleaning up: test

      at Function.log [as info] (src/utils/logger.js:11:17)

  console.log
    ­ƒöì V├®rification GIF: C:\Users\anne\Desktop\GLSL_DISCORD\test.gif (existe: true)

      at Object.log [as execute] (commands/shader-generate.js:141:25)

  console.log
    Ô£à Attachement du GIF: C:\Users\anne\Desktop\GLSL_DISCORD\test.gif

      at Object.log [as execute] (commands/shader-generate.js:144:29)

  console.log
    ­ƒöì V├®rification GIF: C:\Users\anne\Desktop\GLSL_DISCORD\test.gif (existe: false)

      at Object.log [as execute] (commands/shader-generate.js:141:25)

  console.warn
    ÔÜá´©Å GIF non trouv├® ├á C:\Users\anne\Desktop\GLSL_DISCORD\test.gif, tentative avec chemin original: ./test.gif

      145 |                     files.push(new AttachmentBuilder(gifPathResolved, { name: 'animation.gif' }));
      146 |                 } else {
    > 147 |                     console.warn(`ÔÜá´©Å GIF non trouv├® ├á ${gifPathResolved}, tentative avec chemin original: ${result.gifPath}`);
          |                             ^
      148 |                     // Essayer avec le chemin original
      149 |                     if (fs.existsSync(result.gifPath)) {
      150 |                         files.push(new AttachmentBuilder(result.gifPath, { name: 'animation.gif' }));

      at Object.warn [as execute] (commands/shader-generate.js:147:29)
      at Object.<anonymous> (tests/commands/shader-generate.test.js:208:9)

  console.log
    ÔÜá´©Å GIF not found, using fallback frame

      at Object.log [as execute] (commands/shader-generate.js:157:25)

  console.log
    ­ƒô© Utilisation de la premi├¿re frame comme fallback: frames\frame_000.png

      at Object.log [as execute] (commands/shader-generate.js:165:33)

  console.log
    ­ƒöì V├®rification GIF: C:\Users\anne\Desktop\GLSL_DISCORD\test.gif (existe: false)

      at Object.log [as execute] (commands/shader-generate.js:141:25)

  console.warn
    ÔÜá´©Å GIF non trouv├® ├á C:\Users\anne\Desktop\GLSL_DISCORD\test.gif, tentative avec chemin original: ./test.gif

      145 |                     files.push(new AttachmentBuilder(gifPathResolved, { name: 'animation.gif' }));
      146 |                 } else {
    > 147 |                     console.warn(`ÔÜá´©Å GIF non trouv├® ├á ${gifPathResolved}, tentative avec chemin original: ${result.gifPath}`);
          |                             ^
      148 |                     // Essayer avec le chemin original
      149 |                     if (fs.existsSync(result.gifPath)) {
      150 |                         files.push(new AttachmentBuilder(result.gifPath, { name: 'animation.gif' }));

      at Object.warn [as execute] (commands/shader-generate.js:147:29)
      at Object.<anonymous> (tests/commands/shader-generate.test.js:320:13)

  console.log
    ­ƒöì V├®rification GIF: C:\Users\anne\Desktop\GLSL_DISCORD\test.gif (existe: false)

      at Object.log [as execute] (commands/shader-generate.js:141:25)

  console.warn
    ÔÜá´©Å GIF non trouv├® ├á C:\Users\anne\Desktop\GLSL_DISCORD\test.gif, tentative avec chemin original: ./test.gif

      145 |                     files.push(new AttachmentBuilder(gifPathResolved, { name: 'animation.gif' }));
      146 |                 } else {
    > 147 |                     console.warn(`ÔÜá´©Å GIF non trouv├® ├á ${gifPathResolved}, tentative avec chemin original: ${result.gifPath}`);
          |                             ^
      148 |                     // Essayer avec le chemin original
      149 |                     if (fs.existsSync(result.gifPath)) {
      150 |                         files.push(new AttachmentBuilder(result.gifPath, { name: 'animation.gif' }));

      at Object.warn [as execute] (commands/shader-generate.js:147:29)
      at Object.<anonymous> (tests/commands/shader-generate.test.js:320:13)

  console.error
    [2025-11-15T16:26:57.368Z] ERROR: Error cleaning up test Error: Cleanup error
        at Object.<anonymous> (C:\Users\anne\Desktop\GLSL_DISCORD\tests\utils\gracefulShutdown.test.js:90:57)
        at Promise.then.completed (C:\Users\anne\Desktop\GLSL_DISCORD\node_modules\jest-circus\build\utils.js:298:28)
        at new Promise (<anonymous>)
        at callAsyncCircusFn (C:\Users\anne\Desktop\GLSL_DISCORD\node_modules\jest-circus\build\utils.js:231:10)
        at _callCircusTest (C:\Users\anne\Desktop\GLSL_DISCORD\node_modules\jest-circus\build\run.js:316:40)
        at processTicksAndRejections (node:internal/process/task_queues:95:5)
        at _runTest (C:\Users\anne\Desktop\GLSL_DISCORD\node_modules\jest-circus\build\run.js:252:3)
        at _runTestsForDescribeBlock (C:\Users\anne\Desktop\GLSL_DISCORD\node_modules\jest-circus\build\run.js:126:9)
        at _runTestsForDescribeBlock (C:\Users\anne\Desktop\GLSL_DISCORD\node_modules\jest-circus\build\run.js:121:9)
        at _runTestsForDescribeBlock (C:\Users\anne\Desktop\GLSL_DISCORD\node_modules\jest-circus\build\run.js:121:9)
        at run (C:\Users\anne\Desktop\GLSL_DISCORD\node_modules\jest-circus\build\run.js:71:3)
        at runAndTransformResultsToJestFormat (C:\Users\anne\Desktop\GLSL_DISCORD\node_modules\jest-circus\build\legacy-code-todo-rewrite\jestAdapterInit.js:122:21)
        at jestAdapter (C:\Users\anne\Desktop\GLSL_DISCORD\node_modules\jest-circus\build\legacy-code-todo-rewrite\jestAdapter.js:79:19)
        at runTestInternal (C:\Users\anne\Desktop\GLSL_DISCORD\node_modules\jest-runner\build\runTest.js:367:16)
        at runTest (C:\Users\anne\Desktop\GLSL_DISCORD\node_modules\jest-runner\build\runTest.js:444:34)
        at Object.worker (C:\Users\anne\Desktop\GLSL_DISCORD\node_modules\jest-runner\build\testWorker.js:106:12)

      14 |     static error(msg, error = null, ...args) {
      15 |         if (error) {
    > 16 |             console.error(`[${this.formatTimestamp()}] ERROR: ${msg}`, error, ...args);
         |                     ^
      17 |             if (error.stack) {
      18 |                 console.error(`[${this.formatTimestamp()}] STACK:`, error.stack);
      19 |             }

      at Function.error (src/utils/logger.js:16:21)
      at GracefulShutdown.error [as cleanup] (src/utils/gracefulShutdown.js:99:24)
      at Object.<anonymous> (tests/utils/gracefulShutdown.test.js:93:13)

  console.log
    ­ƒöì V├®rification GIF: C:\Users\anne\Desktop\GLSL_DISCORD\test.gif (existe: false)

      at Object.log [as execute] (commands/shader-generate.js:141:25)

  console.error
    [2025-11-15T16:26:57.378Z] STACK: Error: Cleanup error
        at Object.<anonymous> (C:\Users\anne\Desktop\GLSL_DISCORD\tests\utils\gracefulShutdown.test.js:90:57)
        at Promise.then.completed (C:\Users\anne\Desktop\GLSL_DISCORD\node_modules\jest-circus\build\utils.js:298:28)
        at new Promise (<anonymous>)
        at callAsyncCircusFn (C:\Users\anne\Desktop\GLSL_DISCORD\node_modules\jest-circus\build\utils.js:231:10)
        at _callCircusTest (C:\Users\anne\Desktop\GLSL_DISCORD\node_modules\jest-circus\build\run.js:316:40)
        at processTicksAndRejections (node:internal/process/task_queues:95:5)
        at _runTest (C:\Users\anne\Desktop\GLSL_DISCORD\node_modules\jest-circus\build\run.js:252:3)
        at _runTestsForDescribeBlock (C:\Users\anne\Desktop\GLSL_DISCORD\node_modules\jest-circus\build\run.js:126:9)
        at _runTestsForDescribeBlock (C:\Users\anne\Desktop\GLSL_DISCORD\node_modules\jest-circus\build\run.js:121:9)
        at _runTestsForDescribeBlock (C:\Users\anne\Desktop\GLSL_DISCORD\node_modules\jest-circus\build\run.js:121:9)
        at run (C:\Users\anne\Desktop\GLSL_DISCORD\node_modules\jest-circus\build\run.js:71:3)
        at runAndTransformResultsToJestFormat (C:\Users\anne\Desktop\GLSL_DISCORD\node_modules\jest-circus\build\legacy-code-todo-rewrite\jestAdapterInit.js:122:21)
        at jestAdapter (C:\Users\anne\Desktop\GLSL_DISCORD\node_modules\jest-circus\build\legacy-code-todo-rewrite\jestAdapter.js:79:19)
        at runTestInternal (C:\Users\anne\Desktop\GLSL_DISCORD\node_modules\jest-runner\build\runTest.js:367:16)
        at runTest (C:\Users\anne\Desktop\GLSL_DISCORD\node_modules\jest-runner\build\runTest.js:444:34)
        at Object.worker (C:\Users\anne\Desktop\GLSL_DISCORD\node_modules\jest-runner\build\testWorker.js:106:12)

      16 |             console.error(`[${this.formatTimestamp()}] ERROR: ${msg}`, error, ...args);
      17 |             if (error.stack) {
    > 18 |                 console.error(`[${this.formatTimestamp()}] STACK:`, error.stack);
         |                         ^
      19 |             }
      20 |         } else {
      21 |             console.error(`[${this.formatTimestamp()}] ERROR: ${msg}`, ...args);

      at Function.error (src/utils/logger.js:18:25)
      at GracefulShutdown.error [as cleanup] (src/utils/gracefulShutdown.js:99:24)
      at Object.<anonymous> (tests/utils/gracefulShutdown.test.js:93:13)

  console.warn
    ÔÜá´©Å GIF non trouv├® ├á C:\Users\anne\Desktop\GLSL_DISCORD\test.gif, tentative avec chemin original: ./test.gif

      145 |                     files.push(new AttachmentBuilder(gifPathResolved, { name: 'animation.gif' }));
      146 |                 } else {
    > 147 |                     console.warn(`ÔÜá´©Å GIF non trouv├® ├á ${gifPathResolved}, tentative avec chemin original: ${result.gifPath}`);
          |                             ^
      148 |                     // Essayer avec le chemin original
      149 |                     if (fs.existsSync(result.gifPath)) {
      150 |                         files.push(new AttachmentBuilder(result.gifPath, { name: 'animation.gif' }));

      at Object.warn [as execute] (commands/shader-generate.js:147:29)
      at Object.<anonymous> (tests/commands/shader-generate.test.js:320:13)

  console.warn
    [2025-11-15T16:26:57.381Z] WARN: Shutdown already in progress, forcing exit

      24 |
      25 |     static warn(msg, ...args) {
    > 26 |         console.warn(`[${this.formatTimestamp()}] WARN: ${msg}`, ...args);
         |                 ^
      27 |     }
      28 |
      29 |     static debug(msg, ...args) {

      at Function.warn (src/utils/logger.js:26:17)
      at GracefulShutdown.warn [as shutdown] (src/utils/gracefulShutdown.js:49:20)
      at Object.shutdown (tests/utils/gracefulShutdown.test.js:111:28)

  console.log
    ­ƒöì V├®rification GIF: C:\Users\anne\Desktop\GLSL_DISCORD\test.gif (existe: false)

      at Object.log [as execute] (commands/shader-generate.js:141:25)

  console.log
    [2025-11-15T16:26:57.383Z] INFO: 
    ­ƒøæ Received SIGTERM, starting graceful shutdown...

      at Function.log [as info] (src/utils/logger.js:11:17)

  console.warn
    ÔÜá´©Å GIF non trouv├® ├á C:\Users\anne\Desktop\GLSL_DISCORD\test.gif, tentative avec chemin original: ./test.gif

      145 |                     files.push(new AttachmentBuilder(gifPathResolved, { name: 'animation.gif' }));
      146 |                 } else {
    > 147 |                     console.warn(`ÔÜá´©Å GIF non trouv├® ├á ${gifPathResolved}, tentative avec chemin original: ${result.gifPath}`);
          |                             ^
      148 |                     // Essayer avec le chemin original
      149 |                     if (fs.existsSync(result.gifPath)) {
      150 |                         files.push(new AttachmentBuilder(result.gifPath, { name: 'animation.gif' }));

      at Object.warn [as execute] (commands/shader-generate.js:147:29)
      at Object.<anonymous> (tests/commands/shader-generate.test.js:334:13)

  console.log
    [2025-11-15T16:26:57.384Z] INFO: ÔÅ│ Waiting for 2 active requests...

      at Function.log [as info] (src/utils/logger.js:11:17)

  console.log
    ­ƒöì V├®rification GIF: C:\Users\anne\Desktop\GLSL_DISCORD\test.gif (existe: false)

      at Object.log [as execute] (commands/shader-generate.js:141:25)

(node:18520) MaxListenersExceededWarning: Possible EventEmitter memory leak detected. 11 SIGTERM listeners added to 
[process]. Use emitter.setMaxListeners() to increase limit
(Use `node --trace-warnings ...` to show where the warning was created)
(node:18520) MaxListenersExceededWarning: Possible EventEmitter memory leak detected. 11 SIGINT listeners added to 
[process]. Use emitter.setMaxListeners() to increase limit
(node:18520) MaxListenersExceededWarning: Possible EventEmitter memory leak detected. 11 uncaughtException listeners 
added to [process]. Use emitter.setMaxListeners() to increase limit
(node:18520) MaxListenersExceededWarning: Possible EventEmitter memory leak detected. 11 unhandledRejection listeners 
added to [process]. Use emitter.setMaxListeners() to increase limit
  console.warn
    ÔÜá´©Å GIF non trouv├® ├á C:\Users\anne\Desktop\GLSL_DISCORD\test.gif, tentative avec chemin original: ./test.gif

      145 |                     files.push(new AttachmentBuilder(gifPathResolved, { name: 'animation.gif' }));
      146 |                 } else {
    > 147 |                     console.warn(`ÔÜá´©Å GIF non trouv├® ├á ${gifPathResolved}, tentative avec chemin original: ${result.gifPath}`);
          |                             ^
      148 |                     // Essayer avec le chemin original
      149 |                     if (fs.existsSync(result.gifPath)) {
      150 |                         files.push(new AttachmentBuilder(result.gifPath, { name: 'animation.gif' }));

      at Object.warn [as execute] (commands/shader-generate.js:147:29)
      at Object.<anonymous> (tests/commands/shader-generate.test.js:334:13)

  console.log
    Ô£à Nouveau browser cr├®├® (1/1 actifs)

      at BrowserPool.log [as getBrowser] (src/browser-pool.js:171:21)

  console.log
    ­ƒöì V├®rification GIF: C:\Users\anne\Desktop\GLSL_DISCORD\test.gif (existe: false)

      at Object.log [as execute] (commands/shader-generate.js:141:25)

  console.log
    ­ƒøæ Fermeture de tous les browsers du pool...

      at BrowserPool.log [as closeAll] (src/browser-pool.js:214:17)

  console.log
    Ô£à Tous les browsers ferm├®s

      at BrowserPool.log [as closeAll] (src/browser-pool.js:229:17)

  console.warn
    ÔÜá´©Å GIF non trouv├® ├á C:\Users\anne\Desktop\GLSL_DISCORD\test.gif, tentative avec chemin original: ./test.gif

      145 |                     files.push(new AttachmentBuilder(gifPathResolved, { name: 'animation.gif' }));
      146 |                 } else {
    > 147 |                     console.warn(`ÔÜá´©Å GIF non trouv├® ├á ${gifPathResolved}, tentative avec chemin original: ${result.gifPath}`);
          |                             ^
      148 |                     // Essayer avec le chemin original
      149 |                     if (fs.existsSync(result.gifPath)) {
      150 |                         files.push(new AttachmentBuilder(result.gifPath, { name: 'animation.gif' }));

      at Object.warn [as execute] (commands/shader-generate.js:147:29)
      at Object.<anonymous> (tests/commands/shader-generate.test.js:334:13)

PASS tests/utils/healthCheck.test.js
  HealthCheck
    checkHealth
      ÔêÜ devrait retourner un rapport de sant├® complet (9 ms)
      ÔêÜ devrait v├®rifier la base de donn├®es si fournie (81 ms)
      ÔêÜ devrait v├®rifier le browser pool si fourni (30 ms)
      ÔêÜ devrait v├®rifier l'espace disque
      ÔêÜ devrait v├®rifier la m├®moire (1 ms)
      ÔêÜ devrait g├®rer les d├®pendances manquantes (1 ms)
      ÔêÜ devrait marquer comme degraded si certaines v├®rifications ├®chouent (1 ms)
      ÔêÜ devrait inclure les informations de version
      ÔêÜ devrait inclure l'uptime (1 ms)
      ÔêÜ devrait v├®rifier le cache si fourni (1 ms)
      ÔêÜ devrait v├®rifier le bot si fourni (1 ms)
      ÔêÜ devrait g├®rer les erreurs de v├®rification individuellement (1 ms)
      ÔêÜ devrait marquer comme warning si le browser pool est plein (560 ms)

PASS tests/commands/shader-generate.test.js
  shader-generate command
    ÔêÜ devrait avoir la structure de commande correcte (5 ms)
    ÔêÜ devrait g├®n├®rer un shader avec succ├¿s (43 ms)
    ÔêÜ devrait rejeter si g├®n├®ration ├®choue (2 ms)
    ÔêÜ devrait rejeter si validation ├®choue
    ÔêÜ devrait g├®rer les erreurs de compilation (1 ms)
    ÔêÜ devrait utiliser les valeurs par d├®faut pour speed et size (2 ms)
    ÔêÜ devrait g├®rer les erreurs
    ÔêÜ devrait utiliser le chemin absolu pour le GIF si disponible (1 ms)
    ÔêÜ devrait utiliser le chemin original si le chemin absolu n'existe pas (2 ms)
    ÔêÜ devrait utiliser la premi├¿re frame si le GIF n'existe pas (2 ms)
    ÔêÜ devrait g├®rer le cas o├╣ ni GIF ni frames ne sont disponibles
    ÔêÜ devrait g├®rer les erreurs de database.saveShader (1 ms)
    ÔêÜ devrait g├®rer les erreurs de database.updateUserStats
    ÔêÜ devrait g├®rer les erreurs de compilation avec try-catch (1 ms)
    ÔêÜ devrait utiliser diff├®rentes valeurs de speed (5 ms)
    ÔêÜ devrait utiliser diff├®rentes valeurs de size (8 ms)

PASS tests/commands/admin.test.js
  admin command
    ÔêÜ devrait avoir la structure de commande correcte (5 ms)
    ÔêÜ devrait rejeter les non-admins (1 ms)
    stats subcommand
      ÔêÜ devrait afficher les statistiques (2 ms)
      ÔêÜ devrait appeler toutes les m├®thodes getStats (1 ms)
    cleanup subcommand
      ÔêÜ devrait nettoyer le cache (1 ms)
    restart-pool subcommand
      ÔêÜ devrait red├®marrer le pool
    reset-rate-limit subcommand
      ÔêÜ devrait r├®initialiser les rate limits d'un utilisateur (1 ms)
      ÔêÜ devrait r├®initialiser tous les rate limits si aucun utilisateur sp├®cifi├®
    cache-stats subcommand
      ÔêÜ devrait afficher les statistiques du cache
    sous-commande inconnue
      ÔêÜ devrait afficher une erreur pour une sous-commande inconnue (1 ms)
    gestion d'erreurs
      ÔêÜ devrait g├®rer les erreurs

PASS tests/commands-complete.test.js
  Commandes Discord - Tests Complets
    /help
      ÔêÜ devrait avoir la structure correcte (23 ms)
      ÔêÜ devrait avoir une fonction execute (1 ms)
    /shader
      ÔêÜ devrait avoir la structure correcte (19 ms)
      ÔêÜ devrait avoir l'option code requise (1 ms)
      ÔêÜ devrait avoir des options de texture optionnelles (1 ms)
      ÔêÜ devrait avoir l'option name optionnelle (1 ms)
      ÔêÜ devrait avoir une fonction execute
    /shader-preset
      ÔêÜ devrait avoir la structure correcte (6 ms)
      ÔêÜ devrait avoir l'option preset requise avec autocomplete
      ÔêÜ devrait avoir une fonction execute (1 ms)
      ÔêÜ devrait avoir une fonction autocomplete
      ÔêÜ devrait avoir la liste des presets dans le code (1 ms)
    /shader-generate
      ÔêÜ devrait avoir la structure correcte (7 ms)
      ÔêÜ devrait avoir l'option shape requise avec choix
      ÔêÜ devrait avoir l'option color requise avec choix (1 ms)
      ÔêÜ devrait avoir l'option animation requise avec choix
      ÔêÜ devrait avoir l'option speed optionnelle avec choix
      ÔêÜ devrait avoir l'option size optionnelle avec limites
      ÔêÜ devrait avoir une fonction execute (1 ms)
    /shader-code
      ÔêÜ devrait avoir la structure correcte (5 ms)
      ÔêÜ devrait avoir l'option name requise avec autocomplete (1 ms)
      ÔêÜ devrait avoir une fonction execute
      ÔêÜ devrait avoir une fonction autocomplete
    /admin
      ÔêÜ devrait avoir la structure correcte (283 ms)
      ÔêÜ devrait avoir la sous-commande stats
      ÔêÜ devrait avoir la sous-commande cleanup (1 ms)
      ÔêÜ devrait avoir la sous-commande restart-pool
      ÔêÜ devrait avoir la sous-commande reset-rate-limit avec option user
      ÔêÜ devrait avoir la sous-commande cache-stats (1 ms)
      ÔêÜ devrait avoir une fonction execute
      ÔêÜ devrait avoir toutes les fonctions de gestion des sous-commandes
    Validation des commandes
      ÔêÜ toutes les commandes devraient avoir un nom valide (1 ms)
      ÔêÜ toutes les commandes devraient avoir une description (1 ms)
      ÔêÜ toutes les commandes devraient avoir une fonction execute
    Validation des options
      ÔêÜ les options requises devraient ├¬tre marqu├®es comme telles
      ÔêÜ les options optionnelles devraient ├¬tre marqu├®es comme telles

  console.log
    Ô£à Commande charg├®e: undefined

      at GLSLDiscordBot.log [as loadCommands] (bot.js:215:25)

  console.log
    [2025-11-15T16:26:57.493Z] INFO: Ô£à All active requests completed

      at Function.log [as info] (src/utils/logger.js:11:17)

  console.log
    [2025-11-15T16:26:57.493Z] INFO: ­ƒº╣ Cleaning up resources...

      at Function.log [as info] (src/utils/logger.js:11:17)

  console.log
    [2025-11-15T16:26:57.494Z] INFO: Ô£à Graceful shutdown completed

      at Function.log [as info] (src/utils/logger.js:11:17)

  console.log
    Ô£à Commande charg├®e: undefined

      at GLSLDiscordBot.log [as loadCommands] (bot.js:215:25)

  ÔùÅ  process.exit called with "0"

      82 |
      83 |         Logger.info('Ô£à Graceful shutdown completed');
    > 84 |         process.exit(0);
         |                 ^
      85 |     }
      86 |
      87 |     /**

      at GracefulShutdown.exit [as shutdown] (src/utils/gracefulShutdown.js:84:17)
  console.log
    Ô£à Commande charg├®e: undefined

      at GLSLDiscordBot.log [as loadCommands] (bot.js:215:25)

  console.log
    Ô£à Commande charg├®e: undefined

      at GLSLDiscordBot.log [as loadCommands] (bot.js:215:25)

FAIL tests/utils/gracefulShutdown.test.js
  ÔùÅ Test suite failed to run

    A jest worker process (pid=18520) crashed for an unknown reason: exitCode=0

      at ChildProcessWorker._onExit (node_modules/jest-worker/build/workers/ChildProcessWorker.js:370:23)

  console.log
    Ô£à Commande charg├®e: undefined

      at GLSLDiscordBot.log [as loadCommands] (bot.js:215:25)

  console.log
    Ô£à Commande charg├®e: undefined

      at GLSLDiscordBot.log [as loadCommands] (bot.js:215:25)

  console.log
    ­ƒôü Dossier commands cr├®├®

      at GLSLDiscordBot.log [as loadCommands] (bot.js:204:21)

  console.log
    ­ƒöä handleInteractionFromHTTP appel├®

      at GLSLDiscordBot.log [as handleInteractionFromHTTP] (bot.js:4594:17)

  console.log
    ­ƒôï Interaction d├®tails: {
      id: '123',
      hasToken: true,
      type: 1,
      commandName: undefined,
      markedAsProcessed: true
    }

      at GLSLDiscordBot.log [as handleInteractionFromHTTP] (bot.js:4609:17)

  console.log
    ­ƒöä handleInteractionFromHTTP appel├®

      at GLSLDiscordBot.log [as handleInteractionFromHTTP] (bot.js:4594:17)

  console.log
    ­ƒôï Interaction d├®tails: {
      id: '123',
      hasToken: true,
      type: 4,
      commandName: 'shader-preset',
      markedAsProcessed: true
    }

      at GLSLDiscordBot.log [as handleInteractionFromHTTP] (bot.js:4609:17)

  console.log
    ­ƒöì Autocomplete HTTP re├ºu: shader-preset

      at GLSLDiscordBot.log [as handleInteractionFromHTTP] (bot.js:5655:25)

  console.log
    ­ƒöì V├®rification GIF: C:\Users\anne\Desktop\GLSL_DISCORD\test.gif (existe: false)

      at Object.log [as execute] (commands/shader.js:117:25)

  console.log
    ­ƒöä handleInteractionFromHTTP appel├®

      at GLSLDiscordBot.log [as handleInteractionFromHTTP] (bot.js:4594:17)

  console.log
    ­ƒôï Interaction d├®tails: {
      id: '123',
      hasToken: true,
      type: 2,
      commandName: 'help',
      markedAsProcessed: true
    }

      at GLSLDiscordBot.log [as handleInteractionFromHTTP] (bot.js:4609:17)

  console.log
    ­ƒöì Commande HTTP re├ºue: help (user: testuser#1234)

      at GLSLDiscordBot.log [as handleInteractionFromHTTP] (bot.js:4633:25)

  console.log
    ÔûÂ´©Å Ex├®cution commande HTTP: help

      at GLSLDiscordBot.log [as handleInteractionFromHTTP] (bot.js:5634:29)

  console.log
    Ô£à Commande HTTP help ex├®cut├®e avec succ├¿s

      at GLSLDiscordBot.log [as handleInteractionFromHTTP] (bot.js:5640:29)

  console.warn
    ÔÜá´©Å GIF non trouv├® ├á C:\Users\anne\Desktop\GLSL_DISCORD\test.gif, tentative avec chemin original: ./test.gif

      121 |                     files.push(new AttachmentBuilder(gifPathResolved, { name: 'animation.gif' }));
      122 |                 } else {
    > 123 |                     console.warn(`ÔÜá´©Å GIF non trouv├® ├á ${gifPathResolved}, tentative avec chemin original: ${result.gifPath}`);
          |                             ^
      124 |                     // Essayer avec le chemin original
      125 |                     if (fs.existsSync(result.gifPath)) {
      126 |                         files.push(new AttachmentBuilder(result.gifPath, { name: 'animation.gif' }));

      at Object.warn [as execute] (commands/shader.js:123:29)
      at Object.<anonymous> (tests/commands/shader.test.js:112:9)

  console.log
    ­ƒöä handleInteractionFromHTTP appel├®

      at GLSLDiscordBot.log [as handleInteractionFromHTTP] (bot.js:4594:17)

  console.log
    ­ƒôï Interaction d├®tails: {
      id: '123',
      hasToken: true,
      type: 2,
      commandName: 'nonexistent',
      markedAsProcessed: true
    }

      at GLSLDiscordBot.log [as handleInteractionFromHTTP] (bot.js:4609:17)

  console.log
    ­ƒöì Commande HTTP re├ºue: nonexistent (user: undefined)

      at GLSLDiscordBot.log [as handleInteractionFromHTTP] (bot.js:4633:25)

  console.error
    ÔÜá´©Å Commande non trouv├®e: nonexistent

      4639 |                 
      4640 |                 if (!command) {
    > 4641 |                     console.error(`ÔÜá´©Å Commande non trouv├®e: ${commandName}`);
           |                             ^
      4642 |                     await rest.patch(Routes.webhookMessage(applicationId, interactionToken), {
      4643 |                         body: {
      4644 |                             content: 'ÔØî Commande non trouv├®e.'

      at GLSLDiscordBot.error [as handleInteractionFromHTTP] (bot.js:4641:29)
      at Object.handleInteractionFromHTTP (tests/bot.test.js:1692:23)

  console.log
    ­ƒöì V├®rification GIF: C:\Users\anne\Desktop\GLSL_DISCORD\test.gif (existe: false)

      at Object.log [as execute] (commands/shader.js:117:25)

  console.log
    ­ƒöä handleInteractionFromHTTP appel├®

      at GLSLDiscordBot.log [as handleInteractionFromHTTP] (bot.js:4594:17)

  console.warn
    ÔÜá´©Å GIF non trouv├® ├á C:\Users\anne\Desktop\GLSL_DISCORD\test.gif, tentative avec chemin original: ./test.gif

      121 |                     files.push(new AttachmentBuilder(gifPathResolved, { name: 'animation.gif' }));
      122 |                 } else {
    > 123 |                     console.warn(`ÔÜá´©Å GIF non trouv├® ├á ${gifPathResolved}, tentative avec chemin original: ${result.gifPath}`);
          |                             ^
      124 |                     // Essayer avec le chemin original
      125 |                     if (fs.existsSync(result.gifPath)) {
      126 |                         files.push(new AttachmentBuilder(result.gifPath, { name: 'animation.gif' }));

      at Object.warn [as execute] (commands/shader.js:123:29)
      at Object.<anonymous> (tests/commands/shader.test.js:160:9)

  console.log
    ­ƒôï Interaction d├®tails: {
      id: null,
      hasToken: false,
      type: 2,
      commandName: 'help',
      markedAsProcessed: true
    }

      at GLSLDiscordBot.log [as handleInteractionFromHTTP] (bot.js:4609:17)

  console.log
    ­ƒöì V├®rification GIF: C:\Users\anne\Desktop\GLSL_DISCORD\test.gif (existe: false)

      at Object.log [as execute] (commands/shader.js:117:25)

  console.warn
    ÔÜá´©Å GIF non trouv├® ├á C:\Users\anne\Desktop\GLSL_DISCORD\test.gif, tentative avec chemin original: ./test.gif

      121 |                     files.push(new AttachmentBuilder(gifPathResolved, { name: 'animation.gif' }));
      122 |                 } else {
    > 123 |                     console.warn(`ÔÜá´©Å GIF non trouv├® ├á ${gifPathResolved}, tentative avec chemin original: ${result.gifPath}`);
          |                             ^
      124 |                     // Essayer avec le chemin original
      125 |                     if (fs.existsSync(result.gifPath)) {
      126 |                         files.push(new AttachmentBuilder(result.gifPath, { name: 'animation.gif' }));

      at Object.warn [as execute] (commands/shader.js:123:29)
      at Object.<anonymous> (tests/commands/shader.test.js:185:9)

  console.error
    ÔØî Interaction ID ou token manquant { hasId: false, hasToken: false }

      4616 |         
      4617 |         if (!interactionId || !interactionToken) {
    > 4618 |             console.error('ÔØî Interaction ID ou token manquant', {
           |                     ^
      4619 |                 hasId: !!interactionId,
      4620 |                 hasToken: !!interactionToken
      4621 |             });

      at GLSLDiscordBot.error [as handleInteractionFromHTTP] (bot.js:4618:21)
      at Object.handleInteractionFromHTTP (tests/bot.test.js:1723:38)

  console.log
    ­ƒöì V├®rification GIF: C:\Users\anne\Desktop\GLSL_DISCORD\test.gif (existe: false)

      at Object.log [as execute] (commands/shader.js:117:25)

  console.warn
    ÔÜá´©Å GIF non trouv├® ├á C:\Users\anne\Desktop\GLSL_DISCORD\test.gif, tentative avec chemin original: ./test.gif

      121 |                     files.push(new AttachmentBuilder(gifPathResolved, { name: 'animation.gif' }));
      122 |                 } else {
    > 123 |                     console.warn(`ÔÜá´©Å GIF non trouv├® ├á ${gifPathResolved}, tentative avec chemin original: ${result.gifPath}`);
          |                             ^
      124 |                     // Essayer avec le chemin original
      125 |                     if (fs.existsSync(result.gifPath)) {
      126 |                         files.push(new AttachmentBuilder(result.gifPath, { name: 'animation.gif' }));

      at Object.warn [as execute] (commands/shader.js:123:29)
      at Object.<anonymous> (tests/commands/shader.test.js:206:9)

  console.log
    ­ƒöì V├®rification GIF: C:\Users\anne\Desktop\GLSL_DISCORD\test.gif (existe: false)

      at Object.log [as execute] (commands/shader.js:117:25)

  console.warn
    ÔÜá´©Å GIF non trouv├® ├á C:\Users\anne\Desktop\GLSL_DISCORD\test.gif, tentative avec chemin original: ./test.gif

      121 |                     files.push(new AttachmentBuilder(gifPathResolved, { name: 'animation.gif' }));
      122 |                 } else {
    > 123 |                     console.warn(`ÔÜá´©Å GIF non trouv├® ├á ${gifPathResolved}, tentative avec chemin original: ${result.gifPath}`);
          |                             ^
      124 |                     // Essayer avec le chemin original
      125 |                     if (fs.existsSync(result.gifPath)) {
      126 |                         files.push(new AttachmentBuilder(result.gifPath, { name: 'animation.gif' }));

      at Object.warn [as execute] (commands/shader.js:123:29)
      at Object.<anonymous> (tests/commands/shader.test.js:225:9)

  console.log
    ­ƒöä handleInteractionFromHTTP appel├®

      at GLSLDiscordBot.log [as handleInteractionFromHTTP] (bot.js:4594:17)

  console.log
    ­ƒôï Interaction d├®tails: {
      id: '123',
      hasToken: true,
      type: 2,
      commandName: 'shader',
      markedAsProcessed: true
    }

      at GLSLDiscordBot.log [as handleInteractionFromHTTP] (bot.js:4609:17)

  console.log
    ­ƒöì V├®rification GIF: C:\Users\anne\Desktop\GLSL_DISCORD\test.gif (existe: false)

      at Object.log [as execute] (commands/shader.js:117:25)

  console.log
    ­ƒöì Commande HTTP re├ºue: shader (user: testuser#1234)

      at GLSLDiscordBot.log [as handleInteractionFromHTTP] (bot.js:4633:25)

  console.warn
    ÔÜá´©Å GIF non trouv├® ├á C:\Users\anne\Desktop\GLSL_DISCORD\test.gif, tentative avec chemin original: ./test.gif

      121 |                     files.push(new AttachmentBuilder(gifPathResolved, { name: 'animation.gif' }));
      122 |                 } else {
    > 123 |                     console.warn(`ÔÜá´©Å GIF non trouv├® ├á ${gifPathResolved}, tentative avec chemin original: ${result.gifPath}`);
          |                             ^
      124 |                     // Essayer avec le chemin original
      125 |                     if (fs.existsSync(result.gifPath)) {
      126 |                         files.push(new AttachmentBuilder(result.gifPath, { name: 'animation.gif' }));

      at Object.warn [as execute] (commands/shader.js:123:29)
      at Object.<anonymous> (tests/commands/shader.test.js:239:9)

  console.log
    ÔûÂ´©Å Ex├®cution commande HTTP: shader

      at GLSLDiscordBot.log [as handleInteractionFromHTTP] (bot.js:5634:29)

  console.log
    Ô£à Commande HTTP shader ex├®cut├®e avec succ├¿s

      at GLSLDiscordBot.log [as handleInteractionFromHTTP] (bot.js:5640:29)

  console.log
    ­ƒöì V├®rification GIF: C:\Users\anne\Desktop\GLSL_DISCORD\test.gif (existe: false)

      at Object.log [as execute] (commands/shader.js:117:25)

  console.warn
    ÔÜá´©Å GIF non trouv├® ├á C:\Users\anne\Desktop\GLSL_DISCORD\test.gif, tentative avec chemin original: ./test.gif

      121 |                     files.push(new AttachmentBuilder(gifPathResolved, { name: 'animation.gif' }));
      122 |                 } else {
    > 123 |                     console.warn(`ÔÜá´©Å GIF non trouv├® ├á ${gifPathResolved}, tentative avec chemin original: ${result.gifPath}`);
          |                             ^
      124 |                     // Essayer avec le chemin original
      125 |                     if (fs.existsSync(result.gifPath)) {
      126 |                         files.push(new AttachmentBuilder(result.gifPath, { name: 'animation.gif' }));

      at Object.warn [as execute] (commands/shader.js:123:29)
      at Object.<anonymous> (tests/commands/shader.test.js:256:9)

  console.log
    ­ƒöä handleInteractionFromHTTP appel├®

      at GLSLDiscordBot.log [as handleInteractionFromHTTP] (bot.js:4594:17)

  console.log
    ­ƒôï Interaction d├®tails: {
      id: '123',
      hasToken: true,
      type: 2,
      commandName: 'shader',
      markedAsProcessed: true
    }

      at GLSLDiscordBot.log [as handleInteractionFromHTTP] (bot.js:4609:17)

  console.log
    ­ƒöì V├®rification GIF: C:\Users\anne\Desktop\GLSL_DISCORD\test.gif (existe: false)

      at Object.log [as execute] (commands/shader.js:117:25)

  console.log
    ­ƒöì Commande HTTP re├ºue: shader (user: testuser#1234)

      at GLSLDiscordBot.log [as handleInteractionFromHTTP] (bot.js:4633:25)

  console.warn
    ÔÜá´©Å GIF non trouv├® ├á C:\Users\anne\Desktop\GLSL_DISCORD\test.gif, tentative avec chemin original: ./test.gif

      121 |                     files.push(new AttachmentBuilder(gifPathResolved, { name: 'animation.gif' }));
      122 |                 } else {
    > 123 |                     console.warn(`ÔÜá´©Å GIF non trouv├® ├á ${gifPathResolved}, tentative avec chemin original: ${result.gifPath}`);
          |                             ^
      124 |                     // Essayer avec le chemin original
      125 |                     if (fs.existsSync(result.gifPath)) {
      126 |                         files.push(new AttachmentBuilder(result.gifPath, { name: 'animation.gif' }));

      at Object.warn [as execute] (commands/shader.js:123:29)
      at Object.<anonymous> (tests/commands/shader.test.js:271:9)

  console.log
    ÔûÂ´©Å Ex├®cution commande HTTP: shader

      at GLSLDiscordBot.log [as handleInteractionFromHTTP] (bot.js:5634:29)

  console.log
    Ô£à Commande HTTP shader ex├®cut├®e avec succ├¿s

      at GLSLDiscordBot.log [as handleInteractionFromHTTP] (bot.js:5640:29)

  console.log
    ­ƒöä handleInteractionFromHTTP appel├®

      at GLSLDiscordBot.log [as handleInteractionFromHTTP] (bot.js:4594:17)

  console.log
    ­ƒöì V├®rification GIF: C:\Users\anne\Desktop\GLSL_DISCORD\test.gif (existe: true)

      at Object.log [as execute] (commands/shader.js:117:25)

  console.log
    ­ƒôï Interaction d├®tails: {
      id: '123',
      hasToken: true,
      type: 2,
      commandName: 'help',
      markedAsProcessed: true
    }

      at GLSLDiscordBot.log [as handleInteractionFromHTTP] (bot.js:4609:17)

  console.log
    Ô£à Attachement du GIF: C:\Users\anne\Desktop\GLSL_DISCORD\test.gif

      at Object.log [as execute] (commands/shader.js:120:29)

  console.log
    ­ƒöì Commande HTTP re├ºue: help (user: undefined)

      at GLSLDiscordBot.log [as handleInteractionFromHTTP] (bot.js:4633:25)

  console.log
    ÔûÂ´©Å Ex├®cution commande HTTP: help

      at GLSLDiscordBot.log [as handleInteractionFromHTTP] (bot.js:5634:29)

  console.log
    Ô£à Commande HTTP help ex├®cut├®e avec succ├¿s

      at GLSLDiscordBot.log [as handleInteractionFromHTTP] (bot.js:5640:29)

  console.log
    ­ƒöì V├®rification GIF: C:\Users\anne\Desktop\GLSL_DISCORD\test.gif (existe: false)

      at Object.log [as execute] (commands/shader.js:117:25)

  console.warn
    ÔÜá´©Å GIF non trouv├® ├á C:\Users\anne\Desktop\GLSL_DISCORD\test.gif, tentative avec chemin original: ./test.gif

      121 |                     files.push(new AttachmentBuilder(gifPathResolved, { name: 'animation.gif' }));
      122 |                 } else {
    > 123 |                     console.warn(`ÔÜá´©Å GIF non trouv├® ├á ${gifPathResolved}, tentative avec chemin original: ${result.gifPath}`);
          |                             ^
      124 |                     // Essayer avec le chemin original
      125 |                     if (fs.existsSync(result.gifPath)) {
      126 |                         files.push(new AttachmentBuilder(result.gifPath, { name: 'animation.gif' }));

      at Object.warn [as execute] (commands/shader.js:123:29)
      at Object.<anonymous> (tests/commands/shader.test.js:355:9)

  console.log
    ­ƒöä handleInteractionFromHTTP appel├®

      at GLSLDiscordBot.log [as handleInteractionFromHTTP] (bot.js:4594:17)

  console.log
    ­ƒô© Utilisation de la premi├¿re frame comme fallback: frames\frame_000.png

      at Object.log [as execute] (commands/shader.js:140:33)

  console.log
    ­ƒôï Interaction d├®tails: {
      id: '123',
      hasToken: true,
      type: 2,
      commandName: 'help',
      markedAsProcessed: true
    }

      at GLSLDiscordBot.log [as handleInteractionFromHTTP] (bot.js:4609:17)

  console.log
    ­ƒöì Commande HTTP re├ºue: help (user: testuser#1234)

      at GLSLDiscordBot.log [as handleInteractionFromHTTP] (bot.js:4633:25)

  console.log
    ÔÅ¡´©Å Commande HTTP help d├®j├á en cours d'ex├®cution pour l'utilisateur user123, ignor├®e

      at GLSLDiscordBot.log [as handleInteractionFromHTTP] (bot.js:4676:29)

  console.log
    ­ƒöì V├®rification GIF: C:\Users\anne\Desktop\GLSL_DISCORD\test.gif (existe: false)

      at Object.log [as execute] (commands/shader.js:117:25)

  console.warn
    ÔÜá´©Å GIF non trouv├® ├á C:\Users\anne\Desktop\GLSL_DISCORD\test.gif, tentative avec chemin original: ./test.gif

      121 |                     files.push(new AttachmentBuilder(gifPathResolved, { name: 'animation.gif' }));
      122 |                 } else {
    > 123 |                     console.warn(`ÔÜá´©Å GIF non trouv├® ├á ${gifPathResolved}, tentative avec chemin original: ${result.gifPath}`);
          |                             ^
      124 |                     // Essayer avec le chemin original
      125 |                     if (fs.existsSync(result.gifPath)) {
      126 |                         files.push(new AttachmentBuilder(result.gifPath, { name: 'animation.gif' }));

      at Object.warn [as execute] (commands/shader.js:123:29)
      at Object.<anonymous> (tests/commands/shader.test.js:421:9)

  console.log
    ­ƒöä handleInteractionFromHTTP appel├®

      at GLSLDiscordBot.log [as handleInteractionFromHTTP] (bot.js:4594:17)

  console.log
    ­ƒöì V├®rification GIF: C:\Users\anne\Desktop\GLSL_DISCORD\test.gif (existe: false)

      at Object.log [as execute] (commands/shader.js:117:25)

  console.log
    ­ƒôï Interaction d├®tails: {
      id: '123',
      hasToken: true,
      type: 2,
      commandName: 'help',
      markedAsProcessed: true
    }

      at GLSLDiscordBot.log [as handleInteractionFromHTTP] (bot.js:4609:17)

  console.warn
    ÔÜá´©Å GIF non trouv├® ├á C:\Users\anne\Desktop\GLSL_DISCORD\test.gif, tentative avec chemin original: ./test.gif

      121 |                     files.push(new AttachmentBuilder(gifPathResolved, { name: 'animation.gif' }));
      122 |                 } else {
    > 123 |                     console.warn(`ÔÜá´©Å GIF non trouv├® ├á ${gifPathResolved}, tentative avec chemin original: ${result.gifPath}`);
          |                             ^
      124 |                     // Essayer avec le chemin original
      125 |                     if (fs.existsSync(result.gifPath)) {
      126 |                         files.push(new AttachmentBuilder(result.gifPath, { name: 'animation.gif' }));

      at Object.warn [as execute] (commands/shader.js:123:29)
      at Object.<anonymous> (tests/commands/shader.test.js:439:9)

  console.log
    ­ƒöì Commande HTTP re├ºue: help (user: testuser#1234)

      at GLSLDiscordBot.log [as handleInteractionFromHTTP] (bot.js:4633:25)

  console.log
    ÔûÂ´©Å Ex├®cution commande HTTP: help

      at GLSLDiscordBot.log [as handleInteractionFromHTTP] (bot.js:5634:29)

  console.error
    ÔØî Erreur lors de l'ex├®cution de la commande HTTP help: Error: Command error
        at Object.<anonymous> (C:\Users\anne\Desktop\GLSL_DISCORD\tests\bot.test.js:1934:54)
        at Promise.then.completed (C:\Users\anne\Desktop\GLSL_DISCORD\node_modules\jest-circus\build\utils.js:298:28)
        at new Promise (<anonymous>)
        at callAsyncCircusFn (C:\Users\anne\Desktop\GLSL_DISCORD\node_modules\jest-circus\build\utils.js:231:10)
        at _callCircusTest (C:\Users\anne\Desktop\GLSL_DISCORD\node_modules\jest-circus\build\run.js:316:40)
        at processTicksAndRejections (node:internal/process/task_queues:95:5)
        at _runTest (C:\Users\anne\Desktop\GLSL_DISCORD\node_modules\jest-circus\build\run.js:252:3)
        at _runTestsForDescribeBlock (C:\Users\anne\Desktop\GLSL_DISCORD\node_modules\jest-circus\build\run.js:126:9)
        at _runTestsForDescribeBlock (C:\Users\anne\Desktop\GLSL_DISCORD\node_modules\jest-circus\build\run.js:121:9)
        at _runTestsForDescribeBlock (C:\Users\anne\Desktop\GLSL_DISCORD\node_modules\jest-circus\build\run.js:121:9)
        at run (C:\Users\anne\Desktop\GLSL_DISCORD\node_modules\jest-circus\build\run.js:71:3)
        at runAndTransformResultsToJestFormat (C:\Users\anne\Desktop\GLSL_DISCORD\node_modules\jest-circus\build\legacy-code-todo-rewrite\jestAdapterInit.js:122:21)
        at jestAdapter (C:\Users\anne\Desktop\GLSL_DISCORD\node_modules\jest-circus\build\legacy-code-todo-rewrite\jestAdapter.js:79:19)
        at runTestInternal (C:\Users\anne\Desktop\GLSL_DISCORD\node_modules\jest-runner\build\runTest.js:367:16)
        at runTest (C:\Users\anne\Desktop\GLSL_DISCORD\node_modules\jest-runner\build\runTest.js:444:34)
        at Object.worker (C:\Users\anne\Desktop\GLSL_DISCORD\node_modules\jest-runner\build\testWorker.js:106:12)

      5640 |                     console.log(`Ô£à Commande HTTP ${commandName} ex├®cut├®e avec succ├¿s`);
      5641 |                 } catch (error) {
    > 5642 |                     console.error(`ÔØî Erreur lors de l'ex├®cution de la commande HTTP ${commandName}:`, error);
           |                             ^
      5643 |                     // Ne pas relancer l'erreur car elle a d├®j├á ├®t├® g├®r├®e par la commande
      5644 |                     // mais on log pour le debugging
      5645 |                 } finally {

      at GLSLDiscordBot.error [as handleInteractionFromHTTP] (bot.js:5642:29)
      at Object.<anonymous> (tests/bot.test.js:1942:13)

PASS tests/commands/shader.test.js
  shader command
    ÔêÜ devrait avoir la structure de commande correcte (4 ms)
    ÔêÜ devrait rejeter si rate limit d├®pass├® (1 ms)
    ÔêÜ devrait rejeter un code vide (1 ms)
    ÔêÜ devrait rejeter un code invalide
    ÔêÜ devrait compiler un shader valide (33 ms)
    ÔêÜ devrait g├®rer les erreurs de compilation
    ÔêÜ devrait g├®rer les erreurs (1 ms)
    ÔêÜ devrait g├®rer les textures optionnelles (2 ms)
    ÔêÜ devrait filtrer les textures null (2 ms)
    ÔêÜ devrait utiliser le code sanitized si disponible (2 ms)
    ÔêÜ devrait utiliser le code original si sanitized n'est pas disponible (1 ms)
    ÔêÜ devrait g├®rer le cas o├╣ aucune texture n'est fournie (1 ms)
    ÔêÜ devrait sauvegarder le shader avec le nom optionnel (1 ms)
    ÔêÜ devrait sauvegarder le shader sans nom si non fourni (1 ms)
    ÔêÜ devrait g├®rer les erreurs de database.saveShader
    ÔêÜ devrait g├®rer les erreurs de database.updateUserStats (1 ms)
    ÔêÜ devrait utiliser le chemin absolu pour le GIF si disponible (1 ms)
    ÔêÜ devrait utiliser le chemin original si le chemin absolu n'existe pas (1 ms)
    ÔêÜ devrait utiliser la premi├¿re frame si le GIF n'existe pas (1 ms)
    ÔêÜ devrait d├®finir le footer avec le nom si fourni (1 ms)
    ÔêÜ devrait d├®finir le footer sans nom si non fourni (1 ms)
    ÔêÜ devrait g├®rer le cas o├╣ ni GIF ni frames ne sont disponibles
    ÔêÜ devrait g├®rer le cas o├╣ le code est null
    ÔêÜ devrait g├®rer le cas o├╣ le code est seulement des espaces (1 ms)

  console.log
    ­ƒöä handleInteractionFromHTTP appel├®

      at GLSLDiscordBot.log [as handleInteractionFromHTTP] (bot.js:4594:17)

  console.log
    ­ƒôï Interaction d├®tails: {
      id: '123',
      hasToken: true,
      type: 2,
      commandName: 'help',
      markedAsProcessed: true
    }

      at GLSLDiscordBot.log [as handleInteractionFromHTTP] (bot.js:4609:17)

  console.log
    ­ƒöì Commande HTTP re├ºue: help (user: testuser#1234)

      at GLSLDiscordBot.log [as handleInteractionFromHTTP] (bot.js:4633:25)

  console.log
    ÔûÂ´©Å Ex├®cution commande HTTP: help

      at GLSLDiscordBot.log [as handleInteractionFromHTTP] (bot.js:5634:29)

  console.log
    Ô£à Commande HTTP help ex├®cut├®e avec succ├¿s

      at GLSLDiscordBot.log [as handleInteractionFromHTTP] (bot.js:5640:29)

  console.log
    ­ƒöä handleInteractionFromHTTP appel├®

      at GLSLDiscordBot.log [as handleInteractionFromHTTP] (bot.js:4594:17)

  console.log
    ­ƒôï Interaction d├®tails: {
      id: '123',
      hasToken: true,
      type: 2,
      commandName: 'help',
      markedAsProcessed: true
    }

      at GLSLDiscordBot.log [as handleInteractionFromHTTP] (bot.js:4609:17)

  console.log
    ­ƒöì Commande HTTP re├ºue: help (user: testuser#1234)

      at GLSLDiscordBot.log [as handleInteractionFromHTTP] (bot.js:4633:25)

  console.log
    ÔûÂ´©Å Ex├®cution commande HTTP: help

      at GLSLDiscordBot.log [as handleInteractionFromHTTP] (bot.js:5634:29)

  console.log
    Ô£à Envoi JSON pur - embeds seuls (content supprim├® car non requis)

      at Object.log [as editReply] (bot.js:5532:41)

  console.log
    Ô£à Commande HTTP help ex├®cut├®e avec succ├¿s

      at GLSLDiscordBot.log [as handleInteractionFromHTTP] (bot.js:5640:29)

  console.log
    ­ƒöä handleInteractionFromHTTP appel├®

      at GLSLDiscordBot.log [as handleInteractionFromHTTP] (bot.js:4594:17)

  console.log
    ­ƒôï Interaction d├®tails: {
      id: '123',
      hasToken: true,
      type: 2,
      commandName: 'help',
      markedAsProcessed: true
    }

      at GLSLDiscordBot.log [as handleInteractionFromHTTP] (bot.js:4609:17)

  console.log
    ­ƒöì Commande HTTP re├ºue: help (user: testuser#1234)

      at GLSLDiscordBot.log [as handleInteractionFromHTTP] (bot.js:4633:25)

  console.log
    ÔûÂ´©Å Ex├®cution commande HTTP: help

      at GLSLDiscordBot.log [as handleInteractionFromHTTP] (bot.js:5634:29)

  console.log
    Ô£à Commande HTTP help ex├®cut├®e avec succ├¿s

      at GLSLDiscordBot.log [as handleInteractionFromHTTP] (bot.js:5640:29)

  console.log
    ­ƒöä handleInteractionFromHTTP appel├®

      at GLSLDiscordBot.log [as handleInteractionFromHTTP] (bot.js:4594:17)

  console.log
    ­ƒôï Interaction d├®tails: {
      id: '123',
      hasToken: true,
      type: 2,
      commandName: 'help',
      markedAsProcessed: true
    }

      at GLSLDiscordBot.log [as handleInteractionFromHTTP] (bot.js:4609:17)

  console.log
    ­ƒöì Commande HTTP re├ºue: help (user: testuser#1234)

      at GLSLDiscordBot.log [as handleInteractionFromHTTP] (bot.js:4633:25)

  console.log
    ÔûÂ´©Å Ex├®cution commande HTTP: help

      at GLSLDiscordBot.log [as handleInteractionFromHTTP] (bot.js:5634:29)

  console.log
    Ô£à Commande HTTP help ex├®cut├®e avec succ├¿s

      at GLSLDiscordBot.log [as handleInteractionFromHTTP] (bot.js:5640:29)

  console.log
    ­ƒöä handleInteractionFromHTTP appel├®

      at GLSLDiscordBot.log [as handleInteractionFromHTTP] (bot.js:4594:17)

  console.log
    ­ƒôï Interaction d├®tails: {
      id: '123',
      hasToken: true,
      type: 2,
      commandName: 'help',
      markedAsProcessed: true
    }

      at GLSLDiscordBot.log [as handleInteractionFromHTTP] (bot.js:4609:17)

  console.log
    ­ƒöì Commande HTTP re├ºue: help (user: testuser#1234)

      at GLSLDiscordBot.log [as handleInteractionFromHTTP] (bot.js:4633:25)

  console.log
    ÔûÂ´©Å Ex├®cution commande HTTP: help

      at GLSLDiscordBot.log [as handleInteractionFromHTTP] (bot.js:5634:29)

  console.log
    Ô£à Commande HTTP help ex├®cut├®e avec succ├¿s

      at GLSLDiscordBot.log [as handleInteractionFromHTTP] (bot.js:5640:29)

  console.log
    ­ƒöä handleInteractionFromHTTP appel├®

      at GLSLDiscordBot.log [as handleInteractionFromHTTP] (bot.js:4594:17)

  console.log
    ­ƒôï Interaction d├®tails: {
      id: '123',
      hasToken: true,
      type: 4,
      commandName: 'shader-preset',
      markedAsProcessed: true
    }

      at GLSLDiscordBot.log [as handleInteractionFromHTTP] (bot.js:4609:17)

  console.log
    ­ƒöì Autocomplete HTTP re├ºu: shader-preset

      at GLSLDiscordBot.log [as handleInteractionFromHTTP] (bot.js:5655:25)

  console.error
    ÔØî Erreur lors de l'autocomplete HTTP shader-preset: Error: Autocomplete error
        at Object.<anonymous> (C:\Users\anne\Desktop\GLSL_DISCORD\tests\bot.test.js:2194:59)
        at Promise.then.completed (C:\Users\anne\Desktop\GLSL_DISCORD\node_modules\jest-circus\build\utils.js:298:28)
        at new Promise (<anonymous>)
        at callAsyncCircusFn (C:\Users\anne\Desktop\GLSL_DISCORD\node_modules\jest-circus\build\utils.js:231:10)
        at _callCircusTest (C:\Users\anne\Desktop\GLSL_DISCORD\node_modules\jest-circus\build\run.js:316:40)
        at processTicksAndRejections (node:internal/process/task_queues:95:5)
        at _runTest (C:\Users\anne\Desktop\GLSL_DISCORD\node_modules\jest-circus\build\run.js:252:3)
        at _runTestsForDescribeBlock (C:\Users\anne\Desktop\GLSL_DISCORD\node_modules\jest-circus\build\run.js:126:9)
        at _runTestsForDescribeBlock (C:\Users\anne\Desktop\GLSL_DISCORD\node_modules\jest-circus\build\run.js:121:9)
        at _runTestsForDescribeBlock (C:\Users\anne\Desktop\GLSL_DISCORD\node_modules\jest-circus\build\run.js:121:9)
        at run (C:\Users\anne\Desktop\GLSL_DISCORD\node_modules\jest-circus\build\run.js:71:3)
        at runAndTransformResultsToJestFormat (C:\Users\anne\Desktop\GLSL_DISCORD\node_modules\jest-circus\build\legacy-code-todo-rewrite\jestAdapterInit.js:122:21)
        at jestAdapter (C:\Users\anne\Desktop\GLSL_DISCORD\node_modules\jest-circus\build\legacy-code-todo-rewrite\jestAdapter.js:79:19)
        at runTestInternal (C:\Users\anne\Desktop\GLSL_DISCORD\node_modules\jest-runner\build\runTest.js:367:16)
        at runTest (C:\Users\anne\Desktop\GLSL_DISCORD\node_modules\jest-runner\build\runTest.js:444:34)
        at Object.worker (C:\Users\anne\Desktop\GLSL_DISCORD\node_modules\jest-runner\build\testWorker.js:106:12)

      5683 |                     }
      5684 |                     } catch (error) {
    > 5685 |                         console.error(`ÔØî Erreur lors de l'autocomplete HTTP ${commandName}:`, error);
           |                                 ^
      5686 |                     }
      5687 |                 }
      5688 |                 

      at GLSLDiscordBot.error [as handleInteractionFromHTTP] (bot.js:5685:33)
      at Object.<anonymous> (tests/bot.test.js:2199:13)

  console.log
    ­ƒöä handleInteractionFromHTTP appel├®

      at GLSLDiscordBot.log [as handleInteractionFromHTTP] (bot.js:4594:17)

  console.log
    ­ƒôï Interaction d├®tails: {
      id: '123',
      hasToken: true,
      type: 2,
      commandName: 'help',
      markedAsProcessed: true
    }

      at GLSLDiscordBot.log [as handleInteractionFromHTTP] (bot.js:4609:17)

  console.log
    ­ƒöì Commande HTTP re├ºue: help (user: testuser#1234)

      at GLSLDiscordBot.log [as handleInteractionFromHTTP] (bot.js:4633:25)

  console.error
    ÔÜá´©Å Commande non trouv├®e: help

      4639 |                 
      4640 |                 if (!command) {
    > 4641 |                     console.error(`ÔÜá´©Å Commande non trouv├®e: ${commandName}`);
           |                             ^
      4642 |                     await rest.patch(Routes.webhookMessage(applicationId, interactionToken), {
      4643 |                         body: {
      4644 |                             content: 'ÔØî Commande non trouv├®e.'

      at GLSLDiscordBot.error [as handleInteractionFromHTTP] (bot.js:4641:29)
      at Object.handleInteractionFromHTTP (tests/bot.test.js:2231:30)

  console.error
    ÔØî Erreur dans handleInteractionFromHTTP: Error: REST API error
        at Object.<anonymous> (C:\Users\anne\Desktop\GLSL_DISCORD\tests\bot.test.js:2227:65)
        at Promise.then.completed (C:\Users\anne\Desktop\GLSL_DISCORD\node_modules\jest-circus\build\utils.js:298:28)
        at new Promise (<anonymous>)
        at callAsyncCircusFn (C:\Users\anne\Desktop\GLSL_DISCORD\node_modules\jest-circus\build\utils.js:231:10)
        at _callCircusTest (C:\Users\anne\Desktop\GLSL_DISCORD\node_modules\jest-circus\build\run.js:316:40)
        at processTicksAndRejections (node:internal/process/task_queues:95:5)
        at _runTest (C:\Users\anne\Desktop\GLSL_DISCORD\node_modules\jest-circus\build\run.js:252:3)
        at _runTestsForDescribeBlock (C:\Users\anne\Desktop\GLSL_DISCORD\node_modules\jest-circus\build\run.js:126:9)
        at _runTestsForDescribeBlock (C:\Users\anne\Desktop\GLSL_DISCORD\node_modules\jest-circus\build\run.js:121:9)
        at _runTestsForDescribeBlock (C:\Users\anne\Desktop\GLSL_DISCORD\node_modules\jest-circus\build\run.js:121:9)
        at run (C:\Users\anne\Desktop\GLSL_DISCORD\node_modules\jest-circus\build\run.js:71:3)
        at runAndTransformResultsToJestFormat (C:\Users\anne\Desktop\GLSL_DISCORD\node_modules\jest-circus\build\legacy-code-todo-rewrite\jestAdapterInit.js:122:21)
        at jestAdapter (C:\Users\anne\Desktop\GLSL_DISCORD\node_modules\jest-circus\build\legacy-code-todo-rewrite\jestAdapter.js:79:19)
        at runTestInternal (C:\Users\anne\Desktop\GLSL_DISCORD\node_modules\jest-runner\build\runTest.js:367:16)
        at runTest (C:\Users\anne\Desktop\GLSL_DISCORD\node_modules\jest-runner\build\runTest.js:444:34)
        at Object.worker (C:\Users\anne\Desktop\GLSL_DISCORD\node_modules\jest-runner\build\testWorker.js:106:12)

      5691 |             }
      5692 |         } catch (error) {
    > 5693 |             console.error('ÔØî Erreur dans handleInteractionFromHTTP:', error);
           |                     ^
      5694 |             throw error;
      5695 |         }
      5696 |     }

      at GLSLDiscordBot.error [as handleInteractionFromHTTP] (bot.js:5693:21)
      at Object.<anonymous> (tests/bot.test.js:2231:13)

  console.log
    ­ƒöä handleInteractionFromHTTP appel├®

      at GLSLDiscordBot.log [as handleInteractionFromHTTP] (bot.js:4594:17)

  console.log
    ­ƒôï Interaction d├®tails: {
      id: '123',
      hasToken: true,
      type: 4,
      commandName: 'shader-preset',
      markedAsProcessed: true
    }

      at GLSLDiscordBot.log [as handleInteractionFromHTTP] (bot.js:4609:17)

  console.log
    ­ƒöì Autocomplete HTTP re├ºu: shader-preset

      at GLSLDiscordBot.log [as handleInteractionFromHTTP] (bot.js:5655:25)

  console.log
    ­ƒöä handleInteractionFromHTTP appel├®

      at GLSLDiscordBot.log [as handleInteractionFromHTTP] (bot.js:4594:17)

  console.log
    ­ƒôï Interaction d├®tails: {
      id: '123',
      hasToken: true,
      type: 4,
      commandName: 'nonexistent',
      markedAsProcessed: true
    }

      at GLSLDiscordBot.log [as handleInteractionFromHTTP] (bot.js:4609:17)

  console.log
    ­ƒöì Autocomplete HTTP re├ºu: nonexistent

      at GLSLDiscordBot.log [as handleInteractionFromHTTP] (bot.js:5655:25)

  console.log
    ­ƒöä handleInteractionFromHTTP appel├®

      at GLSLDiscordBot.log [as handleInteractionFromHTTP] (bot.js:4594:17)

  console.log
    ­ƒôï Interaction d├®tails: {
      id: '123',
      hasToken: true,
      type: 2,
      commandName: 'help',
      markedAsProcessed: true
    }

      at GLSLDiscordBot.log [as handleInteractionFromHTTP] (bot.js:4609:17)

  console.log
    ­ƒöì Commande HTTP re├ºue: help (user: testuser#1234)

      at GLSLDiscordBot.log [as handleInteractionFromHTTP] (bot.js:4633:25)

  console.log
    ÔûÂ´©Å Ex├®cution commande HTTP: help

      at GLSLDiscordBot.log [as handleInteractionFromHTTP] (bot.js:5634:29)

  console.log
    Ô£à Commande HTTP help ex├®cut├®e avec succ├¿s

      at GLSLDiscordBot.log [as handleInteractionFromHTTP] (bot.js:5640:29)

  console.log
    ­ƒöä handleInteractionFromHTTP appel├®

      at GLSLDiscordBot.log [as handleInteractionFromHTTP] (bot.js:4594:17)

  console.log
    ­ƒôï Interaction d├®tails: {
      id: '123',
      hasToken: true,
      type: 2,
      commandName: 'help',
      markedAsProcessed: true
    }

      at GLSLDiscordBot.log [as handleInteractionFromHTTP] (bot.js:4609:17)

  console.log
    ­ƒöì Commande HTTP re├ºue: help (user: testuser#1234)

      at GLSLDiscordBot.log [as handleInteractionFromHTTP] (bot.js:4633:25)

  console.log
    ­ƒöä handleInteractionFromHTTP appel├®

      at GLSLDiscordBot.log [as handleInteractionFromHTTP] (bot.js:4594:17)

  console.log
    ­ƒôï Interaction d├®tails: {
      id: '123',
      hasToken: true,
      type: 2,
      commandName: 'help',
      markedAsProcessed: true
    }

      at GLSLDiscordBot.log [as handleInteractionFromHTTP] (bot.js:4609:17)

  console.log
    ­ƒöì Commande HTTP re├ºue: help (user: testuser#1234)

      at GLSLDiscordBot.log [as handleInteractionFromHTTP] (bot.js:4633:25)

  console.log
    ÔÅ¡´©Å Commande HTTP help d├®j├á en cours d'ex├®cution pour l'utilisateur user123, ignor├®e

      at GLSLDiscordBot.log [as handleInteractionFromHTTP] (bot.js:4676:29)

  console.log
    ­ƒöä handleInteractionFromHTTP appel├®

      at GLSLDiscordBot.log [as handleInteractionFromHTTP] (bot.js:4594:17)

  console.log
    ­ƒôï Interaction d├®tails: {
      id: '123',
      hasToken: true,
      type: 2,
      commandName: 'help',
      markedAsProcessed: true
    }

      at GLSLDiscordBot.log [as handleInteractionFromHTTP] (bot.js:4609:17)

  console.log
    ­ƒöì Commande HTTP re├ºue: help (user: testuser#1234)

      at GLSLDiscordBot.log [as handleInteractionFromHTTP] (bot.js:4633:25)

  console.log
    ÔûÂ´©Å Ex├®cution commande HTTP: help

      at GLSLDiscordBot.log [as handleInteractionFromHTTP] (bot.js:5634:29)

  console.error
    ÔØî Erreur lors de l'ex├®cution de la commande HTTP help: Error: Command error
        at Object.<anonymous> (C:\Users\anne\Desktop\GLSL_DISCORD\tests\bot.test.js:2440:54)
        at Promise.then.completed (C:\Users\anne\Desktop\GLSL_DISCORD\node_modules\jest-circus\build\utils.js:298:28)
        at new Promise (<anonymous>)
        at callAsyncCircusFn (C:\Users\anne\Desktop\GLSL_DISCORD\node_modules\jest-circus\build\utils.js:231:10)
        at _callCircusTest (C:\Users\anne\Desktop\GLSL_DISCORD\node_modules\jest-circus\build\run.js:316:40)
        at processTicksAndRejections (node:internal/process/task_queues:95:5)
        at _runTest (C:\Users\anne\Desktop\GLSL_DISCORD\node_modules\jest-circus\build\run.js:252:3)
        at _runTestsForDescribeBlock (C:\Users\anne\Desktop\GLSL_DISCORD\node_modules\jest-circus\build\run.js:126:9)
        at _runTestsForDescribeBlock (C:\Users\anne\Desktop\GLSL_DISCORD\node_modules\jest-circus\build\run.js:121:9)
        at _runTestsForDescribeBlock (C:\Users\anne\Desktop\GLSL_DISCORD\node_modules\jest-circus\build\run.js:121:9)
        at run (C:\Users\anne\Desktop\GLSL_DISCORD\node_modules\jest-circus\build\run.js:71:3)
        at runAndTransformResultsToJestFormat (C:\Users\anne\Desktop\GLSL_DISCORD\node_modules\jest-circus\build\legacy-code-todo-rewrite\jestAdapterInit.js:122:21)
        at jestAdapter (C:\Users\anne\Desktop\GLSL_DISCORD\node_modules\jest-circus\build\legacy-code-todo-rewrite\jestAdapter.js:79:19)
        at runTestInternal (C:\Users\anne\Desktop\GLSL_DISCORD\node_modules\jest-runner\build\runTest.js:367:16)
        at runTest (C:\Users\anne\Desktop\GLSL_DISCORD\node_modules\jest-runner\build\runTest.js:444:34)
        at Object.worker (C:\Users\anne\Desktop\GLSL_DISCORD\node_modules\jest-runner\build\testWorker.js:106:12)

      5640 |                     console.log(`Ô£à Commande HTTP ${commandName} ex├®cut├®e avec succ├¿s`);
      5641 |                 } catch (error) {
    > 5642 |                     console.error(`ÔØî Erreur lors de l'ex├®cution de la commande HTTP ${commandName}:`, error);
           |                             ^
      5643 |                     // Ne pas relancer l'erreur car elle a d├®j├á ├®t├® g├®r├®e par la commande
      5644 |                     // mais on log pour le debugging
      5645 |                 } finally {

      at GLSLDiscordBot.error [as handleInteractionFromHTTP] (bot.js:5642:29)
      at Object.<anonymous> (tests/bot.test.js:2447:13)

  console.log
    ­ƒöä handleInteractionFromHTTP appel├®

      at GLSLDiscordBot.log [as handleInteractionFromHTTP] (bot.js:4594:17)

  console.log
    ­ƒôï Interaction d├®tails: {
      id: '123',
      hasToken: true,
      type: 4,
      commandName: 'nonexistent',
      markedAsProcessed: true
    }

      at GLSLDiscordBot.log [as handleInteractionFromHTTP] (bot.js:4609:17)

  console.log
    ­ƒöì Autocomplete HTTP re├ºu: nonexistent

      at GLSLDiscordBot.log [as handleInteractionFromHTTP] (bot.js:5655:25)

  console.log
    ­ƒöä Enregistrement de 1 commandes slash...

      at GLSLDiscordBot.log [as registerSlashCommands] (bot.js:231:21)

  console.log
    Ô£à 1 commandes slash enregistr├®es avec succ├¿s

      at GLSLDiscordBot.log [as registerSlashCommands] (bot.js:238:21)

  console.log
    ­ƒöä Enregistrement de 1 commandes slash...

      at GLSLDiscordBot.log [as registerSlashCommands] (bot.js:231:21)

  console.error
    ÔØî Erreur enregistrement commandes: Error: API Error
        at Object.<anonymous> (C:\Users\anne\Desktop\GLSL_DISCORD\tests\bot.test.js:2510:50)
        at Promise.then.completed (C:\Users\anne\Desktop\GLSL_DISCORD\node_modules\jest-circus\build\utils.js:298:28)
        at new Promise (<anonymous>)
        at callAsyncCircusFn (C:\Users\anne\Desktop\GLSL_DISCORD\node_modules\jest-circus\build\utils.js:231:10)
        at _callCircusTest (C:\Users\anne\Desktop\GLSL_DISCORD\node_modules\jest-circus\build\run.js:316:40)
        at processTicksAndRejections (node:internal/process/task_queues:95:5)
        at _runTest (C:\Users\anne\Desktop\GLSL_DISCORD\node_modules\jest-circus\build\run.js:252:3)
        at _runTestsForDescribeBlock (C:\Users\anne\Desktop\GLSL_DISCORD\node_modules\jest-circus\build\run.js:126:9)
        at _runTestsForDescribeBlock (C:\Users\anne\Desktop\GLSL_DISCORD\node_modules\jest-circus\build\run.js:121:9)
        at _runTestsForDescribeBlock (C:\Users\anne\Desktop\GLSL_DISCORD\node_modules\jest-circus\build\run.js:121:9)
        at run (C:\Users\anne\Desktop\GLSL_DISCORD\node_modules\jest-circus\build\run.js:71:3)
        at runAndTransformResultsToJestFormat (C:\Users\anne\Desktop\GLSL_DISCORD\node_modules\jest-circus\build\legacy-code-todo-rewrite\jestAdapterInit.js:122:21)
        at jestAdapter (C:\Users\anne\Desktop\GLSL_DISCORD\node_modules\jest-circus\build\legacy-code-todo-rewrite\jestAdapter.js:79:19)
        at runTestInternal (C:\Users\anne\Desktop\GLSL_DISCORD\node_modules\jest-runner\build\runTest.js:367:16)
        at runTest (C:\Users\anne\Desktop\GLSL_DISCORD\node_modules\jest-runner\build\runTest.js:444:34)
        at Object.worker (C:\Users\anne\Desktop\GLSL_DISCORD\node_modules\jest-runner\build\testWorker.js:106:12)

      238 |             console.log(`Ô£à ${data.length} commandes slash enregistr├®es avec succ├¿s`);
      239 |         } catch (error) {
    > 240 |             console.error('ÔØî Erreur enregistrement commandes:', error);
          |                     ^
      241 |         }
      242 |     }
      243 |

      at GLSLDiscordBot.error [as registerSlashCommands] (bot.js:240:21)
      at Object.<anonymous> (tests/bot.test.js:2523:13)

  console.log
    Ô£à Bot pr├¬t! Connect├® en tant que TestBot#1234

      at MockClient.log (bot.js:247:21)

  console.log
    ­ƒöì Commande WebSocket re├ºue: nonexistent (user: test#1234)

      at log (bot.js:277:21)

  console.error
    ÔÜá´©Å Commande non trouv├®e: nonexistent

      278 |
      279 |             if (!command) {
    > 280 |                 console.error(`ÔÜá´©Å Commande non trouv├®e: ${interaction.commandName}`);
          |                         ^
      281 |                 // R├®pondre imm├®diatement pour ├®viter le timeout
      282 |                 if (!interaction.replied && !interaction.deferred) {
      283 |                     try {

      at error (bot.js:280:25)
      at Object.interactionCallback (tests/bot.test.js:2613:19)

  console.log
    ­ƒöì Commande WebSocket re├ºue: help (user: test#1234)

      at log (bot.js:277:21)

  console.log
    ÔÅ¡´©Å Commande help d├®j├á en cours d'ex├®cution pour l'utilisateur user123, ignor├®e

      at log (bot.js:325:25)

  console.log
    ­ƒöì Commande WebSocket re├ºue: help (user: test#1234)

      at log (bot.js:277:21)

  console.log
    ­ƒöì Commande WebSocket re├ºue: help (user: test#1234)

      at log (bot.js:277:21)

  console.log
    ÔûÂ´©Å Ex├®cution commande WebSocket: help

      at log (bot.js:339:25)

  console.error
    ÔØî Erreur ex├®cution commande help: Error: Command error
        at Object.<anonymous> (C:\Users\anne\Desktop\GLSL_DISCORD\tests\bot.test.js:2710:54)
        at Promise.then.completed (C:\Users\anne\Desktop\GLSL_DISCORD\node_modules\jest-circus\build\utils.js:298:28)
        at new Promise (<anonymous>)
        at callAsyncCircusFn (C:\Users\anne\Desktop\GLSL_DISCORD\node_modules\jest-circus\build\utils.js:231:10)
        at _callCircusTest (C:\Users\anne\Desktop\GLSL_DISCORD\node_modules\jest-circus\build\run.js:316:40)
        at processTicksAndRejections (node:internal/process/task_queues:95:5)
        at _runTest (C:\Users\anne\Desktop\GLSL_DISCORD\node_modules\jest-circus\build\run.js:252:3)
        at _runTestsForDescribeBlock (C:\Users\anne\Desktop\GLSL_DISCORD\node_modules\jest-circus\build\run.js:126:9)
        at _runTestsForDescribeBlock (C:\Users\anne\Desktop\GLSL_DISCORD\node_modules\jest-circus\build\run.js:121:9)
        at _runTestsForDescribeBlock (C:\Users\anne\Desktop\GLSL_DISCORD\node_modules\jest-circus\build\run.js:121:9)
        at run (C:\Users\anne\Desktop\GLSL_DISCORD\node_modules\jest-circus\build\run.js:71:3)
        at runAndTransformResultsToJestFormat (C:\Users\anne\Desktop\GLSL_DISCORD\node_modules\jest-circus\build\legacy-code-todo-rewrite\jestAdapterInit.js:122:21)
        at jestAdapter (C:\Users\anne\Desktop\GLSL_DISCORD\node_modules\jest-circus\build\legacy-code-todo-rewrite\jestAdapter.js:79:19)
        at runTestInternal (C:\Users\anne\Desktop\GLSL_DISCORD\node_modules\jest-runner\build\runTest.js:367:16)
        at runTest (C:\Users\anne\Desktop\GLSL_DISCORD\node_modules\jest-runner\build\runTest.js:444:34)
        at Object.worker (C:\Users\anne\Desktop\GLSL_DISCORD\node_modules\jest-runner\build\testWorker.js:106:12)

      345 |                 console.log(`Ô£à Commande ${interaction.commandName} ex├®cut├®e avec succ├¿s`);
      346 |             } catch (error) {
    > 347 |                 console.error(`ÔØî Erreur ex├®cution commande ${interaction.commandName}:`, error);
          |                         ^
      348 |                 
      349 |                 const errorMessage = {
      350 |                     content: 'ÔØî Une erreur s\'est produite lors de l\'ex├®cution de cette commande.'

      at error (bot.js:347:25)
      at Object.<anonymous> (tests/bot.test.js:2717:17)

  console.log
    ­ƒöì Commande WebSocket re├ºue: help (user: test#1234)

      at log (bot.js:277:21)

  console.log
    ÔûÂ´©Å Ex├®cution commande WebSocket: help

      at log (bot.js:339:25)

  console.error
    ÔØî Erreur ex├®cution commande help: Error: Command error
        at Object.<anonymous> (C:\Users\anne\Desktop\GLSL_DISCORD\tests\bot.test.js:2742:54)
        at Promise.then.completed (C:\Users\anne\Desktop\GLSL_DISCORD\node_modules\jest-circus\build\utils.js:298:28)
        at new Promise (<anonymous>)
        at callAsyncCircusFn (C:\Users\anne\Desktop\GLSL_DISCORD\node_modules\jest-circus\build\utils.js:231:10)
        at _callCircusTest (C:\Users\anne\Desktop\GLSL_DISCORD\node_modules\jest-circus\build\run.js:316:40)
        at processTicksAndRejections (node:internal/process/task_queues:95:5)
        at _runTest (C:\Users\anne\Desktop\GLSL_DISCORD\node_modules\jest-circus\build\run.js:252:3)
        at _runTestsForDescribeBlock (C:\Users\anne\Desktop\GLSL_DISCORD\node_modules\jest-circus\build\run.js:126:9)
        at _runTestsForDescribeBlock (C:\Users\anne\Desktop\GLSL_DISCORD\node_modules\jest-circus\build\run.js:121:9)
        at _runTestsForDescribeBlock (C:\Users\anne\Desktop\GLSL_DISCORD\node_modules\jest-circus\build\run.js:121:9)
        at run (C:\Users\anne\Desktop\GLSL_DISCORD\node_modules\jest-circus\build\run.js:71:3)
        at runAndTransformResultsToJestFormat (C:\Users\anne\Desktop\GLSL_DISCORD\node_modules\jest-circus\build\legacy-code-todo-rewrite\jestAdapterInit.js:122:21)
        at jestAdapter (C:\Users\anne\Desktop\GLSL_DISCORD\node_modules\jest-circus\build\legacy-code-todo-rewrite\jestAdapter.js:79:19)
        at runTestInternal (C:\Users\anne\Desktop\GLSL_DISCORD\node_modules\jest-runner\build\runTest.js:367:16)
        at runTest (C:\Users\anne\Desktop\GLSL_DISCORD\node_modules\jest-runner\build\runTest.js:444:34)
        at Object.worker (C:\Users\anne\Desktop\GLSL_DISCORD\node_modules\jest-runner\build\testWorker.js:106:12)

      345 |                 console.log(`Ô£à Commande ${interaction.commandName} ex├®cut├®e avec succ├¿s`);
      346 |             } catch (error) {
    > 347 |                 console.error(`ÔØî Erreur ex├®cution commande ${interaction.commandName}:`, error);
          |                         ^
      348 |                 
      349 |                 const errorMessage = {
      350 |                     content: 'ÔØî Une erreur s\'est produite lors de l\'ex├®cution de cette commande.'

      at error (bot.js:347:25)
      at Object.<anonymous> (tests/bot.test.js:2749:17)

  console.log
    ÔÅ¡´©Å Interaction 123 d├®j├á trait├®e (d├®duplication), ignor├®e

      at log (bot.js:256:25)

  console.log
    ­ƒöì Commande WebSocket re├ºue: shader (user: test#1234)

      at log (bot.js:277:21)

  console.log
    ÔûÂ´©Å Ex├®cution commande WebSocket: shader

      at log (bot.js:339:25)

  console.log
    Ô£à Commande shader ex├®cut├®e avec succ├¿s

      at log (bot.js:345:25)

  console.error
    ÔØî Erreur Discord: Error: Discord error
        at Object.<anonymous> (C:\Users\anne\Desktop\GLSL_DISCORD\tests\bot.test.js:2852:31)
        at Promise.then.completed (C:\Users\anne\Desktop\GLSL_DISCORD\node_modules\jest-circus\build\utils.js:298:28)
        at new Promise (<anonymous>)
        at callAsyncCircusFn (C:\Users\anne\Desktop\GLSL_DISCORD\node_modules\jest-circus\build\utils.js:231:10)
        at _callCircusTest (C:\Users\anne\Desktop\GLSL_DISCORD\node_modules\jest-circus\build\run.js:316:40)
        at processTicksAndRejections (node:internal/process/task_queues:95:5)
        at _runTest (C:\Users\anne\Desktop\GLSL_DISCORD\node_modules\jest-circus\build\run.js:252:3)
        at _runTestsForDescribeBlock (C:\Users\anne\Desktop\GLSL_DISCORD\node_modules\jest-circus\build\run.js:126:9)
        at _runTestsForDescribeBlock (C:\Users\anne\Desktop\GLSL_DISCORD\node_modules\jest-circus\build\run.js:121:9)
        at _runTestsForDescribeBlock (C:\Users\anne\Desktop\GLSL_DISCORD\node_modules\jest-circus\build\run.js:121:9)
        at run (C:\Users\anne\Desktop\GLSL_DISCORD\node_modules\jest-circus\build\run.js:71:3)
        at runAndTransformResultsToJestFormat (C:\Users\anne\Desktop\GLSL_DISCORD\node_modules\jest-circus\build\legacy-code-todo-rewrite\jestAdapterInit.js:122:21)
        at jestAdapter (C:\Users\anne\Desktop\GLSL_DISCORD\node_modules\jest-circus\build\legacy-code-todo-rewrite\jestAdapter.js:79:19)
        at runTestInternal (C:\Users\anne\Desktop\GLSL_DISCORD\node_modules\jest-runner\build\runTest.js:367:16)
        at runTest (C:\Users\anne\Desktop\GLSL_DISCORD\node_modules\jest-runner\build\runTest.js:444:34)
        at Object.worker (C:\Users\anne\Desktop\GLSL_DISCORD\node_modules\jest-runner\build\testWorker.js:106:12)

      370 |         // ├ëv├®nement: Erreurs
      371 |         this.client.on(Events.Error, (error) => {
    > 372 |             console.error('ÔØî Erreur Discord:', error);
          |                     ^
      373 |         });
      374 |     }
      375 |

      at error (bot.js:372:21)
      at Object.errorCallback (tests/bot.test.js:2857:17)

  console.log
    ­ƒøæ Arr├¬t du bot...

      at GLSLDiscordBot.log [as shutdown] (bot.js:6071:17)

  console.log
    Ô£à Base de donn├®es ferm├®e

      at GLSLDiscordBot.log [as shutdown] (bot.js:6106:21)

  console.log
    Ô£à Bot arr├¬t├®

      at GLSLDiscordBot.log [as shutdown] (bot.js:6121:17)

  console.log
    ­ƒøæ Arr├¬t du bot...

      at GLSLDiscordBot.log [as shutdown] (bot.js:6071:17)

  console.error
    ÔØî Erreur lors de la fermeture du compilateur: Error: Compiler error
        at Object.<anonymous> (C:\Users\anne\Desktop\GLSL_DISCORD\tests\bot.test.js:2878:62)
        at Promise.then.completed (C:\Users\anne\Desktop\GLSL_DISCORD\node_modules\jest-circus\build\utils.js:298:28)
        at new Promise (<anonymous>)
        at callAsyncCircusFn (C:\Users\anne\Desktop\GLSL_DISCORD\node_modules\jest-circus\build\utils.js:231:10)
        at _callCircusTest (C:\Users\anne\Desktop\GLSL_DISCORD\node_modules\jest-circus\build\run.js:316:40)
        at processTicksAndRejections (node:internal/process/task_queues:95:5)
        at _runTest (C:\Users\anne\Desktop\GLSL_DISCORD\node_modules\jest-circus\build\run.js:252:3)
        at _runTestsForDescribeBlock (C:\Users\anne\Desktop\GLSL_DISCORD\node_modules\jest-circus\build\run.js:126:9)
        at _runTestsForDescribeBlock (C:\Users\anne\Desktop\GLSL_DISCORD\node_modules\jest-circus\build\run.js:121:9)
        at _runTestsForDescribeBlock (C:\Users\anne\Desktop\GLSL_DISCORD\node_modules\jest-circus\build\run.js:121:9)
        at run (C:\Users\anne\Desktop\GLSL_DISCORD\node_modules\jest-circus\build\run.js:71:3)
        at runAndTransformResultsToJestFormat (C:\Users\anne\Desktop\GLSL_DISCORD\node_modules\jest-circus\build\legacy-code-todo-rewrite\jestAdapterInit.js:122:21)
        at jestAdapter (C:\Users\anne\Desktop\GLSL_DISCORD\node_modules\jest-circus\build\legacy-code-todo-rewrite\jestAdapter.js:79:19)
        at runTestInternal (C:\Users\anne\Desktop\GLSL_DISCORD\node_modules\jest-runner\build\runTest.js:367:16)
        at runTest (C:\Users\anne\Desktop\GLSL_DISCORD\node_modules\jest-runner\build\runTest.js:444:34)
        at Object.worker (C:\Users\anne\Desktop\GLSL_DISCORD\node_modules\jest-runner\build\testWorker.js:106:12)

      6098 |             await this.compiler.close();
      6099 |         } catch (error) {
    > 6100 |             console.error('ÔØî Erreur lors de la fermeture du compilateur:', error);
           |                     ^
      6101 |         }
      6102 |         
      6103 |         // Fermer la base de donn├®es

      at GLSLDiscordBot.error [as shutdown] (bot.js:6100:21)
      at Object.<anonymous> (tests/bot.test.js:2883:13)

  console.log
    Ô£à Base de donn├®es ferm├®e

      at GLSLDiscordBot.log [as shutdown] (bot.js:6106:21)

  console.log
    Ô£à Bot arr├¬t├®

      at GLSLDiscordBot.log [as shutdown] (bot.js:6121:17)

  console.log
    [2025-11-15T16:26:57.624Z] INFO: Registered cleanup function: browserPool

      at Function.log [as info] (src/utils/logger.js:11:17)

  console.log
    [2025-11-15T16:26:57.634Z] INFO: Registered cleanup function: database

      at Function.log [as info] (src/utils/logger.js:11:17)

  console.log
    [2025-11-15T16:26:57.641Z] INFO: Redis not configured, using memory cache

      at Function.log [as info] (src/utils/logger.js:11:17)

  console.log
    [2025-11-15T16:26:57.666Z] INFO: ­ƒöä Auto backups scheduled: 0 3 * * *

      at Function.log [as info] (src/utils/logger.js:11:17)

  console.log
    [2025-11-15T16:26:57.667Z] INFO: ­ƒöä Auto cleanup scheduled: weekly on Sunday at 4am

      at Function.log [as info] (src/utils/logger.js:11:17)

  console.log
    ­ƒîÉ Serveur Express d├®marr├® sur le port 8080

      at log (bot.js:6057:25)

  console.log
    [2025-11-15T16:26:57.668Z] INFO: Registered cleanup function: expressServer

      at Function.log [as info] (src/utils/logger.js:11:17)

  console.log
    [2025-11-15T16:26:57.670Z] INFO: Registered cleanup function: browserPool

      at Function.log [as info] (src/utils/logger.js:11:17)

  console.log
    [2025-11-15T16:26:57.671Z] INFO: Registered cleanup function: database

      at Function.log [as info] (src/utils/logger.js:11:17)

  console.log
    [2025-11-15T16:26:57.672Z] INFO: ­ƒöä Auto backups scheduled: 0 3 * * *

      at Function.log [as info] (src/utils/logger.js:11:17)

  console.log
    [2025-11-15T16:26:57.672Z] INFO: ­ƒöä Auto cleanup scheduled: weekly on Sunday at 4am

      at Function.log [as info] (src/utils/logger.js:11:17)

  console.log
    [2025-11-15T16:26:57.683Z] INFO: Registered cleanup function: browserPool

      at Function.log [as info] (src/utils/logger.js:11:17)

  console.log
    [2025-11-15T16:26:57.684Z] INFO: Registered cleanup function: database

      at Function.log [as info] (src/utils/logger.js:11:17)

  console.log
    [2025-11-15T16:26:57.684Z] INFO: ­ƒöä Auto backups scheduled: 0 3 * * *

      at Function.log [as info] (src/utils/logger.js:11:17)

  console.log
    [2025-11-15T16:26:57.685Z] INFO: ­ƒöä Auto cleanup scheduled: weekly on Sunday at 4am

      at Function.log [as info] (src/utils/logger.js:11:17)

  console.log
    ­ƒîÉ Serveur Express d├®marr├® sur le port 8080

      at log (bot.js:6057:25)

  console.log
    [2025-11-15T16:26:57.686Z] INFO: Registered cleanup function: expressServer

      at Function.log [as info] (src/utils/logger.js:11:17)

  console.log
    [2025-11-15T16:26:57.687Z] INFO: Registered cleanup function: browserPool

      at Function.log [as info] (src/utils/logger.js:11:17)

  console.log
    [2025-11-15T16:26:57.687Z] INFO: Registered cleanup function: database

      at Function.log [as info] (src/utils/logger.js:11:17)

  console.log
    [2025-11-15T16:26:57.688Z] INFO: ­ƒöä Auto backups scheduled: 0 3 * * *

      at Function.log [as info] (src/utils/logger.js:11:17)

  console.log
    [2025-11-15T16:26:57.688Z] INFO: ­ƒöä Auto cleanup scheduled: weekly on Sunday at 4am

      at Function.log [as info] (src/utils/logger.js:11:17)

  console.log
    ­ƒîÉ Serveur Express d├®marr├® sur le port 8080

      at log (bot.js:6057:25)

  console.log
    [2025-11-15T16:26:57.689Z] INFO: Registered cleanup function: expressServer

      at Function.log [as info] (src/utils/logger.js:11:17)

  console.error
    ÔØî Erreur API /api/stats: Error: DB error
        at Object.<anonymous> (C:\Users\anne\Desktop\GLSL_DISCORD\tests\bot.test.js:3023:68)
        at Promise.then.completed (C:\Users\anne\Desktop\GLSL_DISCORD\node_modules\jest-circus\build\utils.js:298:28)
        at new Promise (<anonymous>)
        at callAsyncCircusFn (C:\Users\anne\Desktop\GLSL_DISCORD\node_modules\jest-circus\build\utils.js:231:10)
        at _callCircusTest (C:\Users\anne\Desktop\GLSL_DISCORD\node_modules\jest-circus\build\run.js:316:40)
        at processTicksAndRejections (node:internal/process/task_queues:95:5)
        at _runTest (C:\Users\anne\Desktop\GLSL_DISCORD\node_modules\jest-circus\build\run.js:252:3)
        at _runTestsForDescribeBlock (C:\Users\anne\Desktop\GLSL_DISCORD\node_modules\jest-circus\build\run.js:126:9)
        at _runTestsForDescribeBlock (C:\Users\anne\Desktop\GLSL_DISCORD\node_modules\jest-circus\build\run.js:121:9)
        at _runTestsForDescribeBlock (C:\Users\anne\Desktop\GLSL_DISCORD\node_modules\jest-circus\build\run.js:121:9)
        at run (C:\Users\anne\Desktop\GLSL_DISCORD\node_modules\jest-circus\build\run.js:71:3)
        at runAndTransformResultsToJestFormat (C:\Users\anne\Desktop\GLSL_DISCORD\node_modules\jest-circus\build\legacy-code-todo-rewrite\jestAdapterInit.js:122:21)
        at jestAdapter (C:\Users\anne\Desktop\GLSL_DISCORD\node_modules\jest-circus\build\legacy-code-todo-rewrite\jestAdapter.js:79:19)
        at runTestInternal (C:\Users\anne\Desktop\GLSL_DISCORD\node_modules\jest-runner\build\runTest.js:367:16)
        at runTest (C:\Users\anne\Desktop\GLSL_DISCORD\node_modules\jest-runner\build\runTest.js:444:34)
        at Object.worker (C:\Users\anne\Desktop\GLSL_DISCORD\node_modules\jest-runner\build\testWorker.js:106:12)

      5899 |                 res.json(stats);
      5900 |             } catch (error) {
    > 5901 |                 console.error('ÔØî Erreur API /api/stats:', error);
           |                         ^
      5902 |                 res.status(500).json({ error: 'Erreur interne du serveur' });
      5903 |             }
      5904 |         });

      at error (bot.js:5901:25)
      at Object.<anonymous> (tests/bot.test.js:3034:13)

  console.log
    [2025-11-15T16:26:57.692Z] INFO: Registered cleanup function: browserPool

      at Function.log [as info] (src/utils/logger.js:11:17)

  console.log
    [2025-11-15T16:26:57.692Z] INFO: Registered cleanup function: database

      at Function.log [as info] (src/utils/logger.js:11:17)

  console.log
    [2025-11-15T16:26:57.693Z] INFO: ­ƒöä Auto backups scheduled: 0 3 * * *

      at Function.log [as info] (src/utils/logger.js:11:17)

  console.log
    [2025-11-15T16:26:57.693Z] INFO: ­ƒöä Auto cleanup scheduled: weekly on Sunday at 4am

      at Function.log [as info] (src/utils/logger.js:11:17)

  console.log
    ­ƒîÉ Serveur Express d├®marr├® sur le port 8080

      at log (bot.js:6057:25)

  console.log
    [2025-11-15T16:26:57.695Z] INFO: Registered cleanup function: expressServer

      at Function.log [as info] (src/utils/logger.js:11:17)

  console.log
    [2025-11-15T16:26:57.698Z] INFO: Registered cleanup function: browserPool

      at Function.log [as info] (src/utils/logger.js:11:17)

  console.log
    [2025-11-15T16:26:57.698Z] INFO: Registered cleanup function: database

      at Function.log [as info] (src/utils/logger.js:11:17)

  console.log
    [2025-11-15T16:26:57.699Z] INFO: ­ƒöä Auto backups scheduled: 0 3 * * *

      at Function.log [as info] (src/utils/logger.js:11:17)

  console.log
    [2025-11-15T16:26:57.699Z] INFO: ­ƒöä Auto cleanup scheduled: weekly on Sunday at 4am

      at Function.log [as info] (src/utils/logger.js:11:17)

  console.log
    ­ƒîÉ Serveur Express d├®marr├® sur le port 8080

      at log (bot.js:6057:25)

  console.log
    [2025-11-15T16:26:57.700Z] INFO: Registered cleanup function: expressServer

      at Function.log [as info] (src/utils/logger.js:11:17)

  console.log
    [2025-11-15T16:26:57.701Z] INFO: Registered cleanup function: browserPool

      at Function.log [as info] (src/utils/logger.js:11:17)

  console.log
    [2025-11-15T16:26:57.702Z] INFO: Registered cleanup function: database

      at Function.log [as info] (src/utils/logger.js:11:17)

  console.log
    [2025-11-15T16:26:57.702Z] INFO: ­ƒöä Auto backups scheduled: 0 3 * * *

      at Function.log [as info] (src/utils/logger.js:11:17)

  console.log
    [2025-11-15T16:26:57.703Z] INFO: ­ƒöä Auto cleanup scheduled: weekly on Sunday at 4am

      at Function.log [as info] (src/utils/logger.js:11:17)

  console.log
    ­ƒîÉ Serveur Express d├®marr├® sur le port 8080

      at log (bot.js:6057:25)

  console.log
    [2025-11-15T16:26:57.703Z] INFO: Registered cleanup function: expressServer

      at Function.log [as info] (src/utils/logger.js:11:17)

  console.log
    [2025-11-15T16:26:57.705Z] INFO: Registered cleanup function: browserPool

      at Function.log [as info] (src/utils/logger.js:11:17)

  console.log
    [2025-11-15T16:26:57.705Z] INFO: Registered cleanup function: database

      at Function.log [as info] (src/utils/logger.js:11:17)

  console.log
    [2025-11-15T16:26:57.706Z] INFO: ­ƒöä Auto backups scheduled: 0 3 * * *

      at Function.log [as info] (src/utils/logger.js:11:17)

  console.log
    [2025-11-15T16:26:57.706Z] INFO: ­ƒöä Auto cleanup scheduled: weekly on Sunday at 4am

      at Function.log [as info] (src/utils/logger.js:11:17)

  console.log
    ­ƒîÉ Serveur Express d├®marr├® sur le port 8080

      at log (bot.js:6057:25)

  console.log
    [2025-11-15T16:26:57.707Z] INFO: Registered cleanup function: expressServer

      at Function.log [as info] (src/utils/logger.js:11:17)

  console.log
    [2025-11-15T16:26:57.708Z] INFO: Registered cleanup function: browserPool

      at Function.log [as info] (src/utils/logger.js:11:17)

  console.log
    [2025-11-15T16:26:57.708Z] INFO: Registered cleanup function: database

      at Function.log [as info] (src/utils/logger.js:11:17)

  console.log
    [2025-11-15T16:26:57.709Z] INFO: ­ƒöä Auto backups scheduled: 0 3 * * *

      at Function.log [as info] (src/utils/logger.js:11:17)

  console.log
    [2025-11-15T16:26:57.709Z] INFO: ­ƒöä Auto cleanup scheduled: weekly on Sunday at 4am

      at Function.log [as info] (src/utils/logger.js:11:17)

  console.log
    ­ƒîÉ Serveur Express d├®marr├® sur le port 8080

      at log (bot.js:6057:25)

  console.log
    [2025-11-15T16:26:57.710Z] INFO: Registered cleanup function: expressServer

      at Function.log [as info] (src/utils/logger.js:11:17)

  console.log
    [2025-11-15T16:26:57.711Z] INFO: Registered cleanup function: browserPool

      at Function.log [as info] (src/utils/logger.js:11:17)

  console.log
    [2025-11-15T16:26:57.712Z] INFO: Registered cleanup function: database

      at Function.log [as info] (src/utils/logger.js:11:17)

  console.log
    [2025-11-15T16:26:57.712Z] INFO: ­ƒöä Auto backups scheduled: 0 3 * * *

      at Function.log [as info] (src/utils/logger.js:11:17)

  console.log
    [2025-11-15T16:26:57.713Z] INFO: ­ƒöä Auto cleanup scheduled: weekly on Sunday at 4am

      at Function.log [as info] (src/utils/logger.js:11:17)

  console.log
    ­ƒîÉ Serveur Express d├®marr├® sur le port 8080

      at log (bot.js:6057:25)

  console.log
    [2025-11-15T16:26:57.713Z] INFO: Registered cleanup function: expressServer

      at Function.log [as info] (src/utils/logger.js:11:17)

  console.log
    [2025-11-15T16:26:57.714Z] INFO: Registered cleanup function: browserPool

      at Function.log [as info] (src/utils/logger.js:11:17)

  console.log
    [2025-11-15T16:26:57.715Z] INFO: Registered cleanup function: database

      at Function.log [as info] (src/utils/logger.js:11:17)

  console.log
    [2025-11-15T16:26:57.715Z] INFO: ­ƒöä Auto backups scheduled: 0 3 * * *

      at Function.log [as info] (src/utils/logger.js:11:17)

  console.log
    [2025-11-15T16:26:57.716Z] INFO: ­ƒöä Auto cleanup scheduled: weekly on Sunday at 4am

      at Function.log [as info] (src/utils/logger.js:11:17)

  console.log
    ­ƒîÉ Serveur Express d├®marr├® sur le port 8080

      at log (bot.js:6057:25)

  console.log
    [2025-11-15T16:26:57.716Z] INFO: Registered cleanup function: expressServer

      at Function.log [as info] (src/utils/logger.js:11:17)

  console.log
    [2025-11-15T16:26:57.717Z] INFO: Registered cleanup function: browserPool

      at Function.log [as info] (src/utils/logger.js:11:17)

  console.log
    [2025-11-15T16:26:57.718Z] INFO: Registered cleanup function: database

      at Function.log [as info] (src/utils/logger.js:11:17)

  console.log
    [2025-11-15T16:26:57.720Z] INFO: ­ƒöä Auto backups scheduled: 0 3 * * *

      at Function.log [as info] (src/utils/logger.js:11:17)

  console.log
    [2025-11-15T16:26:57.720Z] INFO: ­ƒöä Auto cleanup scheduled: weekly on Sunday at 4am

      at Function.log [as info] (src/utils/logger.js:11:17)

  console.log
    ­ƒîÉ Serveur Express d├®marr├® sur le port 8080

      at log (bot.js:6057:25)

  console.log
    [2025-11-15T16:26:57.721Z] INFO: Registered cleanup function: expressServer

      at Function.log [as info] (src/utils/logger.js:11:17)

  console.log
    [2025-11-15T16:26:57.722Z] INFO: Registered cleanup function: browserPool

      at Function.log [as info] (src/utils/logger.js:11:17)

  console.log
    [2025-11-15T16:26:57.723Z] INFO: Registered cleanup function: database

      at Function.log [as info] (src/utils/logger.js:11:17)

  console.log
    [2025-11-15T16:26:57.723Z] INFO: ­ƒöä Auto backups scheduled: 0 3 * * *

      at Function.log [as info] (src/utils/logger.js:11:17)

  console.log
    [2025-11-15T16:26:57.724Z] INFO: ­ƒöä Auto cleanup scheduled: weekly on Sunday at 4am

      at Function.log [as info] (src/utils/logger.js:11:17)

  console.log
    ­ƒîÉ Serveur Express d├®marr├® sur le port 8080

      at log (bot.js:6057:25)

  console.log
    [2025-11-15T16:26:57.724Z] INFO: Registered cleanup function: expressServer

      at Function.log [as info] (src/utils/logger.js:11:17)

  console.log
    [2025-11-15T16:26:57.726Z] INFO: Registered cleanup function: browserPool

      at Function.log [as info] (src/utils/logger.js:11:17)

  console.log
    [2025-11-15T16:26:57.726Z] INFO: Registered cleanup function: database

      at Function.log [as info] (src/utils/logger.js:11:17)

  console.log
    [2025-11-15T16:26:57.726Z] INFO: ­ƒöä Auto backups scheduled: 0 3 * * *

      at Function.log [as info] (src/utils/logger.js:11:17)

  console.log
    [2025-11-15T16:26:57.727Z] INFO: ­ƒöä Auto cleanup scheduled: weekly on Sunday at 4am

      at Function.log [as info] (src/utils/logger.js:11:17)

  console.log
    ­ƒîÉ Serveur Express d├®marr├® sur le port 8080

      at log (bot.js:6057:25)

  console.log
    [2025-11-15T16:26:57.728Z] INFO: Registered cleanup function: expressServer

      at Function.log [as info] (src/utils/logger.js:11:17)

  console.log
    [2025-11-15T16:26:57.729Z] INFO: Registered cleanup function: browserPool

      at Function.log [as info] (src/utils/logger.js:11:17)

  console.log
    [2025-11-15T16:26:57.729Z] INFO: Registered cleanup function: database

      at Function.log [as info] (src/utils/logger.js:11:17)

  console.log
    [2025-11-15T16:26:57.730Z] INFO: ­ƒöä Auto backups scheduled: 0 3 * * *

      at Function.log [as info] (src/utils/logger.js:11:17)

  console.log
    [2025-11-15T16:26:57.730Z] INFO: ­ƒöä Auto cleanup scheduled: weekly on Sunday at 4am

      at Function.log [as info] (src/utils/logger.js:11:17)

  console.log
    ­ƒîÉ Serveur Express d├®marr├® sur le port 8080

      at log (bot.js:6057:25)

  console.log
    [2025-11-15T16:26:57.731Z] INFO: Registered cleanup function: expressServer

      at Function.log [as info] (src/utils/logger.js:11:17)

  console.log
    [2025-11-15T16:26:57.732Z] INFO: Registered cleanup function: browserPool

      at Function.log [as info] (src/utils/logger.js:11:17)

  console.log
    [2025-11-15T16:26:57.732Z] INFO: Registered cleanup function: database

      at Function.log [as info] (src/utils/logger.js:11:17)

  console.log
    [2025-11-15T16:26:57.733Z] INFO: ­ƒöä Auto backups scheduled: 0 3 * * *

      at Function.log [as info] (src/utils/logger.js:11:17)

  console.log
    [2025-11-15T16:26:57.733Z] INFO: ­ƒöä Auto cleanup scheduled: weekly on Sunday at 4am

      at Function.log [as info] (src/utils/logger.js:11:17)

  console.log
    ­ƒîÉ Serveur Express d├®marr├® sur le port 8080

      at log (bot.js:6057:25)

  console.log
    [2025-11-15T16:26:57.734Z] INFO: Registered cleanup function: expressServer

      at Function.log [as info] (src/utils/logger.js:11:17)

  console.log
    [2025-11-15T16:26:57.735Z] INFO: Registered cleanup function: browserPool

      at Function.log [as info] (src/utils/logger.js:11:17)

  console.log
    [2025-11-15T16:26:57.735Z] INFO: Registered cleanup function: database

      at Function.log [as info] (src/utils/logger.js:11:17)

  console.log
    [2025-11-15T16:26:57.736Z] INFO: ­ƒöä Auto backups scheduled: 0 3 * * *

      at Function.log [as info] (src/utils/logger.js:11:17)

  console.log
    [2025-11-15T16:26:57.736Z] INFO: ­ƒöä Auto cleanup scheduled: weekly on Sunday at 4am

      at Function.log [as info] (src/utils/logger.js:11:17)

  console.log
    ­ƒîÉ Serveur Express d├®marr├® sur le port 8080

      at log (bot.js:6057:25)

  console.log
    [2025-11-15T16:26:57.737Z] INFO: Registered cleanup function: expressServer

      at Function.log [as info] (src/utils/logger.js:11:17)

  console.log
    [2025-11-15T16:26:57.738Z] INFO: Registered cleanup function: browserPool

      at Function.log [as info] (src/utils/logger.js:11:17)

  console.log
    [2025-11-15T16:26:57.738Z] INFO: Registered cleanup function: database

      at Function.log [as info] (src/utils/logger.js:11:17)

  console.log
    [2025-11-15T16:26:57.738Z] INFO: ­ƒöä Auto backups scheduled: 0 3 * * *

      at Function.log [as info] (src/utils/logger.js:11:17)

  console.log
    [2025-11-15T16:26:57.739Z] INFO: ­ƒöä Auto cleanup scheduled: weekly on Sunday at 4am

      at Function.log [as info] (src/utils/logger.js:11:17)

  console.log
    ­ƒîÉ Serveur Express d├®marr├® sur le port 8080

      at log (bot.js:6057:25)

  console.log
    [2025-11-15T16:26:57.740Z] INFO: Registered cleanup function: expressServer

      at Function.log [as info] (src/utils/logger.js:11:17)

  console.log
    [2025-11-15T16:26:57.743Z] INFO: Registered cleanup function: browserPool

      at Function.log [as info] (src/utils/logger.js:11:17)

  console.log
    [2025-11-15T16:26:57.743Z] INFO: Registered cleanup function: database

      at Function.log [as info] (src/utils/logger.js:11:17)

  console.log
    [2025-11-15T16:26:57.743Z] INFO: ­ƒöä Auto backups scheduled: 0 3 * * *

      at Function.log [as info] (src/utils/logger.js:11:17)

  console.log
    [2025-11-15T16:26:57.744Z] INFO: ­ƒöä Auto cleanup scheduled: weekly on Sunday at 4am

      at Function.log [as info] (src/utils/logger.js:11:17)

  console.log
    ­ƒîÉ Serveur Express d├®marr├® sur le port 8080

      at log (bot.js:6057:25)

  console.log
    [2025-11-15T16:26:57.745Z] INFO: Registered cleanup function: expressServer

      at Function.log [as info] (src/utils/logger.js:11:17)

  console.error
    ÔØî Erreur API /api/shaders/compile: Error: Server error
        at Object.<anonymous> (C:\Users\anne\Desktop\GLSL_DISCORD\tests\bot.test.js:3592:70)
        at Promise.then.completed (C:\Users\anne\Desktop\GLSL_DISCORD\node_modules\jest-circus\build\utils.js:298:28)
        at new Promise (<anonymous>)
        at callAsyncCircusFn (C:\Users\anne\Desktop\GLSL_DISCORD\node_modules\jest-circus\build\utils.js:231:10)
        at _callCircusTest (C:\Users\anne\Desktop\GLSL_DISCORD\node_modules\jest-circus\build\run.js:316:40)
        at processTicksAndRejections (node:internal/process/task_queues:95:5)
        at _runTest (C:\Users\anne\Desktop\GLSL_DISCORD\node_modules\jest-circus\build\run.js:252:3)
        at _runTestsForDescribeBlock (C:\Users\anne\Desktop\GLSL_DISCORD\node_modules\jest-circus\build\run.js:126:9)
        at _runTestsForDescribeBlock (C:\Users\anne\Desktop\GLSL_DISCORD\node_modules\jest-circus\build\run.js:121:9)
        at _runTestsForDescribeBlock (C:\Users\anne\Desktop\GLSL_DISCORD\node_modules\jest-circus\build\run.js:121:9)
        at run (C:\Users\anne\Desktop\GLSL_DISCORD\node_modules\jest-circus\build\run.js:71:3)
        at runAndTransformResultsToJestFormat (C:\Users\anne\Desktop\GLSL_DISCORD\node_modules\jest-circus\build\legacy-code-todo-rewrite\jestAdapterInit.js:122:21)
        at jestAdapter (C:\Users\anne\Desktop\GLSL_DISCORD\node_modules\jest-circus\build\legacy-code-todo-rewrite\jestAdapter.js:79:19)
        at runTestInternal (C:\Users\anne\Desktop\GLSL_DISCORD\node_modules\jest-runner\build\runTest.js:367:16)
        at runTest (C:\Users\anne\Desktop\GLSL_DISCORD\node_modules\jest-runner\build\runTest.js:444:34)
        at Object.worker (C:\Users\anne\Desktop\GLSL_DISCORD\node_modules\jest-runner\build\testWorker.js:106:12)

      5974 |                 }
      5975 |             } catch (error) {
    > 5976 |                 console.error('ÔØî Erreur API /api/shaders/compile:', error);
           |                         ^
      5977 |                 res.status(500).json({ error: 'Erreur interne du serveur' });
      5978 |             }
      5979 |         });

      at error (bot.js:5976:25)
      at Object.<anonymous> (tests/bot.test.js:3610:13)

  console.log
    [2025-11-15T16:26:57.747Z] INFO: Registered cleanup function: browserPool

      at Function.log [as info] (src/utils/logger.js:11:17)

  console.log
    [2025-11-15T16:26:57.748Z] INFO: Registered cleanup function: database

      at Function.log [as info] (src/utils/logger.js:11:17)

  console.log
    [2025-11-15T16:26:57.748Z] INFO: ­ƒöä Auto backups scheduled: 0 3 * * *

      at Function.log [as info] (src/utils/logger.js:11:17)

  console.log
    [2025-11-15T16:26:57.749Z] INFO: ­ƒöä Auto cleanup scheduled: weekly on Sunday at 4am

      at Function.log [as info] (src/utils/logger.js:11:17)

  console.log
    ­ƒîÉ Serveur Express d├®marr├® sur le port 8080

      at log (bot.js:6057:25)

  console.log
    [2025-11-15T16:26:57.749Z] INFO: Registered cleanup function: expressServer

      at Function.log [as info] (src/utils/logger.js:11:17)

  console.error
    ÔØî Erreur API /api/shaders/generate: Error: Server error
        at Object.<anonymous> (C:\Users\anne\Desktop\GLSL_DISCORD\tests\bot.test.js:3630:70)
        at Promise.then.completed (C:\Users\anne\Desktop\GLSL_DISCORD\node_modules\jest-circus\build\utils.js:298:28)
        at new Promise (<anonymous>)
        at callAsyncCircusFn (C:\Users\anne\Desktop\GLSL_DISCORD\node_modules\jest-circus\build\utils.js:231:10)
        at _callCircusTest (C:\Users\anne\Desktop\GLSL_DISCORD\node_modules\jest-circus\build\run.js:316:40)
        at processTicksAndRejections (node:internal/process/task_queues:95:5)
        at _runTest (C:\Users\anne\Desktop\GLSL_DISCORD\node_modules\jest-circus\build\run.js:252:3)
        at _runTestsForDescribeBlock (C:\Users\anne\Desktop\GLSL_DISCORD\node_modules\jest-circus\build\run.js:126:9)
        at _runTestsForDescribeBlock (C:\Users\anne\Desktop\GLSL_DISCORD\node_modules\jest-circus\build\run.js:121:9)
        at _runTestsForDescribeBlock (C:\Users\anne\Desktop\GLSL_DISCORD\node_modules\jest-circus\build\run.js:121:9)
        at run (C:\Users\anne\Desktop\GLSL_DISCORD\node_modules\jest-circus\build\run.js:71:3)
        at runAndTransformResultsToJestFormat (C:\Users\anne\Desktop\GLSL_DISCORD\node_modules\jest-circus\build\legacy-code-todo-rewrite\jestAdapterInit.js:122:21)
        at jestAdapter (C:\Users\anne\Desktop\GLSL_DISCORD\node_modules\jest-circus\build\legacy-code-todo-rewrite\jestAdapter.js:79:19)
        at runTestInternal (C:\Users\anne\Desktop\GLSL_DISCORD\node_modules\jest-runner\build\runTest.js:367:16)
        at runTest (C:\Users\anne\Desktop\GLSL_DISCORD\node_modules\jest-runner\build\runTest.js:444:34)
        at Object.worker (C:\Users\anne\Desktop\GLSL_DISCORD\node_modules\jest-runner\build\testWorker.js:106:12)

      6007 |                 }
      6008 |             } catch (error) {
    > 6009 |                 console.error('ÔØî Erreur API /api/shaders/generate:', error);
           |                         ^
      6010 |                 res.status(500).json({ error: 'Erreur interne du serveur' });
      6011 |             }
      6012 |         });

      at error (bot.js:6009:25)
      at Object.<anonymous> (tests/bot.test.js:3652:13)

  console.log
    [2025-11-15T16:26:57.752Z] INFO: Registered cleanup function: browserPool

      at Function.log [as info] (src/utils/logger.js:11:17)

  console.log
    [2025-11-15T16:26:57.753Z] INFO: Registered cleanup function: database

      at Function.log [as info] (src/utils/logger.js:11:17)

  console.log
    [2025-11-15T16:26:57.753Z] INFO: ­ƒöä Auto backups scheduled: 0 3 * * *

      at Function.log [as info] (src/utils/logger.js:11:17)

  console.log
    [2025-11-15T16:26:57.754Z] INFO: ­ƒöä Auto cleanup scheduled: weekly on Sunday at 4am

      at Function.log [as info] (src/utils/logger.js:11:17)

  console.log
    ­ƒîÉ Serveur Express d├®marr├® sur le port 8080

      at log (bot.js:6057:25)

  console.log
    [2025-11-15T16:26:57.754Z] INFO: Registered cleanup function: expressServer

      at Function.log [as info] (src/utils/logger.js:11:17)

  console.error
    ÔØî Erreur API /api/shaders/preset: Error: Server error
        at Object.<anonymous> (C:\Users\anne\Desktop\GLSL_DISCORD\tests\bot.test.js:3676:70)
        at Promise.then.completed (C:\Users\anne\Desktop\GLSL_DISCORD\node_modules\jest-circus\build\utils.js:298:28)
        at new Promise (<anonymous>)
        at callAsyncCircusFn (C:\Users\anne\Desktop\GLSL_DISCORD\node_modules\jest-circus\build\utils.js:231:10)
        at _callCircusTest (C:\Users\anne\Desktop\GLSL_DISCORD\node_modules\jest-circus\build\run.js:316:40)
        at processTicksAndRejections (node:internal/process/task_queues:95:5)
        at _runTest (C:\Users\anne\Desktop\GLSL_DISCORD\node_modules\jest-circus\build\run.js:252:3)
        at _runTestsForDescribeBlock (C:\Users\anne\Desktop\GLSL_DISCORD\node_modules\jest-circus\build\run.js:126:9)
        at _runTestsForDescribeBlock (C:\Users\anne\Desktop\GLSL_DISCORD\node_modules\jest-circus\build\run.js:121:9)
        at _runTestsForDescribeBlock (C:\Users\anne\Desktop\GLSL_DISCORD\node_modules\jest-circus\build\run.js:121:9)
        at run (C:\Users\anne\Desktop\GLSL_DISCORD\node_modules\jest-circus\build\run.js:71:3)
        at runAndTransformResultsToJestFormat (C:\Users\anne\Desktop\GLSL_DISCORD\node_modules\jest-circus\build\legacy-code-todo-rewrite\jestAdapterInit.js:122:21)
        at jestAdapter (C:\Users\anne\Desktop\GLSL_DISCORD\node_modules\jest-circus\build\legacy-code-todo-rewrite\jestAdapter.js:79:19)
        at runTestInternal (C:\Users\anne\Desktop\GLSL_DISCORD\node_modules\jest-runner\build\runTest.js:367:16)
        at runTest (C:\Users\anne\Desktop\GLSL_DISCORD\node_modules\jest-runner\build\runTest.js:444:34)
        at Object.worker (C:\Users\anne\Desktop\GLSL_DISCORD\node_modules\jest-runner\build\testWorker.js:106:12)

      6037 |                 }
      6038 |             } catch (error) {
    > 6039 |                 console.error('ÔØî Erreur API /api/shaders/preset:', error);
           |                         ^
      6040 |                 res.status(500).json({ error: 'Erreur interne du serveur' });
      6041 |             }
      6042 |         });

      at error (bot.js:6039:25)
      at Object.<anonymous> (tests/bot.test.js:3694:13)

  console.log
    [2025-11-15T16:26:57.758Z] INFO: Registered cleanup function: browserPool

      at Function.log [as info] (src/utils/logger.js:11:17)

  console.log
    [2025-11-15T16:26:57.758Z] INFO: Registered cleanup function: database

      at Function.log [as info] (src/utils/logger.js:11:17)

  console.log
    [2025-11-15T16:26:57.759Z] INFO: ­ƒöä Auto backups scheduled: 0 3 * * *

      at Function.log [as info] (src/utils/logger.js:11:17)

  console.log
    [2025-11-15T16:26:57.759Z] INFO: ­ƒöä Auto cleanup scheduled: weekly on Sunday at 4am

      at Function.log [as info] (src/utils/logger.js:11:17)

  console.log
    ­ƒîÉ Serveur Express d├®marr├® sur le port 8080

      at log (bot.js:6057:25)

  console.log
    [2025-11-15T16:26:57.760Z] INFO: Registered cleanup function: expressServer

      at Function.log [as info] (src/utils/logger.js:11:17)

  console.log
    [2025-11-15T16:26:57.761Z] INFO: Registered cleanup function: browserPool

      at Function.log [as info] (src/utils/logger.js:11:17)

  console.log
    [2025-11-15T16:26:57.761Z] INFO: Registered cleanup function: database

      at Function.log [as info] (src/utils/logger.js:11:17)

  console.log
    [2025-11-15T16:26:57.762Z] INFO: ­ƒöä Auto backups scheduled: 0 3 * * *

      at Function.log [as info] (src/utils/logger.js:11:17)

  console.log
    [2025-11-15T16:26:57.762Z] INFO: ­ƒöä Auto cleanup scheduled: weekly on Sunday at 4am

      at Function.log [as info] (src/utils/logger.js:11:17)

  console.log
    ­ƒîÉ Serveur Express d├®marr├® sur le port 8080

      at log (bot.js:6057:25)

  console.log
    [2025-11-15T16:26:57.763Z] INFO: Registered cleanup function: expressServer

      at Function.log [as info] (src/utils/logger.js:11:17)

  console.log
    [2025-11-15T16:26:57.764Z] INFO: Registered cleanup function: browserPool

      at Function.log [as info] (src/utils/logger.js:11:17)

  console.log
    [2025-11-15T16:26:57.764Z] INFO: Registered cleanup function: database

      at Function.log [as info] (src/utils/logger.js:11:17)

  console.log
    [2025-11-15T16:26:57.765Z] INFO: ­ƒöä Auto backups scheduled: 0 3 * * *

      at Function.log [as info] (src/utils/logger.js:11:17)

  console.log
    [2025-11-15T16:26:57.766Z] INFO: ­ƒöä Auto cleanup scheduled: weekly on Sunday at 4am

      at Function.log [as info] (src/utils/logger.js:11:17)

  console.log
    ­ƒîÉ Serveur Express d├®marr├® sur le port 8080

      at log (bot.js:6057:25)

  console.log
    [2025-11-15T16:26:57.767Z] INFO: Registered cleanup function: expressServer

      at Function.log [as info] (src/utils/logger.js:11:17)

  console.log
    [2025-11-15T16:26:57.768Z] INFO: Registered cleanup function: browserPool

      at Function.log [as info] (src/utils/logger.js:11:17)

  console.log
    [2025-11-15T16:26:57.768Z] INFO: Registered cleanup function: database

      at Function.log [as info] (src/utils/logger.js:11:17)

  console.log
    [2025-11-15T16:26:57.768Z] INFO: ­ƒöä Auto backups scheduled: 0 3 * * *

      at Function.log [as info] (src/utils/logger.js:11:17)

  console.log
    [2025-11-15T16:26:57.769Z] INFO: ­ƒöä Auto cleanup scheduled: weekly on Sunday at 4am

      at Function.log [as info] (src/utils/logger.js:11:17)

  console.log
    ­ƒîÉ Serveur Express d├®marr├® sur le port 8080

      at log (bot.js:6057:25)

  console.log
    [2025-11-15T16:26:57.770Z] INFO: Registered cleanup function: expressServer

      at Function.log [as info] (src/utils/logger.js:11:17)

  console.log
    [2025-11-15T16:26:57.770Z] INFO: Registered cleanup function: browserPool

      at Function.log [as info] (src/utils/logger.js:11:17)

  console.log
    [2025-11-15T16:26:57.771Z] INFO: Registered cleanup function: database

      at Function.log [as info] (src/utils/logger.js:11:17)

  console.log
    [2025-11-15T16:26:57.771Z] INFO: ­ƒöä Auto backups scheduled: 0 3 * * *

      at Function.log [as info] (src/utils/logger.js:11:17)

  console.log
    [2025-11-15T16:26:57.772Z] INFO: ­ƒöä Auto cleanup scheduled: weekly on Sunday at 4am

      at Function.log [as info] (src/utils/logger.js:11:17)

  console.log
    ­ƒîÉ Serveur Express d├®marr├® sur le port 8080

      at log (bot.js:6057:25)

  console.log
    [2025-11-15T16:26:57.772Z] INFO: Registered cleanup function: expressServer

      at Function.log [as info] (src/utils/logger.js:11:17)

  console.error
    ÔØî Signature invalide, longueur: 0 attendu: 64

      63 |         
      64 |         if (sig.length !== 64) {
    > 65 |             console.error('ÔØî Signature invalide, longueur:', sig.length, 'attendu: 64');
         |                     ^
      66 |             return false;
      67 |         }
      68 |         

      at error (bot.js:65:21)
      at verifyDiscordSignatureWithRawBody (bot.js:5800:33)
      at discordHandler (tests/bot.test.js:3942:27)
      at next (tests/bot.test.js:161:13)
      at rawMiddleware (tests/bot.test.js:3941:17)
      at Object.<anonymous> (tests/bot.test.js:3940:19)

  console.error
    ÔØî Signature Discord invalide

      5801 |                 
      5802 |                 if (!isValid) {
    > 5803 |                     console.error('ÔØî Signature Discord invalide');
           |                             ^
      5804 |                     return res.status(401).send('Unauthorized: Invalid signature');
      5805 |                 }
      5806 |                 

      at error (bot.js:5803:29)
      at discordHandler (tests/bot.test.js:3942:27)
      at next (tests/bot.test.js:161:13)
      at rawMiddleware (tests/bot.test.js:3941:17)
      at Object.<anonymous> (tests/bot.test.js:3940:19)

  console.log
    [2025-11-15T16:26:57.777Z] INFO: Registered cleanup function: browserPool

      at Function.log [as info] (src/utils/logger.js:11:17)

  console.log
    [2025-11-15T16:26:57.778Z] INFO: Registered cleanup function: database

      at Function.log [as info] (src/utils/logger.js:11:17)

  console.log
    [2025-11-15T16:26:57.778Z] INFO: ­ƒöä Auto backups scheduled: 0 3 * * *

      at Function.log [as info] (src/utils/logger.js:11:17)

  console.log
    [2025-11-15T16:26:57.779Z] INFO: ­ƒöä Auto cleanup scheduled: weekly on Sunday at 4am

      at Function.log [as info] (src/utils/logger.js:11:17)

  console.log
    ­ƒîÉ Serveur Express d├®marr├® sur le port 8080

      at log (bot.js:6057:25)

  console.log
    [2025-11-15T16:26:57.779Z] INFO: Registered cleanup function: expressServer

      at Function.log [as info] (src/utils/logger.js:11:17)

  console.error
    ÔØî Signature invalide, longueur: 0 attendu: 64

      63 |         
      64 |         if (sig.length !== 64) {
    > 65 |             console.error('ÔØî Signature invalide, longueur:', sig.length, 'attendu: 64');
         |                     ^
      66 |             return false;
      67 |         }
      68 |         

      at error (bot.js:65:21)
      at verifyDiscordSignatureWithRawBody (bot.js:5800:33)
      at discordHandler (tests/bot.test.js:4005:27)
      at next (tests/bot.test.js:161:13)
      at rawMiddleware (tests/bot.test.js:4004:17)
      at Object.<anonymous> (tests/bot.test.js:4003:19)

  console.error
    ÔØî Signature Discord invalide

      5801 |                 
      5802 |                 if (!isValid) {
    > 5803 |                     console.error('ÔØî Signature Discord invalide');
           |                             ^
      5804 |                     return res.status(401).send('Unauthorized: Invalid signature');
      5805 |                 }
      5806 |                 

      at error (bot.js:5803:29)
      at discordHandler (tests/bot.test.js:4005:27)
      at next (tests/bot.test.js:161:13)
      at rawMiddleware (tests/bot.test.js:4004:17)
      at Object.<anonymous> (tests/bot.test.js:4003:19)

  console.log
    [2025-11-15T16:26:57.784Z] INFO: Registered cleanup function: browserPool

      at Function.log [as info] (src/utils/logger.js:11:17)

  console.log
    [2025-11-15T16:26:57.784Z] INFO: Registered cleanup function: database

      at Function.log [as info] (src/utils/logger.js:11:17)

  console.log
    [2025-11-15T16:26:57.785Z] INFO: ­ƒöä Auto backups scheduled: 0 3 * * *

      at Function.log [as info] (src/utils/logger.js:11:17)

  console.log
    [2025-11-15T16:26:57.785Z] INFO: ­ƒöä Auto cleanup scheduled: weekly on Sunday at 4am

      at Function.log [as info] (src/utils/logger.js:11:17)

  console.log
    ­ƒîÉ Serveur Express d├®marr├® sur le port 8080

      at log (bot.js:6057:25)

  console.log
    [2025-11-15T16:26:57.786Z] INFO: Registered cleanup function: expressServer

      at Function.log [as info] (src/utils/logger.js:11:17)

  console.error
    ÔØî Signature invalide, longueur: 0 attendu: 64

      63 |         
      64 |         if (sig.length !== 64) {
    > 65 |             console.error('ÔØî Signature invalide, longueur:', sig.length, 'attendu: 64');
         |                     ^
      66 |             return false;
      67 |         }
      68 |         

      at error (bot.js:65:21)
      at verifyDiscordSignatureWithRawBody (bot.js:5800:33)
      at discordHandler (tests/bot.test.js:4081:27)
      at next (tests/bot.test.js:161:13)
      at rawMiddleware (tests/bot.test.js:4080:17)
      at Object.<anonymous> (tests/bot.test.js:4079:19)

  console.error
    ÔØî Signature Discord invalide

      5801 |                 
      5802 |                 if (!isValid) {
    > 5803 |                     console.error('ÔØî Signature Discord invalide');
           |                             ^
      5804 |                     return res.status(401).send('Unauthorized: Invalid signature');
      5805 |                 }
      5806 |                 

      at error (bot.js:5803:29)
      at discordHandler (tests/bot.test.js:4081:27)
      at next (tests/bot.test.js:161:13)
      at rawMiddleware (tests/bot.test.js:4080:17)
      at Object.<anonymous> (tests/bot.test.js:4079:19)

  console.log
    [2025-11-15T16:26:57.791Z] INFO: Registered cleanup function: browserPool

      at Function.log [as info] (src/utils/logger.js:11:17)

  console.log
    [2025-11-15T16:26:57.791Z] INFO: Registered cleanup function: database

      at Function.log [as info] (src/utils/logger.js:11:17)

  console.log
    [2025-11-15T16:26:57.792Z] INFO: ­ƒöä Auto backups scheduled: 0 3 * * *

      at Function.log [as info] (src/utils/logger.js:11:17)

  console.log
    [2025-11-15T16:26:57.792Z] INFO: ­ƒöä Auto cleanup scheduled: weekly on Sunday at 4am

      at Function.log [as info] (src/utils/logger.js:11:17)

  console.log
    ­ƒîÉ Serveur Express d├®marr├® sur le port 8080

      at log (bot.js:6057:25)

  console.log
    [2025-11-15T16:26:57.793Z] INFO: Registered cleanup function: expressServer

      at Function.log [as info] (src/utils/logger.js:11:17)

  console.error
    ÔØî Signature invalide, longueur: 0 attendu: 64

      63 |         
      64 |         if (sig.length !== 64) {
    > 65 |             console.error('ÔØî Signature invalide, longueur:', sig.length, 'attendu: 64');
         |                     ^
      66 |             return false;
      67 |         }
      68 |         

      at error (bot.js:65:21)
      at verifyDiscordSignatureWithRawBody (bot.js:5800:33)
      at discordHandler (tests/bot.test.js:4154:27)
      at next (tests/bot.test.js:161:13)
      at rawMiddleware (tests/bot.test.js:4153:17)
      at Object.<anonymous> (tests/bot.test.js:4152:19)

  console.error
    ÔØî Signature Discord invalide

      5801 |                 
      5802 |                 if (!isValid) {
    > 5803 |                     console.error('ÔØî Signature Discord invalide');
           |                             ^
      5804 |                     return res.status(401).send('Unauthorized: Invalid signature');
      5805 |                 }
      5806 |                 

      at error (bot.js:5803:29)
      at discordHandler (tests/bot.test.js:4154:27)
      at next (tests/bot.test.js:161:13)
      at rawMiddleware (tests/bot.test.js:4153:17)
      at Object.<anonymous> (tests/bot.test.js:4152:19)

  console.log
    [2025-11-15T16:26:57.797Z] INFO: Registered cleanup function: browserPool

      at Function.log [as info] (src/utils/logger.js:11:17)

  console.log
    [2025-11-15T16:26:57.797Z] INFO: Registered cleanup function: database

      at Function.log [as info] (src/utils/logger.js:11:17)

  console.log
    [2025-11-15T16:26:57.798Z] INFO: ­ƒöä Auto backups scheduled: 0 3 * * *

      at Function.log [as info] (src/utils/logger.js:11:17)

  console.log
    [2025-11-15T16:26:57.798Z] INFO: ­ƒöä Auto cleanup scheduled: weekly on Sunday at 4am

      at Function.log [as info] (src/utils/logger.js:11:17)

  console.log
    ­ƒîÉ Serveur Express d├®marr├® sur le port 8080

      at log (bot.js:6057:25)

  console.log
    [2025-11-15T16:26:57.799Z] INFO: Registered cleanup function: expressServer

      at Function.log [as info] (src/utils/logger.js:11:17)

  console.error
    ÔØî Signature invalide, longueur: 0 attendu: 64

      63 |         
      64 |         if (sig.length !== 64) {
    > 65 |             console.error('ÔØî Signature invalide, longueur:', sig.length, 'attendu: 64');
         |                     ^
      66 |             return false;
      67 |         }
      68 |         

      at error (bot.js:65:21)
      at verifyDiscordSignatureWithRawBody (bot.js:5800:33)
      at discordHandler (tests/bot.test.js:4228:27)
      at next (tests/bot.test.js:161:13)
      at rawMiddleware (tests/bot.test.js:4227:17)
      at Object.<anonymous> (tests/bot.test.js:4226:19)

  console.error
    ÔØî Signature Discord invalide

      5801 |                 
      5802 |                 if (!isValid) {
    > 5803 |                     console.error('ÔØî Signature Discord invalide');
           |                             ^
      5804 |                     return res.status(401).send('Unauthorized: Invalid signature');
      5805 |                 }
      5806 |                 

      at error (bot.js:5803:29)
      at discordHandler (tests/bot.test.js:4228:27)
      at next (tests/bot.test.js:161:13)
      at rawMiddleware (tests/bot.test.js:4227:17)
      at Object.<anonymous> (tests/bot.test.js:4226:19)

  console.log
    [2025-11-15T16:26:57.803Z] INFO: Registered cleanup function: browserPool

      at Function.log [as info] (src/utils/logger.js:11:17)

  console.log
    [2025-11-15T16:26:57.804Z] INFO: Registered cleanup function: database

      at Function.log [as info] (src/utils/logger.js:11:17)

  console.log
    [2025-11-15T16:26:57.804Z] INFO: ­ƒöä Auto backups scheduled: 0 3 * * *

      at Function.log [as info] (src/utils/logger.js:11:17)

  console.log
    [2025-11-15T16:26:57.804Z] INFO: ­ƒöä Auto cleanup scheduled: weekly on Sunday at 4am

      at Function.log [as info] (src/utils/logger.js:11:17)

  console.log
    ­ƒîÉ Serveur Express d├®marr├® sur le port 8080

      at log (bot.js:6057:25)

  console.log
    [2025-11-15T16:26:57.805Z] INFO: Registered cleanup function: expressServer

      at Function.log [as info] (src/utils/logger.js:11:17)

  console.log
    [2025-11-15T16:26:57.807Z] INFO: Registered cleanup function: browserPool

      at Function.log [as info] (src/utils/logger.js:11:17)

  console.log
    [2025-11-15T16:26:57.808Z] INFO: Registered cleanup function: database

      at Function.log [as info] (src/utils/logger.js:11:17)

  console.log
    [2025-11-15T16:26:57.808Z] INFO: ­ƒöä Auto backups scheduled: 0 3 * * *

      at Function.log [as info] (src/utils/logger.js:11:17)

  console.log
    [2025-11-15T16:26:57.809Z] INFO: ­ƒöä Auto cleanup scheduled: weekly on Sunday at 4am

      at Function.log [as info] (src/utils/logger.js:11:17)

  console.log
    ­ƒîÉ Serveur Express d├®marr├® sur le port 8080

      at log (bot.js:6057:25)

  console.log
    [2025-11-15T16:26:57.809Z] INFO: Registered cleanup function: expressServer

      at Function.log [as info] (src/utils/logger.js:11:17)

  console.log
    [2025-11-15T16:26:57.810Z] INFO: Registered cleanup function: browserPool

      at Function.log [as info] (src/utils/logger.js:11:17)

  console.log
    [2025-11-15T16:26:57.811Z] INFO: Registered cleanup function: database

      at Function.log [as info] (src/utils/logger.js:11:17)

  console.log
    [2025-11-15T16:26:57.811Z] INFO: ­ƒöä Auto backups scheduled: 0 3 * * *

      at Function.log [as info] (src/utils/logger.js:11:17)

  console.log
    [2025-11-15T16:26:57.812Z] INFO: ­ƒöä Auto cleanup scheduled: weekly on Sunday at 4am

      at Function.log [as info] (src/utils/logger.js:11:17)

  console.log
    ­ƒîÉ Serveur Express d├®marr├® sur le port 8080

      at log (bot.js:6057:25)

  console.log
    [2025-11-15T16:26:57.812Z] INFO: Registered cleanup function: expressServer

      at Function.log [as info] (src/utils/logger.js:11:17)

  console.log
    [2025-11-15T16:26:57.813Z] INFO: Registered cleanup function: browserPool

      at Function.log [as info] (src/utils/logger.js:11:17)

  console.log
    [2025-11-15T16:26:57.814Z] INFO: Registered cleanup function: database

      at Function.log [as info] (src/utils/logger.js:11:17)

  console.log
    [2025-11-15T16:26:57.814Z] INFO: ­ƒöä Auto backups scheduled: 0 3 * * *

      at Function.log [as info] (src/utils/logger.js:11:17)

  console.log
    [2025-11-15T16:26:57.814Z] INFO: ­ƒöä Auto cleanup scheduled: weekly on Sunday at 4am

      at Function.log [as info] (src/utils/logger.js:11:17)

  console.log
    ­ƒîÉ Serveur Express d├®marr├® sur le port 8080

      at log (bot.js:6057:25)

  console.log
    [2025-11-15T16:26:57.815Z] INFO: Registered cleanup function: expressServer

      at Function.log [as info] (src/utils/logger.js:11:17)

  console.log
    [2025-11-15T16:26:57.817Z] INFO: Registered cleanup function: browserPool

      at Function.log [as info] (src/utils/logger.js:11:17)

  console.log
    [2025-11-15T16:26:57.818Z] INFO: Registered cleanup function: database

      at Function.log [as info] (src/utils/logger.js:11:17)

  console.log
    [2025-11-15T16:26:57.818Z] INFO: ­ƒöä Auto backups scheduled: 0 3 * * *

      at Function.log [as info] (src/utils/logger.js:11:17)

  console.log
    [2025-11-15T16:26:57.819Z] INFO: ­ƒöä Auto cleanup scheduled: weekly on Sunday at 4am

      at Function.log [as info] (src/utils/logger.js:11:17)

  console.log
    ­ƒîÉ Serveur Express d├®marr├® sur le port 8080

      at log (bot.js:6057:25)

  console.log
    [2025-11-15T16:26:57.819Z] INFO: Registered cleanup function: expressServer

      at Function.log [as info] (src/utils/logger.js:11:17)

  console.log
    [2025-11-15T16:26:57.820Z] INFO: Registered cleanup function: browserPool

      at Function.log [as info] (src/utils/logger.js:11:17)

  console.log
    [2025-11-15T16:26:57.821Z] INFO: Registered cleanup function: database

      at Function.log [as info] (src/utils/logger.js:11:17)

  console.log
    [2025-11-15T16:26:57.821Z] INFO: ­ƒöä Auto backups scheduled: 0 3 * * *

      at Function.log [as info] (src/utils/logger.js:11:17)

  console.log
    [2025-11-15T16:26:57.821Z] INFO: ­ƒöä Auto cleanup scheduled: weekly on Sunday at 4am

      at Function.log [as info] (src/utils/logger.js:11:17)

  console.log
    ­ƒîÉ Serveur Express d├®marr├® sur le port 8080

      at log (bot.js:6057:25)

  console.log
    [2025-11-15T16:26:57.822Z] INFO: Registered cleanup function: expressServer

      at Function.log [as info] (src/utils/logger.js:11:17)

  console.log
    [2025-11-15T16:26:57.823Z] INFO: Registered cleanup function: browserPool

      at Function.log [as info] (src/utils/logger.js:11:17)

  console.log
    [2025-11-15T16:26:57.823Z] INFO: Registered cleanup function: database

      at Function.log [as info] (src/utils/logger.js:11:17)

  console.log
    [2025-11-15T16:26:57.824Z] INFO: ­ƒöä Auto backups scheduled: 0 3 * * *

      at Function.log [as info] (src/utils/logger.js:11:17)

  console.log
    [2025-11-15T16:26:57.824Z] INFO: ­ƒöä Auto cleanup scheduled: weekly on Sunday at 4am

      at Function.log [as info] (src/utils/logger.js:11:17)

  console.log
    ­ƒîÉ Serveur Express d├®marr├® sur le port 8080

      at log (bot.js:6057:25)

  console.log
    [2025-11-15T16:26:57.825Z] INFO: Registered cleanup function: expressServer

      at Function.log [as info] (src/utils/logger.js:11:17)

  console.log
    [2025-11-15T16:26:57.826Z] INFO: Registered cleanup function: browserPool

      at Function.log [as info] (src/utils/logger.js:11:17)

  console.log
    [2025-11-15T16:26:57.826Z] INFO: Registered cleanup function: database

      at Function.log [as info] (src/utils/logger.js:11:17)

  console.log
    [2025-11-15T16:26:57.827Z] INFO: ­ƒöä Auto backups scheduled: 0 3 * * *

      at Function.log [as info] (src/utils/logger.js:11:17)

  console.log
    [2025-11-15T16:26:57.827Z] INFO: ­ƒöä Auto cleanup scheduled: weekly on Sunday at 4am

      at Function.log [as info] (src/utils/logger.js:11:17)

  console.log
    ­ƒîÉ Serveur Express d├®marr├® sur le port 8080

      at log (bot.js:6057:25)

  console.log
    [2025-11-15T16:26:57.828Z] INFO: Registered cleanup function: expressServer

      at Function.log [as info] (src/utils/logger.js:11:17)

  console.log
    [2025-11-15T16:26:57.829Z] INFO: Registered cleanup function: browserPool

      at Function.log [as info] (src/utils/logger.js:11:17)

  console.log
    [2025-11-15T16:26:57.829Z] INFO: Registered cleanup function: database

      at Function.log [as info] (src/utils/logger.js:11:17)

  console.log
    [2025-11-15T16:26:57.830Z] INFO: ­ƒöä Auto backups scheduled: 0 3 * * *

      at Function.log [as info] (src/utils/logger.js:11:17)

  console.log
    [2025-11-15T16:26:57.830Z] INFO: ­ƒöä Auto cleanup scheduled: weekly on Sunday at 4am

      at Function.log [as info] (src/utils/logger.js:11:17)

  console.log
    ­ƒîÉ Serveur Express d├®marr├® sur le port 8080

      at log (bot.js:6057:25)

  console.log
    [2025-11-15T16:26:57.831Z] INFO: Registered cleanup function: expressServer

      at Function.log [as info] (src/utils/logger.js:11:17)

  console.log
    [2025-11-15T16:26:57.832Z] INFO: Registered cleanup function: browserPool

      at Function.log [as info] (src/utils/logger.js:11:17)

  console.log
    [2025-11-15T16:26:57.832Z] INFO: Registered cleanup function: database

      at Function.log [as info] (src/utils/logger.js:11:17)

  console.log
    [2025-11-15T16:26:57.832Z] INFO: ­ƒöä Auto backups scheduled: 0 3 * * *

      at Function.log [as info] (src/utils/logger.js:11:17)

  console.log
    [2025-11-15T16:26:57.833Z] INFO: ­ƒöä Auto cleanup scheduled: weekly on Sunday at 4am

      at Function.log [as info] (src/utils/logger.js:11:17)

  console.log
    ­ƒîÉ Serveur Express d├®marr├® sur le port 8080

      at log (bot.js:6057:25)

  console.log
    [2025-11-15T16:26:57.834Z] INFO: Registered cleanup function: expressServer

      at Function.log [as info] (src/utils/logger.js:11:17)

  console.log
    [2025-11-15T16:26:57.835Z] INFO: Registered cleanup function: browserPool

      at Function.log [as info] (src/utils/logger.js:11:17)

  console.log
    [2025-11-15T16:26:57.835Z] INFO: Registered cleanup function: database

      at Function.log [as info] (src/utils/logger.js:11:17)

  console.log
    [2025-11-15T16:26:57.835Z] INFO: ­ƒöä Auto backups scheduled: 0 3 * * *

      at Function.log [as info] (src/utils/logger.js:11:17)

  console.log
    [2025-11-15T16:26:57.836Z] INFO: ­ƒöä Auto cleanup scheduled: weekly on Sunday at 4am

      at Function.log [as info] (src/utils/logger.js:11:17)

  console.log
    ­ƒîÉ Serveur Express d├®marr├® sur le port 8080

      at log (bot.js:6057:25)

  console.log
    [2025-11-15T16:26:57.837Z] INFO: Registered cleanup function: expressServer

      at Function.log [as info] (src/utils/logger.js:11:17)

  console.log
    [2025-11-15T16:26:57.838Z] INFO: Registered cleanup function: browserPool

      at Function.log [as info] (src/utils/logger.js:11:17)

  console.log
    [2025-11-15T16:26:57.838Z] INFO: Registered cleanup function: database

      at Function.log [as info] (src/utils/logger.js:11:17)

  console.log
    [2025-11-15T16:26:57.838Z] INFO: ­ƒöä Auto backups scheduled: 0 3 * * *

      at Function.log [as info] (src/utils/logger.js:11:17)

  console.log
    [2025-11-15T16:26:57.840Z] INFO: ­ƒöä Auto cleanup scheduled: weekly on Sunday at 4am

      at Function.log [as info] (src/utils/logger.js:11:17)

  console.log
    ­ƒîÉ Serveur Express d├®marr├® sur le port 8080

      at log (bot.js:6057:25)

  console.log
    [2025-11-15T16:26:57.840Z] INFO: Registered cleanup function: expressServer

      at Function.log [as info] (src/utils/logger.js:11:17)

  console.log
    [2025-11-15T16:26:57.841Z] INFO: Registered cleanup function: browserPool

      at Function.log [as info] (src/utils/logger.js:11:17)

  console.log
    [2025-11-15T16:26:57.842Z] INFO: Registered cleanup function: database

      at Function.log [as info] (src/utils/logger.js:11:17)

  console.log
    [2025-11-15T16:26:57.842Z] INFO: ­ƒöä Auto backups scheduled: 0 3 * * *

      at Function.log [as info] (src/utils/logger.js:11:17)

  console.log
    [2025-11-15T16:26:57.843Z] INFO: ­ƒöä Auto cleanup scheduled: weekly on Sunday at 4am

      at Function.log [as info] (src/utils/logger.js:11:17)

  console.log
    ­ƒîÉ Serveur Express d├®marr├® sur le port 8080

      at log (bot.js:6057:25)

  console.log
    [2025-11-15T16:26:57.843Z] INFO: Registered cleanup function: expressServer

      at Function.log [as info] (src/utils/logger.js:11:17)

  console.log
    [2025-11-15T16:26:57.844Z] INFO: Registered cleanup function: browserPool

      at Function.log [as info] (src/utils/logger.js:11:17)

  console.log
    [2025-11-15T16:26:57.845Z] INFO: Registered cleanup function: database

      at Function.log [as info] (src/utils/logger.js:11:17)

  console.log
    [2025-11-15T16:26:57.845Z] INFO: ­ƒöä Auto backups scheduled: 0 3 * * *

      at Function.log [as info] (src/utils/logger.js:11:17)

  console.log
    [2025-11-15T16:26:57.845Z] INFO: ­ƒöä Auto cleanup scheduled: weekly on Sunday at 4am

      at Function.log [as info] (src/utils/logger.js:11:17)

  console.log
    ­ƒîÉ Serveur Express d├®marr├® sur le port 8080

      at log (bot.js:6057:25)

  console.log
    [2025-11-15T16:26:57.846Z] INFO: Registered cleanup function: expressServer

      at Function.log [as info] (src/utils/logger.js:11:17)

  console.log
    [2025-11-15T16:26:57.848Z] INFO: Registered cleanup function: browserPool

      at Function.log [as info] (src/utils/logger.js:11:17)

  console.log
    [2025-11-15T16:26:57.848Z] INFO: Registered cleanup function: database

      at Function.log [as info] (src/utils/logger.js:11:17)

  console.log
    [2025-11-15T16:26:57.849Z] INFO: ­ƒöä Auto backups scheduled: 0 3 * * *

      at Function.log [as info] (src/utils/logger.js:11:17)

  console.log
    [2025-11-15T16:26:57.849Z] INFO: ­ƒöä Auto cleanup scheduled: weekly on Sunday at 4am

      at Function.log [as info] (src/utils/logger.js:11:17)

  console.log
    ­ƒîÉ Serveur Express d├®marr├® sur le port 8080

      at log (bot.js:6057:25)

  console.log
    [2025-11-15T16:26:57.850Z] INFO: Registered cleanup function: expressServer

      at Function.log [as info] (src/utils/logger.js:11:17)

  console.log
    ­ƒöä handleInteractionFromHTTP appel├®

      at GLSLDiscordBot.log [as handleInteractionFromHTTP] (bot.js:4594:17)

  console.log
    ­ƒôï Interaction d├®tails: {
      id: '123',
      hasToken: true,
      type: 2,
      commandName: 'help',
      markedAsProcessed: true
    }

      at GLSLDiscordBot.log [as handleInteractionFromHTTP] (bot.js:4609:17)

  console.log
    ­ƒöì Commande HTTP re├ºue: help (user: testuser#1234)

      at GLSLDiscordBot.log [as handleInteractionFromHTTP] (bot.js:4633:25)

  console.log
    ÔûÂ´©Å Ex├®cution commande HTTP: help

      at GLSLDiscordBot.log [as handleInteractionFromHTTP] (bot.js:5634:29)

  console.log
    ­ƒôÄ Envoi de 1 fichier(s) - Test de toutes les strat├®gies

      at Object.log [as editReply] (bot.js:4726:37)

  console.log
    ­ƒº¬ TEST STRAT├ëGIE "rest.patch_file_only_no_embed": Envoyer le GIF comme fichier attach├® sans embed (meilleure compatibilit├® GIF anim├®)

      at Object.log [as editReply] (bot.js:5505:45)

  console.log
    ­ƒôª Fichier test.gif: 16 bytes lus depuis C:\Users\anne\Desktop\GLSL_DISCORD\tests\temp-test-1763224017852-kppclp.gif

      at Object.log [as test] (bot.js:4823:57)

  console.log
      - ÔØî ├ëchec: Discord API error: 404 Not Found - {"message": "Unknown Webhook", "code": 10015}

      at Object.log [as editReply] (bot.js:5513:45)

  console.log
    ­ƒº¬ TEST STRAT├ëGIE "rest.patch_double_edit_workaround": Double ├®dition avec AttachmentBuilder + embed minimal (workaround bug Discord)

      at Object.log [as editReply] (bot.js:5505:45)

  console.log
    ­ƒöä Double ├®dition - 1├¿re ├®dition avec AttachmentBuilder

      at Object.log [as test] (bot.js:4884:49)

  console.log
      - ÔØî ├ëchec: Strategy 1 failed

      at Object.log [as editReply] (bot.js:5513:45)

  console.log
    ­ƒº¬ TEST STRAT├ëGIE "rest.patch_with_attachments_payload": rest.patch avec attachments dans payload_json + embed minimal

      at Object.log [as editReply] (bot.js:5505:45)

  console.log
      - ÔØî ├ëchec: Strategy 2 failed

      at Object.log [as editReply] (bot.js:5513:45)

  console.log
    ­ƒº¬ TEST STRAT├ëGIE "rest.patch_AttachmentBuilder_minimal_embed": rest.patch avec AttachmentBuilder originaux + embed minimal

      at Object.log [as editReply] (bot.js:5505:45)

  console.log
    Ô£à Ô£à Ô£à SUCC├êS avec strat├®gie "rest.patch_AttachmentBuilder_minimal_embed"! Ô£à Ô£à Ô£à

      at Object.log [as editReply] (bot.js:5507:45)

  console.log
    Ô£à Cette strat├®gie fonctionne: rest.patch avec AttachmentBuilder originaux + embed minimal

      at Object.log [as editReply] (bot.js:5508:45)

  console.log
    Ô£à Commande HTTP help ex├®cut├®e avec succ├¿s

      at GLSLDiscordBot.log [as handleInteractionFromHTTP] (bot.js:5640:29)

  console.log
    ­ƒöä handleInteractionFromHTTP appel├®

      at GLSLDiscordBot.log [as handleInteractionFromHTTP] (bot.js:4594:17)

  console.log
    ­ƒôï Interaction d├®tails: {
      id: '123',
      hasToken: true,
      type: 2,
      commandName: 'help',
      markedAsProcessed: true
    }

      at GLSLDiscordBot.log [as handleInteractionFromHTTP] (bot.js:4609:17)

  console.log
    ­ƒöì Commande HTTP re├ºue: help (user: testuser#1234)

      at GLSLDiscordBot.log [as handleInteractionFromHTTP] (bot.js:4633:25)

  console.log
    ÔûÂ´©Å Ex├®cution commande HTTP: help

      at GLSLDiscordBot.log [as handleInteractionFromHTTP] (bot.js:5634:29)

  console.log
    ­ƒôÄ Envoi de 1 fichier(s) - Test de toutes les strat├®gies

      at Object.log [as editReply] (bot.js:4726:37)

  console.log
    ­ƒº¬ TEST STRAT├ëGIE "rest.patch_file_only_no_embed": Envoyer le GIF comme fichier attach├® sans embed (meilleure compatibilit├® GIF anim├®)

      at Object.log [as editReply] (bot.js:5505:45)

  console.log
    ­ƒôª Fichier test.gif: 16 bytes depuis buffer

      at Object.log [as test] (bot.js:4827:57)

  console.log
      - ÔØî ├ëchec: Discord API error: 404 Not Found - {"message": "Unknown Webhook", "code": 10015}

      at Object.log [as editReply] (bot.js:5513:45)

  console.log
    ­ƒº¬ TEST STRAT├ëGIE "rest.patch_double_edit_workaround": Double ├®dition avec AttachmentBuilder + embed minimal (workaround bug Discord)

      at Object.log [as editReply] (bot.js:5505:45)

  console.log
    ­ƒöä Double ├®dition - 1├¿re ├®dition avec AttachmentBuilder

      at Object.log [as test] (bot.js:4884:49)

  console.log
    ­ƒöä Double ├®dition - 2├¿me ├®dition avec fichiers en Buffer

      at Object.log [as test] (bot.js:4896:49)

  console.log
    Ô£à Ô£à Ô£à SUCC├êS avec strat├®gie "rest.patch_double_edit_workaround"! Ô£à Ô£à Ô£à

      at Object.log [as editReply] (bot.js:5507:45)

  console.log
    Ô£à Cette strat├®gie fonctionne: Double ├®dition avec AttachmentBuilder + embed minimal (workaround bug Discord)

      at Object.log [as editReply] (bot.js:5508:45)

  console.log
    Ô£à Commande HTTP help ex├®cut├®e avec succ├¿s

      at GLSLDiscordBot.log [as handleInteractionFromHTTP] (bot.js:5640:29)

  console.log
    ­ƒöä handleInteractionFromHTTP appel├®

      at GLSLDiscordBot.log [as handleInteractionFromHTTP] (bot.js:4594:17)

  console.log
    ­ƒôï Interaction d├®tails: {
      id: '123',
      hasToken: true,
      type: 2,
      commandName: 'help',
      markedAsProcessed: true
    }

      at GLSLDiscordBot.log [as handleInteractionFromHTTP] (bot.js:4609:17)

  console.log
    ­ƒöì Commande HTTP re├ºue: help (user: testuser#1234)

      at GLSLDiscordBot.log [as handleInteractionFromHTTP] (bot.js:4633:25)

  console.log
    ÔûÂ´©Å Ex├®cution commande HTTP: help

      at GLSLDiscordBot.log [as handleInteractionFromHTTP] (bot.js:5634:29)

  console.log
    Ô£à Envoi JSON pur - embeds seuls (content supprim├® car non requis)

      at Object.log [as editReply] (bot.js:5532:41)

  console.log
    Ô£à Commande HTTP help ex├®cut├®e avec succ├¿s

      at GLSLDiscordBot.log [as handleInteractionFromHTTP] (bot.js:5640:29)

  console.log
    ­ƒöä handleInteractionFromHTTP appel├®

      at GLSLDiscordBot.log [as handleInteractionFromHTTP] (bot.js:4594:17)

  console.log
    ­ƒôï Interaction d├®tails: {
      id: '123',
      hasToken: true,
      type: 2,
      commandName: 'help',
      markedAsProcessed: true
    }

      at GLSLDiscordBot.log [as handleInteractionFromHTTP] (bot.js:4609:17)

  console.log
    ­ƒöì Commande HTTP re├ºue: help (user: testuser#1234)

      at GLSLDiscordBot.log [as handleInteractionFromHTTP] (bot.js:4633:25)

  console.log
    ÔûÂ´©Å Ex├®cution commande HTTP: help

      at GLSLDiscordBot.log [as handleInteractionFromHTTP] (bot.js:5634:29)

  console.log
    Ô£à Commande HTTP help ex├®cut├®e avec succ├¿s

      at GLSLDiscordBot.log [as handleInteractionFromHTTP] (bot.js:5640:29)

  console.log
    ­ƒöä handleInteractionFromHTTP appel├®

      at GLSLDiscordBot.log [as handleInteractionFromHTTP] (bot.js:4594:17)

  console.log
    ­ƒôï Interaction d├®tails: {
      id: '123',
      hasToken: true,
      type: 2,
      commandName: 'help',
      markedAsProcessed: true
    }

      at GLSLDiscordBot.log [as handleInteractionFromHTTP] (bot.js:4609:17)

  console.log
    ­ƒöì Commande HTTP re├ºue: help (user: testuser#1234)

      at GLSLDiscordBot.log [as handleInteractionFromHTTP] (bot.js:4633:25)

  console.log
    ÔûÂ´©Å Ex├®cution commande HTTP: help

      at GLSLDiscordBot.log [as handleInteractionFromHTTP] (bot.js:5634:29)

  console.log
    Ô£à Commande HTTP help ex├®cut├®e avec succ├¿s

      at GLSLDiscordBot.log [as handleInteractionFromHTTP] (bot.js:5640:29)

  console.log
    ­ƒöä handleInteractionFromHTTP appel├®

      at GLSLDiscordBot.log [as handleInteractionFromHTTP] (bot.js:4594:17)

  console.log
    ­ƒôï Interaction d├®tails: {
      id: '123',
      hasToken: true,
      type: 2,
      commandName: 'help',
      markedAsProcessed: true
    }

      at GLSLDiscordBot.log [as handleInteractionFromHTTP] (bot.js:4609:17)

  console.log
    ­ƒöì Commande HTTP re├ºue: help (user: testuser#1234)

      at GLSLDiscordBot.log [as handleInteractionFromHTTP] (bot.js:4633:25)

  console.log
    ÔûÂ´©Å Ex├®cution commande HTTP: help

      at GLSLDiscordBot.log [as handleInteractionFromHTTP] (bot.js:5634:29)

  console.log
    ­ƒôÄ Envoi de 1 fichier(s) - Test de toutes les strat├®gies

      at Object.log [as editReply] (bot.js:4726:37)

  console.log
    ­ƒº¬ TEST STRAT├ëGIE "rest.patch_file_only_no_embed": Envoyer le GIF comme fichier attach├® sans embed (meilleure compatibilit├® GIF anim├®)

      at Object.log [as editReply] (bot.js:5505:45)

  console.log
    ­ƒôª Fichier test.gif: 16 bytes depuis stream

      at Object.log [as test] (bot.js:4835:57)

  console.log
    Ô£à Ô£à Ô£à SUCC├êS avec strat├®gie "rest.patch_file_only_no_embed"! Ô£à Ô£à Ô£à

      at Object.log [as editReply] (bot.js:5507:45)

  console.log
    Ô£à Cette strat├®gie fonctionne: Envoyer le GIF comme fichier attach├® sans embed (meilleure compatibilit├® GIF anim├®)

      at Object.log [as editReply] (bot.js:5508:45)

  console.log
    Ô£à Commande HTTP help ex├®cut├®e avec succ├¿s

      at GLSLDiscordBot.log [as handleInteractionFromHTTP] (bot.js:5640:29)

  console.log
    ­ƒöä handleInteractionFromHTTP appel├®

      at GLSLDiscordBot.log [as handleInteractionFromHTTP] (bot.js:4594:17)

  console.log
    ­ƒôï Interaction d├®tails: {
      id: '123',
      hasToken: true,
      type: 2,
      commandName: 'help',
      markedAsProcessed: true
    }

      at GLSLDiscordBot.log [as handleInteractionFromHTTP] (bot.js:4609:17)

  console.log
    ­ƒöì Commande HTTP re├ºue: help (user: testuser#1234)

      at GLSLDiscordBot.log [as handleInteractionFromHTTP] (bot.js:4633:25)

  console.log
    ÔûÂ´©Å Ex├®cution commande HTTP: help

      at GLSLDiscordBot.log [as handleInteractionFromHTTP] (bot.js:5634:29)

  console.log
    ­ƒôÄ Envoi de 1 fichier(s) - Test de toutes les strat├®gies

      at Object.log [as editReply] (bot.js:4726:37)

  console.log
    ­ƒº¬ TEST STRAT├ëGIE "rest.patch_file_only_no_embed": Envoyer le GIF comme fichier attach├® sans embed (meilleure compatibilit├® GIF anim├®)

      at Object.log [as editReply] (bot.js:5505:45)

  console.log
    ­ƒôª Fichier test.gif: 16 bytes lus depuis C:\Users\anne\Desktop\GLSL_DISCORD\tests\temp-test-1763224019389-km0udf.gif

      at Object.log [as test] (bot.js:4823:57)

  console.log
    Ô£à Ô£à Ô£à SUCC├êS avec strat├®gie "rest.patch_file_only_no_embed"! Ô£à Ô£à Ô£à

      at Object.log [as editReply] (bot.js:5507:45)

  console.log
    Ô£à Cette strat├®gie fonctionne: Envoyer le GIF comme fichier attach├® sans embed (meilleure compatibilit├® GIF anim├®)

      at Object.log [as editReply] (bot.js:5508:45)

  console.log
    Ô£à Commande HTTP help ex├®cut├®e avec succ├¿s

      at GLSLDiscordBot.log [as handleInteractionFromHTTP] (bot.js:5640:29)

  console.log
    ­ƒöä handleInteractionFromHTTP appel├®

      at GLSLDiscordBot.log [as handleInteractionFromHTTP] (bot.js:4594:17)

  console.log
    ­ƒôï Interaction d├®tails: {
      id: '123',
      hasToken: true,
      type: 2,
      commandName: 'help',
      markedAsProcessed: true
    }

      at GLSLDiscordBot.log [as handleInteractionFromHTTP] (bot.js:4609:17)

  console.log
    ­ƒöì Commande HTTP re├ºue: help (user: testuser#1234)

      at GLSLDiscordBot.log [as handleInteractionFromHTTP] (bot.js:4633:25)

  console.log
    ÔûÂ´©Å Ex├®cution commande HTTP: help

      at GLSLDiscordBot.log [as handleInteractionFromHTTP] (bot.js:5634:29)

  console.log
    ­ƒôÄ Envoi de 1 fichier(s) - Test de toutes les strat├®gies

      at Object.log [as editReply] (bot.js:4726:37)

  console.log
    ­ƒº¬ TEST STRAT├ëGIE "rest.patch_file_only_no_embed": Envoyer le GIF comme fichier attach├® sans embed (meilleure compatibilit├® GIF anim├®)

      at Object.log [as editReply] (bot.js:5505:45)

  console.log
    ­ƒôª Fichier test.gif: 16 bytes depuis buffer

      at Object.log [as test] (bot.js:4827:57)

  console.log
    Ô£à Ô£à Ô£à SUCC├êS avec strat├®gie "rest.patch_file_only_no_embed"! Ô£à Ô£à Ô£à

      at Object.log [as editReply] (bot.js:5507:45)

  console.log
    Ô£à Cette strat├®gie fonctionne: Envoyer le GIF comme fichier attach├® sans embed (meilleure compatibilit├® GIF anim├®)

      at Object.log [as editReply] (bot.js:5508:45)

  console.log
    Ô£à Commande HTTP help ex├®cut├®e avec succ├¿s

      at GLSLDiscordBot.log [as handleInteractionFromHTTP] (bot.js:5640:29)

  console.log
    ­ƒöä handleInteractionFromHTTP appel├®

      at GLSLDiscordBot.log [as handleInteractionFromHTTP] (bot.js:4594:17)

  console.log
    ­ƒôï Interaction d├®tails: {
      id: '123',
      hasToken: true,
      type: 2,
      commandName: 'help',
      markedAsProcessed: true
    }

      at GLSLDiscordBot.log [as handleInteractionFromHTTP] (bot.js:4609:17)

  console.log
    ­ƒöì Commande HTTP re├ºue: help (user: testuser#1234)

      at GLSLDiscordBot.log [as handleInteractionFromHTTP] (bot.js:4633:25)

  console.log
    ÔûÂ´©Å Ex├®cution commande HTTP: help

      at GLSLDiscordBot.log [as handleInteractionFromHTTP] (bot.js:5634:29)

  console.log
    ­ƒôÄ Envoi de 1 fichier(s) - Test de toutes les strat├®gies

      at Object.log [as editReply] (bot.js:4726:37)

  console.log
    ­ƒº¬ TEST STRAT├ëGIE "rest.patch_file_only_no_embed": Envoyer le GIF comme fichier attach├® sans embed (meilleure compatibilit├® GIF anim├®)

      at Object.log [as editReply] (bot.js:5505:45)

  console.log
    ­ƒôª Fichier test.gif: 16 bytes lus depuis C:\Users\anne\Desktop\GLSL_DISCORD\tests\temp-test-1763224019396-czhrmf.gif

      at Object.log [as test] (bot.js:4823:57)

  console.log
      - ÔØî ├ëchec: Fetch failed

      at Object.log [as editReply] (bot.js:5513:45)

  console.log
    ­ƒº¬ TEST STRAT├ëGIE "rest.patch_double_edit_workaround": Double ├®dition avec AttachmentBuilder + embed minimal (workaround bug Discord)

      at Object.log [as editReply] (bot.js:5505:45)

  console.log
    ­ƒöä Double ├®dition - 1├¿re ├®dition avec AttachmentBuilder

      at Object.log [as test] (bot.js:4884:49)

  console.log
      - ÔØî ├ëchec: All strategies failed

      at Object.log [as editReply] (bot.js:5513:45)

  console.log
    ­ƒº¬ TEST STRAT├ëGIE "rest.patch_with_attachments_payload": rest.patch avec attachments dans payload_json + embed minimal

      at Object.log [as editReply] (bot.js:5505:45)

  console.log
      - ÔØî ├ëchec: All strategies failed

      at Object.log [as editReply] (bot.js:5513:45)

  console.log
    ­ƒº¬ TEST STRAT├ëGIE "rest.patch_AttachmentBuilder_minimal_embed": rest.patch avec AttachmentBuilder originaux + embed minimal

      at Object.log [as editReply] (bot.js:5505:45)

  console.log
      - ÔØî ├ëchec: All strategies failed

      at Object.log [as editReply] (bot.js:5513:45)

  console.log
    ­ƒº¬ TEST STRAT├ëGIE "rest.patch_buffer_minimal_embed": rest.patch avec fichiers lus en Buffer + embed minimal

      at Object.log [as editReply] (bot.js:5505:45)

  console.log
      - ÔØî ├ëchec: All strategies failed

      at Object.log [as editReply] (bot.js:5513:45)

  console.log
    ­ƒº¬ TEST STRAT├ëGIE "rest.patch_AttachmentBuilder_full_embed": rest.patch avec AttachmentBuilder originaux + embed complet

      at Object.log [as editReply] (bot.js:5505:45)

  console.log
      - ÔØî ├ëchec: All strategies failed

      at Object.log [as editReply] (bot.js:5513:45)

  console.log
    ­ƒº¬ TEST STRAT├ëGIE "rest.patch_gif_only": rest.patch avec seulement le GIF, sans embed ni content

      at Object.log [as editReply] (bot.js:5505:45)

  console.log
      - ÔØî ├ëchec: All strategies failed

      at Object.log [as editReply] (bot.js:5513:45)

  console.log
    ­ƒº¬ TEST STRAT├ëGIE "rest.patch_with_paths": rest.patch avec chemins de fichiers (objets)

      at Object.log [as editReply] (bot.js:5505:45)

  console.log
      - ÔØî ├ëchec: All strategies failed

      at Object.log [as editReply] (bot.js:5513:45)

  console.log
    ­ƒº¬ TEST STRAT├ëGIE "rest.patch_with_paths_strings": rest.patch avec chemins de fichiers (strings)

      at Object.log [as editReply] (bot.js:5505:45)

  console.log
      - ÔØî ├ëchec: All strategies failed

      at Object.log [as editReply] (bot.js:5513:45)

  console.log
    ­ƒº¬ TEST STRAT├ëGIE "rest.patch_with_buffers": rest.patch avec Buffers

      at Object.log [as editReply] (bot.js:5505:45)

  console.log
      - ÔØî ├ëchec: All strategies failed

      at Object.log [as editReply] (bot.js:5513:45)

  console.log
    ­ƒº¬ TEST STRAT├ëGIE "formdata_content_text": FormData avec content texte "Shader animation"

      at Object.log [as editReply] (bot.js:5505:45)

  console.log
      - ÔØî ├ëchec: Fetch failed

      at Object.log [as editReply] (bot.js:5513:45)

  console.log
    ­ƒº¬ TEST STRAT├ëGIE "formdata_content_nonbreaking_space": FormData avec content non-breaking space

      at Object.log [as editReply] (bot.js:5505:45)

  console.log
      - ÔØî ├ëchec: Fetch failed

      at Object.log [as editReply] (bot.js:5513:45)

  console.log
    ­ƒº¬ TEST STRAT├ëGIE "formdata_content_shader_id": FormData avec content "Shader ID: X"

      at Object.log [as editReply] (bot.js:5505:45)

  console.log
      - ÔØî ├ëchec: Fetch failed

      at Object.log [as editReply] (bot.js:5513:45)

  console.log
    ­ƒº¬ TEST STRAT├ëGIE "formdata_content_separate_field": FormData avec content dans champ s├®par├® (pas dans payload_json)

      at Object.log [as editReply] (bot.js:5505:45)

  console.log
      - ÔØî ├ëchec: Fetch failed

      at Object.log [as editReply] (bot.js:5513:45)

  console.log
    ­ƒº¬ TEST STRAT├ëGIE "formdata_files_without_index": FormData avec files sans index (files au lieu de files[0])

      at Object.log [as editReply] (bot.js:5505:45)

  console.log
      - ÔØî ├ëchec: Fetch failed

      at Object.log [as editReply] (bot.js:5513:45)

  console.log
    ­ƒº¬ TEST STRAT├ëGIE "formdata_file_singular": FormData avec file au singulier (file au lieu de files[0])

      at Object.log [as editReply] (bot.js:5505:45)

  console.log
      - ÔØî ├ëchec: Fetch failed

      at Object.log [as editReply] (bot.js:5513:45)

  console.log
    ­ƒº¬ TEST STRAT├ëGIE "formdata_buffers_instead_of_streams": FormData avec Buffers au lieu de Streams

      at Object.log [as editReply] (bot.js:5505:45)

  console.log
      - ÔØî ├ëchec: Fetch failed

      at Object.log [as editReply] (bot.js:5513:45)

  console.log
    ­ƒöä handleInteractionFromHTTP appel├®

      at GLSLDiscordBot.log [as handleInteractionFromHTTP] (bot.js:4594:17)

  console.log
    ­ƒôï Interaction d├®tails: {
      id: '123',
      hasToken: true,
      type: 2,
      commandName: 'help',
      markedAsProcessed: true
    }

      at GLSLDiscordBot.log [as handleInteractionFromHTTP] (bot.js:4609:17)

  console.log
    ­ƒöì Commande HTTP re├ºue: help (user: testuser#1234)

      at GLSLDiscordBot.log [as handleInteractionFromHTTP] (bot.js:4633:25)

  console.log
    ÔûÂ´©Å Ex├®cution commande HTTP: help

      at GLSLDiscordBot.log [as handleInteractionFromHTTP] (bot.js:5634:29)

  console.log
    ­ƒôÄ Envoi de 1 fichier(s) - Test de toutes les strat├®gies

      at Object.log [as editReply] (bot.js:4726:37)

  console.log
    ­ƒöä handleInteractionFromHTTP appel├®

      at GLSLDiscordBot.log [as handleInteractionFromHTTP] (bot.js:4594:17)

  console.log
    ­ƒôï Interaction d├®tails: {
      id: '123',
      hasToken: true,
      type: 2,
      commandName: 'help',
      markedAsProcessed: true
    }

      at GLSLDiscordBot.log [as handleInteractionFromHTTP] (bot.js:4609:17)

  console.log
    ­ƒöì Commande HTTP re├ºue: help (user: testuser#1234)

      at GLSLDiscordBot.log [as handleInteractionFromHTTP] (bot.js:4633:25)

  console.log
    ÔûÂ´©Å Ex├®cution commande HTTP: help

      at GLSLDiscordBot.log [as handleInteractionFromHTTP] (bot.js:5634:29)

  console.log
    Ô£à Commande HTTP help ex├®cut├®e avec succ├¿s

      at GLSLDiscordBot.log [as handleInteractionFromHTTP] (bot.js:5640:29)

  console.log
    ­ƒöä handleInteractionFromHTTP appel├®

      at GLSLDiscordBot.log [as handleInteractionFromHTTP] (bot.js:4594:17)

  console.log
    ­ƒôï Interaction d├®tails: {
      id: '123',
      hasToken: true,
      type: 2,
      commandName: 'help',
      markedAsProcessed: true
    }

      at GLSLDiscordBot.log [as handleInteractionFromHTTP] (bot.js:4609:17)

  console.log
    ­ƒöì Commande HTTP re├ºue: help (user: testuser#1234)

      at GLSLDiscordBot.log [as handleInteractionFromHTTP] (bot.js:4633:25)

  console.log
    ÔûÂ´©Å Ex├®cution commande HTTP: help

      at GLSLDiscordBot.log [as handleInteractionFromHTTP] (bot.js:5634:29)

  console.log
    ­ƒöä handleInteractionFromHTTP appel├®

      at GLSLDiscordBot.log [as handleInteractionFromHTTP] (bot.js:4594:17)

  console.log
    ­ƒôï Interaction d├®tails: {
      id: '123',
      hasToken: true,
      type: 2,
      commandName: 'help',
      markedAsProcessed: true
    }

      at GLSLDiscordBot.log [as handleInteractionFromHTTP] (bot.js:4609:17)

  console.log
    ­ƒöì Commande HTTP re├ºue: help (user: testuser#1234)

      at GLSLDiscordBot.log [as handleInteractionFromHTTP] (bot.js:4633:25)

  console.log
    ÔûÂ´©Å Ex├®cution commande HTTP: help

      at GLSLDiscordBot.log [as handleInteractionFromHTTP] (bot.js:5634:29)

  console.log
    Ô£à Commande HTTP help ex├®cut├®e avec succ├¿s

      at GLSLDiscordBot.log [as handleInteractionFromHTTP] (bot.js:5640:29)

  console.log
    ­ƒöä handleInteractionFromHTTP appel├®

      at GLSLDiscordBot.log [as handleInteractionFromHTTP] (bot.js:4594:17)

  console.log
    ­ƒôï Interaction d├®tails: {
      id: '123',
      hasToken: true,
      type: 2,
      commandName: 'help',
      markedAsProcessed: true
    }

      at GLSLDiscordBot.log [as handleInteractionFromHTTP] (bot.js:4609:17)

  console.log
    ­ƒöì Commande HTTP re├ºue: help (user: testuser#1234)

      at GLSLDiscordBot.log [as handleInteractionFromHTTP] (bot.js:4633:25)

  console.log
    ÔûÂ´©Å Ex├®cution commande HTTP: help

      at GLSLDiscordBot.log [as handleInteractionFromHTTP] (bot.js:5634:29)

  console.log
    ­ƒôÄ Envoi de 1 fichier(s) - Test de toutes les strat├®gies

      at Object.log [as editReply] (bot.js:4726:37)

  console.log
    ­ƒº¬ TEST STRAT├ëGIE "rest.patch_file_only_no_embed": Envoyer le GIF comme fichier attach├® sans embed (meilleure compatibilit├® GIF anim├®)

      at Object.log [as editReply] (bot.js:5505:45)

  console.log
    ­ƒôª Fichier test.gif: 16 bytes lus depuis C:\Users\anne\Desktop\GLSL_DISCORD\tests\temp-test-1763224019417-ast37c.gif

      at Object.log [as test] (bot.js:4823:57)

  console.log
    Ô£à Ô£à Ô£à SUCC├êS avec strat├®gie "rest.patch_file_only_no_embed"! Ô£à Ô£à Ô£à

      at Object.log [as editReply] (bot.js:5507:45)

  console.log
    Ô£à Cette strat├®gie fonctionne: Envoyer le GIF comme fichier attach├® sans embed (meilleure compatibilit├® GIF anim├®)

      at Object.log [as editReply] (bot.js:5508:45)

  console.log
    Ô£à Commande HTTP help ex├®cut├®e avec succ├¿s

      at GLSLDiscordBot.log [as handleInteractionFromHTTP] (bot.js:5640:29)

  console.log
    ­ƒöä handleInteractionFromHTTP appel├®

      at GLSLDiscordBot.log [as handleInteractionFromHTTP] (bot.js:4594:17)

  console.log
    ­ƒôï Interaction d├®tails: {
      id: '123',
      hasToken: true,
      type: 2,
      commandName: 'help',
      markedAsProcessed: true
    }

      at GLSLDiscordBot.log [as handleInteractionFromHTTP] (bot.js:4609:17)

  console.log
    ­ƒöì Commande HTTP re├ºue: help (user: testuser#1234)

      at GLSLDiscordBot.log [as handleInteractionFromHTTP] (bot.js:4633:25)

  console.log
    ÔûÂ´©Å Ex├®cution commande HTTP: help

      at GLSLDiscordBot.log [as handleInteractionFromHTTP] (bot.js:5634:29)

  console.log
    ­ƒôÄ Envoi de 1 fichier(s) - Test de toutes les strat├®gies

      at Object.log [as editReply] (bot.js:4726:37)

  console.log
    ­ƒº¬ TEST STRAT├ëGIE "rest.patch_file_only_no_embed": Envoyer le GIF comme fichier attach├® sans embed (meilleure compatibilit├® GIF anim├®)

      at Object.log [as editReply] (bot.js:5505:45)

  console.log
    ­ƒôª Fichier test.gif: 16 bytes depuis buffer

      at Object.log [as test] (bot.js:4827:57)

  console.log
    Ô£à Ô£à Ô£à SUCC├êS avec strat├®gie "rest.patch_file_only_no_embed"! Ô£à Ô£à Ô£à

      at Object.log [as editReply] (bot.js:5507:45)

  console.log
    Ô£à Cette strat├®gie fonctionne: Envoyer le GIF comme fichier attach├® sans embed (meilleure compatibilit├® GIF anim├®)

      at Object.log [as editReply] (bot.js:5508:45)

  console.log
    Ô£à Commande HTTP help ex├®cut├®e avec succ├¿s

      at GLSLDiscordBot.log [as handleInteractionFromHTTP] (bot.js:5640:29)

  console.log
    ­ƒöä handleInteractionFromHTTP appel├®

      at GLSLDiscordBot.log [as handleInteractionFromHTTP] (bot.js:4594:17)

  console.log
    ­ƒôï Interaction d├®tails: {
      id: '123',
      hasToken: true,
      type: 2,
      commandName: 'help',
      markedAsProcessed: true
    }

      at GLSLDiscordBot.log [as handleInteractionFromHTTP] (bot.js:4609:17)

  console.log
    ­ƒöì Commande HTTP re├ºue: help (user: testuser#1234)

      at GLSLDiscordBot.log [as handleInteractionFromHTTP] (bot.js:4633:25)

  console.log
    ÔûÂ´©Å Ex├®cution commande HTTP: help

      at GLSLDiscordBot.log [as handleInteractionFromHTTP] (bot.js:5634:29)

  console.log
    ­ƒôÄ Envoi de 1 fichier(s) - Test de toutes les strat├®gies

      at Object.log [as editReply] (bot.js:4726:37)

  console.log
    ­ƒº¬ TEST STRAT├ëGIE "rest.patch_file_only_no_embed": Envoyer le GIF comme fichier attach├® sans embed (meilleure compatibilit├® GIF anim├®)

      at Object.log [as editReply] (bot.js:5505:45)

  console.log
    ­ƒôª Fichier test.gif: 16 bytes depuis stream

      at Object.log [as test] (bot.js:4835:57)

  console.log
    Ô£à Ô£à Ô£à SUCC├êS avec strat├®gie "rest.patch_file_only_no_embed"! Ô£à Ô£à Ô£à

      at Object.log [as editReply] (bot.js:5507:45)

  console.log
    Ô£à Cette strat├®gie fonctionne: Envoyer le GIF comme fichier attach├® sans embed (meilleure compatibilit├® GIF anim├®)

      at Object.log [as editReply] (bot.js:5508:45)

  console.log
    Ô£à Commande HTTP help ex├®cut├®e avec succ├¿s

      at GLSLDiscordBot.log [as handleInteractionFromHTTP] (bot.js:5640:29)

  console.log
    ­ƒöä handleInteractionFromHTTP appel├®

      at GLSLDiscordBot.log [as handleInteractionFromHTTP] (bot.js:4594:17)

  console.log
    ­ƒôï Interaction d├®tails: {
      id: '123',
      hasToken: true,
      type: 2,
      commandName: 'help',
      markedAsProcessed: true
    }

      at GLSLDiscordBot.log [as handleInteractionFromHTTP] (bot.js:4609:17)

  console.log
    ­ƒöì Commande HTTP re├ºue: help (user: testuser#1234)

      at GLSLDiscordBot.log [as handleInteractionFromHTTP] (bot.js:4633:25)

  console.log
    ÔûÂ´©Å Ex├®cution commande HTTP: help

      at GLSLDiscordBot.log [as handleInteractionFromHTTP] (bot.js:5634:29)

  console.log
    ­ƒôÄ Envoi de 1 fichier(s) - Test de toutes les strat├®gies

      at Object.log [as editReply] (bot.js:4726:37)

  console.log
    ­ƒº¬ TEST STRAT├ëGIE "rest.patch_file_only_no_embed": Envoyer le GIF comme fichier attach├® sans embed (meilleure compatibilit├® GIF anim├®)

      at Object.log [as editReply] (bot.js:5505:45)

  console.log
    ­ƒôª Fichier test.gif: 16 bytes lus depuis C:\Users\anne\Desktop\GLSL_DISCORD\tests\temp-test-1763224019429-svdrip.gif

      at Object.log [as test] (bot.js:4823:57)

  console.log
    Ô£à Ô£à Ô£à SUCC├êS avec strat├®gie "rest.patch_file_only_no_embed"! Ô£à Ô£à Ô£à

      at Object.log [as editReply] (bot.js:5507:45)

  console.log
    Ô£à Cette strat├®gie fonctionne: Envoyer le GIF comme fichier attach├® sans embed (meilleure compatibilit├® GIF anim├®)

      at Object.log [as editReply] (bot.js:5508:45)

  console.log
    Ô£à Commande HTTP help ex├®cut├®e avec succ├¿s

      at GLSLDiscordBot.log [as handleInteractionFromHTTP] (bot.js:5640:29)

  console.log
    ­ƒöä handleInteractionFromHTTP appel├®

      at GLSLDiscordBot.log [as handleInteractionFromHTTP] (bot.js:4594:17)

  console.log
    ­ƒôï Interaction d├®tails: {
      id: '123',
      hasToken: true,
      type: 2,
      commandName: 'help',
      markedAsProcessed: true
    }

      at GLSLDiscordBot.log [as handleInteractionFromHTTP] (bot.js:4609:17)

  console.log
    ­ƒöì Commande HTTP re├ºue: help (user: testuser#1234)

      at GLSLDiscordBot.log [as handleInteractionFromHTTP] (bot.js:4633:25)

  console.log
    ÔûÂ´©Å Ex├®cution commande HTTP: help

      at GLSLDiscordBot.log [as handleInteractionFromHTTP] (bot.js:5634:29)

  console.log
    ­ƒôÄ Envoi de 1 fichier(s) - Test de toutes les strat├®gies

      at Object.log [as editReply] (bot.js:4726:37)

  console.log
    ­ƒº¬ TEST STRAT├ëGIE "rest.patch_file_only_no_embed": Envoyer le GIF comme fichier attach├® sans embed (meilleure compatibilit├® GIF anim├®)

      at Object.log [as editReply] (bot.js:5505:45)

  console.log
    ­ƒôª Fichier test.gif: 16 bytes lus depuis C:\Users\anne\Desktop\GLSL_DISCORD\tests\temp-test-1763224019433-467t24.gif

      at Object.log [as test] (bot.js:4823:57)

  console.log
    Ô£à Ô£à Ô£à SUCC├êS avec strat├®gie "rest.patch_file_only_no_embed"! Ô£à Ô£à Ô£à

      at Object.log [as editReply] (bot.js:5507:45)

  console.log
    Ô£à Cette strat├®gie fonctionne: Envoyer le GIF comme fichier attach├® sans embed (meilleure compatibilit├® GIF anim├®)

      at Object.log [as editReply] (bot.js:5508:45)

  console.log
    Ô£à Commande HTTP help ex├®cut├®e avec succ├¿s

      at GLSLDiscordBot.log [as handleInteractionFromHTTP] (bot.js:5640:29)

  console.log
    ­ƒöä handleInteractionFromHTTP appel├®

      at GLSLDiscordBot.log [as handleInteractionFromHTTP] (bot.js:4594:17)

  console.log
    ­ƒôï Interaction d├®tails: {
      id: '123',
      hasToken: true,
      type: 2,
      commandName: 'help',
      markedAsProcessed: true
    }

      at GLSLDiscordBot.log [as handleInteractionFromHTTP] (bot.js:4609:17)

  console.log
    ­ƒöì Commande HTTP re├ºue: help (user: testuser#1234)

      at GLSLDiscordBot.log [as handleInteractionFromHTTP] (bot.js:4633:25)

  console.log
    ÔûÂ´©Å Ex├®cution commande HTTP: help

      at GLSLDiscordBot.log [as handleInteractionFromHTTP] (bot.js:5634:29)

  console.log
    ­ƒôÄ Envoi de 1 fichier(s) - Test de toutes les strat├®gies

      at Object.log [as editReply] (bot.js:4726:37)

  console.log
    ­ƒº¬ TEST STRAT├ëGIE "rest.patch_file_only_no_embed": Envoyer le GIF comme fichier attach├® sans embed (meilleure compatibilit├® GIF anim├®)

      at Object.log [as editReply] (bot.js:5505:45)

  console.log
    ­ƒôª Fichier test.gif: 16 bytes lus depuis C:\Users\anne\Desktop\GLSL_DISCORD\tests\temp-test-1763224019438-9g52od.gif

      at Object.log [as test] (bot.js:4823:57)

  console.log
    Ô£à Ô£à Ô£à SUCC├êS avec strat├®gie "rest.patch_file_only_no_embed"! Ô£à Ô£à Ô£à

      at Object.log [as editReply] (bot.js:5507:45)

  console.log
    Ô£à Cette strat├®gie fonctionne: Envoyer le GIF comme fichier attach├® sans embed (meilleure compatibilit├® GIF anim├®)

      at Object.log [as editReply] (bot.js:5508:45)

  console.log
    Ô£à Commande HTTP help ex├®cut├®e avec succ├¿s

      at GLSLDiscordBot.log [as handleInteractionFromHTTP] (bot.js:5640:29)

  console.log
    ­ƒöä handleInteractionFromHTTP appel├®

      at GLSLDiscordBot.log [as handleInteractionFromHTTP] (bot.js:4594:17)

  console.log
    ­ƒôï Interaction d├®tails: {
      id: '123',
      hasToken: true,
      type: 2,
      commandName: 'help',
      markedAsProcessed: true
    }

      at GLSLDiscordBot.log [as handleInteractionFromHTTP] (bot.js:4609:17)

  console.log
    ­ƒöì Commande HTTP re├ºue: help (user: testuser#1234)

      at GLSLDiscordBot.log [as handleInteractionFromHTTP] (bot.js:4633:25)

  console.log
    ÔûÂ´©Å Ex├®cution commande HTTP: help

      at GLSLDiscordBot.log [as handleInteractionFromHTTP] (bot.js:5634:29)

  console.log
    ­ƒôÄ Envoi de 1 fichier(s) - Test de toutes les strat├®gies

      at Object.log [as editReply] (bot.js:4726:37)

  console.log
    ­ƒº¬ TEST STRAT├ëGIE "rest.patch_file_only_no_embed": Envoyer le GIF comme fichier attach├® sans embed (meilleure compatibilit├® GIF anim├®)

      at Object.log [as editReply] (bot.js:5505:45)

  console.log
    ­ƒôª Fichier test.gif: 16 bytes lus depuis C:\Users\anne\Desktop\GLSL_DISCORD\tests\temp-test-1763224019442-arqsrq.gif

      at Object.log [as test] (bot.js:4823:57)

  console.log
      - ÔØî ├ëchec: Discord API error: 400 undefined - Bad Request

      at Object.log [as editReply] (bot.js:5513:45)

  console.log
    ­ƒº¬ TEST STRAT├ëGIE "rest.patch_double_edit_workaround": Double ├®dition avec AttachmentBuilder + embed minimal (workaround bug Discord)

      at Object.log [as editReply] (bot.js:5505:45)

  console.log
    ­ƒöä Double ├®dition - 1├¿re ├®dition avec AttachmentBuilder

      at Object.log [as test] (bot.js:4884:49)

  console.log
      - ÔØî ├ëchec: rest.patch failed

      at Object.log [as editReply] (bot.js:5513:45)

  console.log
    ­ƒº¬ TEST STRAT├ëGIE "rest.patch_with_attachments_payload": rest.patch avec attachments dans payload_json + embed minimal

      at Object.log [as editReply] (bot.js:5505:45)

  console.log
      - ÔØî ├ëchec: rest.patch failed

      at Object.log [as editReply] (bot.js:5513:45)

  console.log
    ­ƒº¬ TEST STRAT├ëGIE "rest.patch_AttachmentBuilder_minimal_embed": rest.patch avec AttachmentBuilder originaux + embed minimal

      at Object.log [as editReply] (bot.js:5505:45)

  console.log
      - ÔØî ├ëchec: rest.patch failed

      at Object.log [as editReply] (bot.js:5513:45)

  console.log
    ­ƒº¬ TEST STRAT├ëGIE "rest.patch_buffer_minimal_embed": rest.patch avec fichiers lus en Buffer + embed minimal

      at Object.log [as editReply] (bot.js:5505:45)

  console.log
      - ÔØî ├ëchec: rest.patch failed

      at Object.log [as editReply] (bot.js:5513:45)

  console.log
    ­ƒº¬ TEST STRAT├ëGIE "rest.patch_AttachmentBuilder_full_embed": rest.patch avec AttachmentBuilder originaux + embed complet

      at Object.log [as editReply] (bot.js:5505:45)

  console.log
      - ÔØî ├ëchec: rest.patch failed

      at Object.log [as editReply] (bot.js:5513:45)

  console.log
    ­ƒº¬ TEST STRAT├ëGIE "rest.patch_gif_only": rest.patch avec seulement le GIF, sans embed ni content

      at Object.log [as editReply] (bot.js:5505:45)

  console.log
      - ÔØî ├ëchec: rest.patch failed

      at Object.log [as editReply] (bot.js:5513:45)

  console.log
    ­ƒº¬ TEST STRAT├ëGIE "rest.patch_with_paths": rest.patch avec chemins de fichiers (objets)

      at Object.log [as editReply] (bot.js:5505:45)

  console.log
      - ÔØî ├ëchec: rest.patch failed

      at Object.log [as editReply] (bot.js:5513:45)

  console.log
    ­ƒº¬ TEST STRAT├ëGIE "rest.patch_with_paths_strings": rest.patch avec chemins de fichiers (strings)

      at Object.log [as editReply] (bot.js:5505:45)

  console.log
      - ÔØî ├ëchec: rest.patch failed

      at Object.log [as editReply] (bot.js:5513:45)

  console.log
    ­ƒº¬ TEST STRAT├ëGIE "rest.patch_with_buffers": rest.patch avec Buffers

      at Object.log [as editReply] (bot.js:5505:45)

  console.log
      - ÔØî ├ëchec: rest.patch failed

      at Object.log [as editReply] (bot.js:5513:45)

  console.log
    ­ƒº¬ TEST STRAT├ëGIE "formdata_content_text": FormData avec content texte "Shader animation"

      at Object.log [as editReply] (bot.js:5505:45)

  console.log
      - ÔØî ├ëchec: HTTP 400: Bad Request

      at Object.log [as editReply] (bot.js:5513:45)

  console.log
    ­ƒº¬ TEST STRAT├ëGIE "formdata_content_nonbreaking_space": FormData avec content non-breaking space

      at Object.log [as editReply] (bot.js:5505:45)

  console.log
    Ô£à Ô£à Ô£à SUCC├êS avec strat├®gie "formdata_content_nonbreaking_space"! Ô£à Ô£à Ô£à

      at Object.log [as editReply] (bot.js:5507:45)

  console.log
    Ô£à Cette strat├®gie fonctionne: FormData avec content non-breaking space

      at Object.log [as editReply] (bot.js:5508:45)

  console.log
    Ô£à Commande HTTP help ex├®cut├®e avec succ├¿s

      at GLSLDiscordBot.log [as handleInteractionFromHTTP] (bot.js:5640:29)

  console.log
    ­ƒöä handleInteractionFromHTTP appel├®

      at GLSLDiscordBot.log [as handleInteractionFromHTTP] (bot.js:4594:17)

  console.log
    ­ƒôï Interaction d├®tails: {
      id: '123',
      hasToken: true,
      type: 2,
      commandName: 'help',
      markedAsProcessed: true
    }

      at GLSLDiscordBot.log [as handleInteractionFromHTTP] (bot.js:4609:17)

  console.log
    ­ƒöì Commande HTTP re├ºue: help (user: testuser#1234)

      at GLSLDiscordBot.log [as handleInteractionFromHTTP] (bot.js:4633:25)

  console.log
    ÔûÂ´©Å Ex├®cution commande HTTP: help

      at GLSLDiscordBot.log [as handleInteractionFromHTTP] (bot.js:5634:29)

  console.log
    Ô£à Commande HTTP help ex├®cut├®e avec succ├¿s

      at GLSLDiscordBot.log [as handleInteractionFromHTTP] (bot.js:5640:29)

  console.log
    ­ƒöä handleInteractionFromHTTP appel├®

      at GLSLDiscordBot.log [as handleInteractionFromHTTP] (bot.js:4594:17)

  console.log
    ­ƒôï Interaction d├®tails: {
      id: '123',
      hasToken: true,
      type: 2,
      commandName: 'help',
      markedAsProcessed: true
    }

      at GLSLDiscordBot.log [as handleInteractionFromHTTP] (bot.js:4609:17)

  console.log
    ­ƒöì Commande HTTP re├ºue: help (user: testuser#1234)

      at GLSLDiscordBot.log [as handleInteractionFromHTTP] (bot.js:4633:25)

  console.log
    ÔûÂ´©Å Ex├®cution commande HTTP: help

      at GLSLDiscordBot.log [as handleInteractionFromHTTP] (bot.js:5634:29)

  console.log
    Ô£à Commande HTTP help ex├®cut├®e avec succ├¿s

      at GLSLDiscordBot.log [as handleInteractionFromHTTP] (bot.js:5640:29)

  console.log
    ­ƒöä handleInteractionFromHTTP appel├®

      at GLSLDiscordBot.log [as handleInteractionFromHTTP] (bot.js:4594:17)

  console.log
    ­ƒôï Interaction d├®tails: {
      id: '123',
      hasToken: true,
      type: 2,
      commandName: 'help',
      markedAsProcessed: true
    }

      at GLSLDiscordBot.log [as handleInteractionFromHTTP] (bot.js:4609:17)

  console.log
    ­ƒöì Commande HTTP re├ºue: help (user: testuser#1234)

      at GLSLDiscordBot.log [as handleInteractionFromHTTP] (bot.js:4633:25)

  console.log
    ÔûÂ´©Å Ex├®cution commande HTTP: help

      at GLSLDiscordBot.log [as handleInteractionFromHTTP] (bot.js:5634:29)

  console.log
    ­ƒôÄ Envoi de 1 fichier(s) - Test de toutes les strat├®gies

      at Object.log [as editReply] (bot.js:4726:37)

  console.log
    ­ƒº¬ TEST STRAT├ëGIE "rest.patch_file_only_no_embed": Envoyer le GIF comme fichier attach├® sans embed (meilleure compatibilit├® GIF anim├®)

      at Object.log [as editReply] (bot.js:5505:45)

  console.log
    ­ƒôª Fichier test.gif: 16 bytes lus depuis C:\Users\anne\Desktop\GLSL_DISCORD\tests\temp-test-1763224019455-h9cmv9.gif

      at Object.log [as test] (bot.js:4823:57)

  console.log
    Ô£à Ô£à Ô£à SUCC├êS avec strat├®gie "rest.patch_file_only_no_embed"! Ô£à Ô£à Ô£à

      at Object.log [as editReply] (bot.js:5507:45)

  console.log
    Ô£à Cette strat├®gie fonctionne: Envoyer le GIF comme fichier attach├® sans embed (meilleure compatibilit├® GIF anim├®)

      at Object.log [as editReply] (bot.js:5508:45)

  console.log
    Ô£à Commande HTTP help ex├®cut├®e avec succ├¿s

      at GLSLDiscordBot.log [as handleInteractionFromHTTP] (bot.js:5640:29)

  console.log
    ­ƒöä handleInteractionFromHTTP appel├®

      at GLSLDiscordBot.log [as handleInteractionFromHTTP] (bot.js:4594:17)

  console.log
    ­ƒôï Interaction d├®tails: {
      id: '123',
      hasToken: true,
      type: 2,
      commandName: 'help',
      markedAsProcessed: true
    }

      at GLSLDiscordBot.log [as handleInteractionFromHTTP] (bot.js:4609:17)

  console.log
    ­ƒöì Commande HTTP re├ºue: help (user: testuser#1234)

      at GLSLDiscordBot.log [as handleInteractionFromHTTP] (bot.js:4633:25)

  console.log
    ÔûÂ´©Å Ex├®cution commande HTTP: help

      at GLSLDiscordBot.log [as handleInteractionFromHTTP] (bot.js:5634:29)

  console.log
    ­ƒôÄ Envoi de 1 fichier(s) - Test de toutes les strat├®gies

      at Object.log [as editReply] (bot.js:4726:37)

  console.log
    ­ƒº¬ TEST STRAT├ëGIE "rest.patch_file_only_no_embed": Envoyer le GIF comme fichier attach├® sans embed (meilleure compatibilit├® GIF anim├®)

      at Object.log [as editReply] (bot.js:5505:45)

  console.log
    ­ƒôª Fichier test.gif: 16 bytes lus depuis C:\Users\anne\Desktop\GLSL_DISCORD\tests\temp-test-1763224019459-dtz2rc.gif

      at Object.log [as test] (bot.js:4823:57)

  console.log
    Ô£à Ô£à Ô£à SUCC├êS avec strat├®gie "rest.patch_file_only_no_embed"! Ô£à Ô£à Ô£à

      at Object.log [as editReply] (bot.js:5507:45)

  console.log
    Ô£à Cette strat├®gie fonctionne: Envoyer le GIF comme fichier attach├® sans embed (meilleure compatibilit├® GIF anim├®)

      at Object.log [as editReply] (bot.js:5508:45)

  console.log
    Ô£à Commande HTTP help ex├®cut├®e avec succ├¿s

      at GLSLDiscordBot.log [as handleInteractionFromHTTP] (bot.js:5640:29)

  console.log
    ­ƒöä handleInteractionFromHTTP appel├®

      at GLSLDiscordBot.log [as handleInteractionFromHTTP] (bot.js:4594:17)

  console.log
    ­ƒôï Interaction d├®tails: {
      id: '123',
      hasToken: true,
      type: 2,
      commandName: 'help',
      markedAsProcessed: true
    }

      at GLSLDiscordBot.log [as handleInteractionFromHTTP] (bot.js:4609:17)

  console.log
    ­ƒöì Commande HTTP re├ºue: help (user: testuser#1234)

      at GLSLDiscordBot.log [as handleInteractionFromHTTP] (bot.js:4633:25)

  console.log
    ÔûÂ´©Å Ex├®cution commande HTTP: help

      at GLSLDiscordBot.log [as handleInteractionFromHTTP] (bot.js:5634:29)

  console.log
    ­ƒôÄ Envoi de 1 fichier(s) - Test de toutes les strat├®gies

      at Object.log [as editReply] (bot.js:4726:37)

  console.log
    ­ƒº¬ TEST STRAT├ëGIE "rest.patch_file_only_no_embed": Envoyer le GIF comme fichier attach├® sans embed (meilleure compatibilit├® GIF anim├®)

      at Object.log [as editReply] (bot.js:5505:45)

  console.log
      - ÔØî ├ëchec: fp.stream is not async iterable

      at Object.log [as editReply] (bot.js:5513:45)

  console.log
    ­ƒº¬ TEST STRAT├ëGIE "rest.patch_double_edit_workaround": Double ├®dition avec AttachmentBuilder + embed minimal (workaround bug Discord)

      at Object.log [as editReply] (bot.js:5505:45)

  console.log
    ­ƒöä Double ├®dition - 1├¿re ├®dition avec AttachmentBuilder

      at Object.log [as test] (bot.js:4884:49)

  console.log
      - ÔØî ├ëchec: Impossible de lire le fichier

      at Object.log [as editReply] (bot.js:5513:45)

  console.log
    ­ƒº¬ TEST STRAT├ëGIE "rest.patch_with_attachments_payload": rest.patch avec attachments dans payload_json + embed minimal

      at Object.log [as editReply] (bot.js:5505:45)

  console.log
      - ÔØî ├ëchec: Aucun fichier valide ├á envoyer

      at Object.log [as editReply] (bot.js:5513:45)

  console.log
    ­ƒº¬ TEST STRAT├ëGIE "rest.patch_AttachmentBuilder_minimal_embed": rest.patch avec AttachmentBuilder originaux + embed minimal

      at Object.log [as editReply] (bot.js:5505:45)

  console.log
    Ô£à Ô£à Ô£à SUCC├êS avec strat├®gie "rest.patch_AttachmentBuilder_minimal_embed"! Ô£à Ô£à Ô£à

      at Object.log [as editReply] (bot.js:5507:45)

  console.log
    Ô£à Cette strat├®gie fonctionne: rest.patch avec AttachmentBuilder originaux + embed minimal

      at Object.log [as editReply] (bot.js:5508:45)

  console.log
    Ô£à Commande HTTP help ex├®cut├®e avec succ├¿s

      at GLSLDiscordBot.log [as handleInteractionFromHTTP] (bot.js:5640:29)

  console.log
    ­ƒöä handleInteractionFromHTTP appel├®

      at GLSLDiscordBot.log [as handleInteractionFromHTTP] (bot.js:4594:17)

  console.log
    ­ƒôï Interaction d├®tails: {
      id: '123',
      hasToken: true,
      type: 2,
      commandName: 'help',
      markedAsProcessed: true
    }

      at GLSLDiscordBot.log [as handleInteractionFromHTTP] (bot.js:4609:17)

  console.log
    ­ƒöì Commande HTTP re├ºue: help (user: testuser#1234)

      at GLSLDiscordBot.log [as handleInteractionFromHTTP] (bot.js:4633:25)

  console.log
    ÔûÂ´©Å Ex├®cution commande HTTP: help

      at GLSLDiscordBot.log [as handleInteractionFromHTTP] (bot.js:5634:29)

  console.log
    ­ƒôÄ Envoi de 1 fichier(s) - Test de toutes les strat├®gies

      at Object.log [as editReply] (bot.js:4726:37)

  console.log
    ­ƒº¬ TEST STRAT├ëGIE "rest.patch_file_only_no_embed": Envoyer le GIF comme fichier attach├® sans embed (meilleure compatibilit├® GIF anim├®)

      at Object.log [as editReply] (bot.js:5505:45)

  console.log
      - ÔØî ├ëchec: fp.stream is not async iterable

      at Object.log [as editReply] (bot.js:5513:45)

  console.log
    ­ƒº¬ TEST STRAT├ëGIE "rest.patch_double_edit_workaround": Double ├®dition avec AttachmentBuilder + embed minimal (workaround bug Discord)

      at Object.log [as editReply] (bot.js:5505:45)

  console.log
    ­ƒöä Double ├®dition - 1├¿re ├®dition avec AttachmentBuilder

      at Object.log [as test] (bot.js:4884:49)

  console.log
      - ÔØî ├ëchec: Strategy 1 failed

      at Object.log [as editReply] (bot.js:5513:45)

  console.log
    ­ƒº¬ TEST STRAT├ëGIE "rest.patch_with_attachments_payload": rest.patch avec attachments dans payload_json + embed minimal

      at Object.log [as editReply] (bot.js:5505:45)

  console.log
      - ÔØî ├ëchec: Aucun fichier valide ├á envoyer

      at Object.log [as editReply] (bot.js:5513:45)

  console.log
    ­ƒº¬ TEST STRAT├ëGIE "rest.patch_AttachmentBuilder_minimal_embed": rest.patch avec AttachmentBuilder originaux + embed minimal

      at Object.log [as editReply] (bot.js:5505:45)

  console.log
      - ÔØî ├ëchec: Aucun fichier valide ├á envoyer

      at Object.log [as editReply] (bot.js:5513:45)

  console.log
    ­ƒº¬ TEST STRAT├ëGIE "rest.patch_buffer_minimal_embed": rest.patch avec fichiers lus en Buffer + embed minimal

      at Object.log [as editReply] (bot.js:5505:45)

  console.log
      - ÔØî ├ëchec: Aucun fichier valide ├á envoyer

      at Object.log [as editReply] (bot.js:5513:45)

  console.log
    ­ƒº¬ TEST STRAT├ëGIE "rest.patch_AttachmentBuilder_full_embed": rest.patch avec AttachmentBuilder originaux + embed complet

      at Object.log [as editReply] (bot.js:5505:45)

  console.log
    Ô£à Ô£à Ô£à SUCC├êS avec strat├®gie "rest.patch_AttachmentBuilder_full_embed"! Ô£à Ô£à Ô£à

      at Object.log [as editReply] (bot.js:5507:45)

  console.log
    Ô£à Cette strat├®gie fonctionne: rest.patch avec AttachmentBuilder originaux + embed complet

      at Object.log [as editReply] (bot.js:5508:45)

  console.log
    Ô£à Commande HTTP help ex├®cut├®e avec succ├¿s

      at GLSLDiscordBot.log [as handleInteractionFromHTTP] (bot.js:5640:29)

  console.log
    ­ƒöä handleInteractionFromHTTP appel├®

      at GLSLDiscordBot.log [as handleInteractionFromHTTP] (bot.js:4594:17)

  console.log
    ­ƒôï Interaction d├®tails: {
      id: '123',
      hasToken: true,
      type: 2,
      commandName: 'help',
      markedAsProcessed: true
    }

      at GLSLDiscordBot.log [as handleInteractionFromHTTP] (bot.js:4609:17)

  console.log
    ­ƒöì Commande HTTP re├ºue: help (user: testuser#1234)

      at GLSLDiscordBot.log [as handleInteractionFromHTTP] (bot.js:4633:25)

  console.log
    ÔûÂ´©Å Ex├®cution commande HTTP: help

      at GLSLDiscordBot.log [as handleInteractionFromHTTP] (bot.js:5634:29)

  console.log
    Ô£à Commande HTTP help ex├®cut├®e avec succ├¿s

      at GLSLDiscordBot.log [as handleInteractionFromHTTP] (bot.js:5640:29)

  console.log
    ­ƒöä handleInteractionFromHTTP appel├®

      at GLSLDiscordBot.log [as handleInteractionFromHTTP] (bot.js:4594:17)

  console.log
    ­ƒôï Interaction d├®tails: {
      id: '123',
      hasToken: true,
      type: 2,
      commandName: 'help',
      markedAsProcessed: true
    }

      at GLSLDiscordBot.log [as handleInteractionFromHTTP] (bot.js:4609:17)

  console.log
    ­ƒöì Commande HTTP re├ºue: help (user: testuser#1234)

      at GLSLDiscordBot.log [as handleInteractionFromHTTP] (bot.js:4633:25)

  console.log
    ÔûÂ´©Å Ex├®cution commande HTTP: help

      at GLSLDiscordBot.log [as handleInteractionFromHTTP] (bot.js:5634:29)

  console.log
    Ô£à Commande HTTP help ex├®cut├®e avec succ├¿s

      at GLSLDiscordBot.log [as handleInteractionFromHTTP] (bot.js:5640:29)

  console.log
    ­ƒöä handleInteractionFromHTTP appel├®

      at GLSLDiscordBot.log [as handleInteractionFromHTTP] (bot.js:4594:17)

  console.log
    ­ƒôï Interaction d├®tails: {
      id: '123',
      hasToken: true,
      type: 2,
      commandName: 'help',
      markedAsProcessed: true
    }

      at GLSLDiscordBot.log [as handleInteractionFromHTTP] (bot.js:4609:17)

  console.log
    ­ƒöì Commande HTTP re├ºue: help (user: testuser#1234)

      at GLSLDiscordBot.log [as handleInteractionFromHTTP] (bot.js:4633:25)

  console.log
    ÔûÂ´©Å Ex├®cution commande HTTP: help

      at GLSLDiscordBot.log [as handleInteractionFromHTTP] (bot.js:5634:29)

  console.log
    Ô£à Commande HTTP help ex├®cut├®e avec succ├¿s

      at GLSLDiscordBot.log [as handleInteractionFromHTTP] (bot.js:5640:29)

  console.log
    ­ƒöä handleInteractionFromHTTP appel├®

      at GLSLDiscordBot.log [as handleInteractionFromHTTP] (bot.js:4594:17)

  console.log
    ­ƒôï Interaction d├®tails: {
      id: undefined,
      hasToken: true,
      type: 2,
      commandName: 'help',
      markedAsProcessed: true
    }

      at GLSLDiscordBot.log [as handleInteractionFromHTTP] (bot.js:4609:17)

  console.log
    ­ƒöä handleInteractionFromHTTP appel├®

      at GLSLDiscordBot.log [as handleInteractionFromHTTP] (bot.js:4594:17)

  console.log
    ­ƒôï Interaction d├®tails: {
      id: '123',
      hasToken: false,
      type: 2,
      commandName: 'help',
      markedAsProcessed: true
    }

      at GLSLDiscordBot.log [as handleInteractionFromHTTP] (bot.js:4609:17)

  console.log
    ­ƒöä handleInteractionFromHTTP appel├®

      at GLSLDiscordBot.log [as handleInteractionFromHTTP] (bot.js:4594:17)

  console.log
    ­ƒôï Interaction d├®tails: {
      id: '123',
      hasToken: true,
      type: 2,
      commandName: 'help',
      markedAsProcessed: true
    }

      at GLSLDiscordBot.log [as handleInteractionFromHTTP] (bot.js:4609:17)

  console.log
    ­ƒöì Commande HTTP re├ºue: help (user: testuser#1234)

      at GLSLDiscordBot.log [as handleInteractionFromHTTP] (bot.js:4633:25)

  console.log
    ÔûÂ´©Å Ex├®cution commande HTTP: help

      at GLSLDiscordBot.log [as handleInteractionFromHTTP] (bot.js:5634:29)

  console.log
    Ô£à Commande HTTP help ex├®cut├®e avec succ├¿s

      at GLSLDiscordBot.log [as handleInteractionFromHTTP] (bot.js:5640:29)

  console.log
    ­ƒöä handleInteractionFromHTTP appel├®

      at GLSLDiscordBot.log [as handleInteractionFromHTTP] (bot.js:4594:17)

  console.log
    ­ƒôï Interaction d├®tails: {
      id: '123',
      hasToken: true,
      type: 2,
      commandName: 'help',
      markedAsProcessed: true
    }

      at GLSLDiscordBot.log [as handleInteractionFromHTTP] (bot.js:4609:17)

  console.log
    ­ƒöì Commande HTTP re├ºue: help (user: testuser#1234)

      at GLSLDiscordBot.log [as handleInteractionFromHTTP] (bot.js:4633:25)

  console.log
    ÔûÂ´©Å Ex├®cution commande HTTP: help

      at GLSLDiscordBot.log [as handleInteractionFromHTTP] (bot.js:5634:29)

  console.log
    Ô£à Commande HTTP help ex├®cut├®e avec succ├¿s

      at GLSLDiscordBot.log [as handleInteractionFromHTTP] (bot.js:5640:29)

  console.log
    ­ƒöä handleInteractionFromHTTP appel├®

      at GLSLDiscordBot.log [as handleInteractionFromHTTP] (bot.js:4594:17)

  console.log
    ­ƒôï Interaction d├®tails: {
      id: '123',
      hasToken: true,
      type: 2,
      commandName: 'help',
      markedAsProcessed: true
    }

      at GLSLDiscordBot.log [as handleInteractionFromHTTP] (bot.js:4609:17)

  console.log
    ­ƒöì Commande HTTP re├ºue: help (user: testuser#1234)

      at GLSLDiscordBot.log [as handleInteractionFromHTTP] (bot.js:4633:25)

  console.log
    ÔûÂ´©Å Ex├®cution commande HTTP: help

      at GLSLDiscordBot.log [as handleInteractionFromHTTP] (bot.js:5634:29)

  console.log
    Ô£à Commande HTTP help ex├®cut├®e avec succ├¿s

      at GLSLDiscordBot.log [as handleInteractionFromHTTP] (bot.js:5640:29)

  console.log
    ­ƒöä handleInteractionFromHTTP appel├®

      at GLSLDiscordBot.log [as handleInteractionFromHTTP] (bot.js:4594:17)

  console.log
    ­ƒôï Interaction d├®tails: {
      id: '123',
      hasToken: true,
      type: 99,
      commandName: 'help',
      markedAsProcessed: true
    }

      at GLSLDiscordBot.log [as handleInteractionFromHTTP] (bot.js:4609:17)

  console.log
    ­ƒöä handleInteractionFromHTTP appel├®

      at GLSLDiscordBot.log [as handleInteractionFromHTTP] (bot.js:4594:17)

  console.log
    ­ƒôï Interaction d├®tails: {
      id: '123',
      hasToken: true,
      type: 2,
      commandName: 'help',
      markedAsProcessed: true
    }

      at GLSLDiscordBot.log [as handleInteractionFromHTTP] (bot.js:4609:17)

  console.log
    ­ƒöì Commande HTTP re├ºue: help (user: testuser#1234)

      at GLSLDiscordBot.log [as handleInteractionFromHTTP] (bot.js:4633:25)

  console.log
    ÔûÂ´©Å Ex├®cution commande HTTP: help

      at GLSLDiscordBot.log [as handleInteractionFromHTTP] (bot.js:5634:29)

  console.log
    Ô£à Commande HTTP help ex├®cut├®e avec succ├¿s

      at GLSLDiscordBot.log [as handleInteractionFromHTTP] (bot.js:5640:29)

  console.log
    ­ƒöä handleInteractionFromHTTP appel├®

      at GLSLDiscordBot.log [as handleInteractionFromHTTP] (bot.js:4594:17)

  console.log
    ­ƒôï Interaction d├®tails: {
      id: '123',
      hasToken: true,
      type: 2,
      commandName: 'help',
      markedAsProcessed: true
    }

      at GLSLDiscordBot.log [as handleInteractionFromHTTP] (bot.js:4609:17)

  console.log
    ­ƒöì Commande HTTP re├ºue: help (user: testuser#1234)

      at GLSLDiscordBot.log [as handleInteractionFromHTTP] (bot.js:4633:25)

  console.log
    ÔûÂ´©Å Ex├®cution commande HTTP: help

      at GLSLDiscordBot.log [as handleInteractionFromHTTP] (bot.js:5634:29)

  console.log
    Ô£à Commande HTTP help ex├®cut├®e avec succ├¿s

      at GLSLDiscordBot.log [as handleInteractionFromHTTP] (bot.js:5640:29)

  console.log
    ­ƒöä handleInteractionFromHTTP appel├®

      at GLSLDiscordBot.log [as handleInteractionFromHTTP] (bot.js:4594:17)

  console.log
    ­ƒôï Interaction d├®tails: {
      id: '123',
      hasToken: true,
      type: 2,
      commandName: 'help',
      markedAsProcessed: true
    }

      at GLSLDiscordBot.log [as handleInteractionFromHTTP] (bot.js:4609:17)

  console.log
    ­ƒöì Commande HTTP re├ºue: help (user: testuser#1234)

      at GLSLDiscordBot.log [as handleInteractionFromHTTP] (bot.js:4633:25)

  console.log
    ÔûÂ´©Å Ex├®cution commande HTTP: help

      at GLSLDiscordBot.log [as handleInteractionFromHTTP] (bot.js:5634:29)

  console.log
    Ô£à Envoi JSON pur - embeds seuls (content supprim├® car non requis)

      at Object.log [as editReply] (bot.js:5532:41)

  console.log
    Ô£à Commande HTTP help ex├®cut├®e avec succ├¿s

      at GLSLDiscordBot.log [as handleInteractionFromHTTP] (bot.js:5640:29)

  console.log
    ­ƒöä handleInteractionFromHTTP appel├®

      at GLSLDiscordBot.log [as handleInteractionFromHTTP] (bot.js:4594:17)

  console.log
    ­ƒôï Interaction d├®tails: {
      id: '123',
      hasToken: true,
      type: 2,
      commandName: 'help',
      markedAsProcessed: true
    }

      at GLSLDiscordBot.log [as handleInteractionFromHTTP] (bot.js:4609:17)

  console.log
    ­ƒöì Commande HTTP re├ºue: help (user: testuser#1234)

      at GLSLDiscordBot.log [as handleInteractionFromHTTP] (bot.js:4633:25)

  console.log
    ÔûÂ´©Å Ex├®cution commande HTTP: help

      at GLSLDiscordBot.log [as handleInteractionFromHTTP] (bot.js:5634:29)

  console.log
    Ô£à Commande HTTP help ex├®cut├®e avec succ├¿s

      at GLSLDiscordBot.log [as handleInteractionFromHTTP] (bot.js:5640:29)

  console.log
    ­ƒöä handleInteractionFromHTTP appel├®

      at GLSLDiscordBot.log [as handleInteractionFromHTTP] (bot.js:4594:17)

  console.log
    ­ƒôï Interaction d├®tails: {
      id: '123',
      hasToken: true,
      type: 2,
      commandName: 'help',
      markedAsProcessed: true
    }

      at GLSLDiscordBot.log [as handleInteractionFromHTTP] (bot.js:4609:17)

  console.log
    ­ƒöì Commande HTTP re├ºue: help (user: testuser#1234)

      at GLSLDiscordBot.log [as handleInteractionFromHTTP] (bot.js:4633:25)

  console.log
    ÔûÂ´©Å Ex├®cution commande HTTP: help

      at GLSLDiscordBot.log [as handleInteractionFromHTTP] (bot.js:5634:29)

  console.log
    Ô£à Commande HTTP help ex├®cut├®e avec succ├¿s

      at GLSLDiscordBot.log [as handleInteractionFromHTTP] (bot.js:5640:29)

  console.log
    ­ƒöä handleInteractionFromHTTP appel├®

      at GLSLDiscordBot.log [as handleInteractionFromHTTP] (bot.js:4594:17)

  console.log
    ­ƒôï Interaction d├®tails: {
      id: '123',
      hasToken: true,
      type: 2,
      commandName: 'help',
      markedAsProcessed: true
    }

      at GLSLDiscordBot.log [as handleInteractionFromHTTP] (bot.js:4609:17)

  console.log
    ­ƒöì Commande HTTP re├ºue: help (user: testuser#1234)

      at GLSLDiscordBot.log [as handleInteractionFromHTTP] (bot.js:4633:25)

  console.log
    ÔûÂ´©Å Ex├®cution commande HTTP: help

      at GLSLDiscordBot.log [as handleInteractionFromHTTP] (bot.js:5634:29)

  console.log
    Ô£à Commande HTTP help ex├®cut├®e avec succ├¿s

      at GLSLDiscordBot.log [as handleInteractionFromHTTP] (bot.js:5640:29)

  console.log
    ­ƒöä handleInteractionFromHTTP appel├®

      at GLSLDiscordBot.log [as handleInteractionFromHTTP] (bot.js:4594:17)

  console.log
    ­ƒôï Interaction d├®tails: {
      id: '123',
      hasToken: true,
      type: 4,
      commandName: 'help',
      markedAsProcessed: true
    }

      at GLSLDiscordBot.log [as handleInteractionFromHTTP] (bot.js:4609:17)

  console.log
    ­ƒöì Autocomplete HTTP re├ºu: help

      at GLSLDiscordBot.log [as handleInteractionFromHTTP] (bot.js:5655:25)

  console.log
    ­ƒöä handleInteractionFromHTTP appel├®

      at GLSLDiscordBot.log [as handleInteractionFromHTTP] (bot.js:4594:17)

  console.log
    ­ƒôï Interaction d├®tails: {
      id: '123',
      hasToken: true,
      type: 2,
      commandName: 'shader',
      markedAsProcessed: true
    }

      at GLSLDiscordBot.log [as handleInteractionFromHTTP] (bot.js:4609:17)

  console.log
    ­ƒöì Commande HTTP re├ºue: shader (user: testuser#1234)

      at GLSLDiscordBot.log [as handleInteractionFromHTTP] (bot.js:4633:25)

  console.log
    ÔûÂ´©Å Ex├®cution commande HTTP: shader

      at GLSLDiscordBot.log [as handleInteractionFromHTTP] (bot.js:5634:29)

  console.log
    Ô£à Commande HTTP shader ex├®cut├®e avec succ├¿s

      at GLSLDiscordBot.log [as handleInteractionFromHTTP] (bot.js:5640:29)

  console.log
    ­ƒöä handleInteractionFromHTTP appel├®

      at GLSLDiscordBot.log [as handleInteractionFromHTTP] (bot.js:4594:17)

  console.log
    ­ƒôï Interaction d├®tails: {
      id: '123',
      hasToken: true,
      type: 2,
      commandName: 'help',
      markedAsProcessed: true
    }

      at GLSLDiscordBot.log [as handleInteractionFromHTTP] (bot.js:4609:17)

  console.log
    ­ƒöì Commande HTTP re├ºue: help (user: undefined)

      at GLSLDiscordBot.log [as handleInteractionFromHTTP] (bot.js:4633:25)

  console.log
    ÔûÂ´©Å Ex├®cution commande HTTP: help

      at GLSLDiscordBot.log [as handleInteractionFromHTTP] (bot.js:5634:29)

  console.log
    Ô£à Commande HTTP help ex├®cut├®e avec succ├¿s

      at GLSLDiscordBot.log [as handleInteractionFromHTTP] (bot.js:5640:29)

  console.log
    ­ƒöä handleInteractionFromHTTP appel├®

      at GLSLDiscordBot.log [as handleInteractionFromHTTP] (bot.js:4594:17)

  console.log
    ­ƒôï Interaction d├®tails: {
      id: '123',
      hasToken: true,
      type: 2,
      commandName: 'help',
      markedAsProcessed: true
    }

      at GLSLDiscordBot.log [as handleInteractionFromHTTP] (bot.js:4609:17)

  console.log
    ­ƒöì Commande HTTP re├ºue: help (user: testuser#1234)

      at GLSLDiscordBot.log [as handleInteractionFromHTTP] (bot.js:4633:25)

  console.log
    ÔûÂ´©Å Ex├®cution commande HTTP: help

      at GLSLDiscordBot.log [as handleInteractionFromHTTP] (bot.js:5634:29)

  console.log
    Ô£à Commande HTTP help ex├®cut├®e avec succ├¿s

      at GLSLDiscordBot.log [as handleInteractionFromHTTP] (bot.js:5640:29)

  console.log
    ­ƒöä handleInteractionFromHTTP appel├®

      at GLSLDiscordBot.log [as handleInteractionFromHTTP] (bot.js:4594:17)

  console.log
    ­ƒôï Interaction d├®tails: {
      id: '123',
      hasToken: true,
      type: 2,
      commandName: 'help',
      markedAsProcessed: true
    }

      at GLSLDiscordBot.log [as handleInteractionFromHTTP] (bot.js:4609:17)

  console.log
    ­ƒöì Commande HTTP re├ºue: help (user: testuser#1234)

      at GLSLDiscordBot.log [as handleInteractionFromHTTP] (bot.js:4633:25)

  console.log
    ÔûÂ´©Å Ex├®cution commande HTTP: help

      at GLSLDiscordBot.log [as handleInteractionFromHTTP] (bot.js:5634:29)

  console.log
    ­ƒôÄ Envoi de 1 fichier(s) - Test de toutes les strat├®gies

      at Object.log [as editReply] (bot.js:4726:37)

  console.log
    ­ƒº¬ TEST STRAT├ëGIE "rest.patch_file_only_no_embed": Envoyer le GIF comme fichier attach├® sans embed (meilleure compatibilit├® GIF anim├®)

      at Object.log [as editReply] (bot.js:5505:45)

  console.log
    ­ƒôª Fichier test.gif: 16 bytes depuis stream

      at Object.log [as test] (bot.js:4835:57)

  console.log
      - ÔØî ├ëchec: Discord API error: 400 undefined - Bad Request

      at Object.log [as editReply] (bot.js:5513:45)

  console.log
    ­ƒº¬ TEST STRAT├ëGIE "rest.patch_double_edit_workaround": Double ├®dition avec AttachmentBuilder + embed minimal (workaround bug Discord)

      at Object.log [as editReply] (bot.js:5505:45)

  console.log
    ­ƒöä Double ├®dition - 1├¿re ├®dition avec AttachmentBuilder

      at Object.log [as test] (bot.js:4884:49)

  console.log
      - ÔØî ├ëchec: rest.patch failed

      at Object.log [as editReply] (bot.js:5513:45)

  console.log
    ­ƒº¬ TEST STRAT├ëGIE "rest.patch_with_attachments_payload": rest.patch avec attachments dans payload_json + embed minimal

      at Object.log [as editReply] (bot.js:5505:45)

  console.log
      - ÔØî ├ëchec: Aucun fichier valide ├á envoyer

      at Object.log [as editReply] (bot.js:5513:45)

  console.log
    ­ƒº¬ TEST STRAT├ëGIE "rest.patch_AttachmentBuilder_minimal_embed": rest.patch avec AttachmentBuilder originaux + embed minimal

      at Object.log [as editReply] (bot.js:5505:45)

  console.log
      - ÔØî ├ëchec: rest.patch failed

      at Object.log [as editReply] (bot.js:5513:45)

  console.log
    ­ƒº¬ TEST STRAT├ëGIE "rest.patch_buffer_minimal_embed": rest.patch avec fichiers lus en Buffer + embed minimal

      at Object.log [as editReply] (bot.js:5505:45)

  console.log
      - ÔØî ├ëchec: Aucun fichier valide ├á envoyer

      at Object.log [as editReply] (bot.js:5513:45)

  console.log
    ­ƒº¬ TEST STRAT├ëGIE "rest.patch_AttachmentBuilder_full_embed": rest.patch avec AttachmentBuilder originaux + embed complet

      at Object.log [as editReply] (bot.js:5505:45)

  console.log
      - ÔØî ├ëchec: rest.patch failed

      at Object.log [as editReply] (bot.js:5513:45)

  console.log
    ­ƒº¬ TEST STRAT├ëGIE "rest.patch_gif_only": rest.patch avec seulement le GIF, sans embed ni content

      at Object.log [as editReply] (bot.js:5505:45)

  console.log
      - ÔØî ├ëchec: rest.patch failed

      at Object.log [as editReply] (bot.js:5513:45)

  console.log
    ­ƒº¬ TEST STRAT├ëGIE "rest.patch_with_paths": rest.patch avec chemins de fichiers (objets)

      at Object.log [as editReply] (bot.js:5505:45)

  console.log
      - ÔØî ├ëchec: rest.patch failed

      at Object.log [as editReply] (bot.js:5513:45)

  console.log
    ­ƒº¬ TEST STRAT├ëGIE "rest.patch_with_paths_strings": rest.patch avec chemins de fichiers (strings)

      at Object.log [as editReply] (bot.js:5505:45)

  console.log
      - ÔØî ├ëchec: rest.patch failed

      at Object.log [as editReply] (bot.js:5513:45)

  console.log
    ­ƒº¬ TEST STRAT├ëGIE "rest.patch_with_buffers": rest.patch avec Buffers

      at Object.log [as editReply] (bot.js:5505:45)

  console.log
      - ÔØî ├ëchec: rest.patch failed

      at Object.log [as editReply] (bot.js:5513:45)

  console.log
    ­ƒº¬ TEST STRAT├ëGIE "formdata_content_text": FormData avec content texte "Shader animation"

      at Object.log [as editReply] (bot.js:5505:45)

  console.log
      - ÔØî ├ëchec: HTTP 400: Bad Request

      at Object.log [as editReply] (bot.js:5513:45)

  console.log
    ­ƒº¬ TEST STRAT├ëGIE "formdata_content_nonbreaking_space": FormData avec content non-breaking space

      at Object.log [as editReply] (bot.js:5505:45)

  console.log
      - ÔØî ├ëchec: HTTP 400: Bad Request

      at Object.log [as editReply] (bot.js:5513:45)

  console.log
    ­ƒº¬ TEST STRAT├ëGIE "formdata_content_shader_id": FormData avec content "Shader ID: X"

      at Object.log [as editReply] (bot.js:5505:45)

  console.log
      - ÔØî ├ëchec: HTTP 400: Bad Request

      at Object.log [as editReply] (bot.js:5513:45)

  console.log
    ­ƒº¬ TEST STRAT├ëGIE "formdata_content_separate_field": FormData avec content dans champ s├®par├® (pas dans payload_json)

      at Object.log [as editReply] (bot.js:5505:45)

  console.log
      - ÔØî ├ëchec: HTTP 400: Bad Request

      at Object.log [as editReply] (bot.js:5513:45)

  console.log
    ­ƒº¬ TEST STRAT├ëGIE "formdata_files_without_index": FormData avec files sans index (files au lieu de files[0])

      at Object.log [as editReply] (bot.js:5505:45)

  console.log
      - ÔØî ├ëchec: HTTP 400: Bad Request

      at Object.log [as editReply] (bot.js:5513:45)

  console.log
    ­ƒº¬ TEST STRAT├ëGIE "formdata_file_singular": FormData avec file au singulier (file au lieu de files[0])

      at Object.log [as editReply] (bot.js:5505:45)

  console.log
      - ÔØî ├ëchec: HTTP 400: Bad Request

      at Object.log [as editReply] (bot.js:5513:45)

  console.log
    ­ƒº¬ TEST STRAT├ëGIE "formdata_buffers_instead_of_streams": FormData avec Buffers au lieu de Streams

      at Object.log [as editReply] (bot.js:5505:45)

  console.log
      - ÔØî ├ëchec: HTTP 400: Bad Request

      at Object.log [as editReply] (bot.js:5513:45)

  console.log
    ­ƒöä handleInteractionFromHTTP appel├®

      at GLSLDiscordBot.log [as handleInteractionFromHTTP] (bot.js:4594:17)

  console.log
    ­ƒôï Interaction d├®tails: {
      id: '123',
      hasToken: true,
      type: 2,
      commandName: 'help',
      markedAsProcessed: true
    }

      at GLSLDiscordBot.log [as handleInteractionFromHTTP] (bot.js:4609:17)

  console.log
    ­ƒöì Commande HTTP re├ºue: help (user: testuser#1234)

      at GLSLDiscordBot.log [as handleInteractionFromHTTP] (bot.js:4633:25)

  console.log
    ÔûÂ´©Å Ex├®cution commande HTTP: help

      at GLSLDiscordBot.log [as handleInteractionFromHTTP] (bot.js:5634:29)

  console.log
    ­ƒôÄ Envoi de 1 fichier(s) - Test de toutes les strat├®gies

      at Object.log [as editReply] (bot.js:4726:37)

  console.log
    ­ƒº¬ TEST STRAT├ëGIE "rest.patch_file_only_no_embed": Envoyer le GIF comme fichier attach├® sans embed (meilleure compatibilit├® GIF anim├®)

      at Object.log [as editReply] (bot.js:5505:45)

  console.log
    ­ƒôª Fichier test.gif: 16 bytes lus depuis C:\Users\anne\Desktop\GLSL_DISCORD\tests\temp-test-1763224019523-jqyoexv.gif

      at Object.log [as test] (bot.js:4823:57)

  console.log
      - ÔØî ├ëchec: Discord API error: 400 undefined - Bad Request

      at Object.log [as editReply] (bot.js:5513:45)

  console.log
    ­ƒº¬ TEST STRAT├ëGIE "rest.patch_double_edit_workaround": Double ├®dition avec AttachmentBuilder + embed minimal (workaround bug Discord)

      at Object.log [as editReply] (bot.js:5505:45)

  console.log
    ­ƒöä Double ├®dition - 1├¿re ├®dition avec AttachmentBuilder

      at Object.log [as test] (bot.js:4884:49)

  console.log
      - ÔØî ├ëchec: rest.patch failed

      at Object.log [as editReply] (bot.js:5513:45)

  console.log
    ­ƒº¬ TEST STRAT├ëGIE "rest.patch_with_attachments_payload": rest.patch avec attachments dans payload_json + embed minimal

      at Object.log [as editReply] (bot.js:5505:45)

  console.log
      - ÔØî ├ëchec: rest.patch failed

      at Object.log [as editReply] (bot.js:5513:45)

  console.log
    ­ƒº¬ TEST STRAT├ëGIE "rest.patch_AttachmentBuilder_minimal_embed": rest.patch avec AttachmentBuilder originaux + embed minimal

      at Object.log [as editReply] (bot.js:5505:45)

  console.log
      - ÔØî ├ëchec: rest.patch failed

      at Object.log [as editReply] (bot.js:5513:45)

  console.log
    ­ƒº¬ TEST STRAT├ëGIE "rest.patch_buffer_minimal_embed": rest.patch avec fichiers lus en Buffer + embed minimal

      at Object.log [as editReply] (bot.js:5505:45)

  console.log
      - ÔØî ├ëchec: rest.patch failed

      at Object.log [as editReply] (bot.js:5513:45)

  console.log
    ­ƒº¬ TEST STRAT├ëGIE "rest.patch_AttachmentBuilder_full_embed": rest.patch avec AttachmentBuilder originaux + embed complet

      at Object.log [as editReply] (bot.js:5505:45)

  console.log
      - ÔØî ├ëchec: rest.patch failed

      at Object.log [as editReply] (bot.js:5513:45)

  console.log
    ­ƒº¬ TEST STRAT├ëGIE "rest.patch_gif_only": rest.patch avec seulement le GIF, sans embed ni content

      at Object.log [as editReply] (bot.js:5505:45)

  console.log
      - ÔØî ├ëchec: rest.patch failed

      at Object.log [as editReply] (bot.js:5513:45)

  console.log
    ­ƒº¬ TEST STRAT├ëGIE "rest.patch_with_paths": rest.patch avec chemins de fichiers (objets)

      at Object.log [as editReply] (bot.js:5505:45)

  console.log
      - ÔØî ├ëchec: rest.patch failed

      at Object.log [as editReply] (bot.js:5513:45)

  console.log
    ­ƒº¬ TEST STRAT├ëGIE "rest.patch_with_paths_strings": rest.patch avec chemins de fichiers (strings)

      at Object.log [as editReply] (bot.js:5505:45)

  console.log
      - ÔØî ├ëchec: rest.patch failed

      at Object.log [as editReply] (bot.js:5513:45)

  console.log
    ­ƒº¬ TEST STRAT├ëGIE "rest.patch_with_buffers": rest.patch avec Buffers

      at Object.log [as editReply] (bot.js:5505:45)

  console.log
      - ÔØî ├ëchec: rest.patch failed

      at Object.log [as editReply] (bot.js:5513:45)

  console.log
    ­ƒº¬ TEST STRAT├ëGIE "formdata_content_text": FormData avec content texte "Shader animation"

      at Object.log [as editReply] (bot.js:5505:45)

  console.log
      - ÔØî ├ëchec: HTTP 400: Bad Request

      at Object.log [as editReply] (bot.js:5513:45)

  console.log
    ­ƒº¬ TEST STRAT├ëGIE "formdata_content_nonbreaking_space": FormData avec content non-breaking space

      at Object.log [as editReply] (bot.js:5505:45)

  console.log
    Ô£à Ô£à Ô£à SUCC├êS avec strat├®gie "formdata_content_nonbreaking_space"! Ô£à Ô£à Ô£à

      at Object.log [as editReply] (bot.js:5507:45)

  console.log
    Ô£à Cette strat├®gie fonctionne: FormData avec content non-breaking space

      at Object.log [as editReply] (bot.js:5508:45)

  console.log
    Ô£à Commande HTTP help ex├®cut├®e avec succ├¿s

      at GLSLDiscordBot.log [as handleInteractionFromHTTP] (bot.js:5640:29)

  console.log
    ­ƒöä handleInteractionFromHTTP appel├®

      at GLSLDiscordBot.log [as handleInteractionFromHTTP] (bot.js:4594:17)

  console.log
    ­ƒôï Interaction d├®tails: {
      id: '123',
      hasToken: true,
      type: 2,
      commandName: 'help',
      markedAsProcessed: true
    }

      at GLSLDiscordBot.log [as handleInteractionFromHTTP] (bot.js:4609:17)

  console.log
    ­ƒöì Commande HTTP re├ºue: help (user: testuser#1234)

      at GLSLDiscordBot.log [as handleInteractionFromHTTP] (bot.js:4633:25)

  console.log
    ÔûÂ´©Å Ex├®cution commande HTTP: help

      at GLSLDiscordBot.log [as handleInteractionFromHTTP] (bot.js:5634:29)

  console.log
    ­ƒôÄ Envoi de 1 fichier(s) - Test de toutes les strat├®gies

      at Object.log [as editReply] (bot.js:4726:37)

  console.log
    ­ƒº¬ TEST STRAT├ëGIE "rest.patch_file_only_no_embed": Envoyer le GIF comme fichier attach├® sans embed (meilleure compatibilit├® GIF anim├®)

      at Object.log [as editReply] (bot.js:5505:45)

  console.log
    ­ƒôª Fichier test.gif: 16 bytes lus depuis C:\Users\anne\Desktop\GLSL_DISCORD\tests\temp-test-1763224019533-txi235.gif

      at Object.log [as test] (bot.js:4823:57)

  console.log
      - ÔØî ├ëchec: Discord API error: 400 undefined - Bad Request

      at Object.log [as editReply] (bot.js:5513:45)

  console.log
    ­ƒº¬ TEST STRAT├ëGIE "rest.patch_double_edit_workaround": Double ├®dition avec AttachmentBuilder + embed minimal (workaround bug Discord)

      at Object.log [as editReply] (bot.js:5505:45)

  console.log
    ­ƒöä Double ├®dition - 1├¿re ├®dition avec AttachmentBuilder

      at Object.log [as test] (bot.js:4884:49)

  console.log
      - ÔØî ├ëchec: rest.patch failed

      at Object.log [as editReply] (bot.js:5513:45)

  console.log
    ­ƒº¬ TEST STRAT├ëGIE "rest.patch_with_attachments_payload": rest.patch avec attachments dans payload_json + embed minimal

      at Object.log [as editReply] (bot.js:5505:45)

  console.log
      - ÔØî ├ëchec: rest.patch failed

      at Object.log [as editReply] (bot.js:5513:45)

  console.log
    ­ƒº¬ TEST STRAT├ëGIE "rest.patch_AttachmentBuilder_minimal_embed": rest.patch avec AttachmentBuilder originaux + embed minimal

      at Object.log [as editReply] (bot.js:5505:45)

  console.log
      - ÔØî ├ëchec: rest.patch failed

      at Object.log [as editReply] (bot.js:5513:45)

  console.log
    ­ƒº¬ TEST STRAT├ëGIE "rest.patch_buffer_minimal_embed": rest.patch avec fichiers lus en Buffer + embed minimal

      at Object.log [as editReply] (bot.js:5505:45)

  console.log
      - ÔØî ├ëchec: rest.patch failed

      at Object.log [as editReply] (bot.js:5513:45)

  console.log
    ­ƒº¬ TEST STRAT├ëGIE "rest.patch_AttachmentBuilder_full_embed": rest.patch avec AttachmentBuilder originaux + embed complet

      at Object.log [as editReply] (bot.js:5505:45)

  console.log
      - ÔØî ├ëchec: rest.patch failed

      at Object.log [as editReply] (bot.js:5513:45)

  console.log
    ­ƒº¬ TEST STRAT├ëGIE "rest.patch_gif_only": rest.patch avec seulement le GIF, sans embed ni content

      at Object.log [as editReply] (bot.js:5505:45)

  console.log
      - ÔØî ├ëchec: rest.patch failed

      at Object.log [as editReply] (bot.js:5513:45)

  console.log
    ­ƒº¬ TEST STRAT├ëGIE "rest.patch_with_paths": rest.patch avec chemins de fichiers (objets)

      at Object.log [as editReply] (bot.js:5505:45)

  console.log
      - ÔØî ├ëchec: rest.patch failed

      at Object.log [as editReply] (bot.js:5513:45)

  console.log
    ­ƒº¬ TEST STRAT├ëGIE "rest.patch_with_paths_strings": rest.patch avec chemins de fichiers (strings)

      at Object.log [as editReply] (bot.js:5505:45)

  console.log
      - ÔØî ├ëchec: rest.patch failed

      at Object.log [as editReply] (bot.js:5513:45)

  console.log
    ­ƒº¬ TEST STRAT├ëGIE "rest.patch_with_buffers": rest.patch avec Buffers

      at Object.log [as editReply] (bot.js:5505:45)

  console.log
      - ÔØî ├ëchec: rest.patch failed

      at Object.log [as editReply] (bot.js:5513:45)

  console.log
    ­ƒº¬ TEST STRAT├ëGIE "formdata_content_text": FormData avec content texte "Shader animation"

      at Object.log [as editReply] (bot.js:5505:45)

  console.log
      - ÔØî ├ëchec: HTTP 400: Bad Request

      at Object.log [as editReply] (bot.js:5513:45)

  console.log
    ­ƒº¬ TEST STRAT├ëGIE "formdata_content_nonbreaking_space": FormData avec content non-breaking space

      at Object.log [as editReply] (bot.js:5505:45)

  console.log
    Ô£à Ô£à Ô£à SUCC├êS avec strat├®gie "formdata_content_nonbreaking_space"! Ô£à Ô£à Ô£à

      at Object.log [as editReply] (bot.js:5507:45)

  console.log
    Ô£à Cette strat├®gie fonctionne: FormData avec content non-breaking space

      at Object.log [as editReply] (bot.js:5508:45)

  console.log
    Ô£à Commande HTTP help ex├®cut├®e avec succ├¿s

      at GLSLDiscordBot.log [as handleInteractionFromHTTP] (bot.js:5640:29)

  console.log
    ­ƒöä handleInteractionFromHTTP appel├®

      at GLSLDiscordBot.log [as handleInteractionFromHTTP] (bot.js:4594:17)

  console.log
    ­ƒôï Interaction d├®tails: {
      id: '123',
      hasToken: true,
      type: 2,
      commandName: 'help',
      markedAsProcessed: true
    }

      at GLSLDiscordBot.log [as handleInteractionFromHTTP] (bot.js:4609:17)

  console.log
    ­ƒöì Commande HTTP re├ºue: help (user: testuser#1234)

      at GLSLDiscordBot.log [as handleInteractionFromHTTP] (bot.js:4633:25)

  console.log
    ÔûÂ´©Å Ex├®cution commande HTTP: help

      at GLSLDiscordBot.log [as handleInteractionFromHTTP] (bot.js:5634:29)

  console.log
    ­ƒôÄ Envoi de 1 fichier(s) - Test de toutes les strat├®gies

      at Object.log [as editReply] (bot.js:4726:37)

  console.log
    ­ƒº¬ TEST STRAT├ëGIE "rest.patch_file_only_no_embed": Envoyer le GIF comme fichier attach├® sans embed (meilleure compatibilit├® GIF anim├®)

      at Object.log [as editReply] (bot.js:5505:45)

  console.log
    ­ƒôª Fichier test.gif: 16 bytes lus depuis C:\Users\anne\Desktop\GLSL_DISCORD\tests\temp-test-1763224019542-fo6lue.gif

      at Object.log [as test] (bot.js:4823:57)

  console.log
    Ô£à Ô£à Ô£à SUCC├êS avec strat├®gie "rest.patch_file_only_no_embed"! Ô£à Ô£à Ô£à

      at Object.log [as editReply] (bot.js:5507:45)

  console.log
    Ô£à Cette strat├®gie fonctionne: Envoyer le GIF comme fichier attach├® sans embed (meilleure compatibilit├® GIF anim├®)

      at Object.log [as editReply] (bot.js:5508:45)

  console.log
    Ô£à Commande HTTP help ex├®cut├®e avec succ├¿s

      at GLSLDiscordBot.log [as handleInteractionFromHTTP] (bot.js:5640:29)

  console.log
    ­ƒöä handleInteractionFromHTTP appel├®

      at GLSLDiscordBot.log [as handleInteractionFromHTTP] (bot.js:4594:17)

  console.log
    ­ƒôï Interaction d├®tails: {
      id: '123',
      hasToken: true,
      type: 2,
      commandName: 'help',
      markedAsProcessed: true
    }

      at GLSLDiscordBot.log [as handleInteractionFromHTTP] (bot.js:4609:17)

  console.log
    ­ƒöì Commande HTTP re├ºue: help (user: testuser#1234)

      at GLSLDiscordBot.log [as handleInteractionFromHTTP] (bot.js:4633:25)

  console.log
    ÔûÂ´©Å Ex├®cution commande HTTP: help

      at GLSLDiscordBot.log [as handleInteractionFromHTTP] (bot.js:5634:29)

  console.log
    ­ƒôÄ Envoi de 1 fichier(s) - Test de toutes les strat├®gies

      at Object.log [as editReply] (bot.js:4726:37)

  console.log
    ­ƒº¬ TEST STRAT├ëGIE "rest.patch_file_only_no_embed": Envoyer le GIF comme fichier attach├® sans embed (meilleure compatibilit├® GIF anim├®)

      at Object.log [as editReply] (bot.js:5505:45)

  console.log
    ­ƒôª Fichier test.gif: 16 bytes lus depuis C:\Users\anne\Desktop\GLSL_DISCORD\tests\temp-test-1763224019546-2b5sy.gif

      at Object.log [as test] (bot.js:4823:57)

  console.log
    Ô£à Ô£à Ô£à SUCC├êS avec strat├®gie "rest.patch_file_only_no_embed"! Ô£à Ô£à Ô£à

      at Object.log [as editReply] (bot.js:5507:45)

  console.log
    Ô£à Cette strat├®gie fonctionne: Envoyer le GIF comme fichier attach├® sans embed (meilleure compatibilit├® GIF anim├®)

      at Object.log [as editReply] (bot.js:5508:45)

  console.log
    Ô£à Commande HTTP help ex├®cut├®e avec succ├¿s

      at GLSLDiscordBot.log [as handleInteractionFromHTTP] (bot.js:5640:29)

  console.log
    ­ƒöä handleInteractionFromHTTP appel├®

      at GLSLDiscordBot.log [as handleInteractionFromHTTP] (bot.js:4594:17)

  console.log
    ­ƒôï Interaction d├®tails: {
      id: '123',
      hasToken: true,
      type: 2,
      commandName: 'help',
      markedAsProcessed: true
    }

      at GLSLDiscordBot.log [as handleInteractionFromHTTP] (bot.js:4609:17)

  console.log
    ­ƒöì Commande HTTP re├ºue: help (user: testuser#1234)

      at GLSLDiscordBot.log [as handleInteractionFromHTTP] (bot.js:4633:25)

  console.log
    ÔûÂ´©Å Ex├®cution commande HTTP: help

      at GLSLDiscordBot.log [as handleInteractionFromHTTP] (bot.js:5634:29)

  console.log
    ­ƒôÄ Envoi de 1 fichier(s) - Test de toutes les strat├®gies

      at Object.log [as editReply] (bot.js:4726:37)

  console.log
    ­ƒº¬ TEST STRAT├ëGIE "rest.patch_file_only_no_embed": Envoyer le GIF comme fichier attach├® sans embed (meilleure compatibilit├® GIF anim├®)

      at Object.log [as editReply] (bot.js:5505:45)

  console.log
    ­ƒôª Fichier test.gif: 16 bytes lus depuis C:\Users\anne\Desktop\GLSL_DISCORD\tests\temp-test-1763224019550-l301pv.gif

      at Object.log [as test] (bot.js:4823:57)

  console.log
    Ô£à Ô£à Ô£à SUCC├êS avec strat├®gie "rest.patch_file_only_no_embed"! Ô£à Ô£à Ô£à

      at Object.log [as editReply] (bot.js:5507:45)

  console.log
    Ô£à Cette strat├®gie fonctionne: Envoyer le GIF comme fichier attach├® sans embed (meilleure compatibilit├® GIF anim├®)

      at Object.log [as editReply] (bot.js:5508:45)

  console.log
    Ô£à Commande HTTP help ex├®cut├®e avec succ├¿s

      at GLSLDiscordBot.log [as handleInteractionFromHTTP] (bot.js:5640:29)

  console.log
    ­ƒöä handleInteractionFromHTTP appel├®

      at GLSLDiscordBot.log [as handleInteractionFromHTTP] (bot.js:4594:17)

  console.log
    ­ƒôï Interaction d├®tails: {
      id: '123',
      hasToken: true,
      type: 2,
      commandName: 'help',
      markedAsProcessed: true
    }

      at GLSLDiscordBot.log [as handleInteractionFromHTTP] (bot.js:4609:17)

  console.log
    ­ƒöì Commande HTTP re├ºue: help (user: testuser#1234)

      at GLSLDiscordBot.log [as handleInteractionFromHTTP] (bot.js:4633:25)

  console.log
    ÔûÂ´©Å Ex├®cution commande HTTP: help

      at GLSLDiscordBot.log [as handleInteractionFromHTTP] (bot.js:5634:29)

  console.log
    ­ƒôÄ Envoi de 1 fichier(s) - Test de toutes les strat├®gies

      at Object.log [as editReply] (bot.js:4726:37)

  console.log
    ­ƒº¬ TEST STRAT├ëGIE "rest.patch_file_only_no_embed": Envoyer le GIF comme fichier attach├® sans embed (meilleure compatibilit├® GIF anim├®)

      at Object.log [as editReply] (bot.js:5505:45)

  console.log
    ­ƒôª Fichier test.gif: 16 bytes lus depuis C:\Users\anne\Desktop\GLSL_DISCORD\tests\temp-test-1763224019554-sn3xr.gif

      at Object.log [as test] (bot.js:4823:57)

  console.log
    Ô£à Ô£à Ô£à SUCC├êS avec strat├®gie "rest.patch_file_only_no_embed"! Ô£à Ô£à Ô£à

      at Object.log [as editReply] (bot.js:5507:45)

  console.log
    Ô£à Cette strat├®gie fonctionne: Envoyer le GIF comme fichier attach├® sans embed (meilleure compatibilit├® GIF anim├®)

      at Object.log [as editReply] (bot.js:5508:45)

  console.log
    Ô£à Commande HTTP help ex├®cut├®e avec succ├¿s

      at GLSLDiscordBot.log [as handleInteractionFromHTTP] (bot.js:5640:29)

  console.log
    ­ƒöä handleInteractionFromHTTP appel├®

      at GLSLDiscordBot.log [as handleInteractionFromHTTP] (bot.js:4594:17)

  console.log
    ­ƒôï Interaction d├®tails: {
      id: '123',
      hasToken: true,
      type: 2,
      commandName: 'help',
      markedAsProcessed: true
    }

      at GLSLDiscordBot.log [as handleInteractionFromHTTP] (bot.js:4609:17)

  console.log
    ­ƒöì Commande HTTP re├ºue: help (user: testuser#1234)

      at GLSLDiscordBot.log [as handleInteractionFromHTTP] (bot.js:4633:25)

  console.log
    ÔûÂ´©Å Ex├®cution commande HTTP: help

      at GLSLDiscordBot.log [as handleInteractionFromHTTP] (bot.js:5634:29)

  console.log
    ­ƒôÄ Envoi de 1 fichier(s) - Test de toutes les strat├®gies

      at Object.log [as editReply] (bot.js:4726:37)

  console.log
    ­ƒº¬ TEST STRAT├ëGIE "rest.patch_file_only_no_embed": Envoyer le GIF comme fichier attach├® sans embed (meilleure compatibilit├® GIF anim├®)

      at Object.log [as editReply] (bot.js:5505:45)

  console.log
    ­ƒôª Fichier test.gif: 16 bytes depuis buffer

      at Object.log [as test] (bot.js:4827:57)

  console.log
    Ô£à Ô£à Ô£à SUCC├êS avec strat├®gie "rest.patch_file_only_no_embed"! Ô£à Ô£à Ô£à

      at Object.log [as editReply] (bot.js:5507:45)

  console.log
    Ô£à Cette strat├®gie fonctionne: Envoyer le GIF comme fichier attach├® sans embed (meilleure compatibilit├® GIF anim├®)

      at Object.log [as editReply] (bot.js:5508:45)

  console.log
    Ô£à Commande HTTP help ex├®cut├®e avec succ├¿s

      at GLSLDiscordBot.log [as handleInteractionFromHTTP] (bot.js:5640:29)

  console.log
    ­ƒöä handleInteractionFromHTTP appel├®

      at GLSLDiscordBot.log [as handleInteractionFromHTTP] (bot.js:4594:17)

  console.log
    ­ƒôï Interaction d├®tails: {
      id: '123',
      hasToken: true,
      type: 2,
      commandName: 'help',
      markedAsProcessed: true
    }

      at GLSLDiscordBot.log [as handleInteractionFromHTTP] (bot.js:4609:17)

  console.log
    ­ƒöì Commande HTTP re├ºue: help (user: testuser#1234)

      at GLSLDiscordBot.log [as handleInteractionFromHTTP] (bot.js:4633:25)

  console.log
    ÔûÂ´©Å Ex├®cution commande HTTP: help

      at GLSLDiscordBot.log [as handleInteractionFromHTTP] (bot.js:5634:29)

  console.log
    ­ƒôÄ Envoi de 1 fichier(s) - Test de toutes les strat├®gies

      at Object.log [as editReply] (bot.js:4726:37)

  console.log
    ­ƒº¬ TEST STRAT├ëGIE "rest.patch_file_only_no_embed": Envoyer le GIF comme fichier attach├® sans embed (meilleure compatibilit├® GIF anim├®)

      at Object.log [as editReply] (bot.js:5505:45)

  console.log
    ­ƒôª Fichier test.gif: 16 bytes lus depuis C:\Users\anne\Desktop\GLSL_DISCORD\tests\temp-test-1763224019563-3yxedl.gif

      at Object.log [as test] (bot.js:4823:57)

  console.log
    Ô£à Ô£à Ô£à SUCC├êS avec strat├®gie "rest.patch_file_only_no_embed"! Ô£à Ô£à Ô£à

      at Object.log [as editReply] (bot.js:5507:45)

  console.log
    Ô£à Cette strat├®gie fonctionne: Envoyer le GIF comme fichier attach├® sans embed (meilleure compatibilit├® GIF anim├®)

      at Object.log [as editReply] (bot.js:5508:45)

  console.log
    Ô£à Commande HTTP help ex├®cut├®e avec succ├¿s

      at GLSLDiscordBot.log [as handleInteractionFromHTTP] (bot.js:5640:29)

  console.log
    ­ƒöä handleInteractionFromHTTP appel├®

      at GLSLDiscordBot.log [as handleInteractionFromHTTP] (bot.js:4594:17)

  console.log
    ­ƒôï Interaction d├®tails: {
      id: '123',
      hasToken: true,
      type: 2,
      commandName: 'help',
      markedAsProcessed: true
    }

      at GLSLDiscordBot.log [as handleInteractionFromHTTP] (bot.js:4609:17)

  console.log
    ­ƒöì Commande HTTP re├ºue: help (user: testuser#1234)

      at GLSLDiscordBot.log [as handleInteractionFromHTTP] (bot.js:4633:25)

  console.log
    ÔûÂ´©Å Ex├®cution commande HTTP: help

      at GLSLDiscordBot.log [as handleInteractionFromHTTP] (bot.js:5634:29)

  console.log
    ­ƒôÄ Envoi de 1 fichier(s) - Test de toutes les strat├®gies

      at Object.log [as editReply] (bot.js:4726:37)

  console.log
    ­ƒº¬ TEST STRAT├ëGIE "rest.patch_file_only_no_embed": Envoyer le GIF comme fichier attach├® sans embed (meilleure compatibilit├® GIF anim├®)

      at Object.log [as editReply] (bot.js:5505:45)

  console.log
    ­ƒôª Fichier test.gif: 16 bytes lus depuis C:\Users\anne\Desktop\GLSL_DISCORD\tests\temp-test-1763224019567-ljjg4.gif

      at Object.log [as test] (bot.js:4823:57)

  console.log
      - ÔØî ├ëchec: Discord API error: 400 undefined - Bad Request

      at Object.log [as editReply] (bot.js:5513:45)

  console.log
    ­ƒº¬ TEST STRAT├ëGIE "rest.patch_double_edit_workaround": Double ├®dition avec AttachmentBuilder + embed minimal (workaround bug Discord)

      at Object.log [as editReply] (bot.js:5505:45)

  console.log
    ­ƒöä Double ├®dition - 1├¿re ├®dition avec AttachmentBuilder

      at Object.log [as test] (bot.js:4884:49)

  console.log
      - ÔØî ├ëchec: rest.patch failed

      at Object.log [as editReply] (bot.js:5513:45)

  console.log
    ­ƒº¬ TEST STRAT├ëGIE "rest.patch_with_attachments_payload": rest.patch avec attachments dans payload_json + embed minimal

      at Object.log [as editReply] (bot.js:5505:45)

  console.log
      - ÔØî ├ëchec: rest.patch failed

      at Object.log [as editReply] (bot.js:5513:45)

  console.log
    ­ƒº¬ TEST STRAT├ëGIE "rest.patch_AttachmentBuilder_minimal_embed": rest.patch avec AttachmentBuilder originaux + embed minimal

      at Object.log [as editReply] (bot.js:5505:45)

  console.log
      - ÔØî ├ëchec: rest.patch failed

      at Object.log [as editReply] (bot.js:5513:45)

  console.log
    ­ƒº¬ TEST STRAT├ëGIE "rest.patch_buffer_minimal_embed": rest.patch avec fichiers lus en Buffer + embed minimal

      at Object.log [as editReply] (bot.js:5505:45)

  console.log
      - ÔØî ├ëchec: rest.patch failed

      at Object.log [as editReply] (bot.js:5513:45)

  console.log
    ­ƒº¬ TEST STRAT├ëGIE "rest.patch_AttachmentBuilder_full_embed": rest.patch avec AttachmentBuilder originaux + embed complet

      at Object.log [as editReply] (bot.js:5505:45)

  console.log
      - ÔØî ├ëchec: rest.patch failed

      at Object.log [as editReply] (bot.js:5513:45)

  console.log
    ­ƒº¬ TEST STRAT├ëGIE "rest.patch_gif_only": rest.patch avec seulement le GIF, sans embed ni content

      at Object.log [as editReply] (bot.js:5505:45)

  console.log
      - ÔØî ├ëchec: rest.patch failed

      at Object.log [as editReply] (bot.js:5513:45)

  console.log
    ­ƒº¬ TEST STRAT├ëGIE "rest.patch_with_paths": rest.patch avec chemins de fichiers (objets)

      at Object.log [as editReply] (bot.js:5505:45)

  console.log
      - ÔØî ├ëchec: rest.patch failed

      at Object.log [as editReply] (bot.js:5513:45)

  console.log
    ­ƒº¬ TEST STRAT├ëGIE "rest.patch_with_paths_strings": rest.patch avec chemins de fichiers (strings)

      at Object.log [as editReply] (bot.js:5505:45)

  console.log
      - ÔØî ├ëchec: rest.patch failed

      at Object.log [as editReply] (bot.js:5513:45)

  console.log
    ­ƒº¬ TEST STRAT├ëGIE "rest.patch_with_buffers": rest.patch avec Buffers

      at Object.log [as editReply] (bot.js:5505:45)

  console.log
      - ÔØî ├ëchec: rest.patch failed

      at Object.log [as editReply] (bot.js:5513:45)

  console.log
    ­ƒº¬ TEST STRAT├ëGIE "formdata_content_text": FormData avec content texte "Shader animation"

      at Object.log [as editReply] (bot.js:5505:45)

  console.log
    Ô£à Ô£à Ô£à SUCC├êS avec strat├®gie "formdata_content_text"! Ô£à Ô£à Ô£à

      at Object.log [as editReply] (bot.js:5507:45)

  console.log
    Ô£à Cette strat├®gie fonctionne: FormData avec content texte "Shader animation"

      at Object.log [as editReply] (bot.js:5508:45)

  console.log
    Ô£à Commande HTTP help ex├®cut├®e avec succ├¿s

      at GLSLDiscordBot.log [as handleInteractionFromHTTP] (bot.js:5640:29)

  console.log
    ­ƒöä handleInteractionFromHTTP appel├®

      at GLSLDiscordBot.log [as handleInteractionFromHTTP] (bot.js:4594:17)

  console.log
    ­ƒôï Interaction d├®tails: {
      id: '123',
      hasToken: true,
      type: 2,
      commandName: 'help',
      markedAsProcessed: true
    }

      at GLSLDiscordBot.log [as handleInteractionFromHTTP] (bot.js:4609:17)

  console.log
    ­ƒöì Commande HTTP re├ºue: help (user: testuser#1234)

      at GLSLDiscordBot.log [as handleInteractionFromHTTP] (bot.js:4633:25)

  console.log
    ÔûÂ´©Å Ex├®cution commande HTTP: help

      at GLSLDiscordBot.log [as handleInteractionFromHTTP] (bot.js:5634:29)

  console.log
    ­ƒôÄ Envoi de 1 fichier(s) - Test de toutes les strat├®gies

      at Object.log [as editReply] (bot.js:4726:37)

  console.log
    ­ƒº¬ TEST STRAT├ëGIE "rest.patch_file_only_no_embed": Envoyer le GIF comme fichier attach├® sans embed (meilleure compatibilit├® GIF anim├®)

      at Object.log [as editReply] (bot.js:5505:45)

  console.log
    ­ƒôª Fichier test.gif: 16 bytes lus depuis C:\Users\anne\Desktop\GLSL_DISCORD\tests\temp-test-1763224019575-xo3bi.gif

      at Object.log [as test] (bot.js:4823:57)

  console.log
      - ÔØî ├ëchec: Discord API error: 400 undefined - Bad Request

      at Object.log [as editReply] (bot.js:5513:45)

  console.log
    ­ƒº¬ TEST STRAT├ëGIE "rest.patch_double_edit_workaround": Double ├®dition avec AttachmentBuilder + embed minimal (workaround bug Discord)

      at Object.log [as editReply] (bot.js:5505:45)

  console.log
    ­ƒöä Double ├®dition - 1├¿re ├®dition avec AttachmentBuilder

      at Object.log [as test] (bot.js:4884:49)

  console.log
      - ÔØî ├ëchec: rest.patch failed

      at Object.log [as editReply] (bot.js:5513:45)

  console.log
    ­ƒº¬ TEST STRAT├ëGIE "rest.patch_with_attachments_payload": rest.patch avec attachments dans payload_json + embed minimal

      at Object.log [as editReply] (bot.js:5505:45)

  console.log
      - ÔØî ├ëchec: rest.patch failed

      at Object.log [as editReply] (bot.js:5513:45)

  console.log
    ­ƒº¬ TEST STRAT├ëGIE "rest.patch_AttachmentBuilder_minimal_embed": rest.patch avec AttachmentBuilder originaux + embed minimal

      at Object.log [as editReply] (bot.js:5505:45)

  console.log
      - ÔØî ├ëchec: rest.patch failed

      at Object.log [as editReply] (bot.js:5513:45)

  console.log
    ­ƒº¬ TEST STRAT├ëGIE "rest.patch_buffer_minimal_embed": rest.patch avec fichiers lus en Buffer + embed minimal

      at Object.log [as editReply] (bot.js:5505:45)

  console.log
      - ÔØî ├ëchec: rest.patch failed

      at Object.log [as editReply] (bot.js:5513:45)

  console.log
    ­ƒº¬ TEST STRAT├ëGIE "rest.patch_AttachmentBuilder_full_embed": rest.patch avec AttachmentBuilder originaux + embed complet

      at Object.log [as editReply] (bot.js:5505:45)

  console.log
      - ÔØî ├ëchec: rest.patch failed

      at Object.log [as editReply] (bot.js:5513:45)

  console.log
    ­ƒº¬ TEST STRAT├ëGIE "rest.patch_gif_only": rest.patch avec seulement le GIF, sans embed ni content

      at Object.log [as editReply] (bot.js:5505:45)

  console.log
      - ÔØî ├ëchec: rest.patch failed

      at Object.log [as editReply] (bot.js:5513:45)

  console.log
    ­ƒº¬ TEST STRAT├ëGIE "rest.patch_with_paths": rest.patch avec chemins de fichiers (objets)

      at Object.log [as editReply] (bot.js:5505:45)

  console.log
      - ÔØî ├ëchec: rest.patch failed

      at Object.log [as editReply] (bot.js:5513:45)

  console.log
    ­ƒº¬ TEST STRAT├ëGIE "rest.patch_with_paths_strings": rest.patch avec chemins de fichiers (strings)

      at Object.log [as editReply] (bot.js:5505:45)

  console.log
      - ÔØî ├ëchec: rest.patch failed

      at Object.log [as editReply] (bot.js:5513:45)

  console.log
    ­ƒº¬ TEST STRAT├ëGIE "rest.patch_with_buffers": rest.patch avec Buffers

      at Object.log [as editReply] (bot.js:5505:45)

  console.log
      - ÔØî ├ëchec: rest.patch failed

      at Object.log [as editReply] (bot.js:5513:45)

  console.log
    ­ƒº¬ TEST STRAT├ëGIE "formdata_content_text": FormData avec content texte "Shader animation"

      at Object.log [as editReply] (bot.js:5505:45)

  console.log
      - ÔØî ├ëchec: HTTP 400: Bad Request

      at Object.log [as editReply] (bot.js:5513:45)

  console.log
    ­ƒº¬ TEST STRAT├ëGIE "formdata_content_nonbreaking_space": FormData avec content non-breaking space

      at Object.log [as editReply] (bot.js:5505:45)

  console.log
      - ÔØî ├ëchec: HTTP 400: Bad Request

      at Object.log [as editReply] (bot.js:5513:45)

  console.log
    ­ƒº¬ TEST STRAT├ëGIE "formdata_content_shader_id": FormData avec content "Shader ID: X"

      at Object.log [as editReply] (bot.js:5505:45)

  console.log
    Ô£à Ô£à Ô£à SUCC├êS avec strat├®gie "formdata_content_shader_id"! Ô£à Ô£à Ô£à

      at Object.log [as editReply] (bot.js:5507:45)

  console.log
    Ô£à Cette strat├®gie fonctionne: FormData avec content "Shader ID: X"

      at Object.log [as editReply] (bot.js:5508:45)

  console.log
    Ô£à Commande HTTP help ex├®cut├®e avec succ├¿s

      at GLSLDiscordBot.log [as handleInteractionFromHTTP] (bot.js:5640:29)

  console.log
    ­ƒöä handleInteractionFromHTTP appel├®

      at GLSLDiscordBot.log [as handleInteractionFromHTTP] (bot.js:4594:17)

  console.log
    ­ƒôï Interaction d├®tails: {
      id: '123',
      hasToken: true,
      type: 2,
      commandName: 'help',
      markedAsProcessed: true
    }

      at GLSLDiscordBot.log [as handleInteractionFromHTTP] (bot.js:4609:17)

  console.log
    ­ƒöì Commande HTTP re├ºue: help (user: testuser#1234)

      at GLSLDiscordBot.log [as handleInteractionFromHTTP] (bot.js:4633:25)

  console.log
    ÔûÂ´©Å Ex├®cution commande HTTP: help

      at GLSLDiscordBot.log [as handleInteractionFromHTTP] (bot.js:5634:29)

  console.log
    ­ƒôÄ Envoi de 1 fichier(s) - Test de toutes les strat├®gies

      at Object.log [as editReply] (bot.js:4726:37)

  console.log
    ­ƒº¬ TEST STRAT├ëGIE "rest.patch_file_only_no_embed": Envoyer le GIF comme fichier attach├® sans embed (meilleure compatibilit├® GIF anim├®)

      at Object.log [as editReply] (bot.js:5505:45)

  console.log
    ­ƒôª Fichier test.gif: 16 bytes lus depuis C:\Users\anne\Desktop\GLSL_DISCORD\tests\temp-test-1763224019585-t1081j.gif

      at Object.log [as test] (bot.js:4823:57)

  console.log
      - ÔØî ├ëchec: Discord API error: 400 undefined - Bad Request

      at Object.log [as editReply] (bot.js:5513:45)

  console.log
    ­ƒº¬ TEST STRAT├ëGIE "rest.patch_double_edit_workaround": Double ├®dition avec AttachmentBuilder + embed minimal (workaround bug Discord)

      at Object.log [as editReply] (bot.js:5505:45)

  console.log
    ­ƒöä Double ├®dition - 1├¿re ├®dition avec AttachmentBuilder

      at Object.log [as test] (bot.js:4884:49)

  console.log
      - ÔØî ├ëchec: rest.patch failed

      at Object.log [as editReply] (bot.js:5513:45)

  console.log
    ­ƒº¬ TEST STRAT├ëGIE "rest.patch_with_attachments_payload": rest.patch avec attachments dans payload_json + embed minimal

      at Object.log [as editReply] (bot.js:5505:45)

  console.log
      - ÔØî ├ëchec: rest.patch failed

      at Object.log [as editReply] (bot.js:5513:45)

  console.log
    ­ƒº¬ TEST STRAT├ëGIE "rest.patch_AttachmentBuilder_minimal_embed": rest.patch avec AttachmentBuilder originaux + embed minimal

      at Object.log [as editReply] (bot.js:5505:45)

  console.log
      - ÔØî ├ëchec: rest.patch failed

      at Object.log [as editReply] (bot.js:5513:45)

  console.log
    ­ƒº¬ TEST STRAT├ëGIE "rest.patch_buffer_minimal_embed": rest.patch avec fichiers lus en Buffer + embed minimal

      at Object.log [as editReply] (bot.js:5505:45)

  console.log
      - ÔØî ├ëchec: rest.patch failed

      at Object.log [as editReply] (bot.js:5513:45)

  console.log
    ­ƒº¬ TEST STRAT├ëGIE "rest.patch_AttachmentBuilder_full_embed": rest.patch avec AttachmentBuilder originaux + embed complet

      at Object.log [as editReply] (bot.js:5505:45)

  console.log
      - ÔØî ├ëchec: rest.patch failed

      at Object.log [as editReply] (bot.js:5513:45)

  console.log
    ­ƒº¬ TEST STRAT├ëGIE "rest.patch_gif_only": rest.patch avec seulement le GIF, sans embed ni content

      at Object.log [as editReply] (bot.js:5505:45)

  console.log
      - ÔØî ├ëchec: rest.patch failed

      at Object.log [as editReply] (bot.js:5513:45)

  console.log
    ­ƒº¬ TEST STRAT├ëGIE "rest.patch_with_paths": rest.patch avec chemins de fichiers (objets)

      at Object.log [as editReply] (bot.js:5505:45)

  console.log
      - ÔØî ├ëchec: rest.patch failed

      at Object.log [as editReply] (bot.js:5513:45)

  console.log
    ­ƒº¬ TEST STRAT├ëGIE "rest.patch_with_paths_strings": rest.patch avec chemins de fichiers (strings)

      at Object.log [as editReply] (bot.js:5505:45)

  console.log
      - ÔØî ├ëchec: rest.patch failed

      at Object.log [as editReply] (bot.js:5513:45)

  console.log
    ­ƒº¬ TEST STRAT├ëGIE "rest.patch_with_buffers": rest.patch avec Buffers

      at Object.log [as editReply] (bot.js:5505:45)

  console.log
      - ÔØî ├ëchec: rest.patch failed

      at Object.log [as editReply] (bot.js:5513:45)

  console.log
    ­ƒº¬ TEST STRAT├ëGIE "formdata_content_text": FormData avec content texte "Shader animation"

      at Object.log [as editReply] (bot.js:5505:45)

  console.log
      - ÔØî ├ëchec: HTTP 400: Bad Request

      at Object.log [as editReply] (bot.js:5513:45)

  console.log
    ­ƒº¬ TEST STRAT├ëGIE "formdata_content_nonbreaking_space": FormData avec content non-breaking space

      at Object.log [as editReply] (bot.js:5505:45)

  console.log
      - ÔØî ├ëchec: HTTP 400: Bad Request

      at Object.log [as editReply] (bot.js:5513:45)

  console.log
    ­ƒº¬ TEST STRAT├ëGIE "formdata_content_shader_id": FormData avec content "Shader ID: X"

      at Object.log [as editReply] (bot.js:5505:45)

  console.log
      - ÔØî ├ëchec: HTTP 400: Bad Request

      at Object.log [as editReply] (bot.js:5513:45)

  console.log
    ­ƒº¬ TEST STRAT├ëGIE "formdata_content_separate_field": FormData avec content dans champ s├®par├® (pas dans payload_json)

      at Object.log [as editReply] (bot.js:5505:45)

  console.log
    Ô£à Ô£à Ô£à SUCC├êS avec strat├®gie "formdata_content_separate_field"! Ô£à Ô£à Ô£à

      at Object.log [as editReply] (bot.js:5507:45)

  console.log
    Ô£à Cette strat├®gie fonctionne: FormData avec content dans champ s├®par├® (pas dans payload_json)

      at Object.log [as editReply] (bot.js:5508:45)

  console.log
    Ô£à Commande HTTP help ex├®cut├®e avec succ├¿s

      at GLSLDiscordBot.log [as handleInteractionFromHTTP] (bot.js:5640:29)

  console.log
    ­ƒöä handleInteractionFromHTTP appel├®

      at GLSLDiscordBot.log [as handleInteractionFromHTTP] (bot.js:4594:17)

  console.log
    ­ƒôï Interaction d├®tails: {
      id: '123',
      hasToken: true,
      type: 2,
      commandName: 'help',
      markedAsProcessed: true
    }

      at GLSLDiscordBot.log [as handleInteractionFromHTTP] (bot.js:4609:17)

  console.log
    ­ƒöì Commande HTTP re├ºue: help (user: testuser#1234)

      at GLSLDiscordBot.log [as handleInteractionFromHTTP] (bot.js:4633:25)

  console.log
    ÔûÂ´©Å Ex├®cution commande HTTP: help

      at GLSLDiscordBot.log [as handleInteractionFromHTTP] (bot.js:5634:29)

  console.log
    ­ƒôÄ Envoi de 1 fichier(s) - Test de toutes les strat├®gies

      at Object.log [as editReply] (bot.js:4726:37)

  console.log
    ­ƒº¬ TEST STRAT├ëGIE "rest.patch_file_only_no_embed": Envoyer le GIF comme fichier attach├® sans embed (meilleure compatibilit├® GIF anim├®)

      at Object.log [as editReply] (bot.js:5505:45)

  console.log
    ­ƒôª Fichier test.gif: 16 bytes lus depuis C:\Users\anne\Desktop\GLSL_DISCORD\tests\temp-test-1763224019593-ajvb3c.gif

      at Object.log [as test] (bot.js:4823:57)

  console.log
      - ÔØî ├ëchec: Discord API error: 400 undefined - Bad Request

      at Object.log [as editReply] (bot.js:5513:45)

  console.log
    ­ƒº¬ TEST STRAT├ëGIE "rest.patch_double_edit_workaround": Double ├®dition avec AttachmentBuilder + embed minimal (workaround bug Discord)

      at Object.log [as editReply] (bot.js:5505:45)

  console.log
    ­ƒöä Double ├®dition - 1├¿re ├®dition avec AttachmentBuilder

      at Object.log [as test] (bot.js:4884:49)

  console.log
      - ÔØî ├ëchec: rest.patch failed

      at Object.log [as editReply] (bot.js:5513:45)

  console.log
    ­ƒº¬ TEST STRAT├ëGIE "rest.patch_with_attachments_payload": rest.patch avec attachments dans payload_json + embed minimal

      at Object.log [as editReply] (bot.js:5505:45)

  console.log
      - ÔØî ├ëchec: rest.patch failed

      at Object.log [as editReply] (bot.js:5513:45)

  console.log
    ­ƒº¬ TEST STRAT├ëGIE "rest.patch_AttachmentBuilder_minimal_embed": rest.patch avec AttachmentBuilder originaux + embed minimal

      at Object.log [as editReply] (bot.js:5505:45)

  console.log
      - ÔØî ├ëchec: rest.patch failed

      at Object.log [as editReply] (bot.js:5513:45)

  console.log
    ­ƒº¬ TEST STRAT├ëGIE "rest.patch_buffer_minimal_embed": rest.patch avec fichiers lus en Buffer + embed minimal

      at Object.log [as editReply] (bot.js:5505:45)

  console.log
      - ÔØî ├ëchec: rest.patch failed

      at Object.log [as editReply] (bot.js:5513:45)

  console.log
    ­ƒº¬ TEST STRAT├ëGIE "rest.patch_AttachmentBuilder_full_embed": rest.patch avec AttachmentBuilder originaux + embed complet

      at Object.log [as editReply] (bot.js:5505:45)

  console.log
      - ÔØî ├ëchec: rest.patch failed

      at Object.log [as editReply] (bot.js:5513:45)

  console.log
    ­ƒº¬ TEST STRAT├ëGIE "rest.patch_gif_only": rest.patch avec seulement le GIF, sans embed ni content

      at Object.log [as editReply] (bot.js:5505:45)

  console.log
      - ÔØî ├ëchec: rest.patch failed

      at Object.log [as editReply] (bot.js:5513:45)

  console.log
    ­ƒº¬ TEST STRAT├ëGIE "rest.patch_with_paths": rest.patch avec chemins de fichiers (objets)

      at Object.log [as editReply] (bot.js:5505:45)

  console.log
      - ÔØî ├ëchec: rest.patch failed

      at Object.log [as editReply] (bot.js:5513:45)

  console.log
    ­ƒº¬ TEST STRAT├ëGIE "rest.patch_with_paths_strings": rest.patch avec chemins de fichiers (strings)

      at Object.log [as editReply] (bot.js:5505:45)

  console.log
      - ÔØî ├ëchec: rest.patch failed

      at Object.log [as editReply] (bot.js:5513:45)

  console.log
    ­ƒº¬ TEST STRAT├ëGIE "rest.patch_with_buffers": rest.patch avec Buffers

      at Object.log [as editReply] (bot.js:5505:45)

  console.log
      - ÔØî ├ëchec: rest.patch failed

      at Object.log [as editReply] (bot.js:5513:45)

  console.log
    ­ƒº¬ TEST STRAT├ëGIE "formdata_content_text": FormData avec content texte "Shader animation"

      at Object.log [as editReply] (bot.js:5505:45)

  console.log
      - ÔØî ├ëchec: HTTP 400: Bad Request

      at Object.log [as editReply] (bot.js:5513:45)

  console.log
    ­ƒº¬ TEST STRAT├ëGIE "formdata_content_nonbreaking_space": FormData avec content non-breaking space

      at Object.log [as editReply] (bot.js:5505:45)

  console.log
      - ÔØî ├ëchec: HTTP 400: Bad Request

      at Object.log [as editReply] (bot.js:5513:45)

  console.log
    ­ƒº¬ TEST STRAT├ëGIE "formdata_content_shader_id": FormData avec content "Shader ID: X"

      at Object.log [as editReply] (bot.js:5505:45)

  console.log
      - ÔØî ├ëchec: HTTP 400: Bad Request

      at Object.log [as editReply] (bot.js:5513:45)

  console.log
    ­ƒº¬ TEST STRAT├ëGIE "formdata_content_separate_field": FormData avec content dans champ s├®par├® (pas dans payload_json)

      at Object.log [as editReply] (bot.js:5505:45)

  console.log
      - ÔØî ├ëchec: HTTP 400: Bad Request

      at Object.log [as editReply] (bot.js:5513:45)

  console.log
    ­ƒº¬ TEST STRAT├ëGIE "formdata_files_without_index": FormData avec files sans index (files au lieu de files[0])

      at Object.log [as editReply] (bot.js:5505:45)

  console.log
    Ô£à Ô£à Ô£à SUCC├êS avec strat├®gie "formdata_files_without_index"! Ô£à Ô£à Ô£à

      at Object.log [as editReply] (bot.js:5507:45)

  console.log
    Ô£à Cette strat├®gie fonctionne: FormData avec files sans index (files au lieu de files[0])

      at Object.log [as editReply] (bot.js:5508:45)

  console.log
    Ô£à Commande HTTP help ex├®cut├®e avec succ├¿s

      at GLSLDiscordBot.log [as handleInteractionFromHTTP] (bot.js:5640:29)

  console.log
    ­ƒöä handleInteractionFromHTTP appel├®

      at GLSLDiscordBot.log [as handleInteractionFromHTTP] (bot.js:4594:17)

  console.log
    ­ƒôï Interaction d├®tails: {
      id: '123',
      hasToken: true,
      type: 2,
      commandName: 'help',
      markedAsProcessed: true
    }

      at GLSLDiscordBot.log [as handleInteractionFromHTTP] (bot.js:4609:17)

  console.log
    ­ƒöì Commande HTTP re├ºue: help (user: testuser#1234)

      at GLSLDiscordBot.log [as handleInteractionFromHTTP] (bot.js:4633:25)

  console.log
    ÔûÂ´©Å Ex├®cution commande HTTP: help

      at GLSLDiscordBot.log [as handleInteractionFromHTTP] (bot.js:5634:29)

  console.log
    Ô£à Commande HTTP help ex├®cut├®e avec succ├¿s

      at GLSLDiscordBot.log [as handleInteractionFromHTTP] (bot.js:5640:29)

  console.log
    ­ƒöä handleInteractionFromHTTP appel├®

      at GLSLDiscordBot.log [as handleInteractionFromHTTP] (bot.js:4594:17)

  console.log
    ­ƒôï Interaction d├®tails: {
      id: '123',
      hasToken: true,
      type: 2,
      commandName: 'help',
      markedAsProcessed: true
    }

      at GLSLDiscordBot.log [as handleInteractionFromHTTP] (bot.js:4609:17)

  console.log
    ­ƒöì Commande HTTP re├ºue: help (user: testuser#1234)

      at GLSLDiscordBot.log [as handleInteractionFromHTTP] (bot.js:4633:25)

  console.log
    ÔûÂ´©Å Ex├®cution commande HTTP: help

      at GLSLDiscordBot.log [as handleInteractionFromHTTP] (bot.js:5634:29)

  console.log
    Ô£à Commande HTTP help ex├®cut├®e avec succ├¿s

      at GLSLDiscordBot.log [as handleInteractionFromHTTP] (bot.js:5640:29)

  console.log
    ­ƒöä handleInteractionFromHTTP appel├®

      at GLSLDiscordBot.log [as handleInteractionFromHTTP] (bot.js:4594:17)

  console.log
    ­ƒôï Interaction d├®tails: {
      id: '123',
      hasToken: true,
      type: 2,
      commandName: 'help',
      markedAsProcessed: true
    }

      at GLSLDiscordBot.log [as handleInteractionFromHTTP] (bot.js:4609:17)

  console.log
    ­ƒöì Commande HTTP re├ºue: help (user: testuser#1234)

      at GLSLDiscordBot.log [as handleInteractionFromHTTP] (bot.js:4633:25)

  console.log
    ÔûÂ´©Å Ex├®cution commande HTTP: help

      at GLSLDiscordBot.log [as handleInteractionFromHTTP] (bot.js:5634:29)

  console.log
    Ô£à Commande HTTP help ex├®cut├®e avec succ├¿s

      at GLSLDiscordBot.log [as handleInteractionFromHTTP] (bot.js:5640:29)

  console.log
    ­ƒöä handleInteractionFromHTTP appel├®

      at GLSLDiscordBot.log [as handleInteractionFromHTTP] (bot.js:4594:17)

  console.log
    ­ƒôï Interaction d├®tails: {
      id: '123',
      hasToken: true,
      type: 2,
      commandName: 'help',
      markedAsProcessed: true
    }

      at GLSLDiscordBot.log [as handleInteractionFromHTTP] (bot.js:4609:17)

  console.log
    ­ƒöì Commande HTTP re├ºue: help (user: testuser#1234)

      at GLSLDiscordBot.log [as handleInteractionFromHTTP] (bot.js:4633:25)

  console.log
    ÔûÂ´©Å Ex├®cution commande HTTP: help

      at GLSLDiscordBot.log [as handleInteractionFromHTTP] (bot.js:5634:29)

  console.log
    ­ƒôÄ Envoi de 1 fichier(s) - Test de toutes les strat├®gies

      at Object.log [as editReply] (bot.js:4726:37)

  console.log
    ­ƒº¬ TEST STRAT├ëGIE "rest.patch_file_only_no_embed": Envoyer le GIF comme fichier attach├® sans embed (meilleure compatibilit├® GIF anim├®)

      at Object.log [as editReply] (bot.js:5505:45)

  console.log
    ­ƒôª Fichier test.gif: 16 bytes depuis stream

      at Object.log [as test] (bot.js:4835:57)

  console.log
    Ô£à Ô£à Ô£à SUCC├êS avec strat├®gie "rest.patch_file_only_no_embed"! Ô£à Ô£à Ô£à

      at Object.log [as editReply] (bot.js:5507:45)

  console.log
    Ô£à Cette strat├®gie fonctionne: Envoyer le GIF comme fichier attach├® sans embed (meilleure compatibilit├® GIF anim├®)

      at Object.log [as editReply] (bot.js:5508:45)

  console.log
    Ô£à Commande HTTP help ex├®cut├®e avec succ├¿s

      at GLSLDiscordBot.log [as handleInteractionFromHTTP] (bot.js:5640:29)

  console.log
    ­ƒöä handleInteractionFromHTTP appel├®

      at GLSLDiscordBot.log [as handleInteractionFromHTTP] (bot.js:4594:17)

  console.log
    ­ƒôï Interaction d├®tails: {
      id: '123',
      hasToken: true,
      type: 2,
      commandName: 'help',
      markedAsProcessed: true
    }

      at GLSLDiscordBot.log [as handleInteractionFromHTTP] (bot.js:4609:17)

  console.log
    ­ƒöì Commande HTTP re├ºue: help (user: testuser#1234)

      at GLSLDiscordBot.log [as handleInteractionFromHTTP] (bot.js:4633:25)

  console.log
    ÔûÂ´©Å Ex├®cution commande HTTP: help

      at GLSLDiscordBot.log [as handleInteractionFromHTTP] (bot.js:5634:29)

  console.log
    ­ƒôÄ Envoi de 1 fichier(s) - Test de toutes les strat├®gies

      at Object.log [as editReply] (bot.js:4726:37)

  console.log
    ­ƒº¬ TEST STRAT├ëGIE "rest.patch_file_only_no_embed": Envoyer le GIF comme fichier attach├® sans embed (meilleure compatibilit├® GIF anim├®)

      at Object.log [as editReply] (bot.js:5505:45)

  console.log
    ­ƒôª Fichier test.gif: 16 bytes depuis buffer

      at Object.log [as test] (bot.js:4827:57)

  console.log
      - ÔØî ├ëchec: Discord API error: 500 undefined - Internal Server Error

      at Object.log [as editReply] (bot.js:5513:45)

  console.log
    ­ƒº¬ TEST STRAT├ëGIE "rest.patch_double_edit_workaround": Double ├®dition avec AttachmentBuilder + embed minimal (workaround bug Discord)

      at Object.log [as editReply] (bot.js:5505:45)

  console.log
    ­ƒöä Double ├®dition - 1├¿re ├®dition avec AttachmentBuilder

      at Object.log [as test] (bot.js:4884:49)

  console.log
      - ÔØî ├ëchec: All strategies failed

      at Object.log [as editReply] (bot.js:5513:45)

  console.log
    ­ƒº¬ TEST STRAT├ëGIE "rest.patch_with_attachments_payload": rest.patch avec attachments dans payload_json + embed minimal

      at Object.log [as editReply] (bot.js:5505:45)

  console.log
      - ÔØî ├ëchec: All strategies failed

      at Object.log [as editReply] (bot.js:5513:45)

  console.log
    ­ƒº¬ TEST STRAT├ëGIE "rest.patch_AttachmentBuilder_minimal_embed": rest.patch avec AttachmentBuilder originaux + embed minimal

      at Object.log [as editReply] (bot.js:5505:45)

  console.log
      - ÔØî ├ëchec: All strategies failed

      at Object.log [as editReply] (bot.js:5513:45)

  console.log
    ­ƒº¬ TEST STRAT├ëGIE "rest.patch_buffer_minimal_embed": rest.patch avec fichiers lus en Buffer + embed minimal

      at Object.log [as editReply] (bot.js:5505:45)

  console.log
      - ÔØî ├ëchec: All strategies failed

      at Object.log [as editReply] (bot.js:5513:45)

  console.log
    ­ƒº¬ TEST STRAT├ëGIE "rest.patch_AttachmentBuilder_full_embed": rest.patch avec AttachmentBuilder originaux + embed complet

      at Object.log [as editReply] (bot.js:5505:45)

  console.log
      - ÔØî ├ëchec: All strategies failed

      at Object.log [as editReply] (bot.js:5513:45)

  console.log
    ­ƒº¬ TEST STRAT├ëGIE "rest.patch_gif_only": rest.patch avec seulement le GIF, sans embed ni content

      at Object.log [as editReply] (bot.js:5505:45)

  console.log
      - ÔØî ├ëchec: All strategies failed

      at Object.log [as editReply] (bot.js:5513:45)

  console.log
    ­ƒº¬ TEST STRAT├ëGIE "rest.patch_with_paths": rest.patch avec chemins de fichiers (objets)

      at Object.log [as editReply] (bot.js:5505:45)

  console.log
      - ÔØî ├ëchec: All strategies failed

      at Object.log [as editReply] (bot.js:5513:45)

  console.log
    ­ƒº¬ TEST STRAT├ëGIE "rest.patch_with_paths_strings": rest.patch avec chemins de fichiers (strings)

      at Object.log [as editReply] (bot.js:5505:45)

  console.log
      - ÔØî ├ëchec: All strategies failed

      at Object.log [as editReply] (bot.js:5513:45)

  console.log
    ­ƒº¬ TEST STRAT├ëGIE "rest.patch_with_buffers": rest.patch avec Buffers

      at Object.log [as editReply] (bot.js:5505:45)

  console.log
      - ÔØî ├ëchec: All strategies failed

      at Object.log [as editReply] (bot.js:5513:45)

  console.log
    ­ƒº¬ TEST STRAT├ëGIE "formdata_content_text": FormData avec content texte "Shader animation"

      at Object.log [as editReply] (bot.js:5505:45)

  console.log
      - ÔØî ├ëchec: HTTP 500: Internal Server Error

      at Object.log [as editReply] (bot.js:5513:45)

  console.log
    ­ƒº¬ TEST STRAT├ëGIE "formdata_content_nonbreaking_space": FormData avec content non-breaking space

      at Object.log [as editReply] (bot.js:5505:45)

  console.log
      - ÔØî ├ëchec: HTTP 500: Internal Server Error

      at Object.log [as editReply] (bot.js:5513:45)

  console.log
    ­ƒº¬ TEST STRAT├ëGIE "formdata_content_shader_id": FormData avec content "Shader ID: X"

      at Object.log [as editReply] (bot.js:5505:45)

  console.log
      - ÔØî ├ëchec: HTTP 500: Internal Server Error

      at Object.log [as editReply] (bot.js:5513:45)

  console.log
    ­ƒº¬ TEST STRAT├ëGIE "formdata_content_separate_field": FormData avec content dans champ s├®par├® (pas dans payload_json)

      at Object.log [as editReply] (bot.js:5505:45)

  console.log
      - ÔØî ├ëchec: HTTP 500: Internal Server Error

      at Object.log [as editReply] (bot.js:5513:45)

  console.log
    ­ƒº¬ TEST STRAT├ëGIE "formdata_files_without_index": FormData avec files sans index (files au lieu de files[0])

      at Object.log [as editReply] (bot.js:5505:45)

  console.log
      - ÔØî ├ëchec: HTTP 500: Internal Server Error

      at Object.log [as editReply] (bot.js:5513:45)

  console.log
    ­ƒº¬ TEST STRAT├ëGIE "formdata_file_singular": FormData avec file au singulier (file au lieu de files[0])

      at Object.log [as editReply] (bot.js:5505:45)

  console.log
      - ÔØî ├ëchec: HTTP 500: Internal Server Error

      at Object.log [as editReply] (bot.js:5513:45)

  console.log
    ­ƒº¬ TEST STRAT├ëGIE "formdata_buffers_instead_of_streams": FormData avec Buffers au lieu de Streams

      at Object.log [as editReply] (bot.js:5505:45)

  console.log
      - ÔØî ├ëchec: HTTP 500: Internal Server Error

      at Object.log [as editReply] (bot.js:5513:45)

  console.log
    ­ƒöä handleInteractionFromHTTP appel├®

      at GLSLDiscordBot.log [as handleInteractionFromHTTP] (bot.js:4594:17)

  console.log
    ­ƒôï Interaction d├®tails: {
      id: '123',
      hasToken: true,
      type: 2,
      commandName: 'help',
      markedAsProcessed: true
    }

      at GLSLDiscordBot.log [as handleInteractionFromHTTP] (bot.js:4609:17)

  console.log
    ­ƒöì Commande HTTP re├ºue: help (user: testuser#1234)

      at GLSLDiscordBot.log [as handleInteractionFromHTTP] (bot.js:4633:25)

  console.log
    ÔûÂ´©Å Ex├®cution commande HTTP: help

      at GLSLDiscordBot.log [as handleInteractionFromHTTP] (bot.js:5634:29)

  console.log
    Ô£à Commande HTTP help ex├®cut├®e avec succ├¿s

      at GLSLDiscordBot.log [as handleInteractionFromHTTP] (bot.js:5640:29)

  console.log
    ­ƒöä handleInteractionFromHTTP appel├®

      at GLSLDiscordBot.log [as handleInteractionFromHTTP] (bot.js:4594:17)

  console.log
    ­ƒôï Interaction d├®tails: {
      id: '123',
      hasToken: true,
      type: 2,
      commandName: 'help',
      markedAsProcessed: true
    }

      at GLSLDiscordBot.log [as handleInteractionFromHTTP] (bot.js:4609:17)

  console.log
    ­ƒöì Commande HTTP re├ºue: help (user: testuser#1234)

      at GLSLDiscordBot.log [as handleInteractionFromHTTP] (bot.js:4633:25)

  console.log
    ÔûÂ´©Å Ex├®cution commande HTTP: help

      at GLSLDiscordBot.log [as handleInteractionFromHTTP] (bot.js:5634:29)

  console.log
    Ô£à Commande HTTP help ex├®cut├®e avec succ├¿s

      at GLSLDiscordBot.log [as handleInteractionFromHTTP] (bot.js:5640:29)

  console.log
    ­ƒöä handleInteractionFromHTTP appel├®

      at GLSLDiscordBot.log [as handleInteractionFromHTTP] (bot.js:4594:17)

  console.log
    ­ƒôï Interaction d├®tails: {
      id: '123',
      hasToken: true,
      type: 2,
      commandName: 'help',
      markedAsProcessed: true
    }

      at GLSLDiscordBot.log [as handleInteractionFromHTTP] (bot.js:4609:17)

  console.log
    ­ƒöì Commande HTTP re├ºue: help (user: testuser#1234)

      at GLSLDiscordBot.log [as handleInteractionFromHTTP] (bot.js:4633:25)

  console.log
    ÔûÂ´©Å Ex├®cution commande HTTP: help

      at GLSLDiscordBot.log [as handleInteractionFromHTTP] (bot.js:5634:29)

  console.log
    Ô£à Commande HTTP help ex├®cut├®e avec succ├¿s

      at GLSLDiscordBot.log [as handleInteractionFromHTTP] (bot.js:5640:29)

  console.log
    ­ƒöä handleInteractionFromHTTP appel├®

      at GLSLDiscordBot.log [as handleInteractionFromHTTP] (bot.js:4594:17)

  console.log
    ­ƒôï Interaction d├®tails: {
      id: '123',
      hasToken: true,
      type: 2,
      commandName: 'help',
      markedAsProcessed: true
    }

      at GLSLDiscordBot.log [as handleInteractionFromHTTP] (bot.js:4609:17)

  console.log
    ­ƒöì Commande HTTP re├ºue: help (user: testuser#1234)

      at GLSLDiscordBot.log [as handleInteractionFromHTTP] (bot.js:4633:25)

  console.log
    ÔûÂ´©Å Ex├®cution commande HTTP: help

      at GLSLDiscordBot.log [as handleInteractionFromHTTP] (bot.js:5634:29)

  console.log
    ­ƒôÄ Envoi de 1 fichier(s) - Test de toutes les strat├®gies

      at Object.log [as editReply] (bot.js:4726:37)

  console.log
    ­ƒº¬ TEST STRAT├ëGIE "rest.patch_file_only_no_embed": Envoyer le GIF comme fichier attach├® sans embed (meilleure compatibilit├® GIF anim├®)

      at Object.log [as editReply] (bot.js:5505:45)

  console.log
    ­ƒôª Fichier test.gif: 16 bytes lus depuis C:\Users\anne\Desktop\GLSL_DISCORD\tests\temp-test-1763224019633-2kw5g.gif

      at Object.log [as test] (bot.js:4823:57)

  console.log
    Ô£à Ô£à Ô£à SUCC├êS avec strat├®gie "rest.patch_file_only_no_embed"! Ô£à Ô£à Ô£à

      at Object.log [as editReply] (bot.js:5507:45)

  console.log
    Ô£à Cette strat├®gie fonctionne: Envoyer le GIF comme fichier attach├® sans embed (meilleure compatibilit├® GIF anim├®)

      at Object.log [as editReply] (bot.js:5508:45)

  console.log
    Ô£à Commande HTTP help ex├®cut├®e avec succ├¿s

      at GLSLDiscordBot.log [as handleInteractionFromHTTP] (bot.js:5640:29)

  console.log
    ­ƒöä handleInteractionFromHTTP appel├®

      at GLSLDiscordBot.log [as handleInteractionFromHTTP] (bot.js:4594:17)

  console.log
    ­ƒôï Interaction d├®tails: {
      id: '123',
      hasToken: true,
      type: 2,
      commandName: 'help',
      markedAsProcessed: true
    }

      at GLSLDiscordBot.log [as handleInteractionFromHTTP] (bot.js:4609:17)

  console.log
    ­ƒöì Commande HTTP re├ºue: help (user: testuser#1234)

      at GLSLDiscordBot.log [as handleInteractionFromHTTP] (bot.js:4633:25)

  console.log
    ÔûÂ´©Å Ex├®cution commande HTTP: help

      at GLSLDiscordBot.log [as handleInteractionFromHTTP] (bot.js:5634:29)

  console.log
    ­ƒôÄ Envoi de 1 fichier(s) - Test de toutes les strat├®gies

      at Object.log [as editReply] (bot.js:4726:37)

  console.log
    ­ƒº¬ TEST STRAT├ëGIE "rest.patch_file_only_no_embed": Envoyer le GIF comme fichier attach├® sans embed (meilleure compatibilit├® GIF anim├®)

      at Object.log [as editReply] (bot.js:5505:45)

  console.log
    ­ƒôª Fichier test.gif: 16 bytes depuis buffer

      at Object.log [as test] (bot.js:4827:57)

  console.log
    Ô£à Ô£à Ô£à SUCC├êS avec strat├®gie "rest.patch_file_only_no_embed"! Ô£à Ô£à Ô£à

      at Object.log [as editReply] (bot.js:5507:45)

  console.log
    Ô£à Cette strat├®gie fonctionne: Envoyer le GIF comme fichier attach├® sans embed (meilleure compatibilit├® GIF anim├®)

      at Object.log [as editReply] (bot.js:5508:45)

  console.log
    Ô£à Commande HTTP help ex├®cut├®e avec succ├¿s

      at GLSLDiscordBot.log [as handleInteractionFromHTTP] (bot.js:5640:29)

  console.log
    ­ƒöä handleInteractionFromHTTP appel├®

      at GLSLDiscordBot.log [as handleInteractionFromHTTP] (bot.js:4594:17)

  console.log
    ­ƒôï Interaction d├®tails: {
      id: '123',
      hasToken: true,
      type: 2,
      commandName: 'help',
      markedAsProcessed: true
    }

      at GLSLDiscordBot.log [as handleInteractionFromHTTP] (bot.js:4609:17)

  console.log
    ­ƒöì Commande HTTP re├ºue: help (user: testuser#1234)

      at GLSLDiscordBot.log [as handleInteractionFromHTTP] (bot.js:4633:25)

  console.log
    ÔûÂ´©Å Ex├®cution commande HTTP: help

      at GLSLDiscordBot.log [as handleInteractionFromHTTP] (bot.js:5634:29)

  console.log
    ­ƒôÄ Envoi de 1 fichier(s) - Test de toutes les strat├®gies

      at Object.log [as editReply] (bot.js:4726:37)

  console.log
    ­ƒº¬ TEST STRAT├ëGIE "rest.patch_file_only_no_embed": Envoyer le GIF comme fichier attach├® sans embed (meilleure compatibilit├® GIF anim├®)

      at Object.log [as editReply] (bot.js:5505:45)

  console.log
    ­ƒôª Fichier test.gif: 16 bytes lus depuis C:\Users\anne\Desktop\GLSL_DISCORD\tests\temp-test-1763224019640-x0x9ue.gif

      at Object.log [as test] (bot.js:4823:57)

  console.log
    Ô£à Ô£à Ô£à SUCC├êS avec strat├®gie "rest.patch_file_only_no_embed"! Ô£à Ô£à Ô£à

      at Object.log [as editReply] (bot.js:5507:45)

  console.log
    Ô£à Cette strat├®gie fonctionne: Envoyer le GIF comme fichier attach├® sans embed (meilleure compatibilit├® GIF anim├®)

      at Object.log [as editReply] (bot.js:5508:45)

  console.log
    Ô£à Commande HTTP help ex├®cut├®e avec succ├¿s

      at GLSLDiscordBot.log [as handleInteractionFromHTTP] (bot.js:5640:29)

  console.log
    ­ƒöä handleInteractionFromHTTP appel├®

      at GLSLDiscordBot.log [as handleInteractionFromHTTP] (bot.js:4594:17)

  console.log
    ­ƒôï Interaction d├®tails: {
      id: '123',
      hasToken: true,
      type: 2,
      commandName: 'help',
      markedAsProcessed: true
    }

      at GLSLDiscordBot.log [as handleInteractionFromHTTP] (bot.js:4609:17)

  console.log
    ­ƒöì Commande HTTP re├ºue: help (user: testuser#1234)

      at GLSLDiscordBot.log [as handleInteractionFromHTTP] (bot.js:4633:25)

  console.log
    ÔûÂ´©Å Ex├®cution commande HTTP: help

      at GLSLDiscordBot.log [as handleInteractionFromHTTP] (bot.js:5634:29)

  console.log
    ­ƒöä handleInteractionFromHTTP appel├®

      at GLSLDiscordBot.log [as handleInteractionFromHTTP] (bot.js:4594:17)

  console.log
    ­ƒôï Interaction d├®tails: {
      id: '123',
      hasToken: true,
      type: 2,
      commandName: 'help',
      markedAsProcessed: true
    }

      at GLSLDiscordBot.log [as handleInteractionFromHTTP] (bot.js:4609:17)

  console.log
    ­ƒöì Commande HTTP re├ºue: help (user: testuser#1234)

      at GLSLDiscordBot.log [as handleInteractionFromHTTP] (bot.js:4633:25)

  console.log
    ÔûÂ´©Å Ex├®cution commande HTTP: help

      at GLSLDiscordBot.log [as handleInteractionFromHTTP] (bot.js:5634:29)

  console.log
    Ô£à Commande HTTP help ex├®cut├®e avec succ├¿s

      at GLSLDiscordBot.log [as handleInteractionFromHTTP] (bot.js:5640:29)

  console.log
    ­ƒöä handleInteractionFromHTTP appel├®

      at GLSLDiscordBot.log [as handleInteractionFromHTTP] (bot.js:4594:17)

  console.log
    ­ƒôï Interaction d├®tails: {
      id: '123',
      hasToken: true,
      type: 2,
      commandName: 'help',
      markedAsProcessed: true
    }

      at GLSLDiscordBot.log [as handleInteractionFromHTTP] (bot.js:4609:17)

  console.log
    ­ƒöì Commande HTTP re├ºue: help (user: testuser#1234)

      at GLSLDiscordBot.log [as handleInteractionFromHTTP] (bot.js:4633:25)

  console.log
    ÔûÂ´©Å Ex├®cution commande HTTP: help

      at GLSLDiscordBot.log [as handleInteractionFromHTTP] (bot.js:5634:29)

  console.log
    Ô£à Commande HTTP help ex├®cut├®e avec succ├¿s

      at GLSLDiscordBot.log [as handleInteractionFromHTTP] (bot.js:5640:29)

  console.log
    ­ƒöä handleInteractionFromHTTP appel├®

      at GLSLDiscordBot.log [as handleInteractionFromHTTP] (bot.js:4594:17)

  console.log
    ­ƒôï Interaction d├®tails: {
      id: '123',
      hasToken: true,
      type: 2,
      commandName: 'help',
      markedAsProcessed: true
    }

      at GLSLDiscordBot.log [as handleInteractionFromHTTP] (bot.js:4609:17)

  console.log
    ­ƒöì Commande HTTP re├ºue: help (user: testuser#1234)

      at GLSLDiscordBot.log [as handleInteractionFromHTTP] (bot.js:4633:25)

  console.log
    ÔûÂ´©Å Ex├®cution commande HTTP: help

      at GLSLDiscordBot.log [as handleInteractionFromHTTP] (bot.js:5634:29)

  console.log
    ­ƒôÄ Envoi de 1 fichier(s) - Test de toutes les strat├®gies

      at Object.log [as editReply] (bot.js:4726:37)

  console.log
    ­ƒöä handleInteractionFromHTTP appel├®

      at GLSLDiscordBot.log [as handleInteractionFromHTTP] (bot.js:4594:17)

  console.log
    ­ƒôï Interaction d├®tails: {
      id: '123',
      hasToken: true,
      type: 2,
      commandName: 'help',
      markedAsProcessed: true
    }

      at GLSLDiscordBot.log [as handleInteractionFromHTTP] (bot.js:4609:17)

  console.log
    ­ƒöì Commande HTTP re├ºue: help (user: testuser#1234)

      at GLSLDiscordBot.log [as handleInteractionFromHTTP] (bot.js:4633:25)

  console.log
    ÔûÂ´©Å Ex├®cution commande HTTP: help

      at GLSLDiscordBot.log [as handleInteractionFromHTTP] (bot.js:5634:29)

  console.log
    ­ƒôÄ Envoi de 1 fichier(s) - Test de toutes les strat├®gies

      at Object.log [as editReply] (bot.js:4726:37)

  console.log
    ­ƒÜÇ Initialisation du bot Discord GLSL...

      at GLSLDiscordBot.log [as initialize] (bot.js:125:21)

  console.log
    [2025-11-15T16:27:01.679Z] INFO: Ô£à Optimized GIF created: 2.00 KB

      at Function.log [as info] (src/utils/logger.js:11:17)

  console.warn
    [2025-11-15T16:27:01.680Z] WARN: Failed to count colors TypeError: Cannot read properties of null (reading 'length')
        at Function.length [as countUniqueColors] (C:\Users\anne\Desktop\GLSL_DISCORD\src\utils\gifOptimizer.js:37:47)
        at Function.countUniqueColors [as estimateOptimalSize] (C:\Users\anne\Desktop\GLSL_DISCORD\src\utils\gifOptimizer.js:174:39)
        at Object.estimateOptimalSize (C:\Users\anne\Desktop\GLSL_DISCORD\tests\utils\gifOptimizer.test.js:155:45)
        at Promise.then.completed (C:\Users\anne\Desktop\GLSL_DISCORD\node_modules\jest-circus\build\utils.js:298:28)
        at new Promise (<anonymous>)
        at callAsyncCircusFn (C:\Users\anne\Desktop\GLSL_DISCORD\node_modules\jest-circus\build\utils.js:231:10)
        at _callCircusTest (C:\Users\anne\Desktop\GLSL_DISCORD\node_modules\jest-circus\build\run.js:316:40)
        at processTicksAndRejections (node:internal/process/task_queues:95:5)
        at _runTest (C:\Users\anne\Desktop\GLSL_DISCORD\node_modules\jest-circus\build\run.js:252:3)
        at _runTestsForDescribeBlock (C:\Users\anne\Desktop\GLSL_DISCORD\node_modules\jest-circus\build\run.js:126:9)
        at _runTestsForDescribeBlock (C:\Users\anne\Desktop\GLSL_DISCORD\node_modules\jest-circus\build\run.js:121:9)
        at _runTestsForDescribeBlock (C:\Users\anne\Desktop\GLSL_DISCORD\node_modules\jest-circus\build\run.js:121:9)
        at run (C:\Users\anne\Desktop\GLSL_DISCORD\node_modules\jest-circus\build\run.js:71:3)
        at runAndTransformResultsToJestFormat (C:\Users\anne\Desktop\GLSL_DISCORD\node_modules\jest-circus\build\legacy-code-todo-rewrite\jestAdapterInit.js:122:21)
        at jestAdapter (C:\Users\anne\Desktop\GLSL_DISCORD\node_modules\jest-circus\build\legacy-code-todo-rewrite\jestAdapter.js:79:19)
        at runTestInternal (C:\Users\anne\Desktop\GLSL_DISCORD\node_modules\jest-runner\build\runTest.js:367:16)
        at runTest (C:\Users\anne\Desktop\GLSL_DISCORD\node_modules\jest-runner\build\runTest.js:444:34)
        at Object.worker (C:\Users\anne\Desktop\GLSL_DISCORD\node_modules\jest-runner\build\testWorker.js:106:12)

      24 |
      25 |     static warn(msg, ...args) {
    > 26 |         console.warn(`[${this.formatTimestamp()}] WARN: ${msg}`, ...args);
         |                 ^
      27 |     }
      28 |
      29 |     static debug(msg, ...args) {

      at Function.warn (src/utils/logger.js:26:17)
      at Function.warn [as countUniqueColors] (src/utils/gifOptimizer.js:53:20)
      at Function.countUniqueColors [as estimateOptimalSize] (src/utils/gifOptimizer.js:174:39)
      at Object.estimateOptimalSize (tests/utils/gifOptimizer.test.js:155:45)

  console.log
    [2025-11-15T16:27:01.702Z] INFO: Creating optimized GIF: quality=1, size=100x100

      at Function.log [as info] (src/utils/logger.js:11:17)

  console.log
    [2025-11-15T16:27:01.813Z] INFO: Ô£à Optimized GIF created: 0.96 KB

      at Function.log [as info] (src/utils/logger.js:11:17)

  console.log
    [2025-11-15T16:27:01.813Z] INFO: Creating optimized GIF: quality=1, size=100x100

      at Function.log [as info] (src/utils/logger.js:11:17)

  console.log
    [2025-11-15T16:27:01.915Z] INFO: Ô£à Optimized GIF created: 0.96 KB

      at Function.log [as info] (src/utils/logger.js:11:17)

  console.warn
    [2025-11-15T16:27:01.916Z] WARN: Failed to count colors TypeError: Cannot read properties of null (reading 'length')
        at Function.length [as countUniqueColors] (C:\Users\anne\Desktop\GLSL_DISCORD\src\utils\gifOptimizer.js:37:47)
        at Function.countUniqueColors [as detectOptimalQuality] (C:\Users\anne\Desktop\GLSL_DISCORD\src\utils\gifOptimizer.js:18:39)
        at Function.detectOptimalQuality [as createOptimizedGIF] (C:\Users\anne\Desktop\GLSL_DISCORD\src\utils\gifOptimizer.js:131:44)
        at Object.createOptimizedGIF (C:\Users\anne\Desktop\GLSL_DISCORD\tests\utils\gifOptimizer.test.js:312:39)
        at Promise.then.completed (C:\Users\anne\Desktop\GLSL_DISCORD\node_modules\jest-circus\build\utils.js:298:28)
        at new Promise (<anonymous>)
        at callAsyncCircusFn (C:\Users\anne\Desktop\GLSL_DISCORD\node_modules\jest-circus\build\utils.js:231:10)
        at _callCircusTest (C:\Users\anne\Desktop\GLSL_DISCORD\node_modules\jest-circus\build\run.js:316:40)
        at processTicksAndRejections (node:internal/process/task_queues:95:5)
        at _runTest (C:\Users\anne\Desktop\GLSL_DISCORD\node_modules\jest-circus\build\run.js:252:3)
        at _runTestsForDescribeBlock (C:\Users\anne\Desktop\GLSL_DISCORD\node_modules\jest-circus\build\run.js:126:9)
        at _runTestsForDescribeBlock (C:\Users\anne\Desktop\GLSL_DISCORD\node_modules\jest-circus\build\run.js:121:9)
        at _runTestsForDescribeBlock (C:\Users\anne\Desktop\GLSL_DISCORD\node_modules\jest-circus\build\run.js:121:9)
        at run (C:\Users\anne\Desktop\GLSL_DISCORD\node_modules\jest-circus\build\run.js:71:3)
        at runAndTransformResultsToJestFormat (C:\Users\anne\Desktop\GLSL_DISCORD\node_modules\jest-circus\build\legacy-code-todo-rewrite\jestAdapterInit.js:122:21)
        at jestAdapter (C:\Users\anne\Desktop\GLSL_DISCORD\node_modules\jest-circus\build\legacy-code-todo-rewrite\jestAdapter.js:79:19)
        at runTestInternal (C:\Users\anne\Desktop\GLSL_DISCORD\node_modules\jest-runner\build\runTest.js:367:16)
        at runTest (C:\Users\anne\Desktop\GLSL_DISCORD\node_modules\jest-runner\build\runTest.js:444:34)
        at Object.worker (C:\Users\anne\Desktop\GLSL_DISCORD\node_modules\jest-runner\build\testWorker.js:106:12)

      24 |
      25 |     static warn(msg, ...args) {
    > 26 |         console.warn(`[${this.formatTimestamp()}] WARN: ${msg}`, ...args);
         |                 ^
      27 |     }
      28 |
      29 |     static debug(msg, ...args) {

      at Function.warn (src/utils/logger.js:26:17)
      at Function.warn [as countUniqueColors] (src/utils/gifOptimizer.js:53:20)
      at Function.countUniqueColors [as detectOptimalQuality] (src/utils/gifOptimizer.js:18:39)
      at Function.detectOptimalQuality [as createOptimizedGIF] (src/utils/gifOptimizer.js:131:44)
      at Object.createOptimizedGIF (tests/utils/gifOptimizer.test.js:312:39)

  console.log
    [2025-11-15T16:27:01.917Z] INFO: Creating optimized GIF: quality=10, size=800x600

      at Function.log [as info] (src/utils/logger.js:11:17)

  console.error
    [2025-11-15T16:27:01.919Z] ERROR: GIF optimization failed TypeError: Cannot read properties of null (reading '0')
        at GIFEncoder.analyzePixels (C:\Users\anne\Desktop\GLSL_DISCORD\node_modules\gif-encoder-2\src\GIFEncoder.js:162:38)
        at GIFEncoder.addFrame (C:\Users\anne\Desktop\GLSL_DISCORD\node_modules\gif-encoder-2\src\GIFEncoder.js:108:10)
        at Function.addFrame [as createOptimizedGIF] (C:\Users\anne\Desktop\GLSL_DISCORD\src\utils\gifOptimizer.js:154:25)
        at processTicksAndRejections (node:internal/process/task_queues:95:5)
        at Object.<anonymous> (C:\Users\anne\Desktop\GLSL_DISCORD\tests\utils\gifOptimizer.test.js:312:13)

      14 |     static error(msg, error = null, ...args) {
      15 |         if (error) {
    > 16 |             console.error(`[${this.formatTimestamp()}] ERROR: ${msg}`, error, ...args);
         |                     ^
      17 |             if (error.stack) {
      18 |                 console.error(`[${this.formatTimestamp()}] STACK:`, error.stack);
      19 |             }

      at Function.error (src/utils/logger.js:16:21)
      at Function.error [as createOptimizedGIF] (src/utils/gifOptimizer.js:164:20)
      at Object.<anonymous> (tests/utils/gifOptimizer.test.js:312:13)

  console.error
    [2025-11-15T16:27:01.919Z] STACK: TypeError: Cannot read properties of null (reading '0')
        at GIFEncoder.analyzePixels (C:\Users\anne\Desktop\GLSL_DISCORD\node_modules\gif-encoder-2\src\GIFEncoder.js:162:38)
        at GIFEncoder.addFrame (C:\Users\anne\Desktop\GLSL_DISCORD\node_modules\gif-encoder-2\src\GIFEncoder.js:108:10)
        at Function.addFrame [as createOptimizedGIF] (C:\Users\anne\Desktop\GLSL_DISCORD\src\utils\gifOptimizer.js:154:25)
        at processTicksAndRejections (node:internal/process/task_queues:95:5)
        at Object.<anonymous> (C:\Users\anne\Desktop\GLSL_DISCORD\tests\utils\gifOptimizer.test.js:312:13)

      16 |             console.error(`[${this.formatTimestamp()}] ERROR: ${msg}`, error, ...args);
      17 |             if (error.stack) {
    > 18 |                 console.error(`[${this.formatTimestamp()}] STACK:`, error.stack);
         |                         ^
      19 |             }
      20 |         } else {
      21 |             console.error(`[${this.formatTimestamp()}] ERROR: ${msg}`, ...args);

      at Function.error (src/utils/logger.js:18:25)
      at Function.error [as createOptimizedGIF] (src/utils/gifOptimizer.js:164:20)
      at Object.<anonymous> (tests/utils/gifOptimizer.test.js:312:13)

PASS tests/utils/gifOptimizer.test.js (6.29 s)
  GIFOptimizer
    detectOptimalQuality
      ÔêÜ devrait retourner une qualit├® par d├®faut pour des frames vides (7 ms)
      ÔêÜ devrait retourner une qualit├® basse pour des frames simples (3 ms)
      ÔêÜ devrait g├®rer les erreurs gracieusement (71 ms)
    countUniqueColors
      ÔêÜ devrait compter les couleurs uniques
      ÔêÜ devrait retourner une valeur par d├®faut en cas d'erreur (3 ms)
      ÔêÜ devrait ├®chantillonner pour les grandes frames (1 ms)
    optimizeFrame
      ÔêÜ devrait retourner la frame originale si sharp n'est pas disponible (32 ms)
      ÔêÜ devrait retourner la frame originale si pas de redimensionnement n├®cessaire (3 ms)
      ÔêÜ devrait g├®rer les erreurs gracieusement (3 ms)
    getQualityValue
      ÔêÜ devrait retourner les valeurs de qualit├® correctes (1 ms)
      ÔêÜ devrait retourner 10 par d├®faut pour une qualit├® inconnue
    createOptimizedGIF
      ÔêÜ devrait cr├®er un GIF optimis├® (203 ms)
      ÔêÜ devrait utiliser la qualit├® auto si sp├®cifi├®e (180 ms)
      ÔêÜ devrait utiliser les options par d├®faut (4901 ms)
    estimateOptimalSize
      ÔêÜ devrait estimer la taille optimale (1 ms)
      ÔêÜ devrait retourner une taille par d├®faut en cas d'erreur (2 ms)
      ÔêÜ devrait adapter la taille selon la complexit├® (6 ms)
    detectOptimalQuality - diff├®rents seuils de couleurs
      ÔêÜ devrait retourner qualit├® 1 pour moins de 64 couleurs (1 ms)
      ÔêÜ devrait retourner qualit├® 5 pour 64-127 couleurs (2 ms)
      ÔêÜ devrait retourner qualit├® 10 pour 128-255 couleurs (3 ms)
      ÔêÜ devrait retourner qualit├® 20 pour plus de 256 couleurs (2 ms)
    countUniqueColors - cas limites
      ÔêÜ devrait g├®rer une frame tr├¿s petite
      ÔêÜ devrait ├®chantillonner correctement les grandes frames (1 ms)
      ÔêÜ devrait g├®rer une frame avec moins de 4 bytes (1 ms)
    optimizeFrame - redimensionnement
      ÔêÜ devrait retourner la frame originale si pas de targetWidth/Height (1 ms)
      ÔêÜ devrait retourner la frame originale si dimensions identiques (1 ms)
    createOptimizedGIF - options et erreurs
      ÔêÜ devrait utiliser optimize=false si sp├®cifi├® (111 ms)
      ÔêÜ devrait utiliser delay personnalis├® (102 ms)
      ÔêÜ devrait g├®rer les erreurs de cr├®ation de GIF (5 ms)
    estimateOptimalSize - diff├®rents seuils
      ÔêÜ devrait retourner 50% pour moins de 64 couleurs (2 ms)
      ÔêÜ devrait retourner 75% pour 64-127 couleurs (4 ms)
      ÔêÜ devrait retourner 100% pour 128+ couleurs (2 ms)

  console.log
    ­ƒÜÇ Initialisation du bot Discord GLSL...

      at GLSLDiscordBot.log [as initialize] (bot.js:125:21)

PASS tests/shader-queue.test.js (8.902 s)
  ShaderQueue
    add
      ÔêÜ devrait ajouter un job ├á la queue (8 ms)
      ÔêÜ devrait respecter les priorit├®s (1 ms)
      ÔêÜ devrait utiliser la priorit├® normale par d├®faut
    getPriorityValue
      ÔêÜ devrait retourner la valeur de priorit├® correcte
      ÔêÜ devrait retourner normal pour une priorit├® inconnue
    processQueue
      ÔêÜ devrait traiter les jobs dans l'ordre de priorit├®
      ÔêÜ ne devrait pas d├®passer maxConcurrent (187 ms)
    executeJob
      ÔêÜ devrait ex├®cuter un job avec succ├¿s (1 ms)
      ÔêÜ devrait rejeter si compiler manque (17 ms)
      ÔêÜ devrait rejeter si shaderCode manque (1 ms)
    calculateBackoff
      ÔêÜ devrait calculer le backoff exponentiel
      ÔêÜ devrait calculer le backoff fixe (1 ms)
      ÔêÜ devrait utiliser la valeur par d├®faut pour un type inconnu
    calculateAvgWaitTime
      ÔêÜ devrait retourner 0 pour une queue vide
      ÔêÜ devrait calculer le temps d'attente moyen (10 ms)
    getStats
      ÔêÜ devrait retourner les statistiques (2 ms)
      ÔêÜ devrait mettre ├á jour les stats apr├¿s traitement (1 ms)
    getStatus
      ÔêÜ devrait retourner le statut de la queue
    clear
      ÔêÜ devrait vider la queue (1 ms)
    getJob
      ÔêÜ devrait retourner null pour un job inexistant
    retry logic
      ÔêÜ devrait r├®essayer un job en ├®chec (4006 ms)
      ÔêÜ devrait ├®chouer d├®finitivement apr├¿s maxAttempts (4008 ms)
    getShaderQueue singleton
      ÔêÜ devrait retourner la m├¬me instance

  console.log
    ­ƒÜÇ Initialisation du bot Discord GLSL...

      at GLSLDiscordBot.log [as initialize] (bot.js:125:21)

  console.log
    Ô£à Base de donn├®es initialis├®e

      at GLSLDiscordBot.log [as initialize] (bot.js:141:21)

  console.warn
    ÔÜá´©Å WebGL non disponible au d├®marrage - les shaders ne pourront pas ├¬tre compil├®s

      154 |                     compilerError.message.includes('WebGL')
      155 |                 )) {
    > 156 |                     console.warn('ÔÜá´©Å WebGL non disponible au d├®marrage - les shaders ne pourront pas ├¬tre compil├®s');
          |                             ^
      157 |                     console.warn('ÔÜá´©Å Le bot va continuer ├á fonctionner, mais les shaders ne pourront pas ├¬tre compil├®s');
      158 |                 } else {
      159 |                     // Si c'est une autre erreur, la propager

      at GLSLDiscordBot.warn [as initialize] (bot.js:156:29)
      at Object.<anonymous> (tests/bot.test.js:9372:13)

  console.warn
    ÔÜá´©Å Le bot va continuer ├á fonctionner, mais les shaders ne pourront pas ├¬tre compil├®s

      155 |                 )) {
      156 |                     console.warn('ÔÜá´©Å WebGL non disponible au d├®marrage - les shaders ne pourront pas ├¬tre compil├®s');
    > 157 |                     console.warn('ÔÜá´©Å Le bot va continuer ├á fonctionner, mais les shaders ne pourront pas ├¬tre compil├®s');
          |                             ^
      158 |                 } else {
      159 |                     // Si c'est une autre erreur, la propager
      160 |                     throw compilerError;

      at GLSLDiscordBot.warn [as initialize] (bot.js:157:29)
      at Object.<anonymous> (tests/bot.test.js:9372:13)

  console.log
    Ô£à Commande charg├®e: undefined

      at GLSLDiscordBot.log [as loadCommands] (bot.js:215:25)

  console.log
    Ô£à Commande charg├®e: undefined

      at GLSLDiscordBot.log [as loadCommands] (bot.js:215:25)

  console.log
    Ô£à Commande charg├®e: undefined

      at GLSLDiscordBot.log [as loadCommands] (bot.js:215:25)

  console.log
    Ô£à Commande charg├®e: undefined

      at GLSLDiscordBot.log [as loadCommands] (bot.js:215:25)

  console.log
    Ô£à Commande charg├®e: undefined

      at GLSLDiscordBot.log [as loadCommands] (bot.js:215:25)

  console.log
    Ô£à Commande charg├®e: undefined

      at GLSLDiscordBot.log [as loadCommands] (bot.js:215:25)

  console.log
    Ô£à Commandes charg├®es

      at GLSLDiscordBot.log [as initialize] (bot.js:166:21)

  console.log
    ­ƒöä Enregistrement de 1 commandes slash...

      at GLSLDiscordBot.log [as registerSlashCommands] (bot.js:231:21)

  console.log
    Ô£à Commandes slash enregistr├®es

      at GLSLDiscordBot.log [as initialize] (bot.js:170:21)

  console.log
    [2025-11-15T16:27:08.680Z] INFO: Registered cleanup function: browserPool

      at Function.log [as info] (src/utils/logger.js:11:17)

  console.log
    [2025-11-15T16:27:08.680Z] INFO: Registered cleanup function: database

      at Function.log [as info] (src/utils/logger.js:11:17)

  console.log
    [2025-11-15T16:27:08.680Z] INFO: ­ƒöä Auto backups scheduled: 0 3 * * *

      at Function.log [as info] (src/utils/logger.js:11:17)

  console.log
    [2025-11-15T16:27:08.681Z] INFO: ­ƒöä Auto cleanup scheduled: weekly on Sunday at 4am

      at Function.log [as info] (src/utils/logger.js:11:17)

  console.log
    ­ƒîÉ Serveur Express d├®marr├® sur le port 8080

      at log (bot.js:6057:25)

  console.log
    [2025-11-15T16:27:08.681Z] INFO: Registered cleanup function: expressServer

      at Function.log [as info] (src/utils/logger.js:11:17)

  console.log
    Ô£à Bot Discord connect├® avec succ├¿s!

      at GLSLDiscordBot.log [as initialize] (bot.js:180:21)

  console.log
    ­ƒÜÇ Initialisation du bot Discord GLSL...

      at GLSLDiscordBot.log [as initialize] (bot.js:125:21)

  console.log
    Ô£à Base de donn├®es initialis├®e

      at GLSLDiscordBot.log [as initialize] (bot.js:141:21)

  console.warn
    ÔÜá´©Å WebGL non disponible au d├®marrage - les shaders ne pourront pas ├¬tre compil├®s

      154 |                     compilerError.message.includes('WebGL')
      155 |                 )) {
    > 156 |                     console.warn('ÔÜá´©Å WebGL non disponible au d├®marrage - les shaders ne pourront pas ├¬tre compil├®s');
          |                             ^
      157 |                     console.warn('ÔÜá´©Å Le bot va continuer ├á fonctionner, mais les shaders ne pourront pas ├¬tre compil├®s');
      158 |                 } else {
      159 |                     // Si c'est une autre erreur, la propager

      at GLSLDiscordBot.warn [as initialize] (bot.js:156:29)
      at Object.<anonymous> (tests/bot.test.js:9398:13)

  console.warn
    ÔÜá´©Å Le bot va continuer ├á fonctionner, mais les shaders ne pourront pas ├¬tre compil├®s

      155 |                 )) {
      156 |                     console.warn('ÔÜá´©Å WebGL non disponible au d├®marrage - les shaders ne pourront pas ├¬tre compil├®s');
    > 157 |                     console.warn('ÔÜá´©Å Le bot va continuer ├á fonctionner, mais les shaders ne pourront pas ├¬tre compil├®s');
          |                             ^
      158 |                 } else {
      159 |                     // Si c'est une autre erreur, la propager
      160 |                     throw compilerError;

      at GLSLDiscordBot.warn [as initialize] (bot.js:157:29)
      at Object.<anonymous> (tests/bot.test.js:9398:13)

  console.log
    Ô£à Commande charg├®e: undefined

      at GLSLDiscordBot.log [as loadCommands] (bot.js:215:25)

  console.log
    Ô£à Commande charg├®e: undefined

      at GLSLDiscordBot.log [as loadCommands] (bot.js:215:25)

  console.log
    Ô£à Commande charg├®e: undefined

      at GLSLDiscordBot.log [as loadCommands] (bot.js:215:25)

  console.log
    Ô£à Commande charg├®e: undefined

      at GLSLDiscordBot.log [as loadCommands] (bot.js:215:25)

  console.log
    Ô£à Commande charg├®e: undefined

      at GLSLDiscordBot.log [as loadCommands] (bot.js:215:25)

  console.log
    Ô£à Commande charg├®e: undefined

      at GLSLDiscordBot.log [as loadCommands] (bot.js:215:25)

  console.log
    Ô£à Commandes charg├®es

      at GLSLDiscordBot.log [as initialize] (bot.js:166:21)

  console.log
    ­ƒöä Enregistrement de 1 commandes slash...

      at GLSLDiscordBot.log [as registerSlashCommands] (bot.js:231:21)

  console.log
    Ô£à Commandes slash enregistr├®es

      at GLSLDiscordBot.log [as initialize] (bot.js:170:21)

  console.log
    [2025-11-15T16:27:08.788Z] INFO: Registered cleanup function: browserPool

      at Function.log [as info] (src/utils/logger.js:11:17)

  console.log
    [2025-11-15T16:27:08.789Z] INFO: Registered cleanup function: database

      at Function.log [as info] (src/utils/logger.js:11:17)

  console.log
    [2025-11-15T16:27:08.789Z] INFO: ­ƒöä Auto backups scheduled: 0 3 * * *

      at Function.log [as info] (src/utils/logger.js:11:17)

  console.log
    [2025-11-15T16:27:08.789Z] INFO: ­ƒöä Auto cleanup scheduled: weekly on Sunday at 4am

      at Function.log [as info] (src/utils/logger.js:11:17)

  console.log
    ­ƒîÉ Serveur Express d├®marr├® sur le port 8080

      at log (bot.js:6057:25)

  console.log
    [2025-11-15T16:27:08.789Z] INFO: Registered cleanup function: expressServer

      at Function.log [as info] (src/utils/logger.js:11:17)

  console.log
    Ô£à Bot Discord connect├® avec succ├¿s!

      at GLSLDiscordBot.log [as initialize] (bot.js:180:21)

  console.log
    ­ƒÜÇ Initialisation du bot Discord GLSL...

      at GLSLDiscordBot.log [as initialize] (bot.js:125:21)

  console.log
    Ô£à Base de donn├®es initialis├®e

      at GLSLDiscordBot.log [as initialize] (bot.js:141:21)

  console.warn
    ÔÜá´©Å WebGL non disponible au d├®marrage - les shaders ne pourront pas ├¬tre compil├®s

      154 |                     compilerError.message.includes('WebGL')
      155 |                 )) {
    > 156 |                     console.warn('ÔÜá´©Å WebGL non disponible au d├®marrage - les shaders ne pourront pas ├¬tre compil├®s');
          |                             ^
      157 |                     console.warn('ÔÜá´©Å Le bot va continuer ├á fonctionner, mais les shaders ne pourront pas ├¬tre compil├®s');
      158 |                 } else {
      159 |                     // Si c'est une autre erreur, la propager

      at GLSLDiscordBot.warn [as initialize] (bot.js:156:29)
      at Object.<anonymous> (tests/bot.test.js:9417:13)

  console.warn
    ÔÜá´©Å Le bot va continuer ├á fonctionner, mais les shaders ne pourront pas ├¬tre compil├®s

      155 |                 )) {
      156 |                     console.warn('ÔÜá´©Å WebGL non disponible au d├®marrage - les shaders ne pourront pas ├¬tre compil├®s');
    > 157 |                     console.warn('ÔÜá´©Å Le bot va continuer ├á fonctionner, mais les shaders ne pourront pas ├¬tre compil├®s');
          |                             ^
      158 |                 } else {
      159 |                     // Si c'est une autre erreur, la propager
      160 |                     throw compilerError;

      at GLSLDiscordBot.warn [as initialize] (bot.js:157:29)
      at Object.<anonymous> (tests/bot.test.js:9417:13)

  console.log
    Ô£à Commande charg├®e: undefined

      at GLSLDiscordBot.log [as loadCommands] (bot.js:215:25)

  console.log
    Ô£à Commande charg├®e: undefined

      at GLSLDiscordBot.log [as loadCommands] (bot.js:215:25)

  console.log
    Ô£à Commande charg├®e: undefined

      at GLSLDiscordBot.log [as loadCommands] (bot.js:215:25)

  console.log
    Ô£à Commande charg├®e: undefined

      at GLSLDiscordBot.log [as loadCommands] (bot.js:215:25)

  console.log
    Ô£à Commande charg├®e: undefined

      at GLSLDiscordBot.log [as loadCommands] (bot.js:215:25)

  console.log
    Ô£à Commande charg├®e: undefined

      at GLSLDiscordBot.log [as loadCommands] (bot.js:215:25)

  console.log
    Ô£à Commandes charg├®es

      at GLSLDiscordBot.log [as initialize] (bot.js:166:21)

  console.log
    ­ƒöä Enregistrement de 1 commandes slash...

      at GLSLDiscordBot.log [as registerSlashCommands] (bot.js:231:21)

  console.log
    Ô£à Commandes slash enregistr├®es

      at GLSLDiscordBot.log [as initialize] (bot.js:170:21)

  console.log
    [2025-11-15T16:27:08.796Z] INFO: Registered cleanup function: browserPool

      at Function.log [as info] (src/utils/logger.js:11:17)

  console.log
    [2025-11-15T16:27:08.796Z] INFO: Registered cleanup function: database

      at Function.log [as info] (src/utils/logger.js:11:17)

  console.log
    [2025-11-15T16:27:08.796Z] INFO: ­ƒöä Auto backups scheduled: 0 3 * * *

      at Function.log [as info] (src/utils/logger.js:11:17)

  console.log
    [2025-11-15T16:27:08.796Z] INFO: ­ƒöä Auto cleanup scheduled: weekly on Sunday at 4am

      at Function.log [as info] (src/utils/logger.js:11:17)

  console.log
    ­ƒîÉ Serveur Express d├®marr├® sur le port 8080

      at log (bot.js:6057:25)

  console.log
    [2025-11-15T16:27:08.797Z] INFO: Registered cleanup function: expressServer

      at Function.log [as info] (src/utils/logger.js:11:17)

  console.log
    Ô£à Bot Discord connect├® avec succ├¿s!

      at GLSLDiscordBot.log [as initialize] (bot.js:180:21)

  console.log
    ­ƒÜÇ Initialisation du bot Discord GLSL...

      at GLSLDiscordBot.log [as initialize] (bot.js:125:21)

  console.log
    Ô£à Base de donn├®es initialis├®e

      at GLSLDiscordBot.log [as initialize] (bot.js:141:21)

  console.warn
    ÔÜá´©Å WebGL non disponible au d├®marrage - les shaders ne pourront pas ├¬tre compil├®s

      154 |                     compilerError.message.includes('WebGL')
      155 |                 )) {
    > 156 |                     console.warn('ÔÜá´©Å WebGL non disponible au d├®marrage - les shaders ne pourront pas ├¬tre compil├®s');
          |                             ^
      157 |                     console.warn('ÔÜá´©Å Le bot va continuer ├á fonctionner, mais les shaders ne pourront pas ├¬tre compil├®s');
      158 |                 } else {
      159 |                     // Si c'est une autre erreur, la propager

      at GLSLDiscordBot.warn [as initialize] (bot.js:156:29)
      at Object.<anonymous> (tests/bot.test.js:9436:13)

  console.warn
    ÔÜá´©Å Le bot va continuer ├á fonctionner, mais les shaders ne pourront pas ├¬tre compil├®s

      155 |                 )) {
      156 |                     console.warn('ÔÜá´©Å WebGL non disponible au d├®marrage - les shaders ne pourront pas ├¬tre compil├®s');
    > 157 |                     console.warn('ÔÜá´©Å Le bot va continuer ├á fonctionner, mais les shaders ne pourront pas ├¬tre compil├®s');
          |                             ^
      158 |                 } else {
      159 |                     // Si c'est une autre erreur, la propager
      160 |                     throw compilerError;

      at GLSLDiscordBot.warn [as initialize] (bot.js:157:29)
      at Object.<anonymous> (tests/bot.test.js:9436:13)

  console.log
    Ô£à Commande charg├®e: undefined

      at GLSLDiscordBot.log [as loadCommands] (bot.js:215:25)

  console.log
    Ô£à Commande charg├®e: undefined

      at GLSLDiscordBot.log [as loadCommands] (bot.js:215:25)

  console.log
    Ô£à Commande charg├®e: undefined

      at GLSLDiscordBot.log [as loadCommands] (bot.js:215:25)

  console.log
    Ô£à Commande charg├®e: undefined

      at GLSLDiscordBot.log [as loadCommands] (bot.js:215:25)

  console.log
    Ô£à Commande charg├®e: undefined

      at GLSLDiscordBot.log [as loadCommands] (bot.js:215:25)

  console.log
    Ô£à Commande charg├®e: undefined

      at GLSLDiscordBot.log [as loadCommands] (bot.js:215:25)

  console.log
    Ô£à Commandes charg├®es

      at GLSLDiscordBot.log [as initialize] (bot.js:166:21)

  console.log
    ­ƒöä Enregistrement de 1 commandes slash...

      at GLSLDiscordBot.log [as registerSlashCommands] (bot.js:231:21)

  console.log
    Ô£à Commandes slash enregistr├®es

      at GLSLDiscordBot.log [as initialize] (bot.js:170:21)

  console.log
    [2025-11-15T16:27:08.802Z] INFO: Registered cleanup function: browserPool

      at Function.log [as info] (src/utils/logger.js:11:17)

  console.log
    [2025-11-15T16:27:08.802Z] INFO: Registered cleanup function: database

      at Function.log [as info] (src/utils/logger.js:11:17)

  console.log
    [2025-11-15T16:27:08.803Z] INFO: ­ƒöä Auto backups scheduled: 0 3 * * *

      at Function.log [as info] (src/utils/logger.js:11:17)

  console.log
    [2025-11-15T16:27:08.803Z] INFO: ­ƒöä Auto cleanup scheduled: weekly on Sunday at 4am

      at Function.log [as info] (src/utils/logger.js:11:17)

  console.log
    ­ƒîÉ Serveur Express d├®marr├® sur le port 8080

      at log (bot.js:6057:25)

  console.log
    [2025-11-15T16:27:08.803Z] INFO: Registered cleanup function: expressServer

      at Function.log [as info] (src/utils/logger.js:11:17)

  console.log
    Ô£à Bot Discord connect├® avec succ├¿s!

      at GLSLDiscordBot.log [as initialize] (bot.js:180:21)

  console.log
    ­ƒÜÇ Initialisation du bot Discord GLSL...

      at GLSLDiscordBot.log [as initialize] (bot.js:125:21)

  console.log
    Ô£à Base de donn├®es initialis├®e

      at GLSLDiscordBot.log [as initialize] (bot.js:141:21)

  console.warn
    ÔÜá´©Å WebGL non disponible au d├®marrage - les shaders ne pourront pas ├¬tre compil├®s

      154 |                     compilerError.message.includes('WebGL')
      155 |                 )) {
    > 156 |                     console.warn('ÔÜá´©Å WebGL non disponible au d├®marrage - les shaders ne pourront pas ├¬tre compil├®s');
          |                             ^
      157 |                     console.warn('ÔÜá´©Å Le bot va continuer ├á fonctionner, mais les shaders ne pourront pas ├¬tre compil├®s');
      158 |                 } else {
      159 |                     // Si c'est une autre erreur, la propager

      at GLSLDiscordBot.warn [as initialize] (bot.js:156:29)
      at Object.<anonymous> (tests/bot.test.js:9455:13)

  console.warn
    ÔÜá´©Å Le bot va continuer ├á fonctionner, mais les shaders ne pourront pas ├¬tre compil├®s

      155 |                 )) {
      156 |                     console.warn('ÔÜá´©Å WebGL non disponible au d├®marrage - les shaders ne pourront pas ├¬tre compil├®s');
    > 157 |                     console.warn('ÔÜá´©Å Le bot va continuer ├á fonctionner, mais les shaders ne pourront pas ├¬tre compil├®s');
          |                             ^
      158 |                 } else {
      159 |                     // Si c'est une autre erreur, la propager
      160 |                     throw compilerError;

      at GLSLDiscordBot.warn [as initialize] (bot.js:157:29)
      at Object.<anonymous> (tests/bot.test.js:9455:13)

  console.log
    Ô£à Commande charg├®e: undefined

      at GLSLDiscordBot.log [as loadCommands] (bot.js:215:25)

  console.log
    Ô£à Commande charg├®e: undefined

      at GLSLDiscordBot.log [as loadCommands] (bot.js:215:25)

  console.log
    Ô£à Commande charg├®e: undefined

      at GLSLDiscordBot.log [as loadCommands] (bot.js:215:25)

  console.log
    Ô£à Commande charg├®e: undefined

      at GLSLDiscordBot.log [as loadCommands] (bot.js:215:25)

  console.log
    Ô£à Commande charg├®e: undefined

      at GLSLDiscordBot.log [as loadCommands] (bot.js:215:25)

  console.log
    Ô£à Commande charg├®e: undefined

      at GLSLDiscordBot.log [as loadCommands] (bot.js:215:25)

  console.log
    Ô£à Commandes charg├®es

      at GLSLDiscordBot.log [as initialize] (bot.js:166:21)

  console.log
    ­ƒöä Enregistrement de 1 commandes slash...

      at GLSLDiscordBot.log [as registerSlashCommands] (bot.js:231:21)

  console.log
    Ô£à Commandes slash enregistr├®es

      at GLSLDiscordBot.log [as initialize] (bot.js:170:21)

  console.log
    [2025-11-15T16:27:08.808Z] INFO: Registered cleanup function: browserPool

      at Function.log [as info] (src/utils/logger.js:11:17)

  console.log
    [2025-11-15T16:27:08.808Z] INFO: Registered cleanup function: database

      at Function.log [as info] (src/utils/logger.js:11:17)

  console.log
    [2025-11-15T16:27:08.809Z] INFO: ­ƒöä Auto backups scheduled: 0 3 * * *

      at Function.log [as info] (src/utils/logger.js:11:17)

  console.log
    [2025-11-15T16:27:08.809Z] INFO: ­ƒöä Auto cleanup scheduled: weekly on Sunday at 4am

      at Function.log [as info] (src/utils/logger.js:11:17)

  console.log
    ­ƒîÉ Serveur Express d├®marr├® sur le port 8080

      at log (bot.js:6057:25)

  console.log
    [2025-11-15T16:27:08.809Z] INFO: Registered cleanup function: expressServer

      at Function.log [as info] (src/utils/logger.js:11:17)

  console.log
    Ô£à Bot Discord connect├® avec succ├¿s!

      at GLSLDiscordBot.log [as initialize] (bot.js:180:21)

  console.log
    ­ƒÜÇ Initialisation du bot Discord GLSL...

      at GLSLDiscordBot.log [as initialize] (bot.js:125:21)

  console.log
    Ô£à Base de donn├®es initialis├®e

      at GLSLDiscordBot.log [as initialize] (bot.js:141:21)

  console.log
    ­ƒÜÇ Initialisation du bot Discord GLSL...

      at GLSLDiscordBot.log [as initialize] (bot.js:125:21)

  console.log
    ÔÜá´©Å Chrome non trouv├®, mais l'installation runtime devrait le r├®soudre au prochain red├®marrage

      at GLSLDiscordBot.log [as initialize] (bot.js:187:25)

  console.log
    ÔÜá´©Å Le bot va continuer ├á fonctionner, mais les shaders ne pourront pas ├¬tre compil├®s jusqu'├á ce que Chrome soit install├®

      at GLSLDiscordBot.log [as initialize] (bot.js:188:25)

  console.log
    ­ƒöä Enregistrement de 0 commandes slash...

      at GLSLDiscordBot.log [as registerSlashCommands] (bot.js:231:21)

  console.log
    ­ƒöä handleInteractionFromHTTP appel├®

      at GLSLDiscordBot.log [as handleInteractionFromHTTP] (bot.js:4594:17)

  console.log
    ­ƒôï Interaction d├®tails: {
      id: '123',
      hasToken: true,
      type: 2,
      commandName: 'help',
      markedAsProcessed: true
    }

      at GLSLDiscordBot.log [as handleInteractionFromHTTP] (bot.js:4609:17)

  console.log
    ­ƒöì Commande HTTP re├ºue: help (user: testuser#1234)

      at GLSLDiscordBot.log [as handleInteractionFromHTTP] (bot.js:4633:25)

  console.log
    ÔûÂ´©Å Ex├®cution commande HTTP: help

      at GLSLDiscordBot.log [as handleInteractionFromHTTP] (bot.js:5634:29)

  console.error
    ÔØî Erreur lors de l'ex├®cution de la commande HTTP help: Error: Command error
        at Object.<anonymous> (C:\Users\anne\Desktop\GLSL_DISCORD\tests\bot.test.js:9616:54)
        at Promise.then.completed (C:\Users\anne\Desktop\GLSL_DISCORD\node_modules\jest-circus\build\utils.js:298:28)
        at new Promise (<anonymous>)
        at callAsyncCircusFn (C:\Users\anne\Desktop\GLSL_DISCORD\node_modules\jest-circus\build\utils.js:231:10)
        at _callCircusTest (C:\Users\anne\Desktop\GLSL_DISCORD\node_modules\jest-circus\build\run.js:316:40)
        at _runTest (C:\Users\anne\Desktop\GLSL_DISCORD\node_modules\jest-circus\build\run.js:252:3)
        at _runTestsForDescribeBlock (C:\Users\anne\Desktop\GLSL_DISCORD\node_modules\jest-circus\build\run.js:126:9)
        at _runTestsForDescribeBlock (C:\Users\anne\Desktop\GLSL_DISCORD\node_modules\jest-circus\build\run.js:121:9)
        at _runTestsForDescribeBlock (C:\Users\anne\Desktop\GLSL_DISCORD\node_modules\jest-circus\build\run.js:121:9)
        at run (C:\Users\anne\Desktop\GLSL_DISCORD\node_modules\jest-circus\build\run.js:71:3)
        at runAndTransformResultsToJestFormat (C:\Users\anne\Desktop\GLSL_DISCORD\node_modules\jest-circus\build\legacy-code-todo-rewrite\jestAdapterInit.js:122:21)
        at jestAdapter (C:\Users\anne\Desktop\GLSL_DISCORD\node_modules\jest-circus\build\legacy-code-todo-rewrite\jestAdapter.js:79:19)
        at runTestInternal (C:\Users\anne\Desktop\GLSL_DISCORD\node_modules\jest-runner\build\runTest.js:367:16)
        at runTest (C:\Users\anne\Desktop\GLSL_DISCORD\node_modules\jest-runner\build\runTest.js:444:34)
        at Object.worker (C:\Users\anne\Desktop\GLSL_DISCORD\node_modules\jest-runner\build\testWorker.js:106:12)

      5640 |                     console.log(`Ô£à Commande HTTP ${commandName} ex├®cut├®e avec succ├¿s`);
      5641 |                 } catch (error) {
    > 5642 |                     console.error(`ÔØî Erreur lors de l'ex├®cution de la commande HTTP ${commandName}:`, error);
           |                             ^
      5643 |                     // Ne pas relancer l'erreur car elle a d├®j├á ├®t├® g├®r├®e par la commande
      5644 |                     // mais on log pour le debugging
      5645 |                 } finally {

      at GLSLDiscordBot.error [as handleInteractionFromHTTP] (bot.js:5642:29)
      at Object.<anonymous> (tests/bot.test.js:9624:13)

  console.log
    ­ƒöä handleInteractionFromHTTP appel├®

      at GLSLDiscordBot.log [as handleInteractionFromHTTP] (bot.js:4594:17)

  console.log
    ­ƒôï Interaction d├®tails: {
      id: '123',
      hasToken: true,
      type: 4,
      commandName: 'help',
      markedAsProcessed: true
    }

      at GLSLDiscordBot.log [as handleInteractionFromHTTP] (bot.js:4609:17)

  console.log
    ­ƒöì Autocomplete HTTP re├ºu: help

      at GLSLDiscordBot.log [as handleInteractionFromHTTP] (bot.js:5655:25)

  console.log
    ­ƒöä handleInteractionFromHTTP appel├®

      at GLSLDiscordBot.log [as handleInteractionFromHTTP] (bot.js:4594:17)

  console.log
    ­ƒôï Interaction d├®tails: {
      id: '123',
      hasToken: true,
      type: 4,
      commandName: 'nonexistent',
      markedAsProcessed: true
    }

      at GLSLDiscordBot.log [as handleInteractionFromHTTP] (bot.js:4609:17)

  console.log
    ­ƒöì Autocomplete HTTP re├ºu: nonexistent

      at GLSLDiscordBot.log [as handleInteractionFromHTTP] (bot.js:5655:25)

  console.log
    ­ƒöä handleInteractionFromHTTP appel├®

      at GLSLDiscordBot.log [as handleInteractionFromHTTP] (bot.js:4594:17)

  console.log
    ­ƒôï Interaction d├®tails: {
      id: '123',
      hasToken: true,
      type: 4,
      commandName: 'help',
      markedAsProcessed: true
    }

      at GLSLDiscordBot.log [as handleInteractionFromHTTP] (bot.js:4609:17)

  console.log
    ­ƒöì Autocomplete HTTP re├ºu: help

      at GLSLDiscordBot.log [as handleInteractionFromHTTP] (bot.js:5655:25)

  console.error
    ÔØî Erreur lors de l'autocomplete HTTP help: Error: Autocomplete error
        at Object.<anonymous> (C:\Users\anne\Desktop\GLSL_DISCORD\tests\bot.test.js:9729:59)
        at Promise.then.completed (C:\Users\anne\Desktop\GLSL_DISCORD\node_modules\jest-circus\build\utils.js:298:28)
        at new Promise (<anonymous>)
        at callAsyncCircusFn (C:\Users\anne\Desktop\GLSL_DISCORD\node_modules\jest-circus\build\utils.js:231:10)
        at _callCircusTest (C:\Users\anne\Desktop\GLSL_DISCORD\node_modules\jest-circus\build\run.js:316:40)
        at _runTest (C:\Users\anne\Desktop\GLSL_DISCORD\node_modules\jest-circus\build\run.js:252:3)
        at _runTestsForDescribeBlock (C:\Users\anne\Desktop\GLSL_DISCORD\node_modules\jest-circus\build\run.js:126:9)
        at _runTestsForDescribeBlock (C:\Users\anne\Desktop\GLSL_DISCORD\node_modules\jest-circus\build\run.js:121:9)
        at _runTestsForDescribeBlock (C:\Users\anne\Desktop\GLSL_DISCORD\node_modules\jest-circus\build\run.js:121:9)
        at run (C:\Users\anne\Desktop\GLSL_DISCORD\node_modules\jest-circus\build\run.js:71:3)
        at runAndTransformResultsToJestFormat (C:\Users\anne\Desktop\GLSL_DISCORD\node_modules\jest-circus\build\legacy-code-todo-rewrite\jestAdapterInit.js:122:21)
        at jestAdapter (C:\Users\anne\Desktop\GLSL_DISCORD\node_modules\jest-circus\build\legacy-code-todo-rewrite\jestAdapter.js:79:19)
        at runTestInternal (C:\Users\anne\Desktop\GLSL_DISCORD\node_modules\jest-runner\build\runTest.js:367:16)
        at runTest (C:\Users\anne\Desktop\GLSL_DISCORD\node_modules\jest-runner\build\runTest.js:444:34)
        at Object.worker (C:\Users\anne\Desktop\GLSL_DISCORD\node_modules\jest-runner\build\testWorker.js:106:12)

      5683 |                     }
      5684 |                     } catch (error) {
    > 5685 |                         console.error(`ÔØî Erreur lors de l'autocomplete HTTP ${commandName}:`, error);
           |                                 ^
      5686 |                     }
      5687 |                 }
      5688 |                 

      at GLSLDiscordBot.error [as handleInteractionFromHTTP] (bot.js:5685:33)
      at Object.<anonymous> (tests/bot.test.js:9733:28)

  console.log
    ­ƒöä handleInteractionFromHTTP appel├®

      at GLSLDiscordBot.log [as handleInteractionFromHTTP] (bot.js:4594:17)

  console.log
    ­ƒôï Interaction d├®tails: {
      id: '123',
      hasToken: true,
      type: 4,
      commandName: 'help',
      markedAsProcessed: true
    }

      at GLSLDiscordBot.log [as handleInteractionFromHTTP] (bot.js:4609:17)

  console.log
    ­ƒöì Autocomplete HTTP re├ºu: help

      at GLSLDiscordBot.log [as handleInteractionFromHTTP] (bot.js:5655:25)

  console.log
    ­ƒöä handleInteractionFromHTTP appel├®

      at GLSLDiscordBot.log [as handleInteractionFromHTTP] (bot.js:4594:17)

  console.log
    ­ƒôï Interaction d├®tails: {
      id: '123',
      hasToken: true,
      type: 2,
      commandName: 'help',
      markedAsProcessed: true
    }

      at GLSLDiscordBot.log [as handleInteractionFromHTTP] (bot.js:4609:17)

  console.log
    ­ƒöì Commande HTTP re├ºue: help (user: testuser#1234)

      at GLSLDiscordBot.log [as handleInteractionFromHTTP] (bot.js:4633:25)

  console.log
    ÔûÂ´©Å Ex├®cution commande HTTP: help

      at GLSLDiscordBot.log [as handleInteractionFromHTTP] (bot.js:5634:29)

  console.log
    Ô£à Commande HTTP help ex├®cut├®e avec succ├¿s

      at GLSLDiscordBot.log [as handleInteractionFromHTTP] (bot.js:5640:29)

  console.log
    ÔÅ¡´©Å Interaction interaction123 d├®j├á trait├®e (d├®duplication), ignor├®e

      at MockClient.log (bot.js:256:25)

  console.log
    ­ƒöì Commande WebSocket re├ºue: nonexistent (user: testuser#1234)

      at MockClient.log (bot.js:277:21)

  console.error
    ÔÜá´©Å Commande non trouv├®e: nonexistent

      278 |
      279 |             if (!command) {
    > 280 |                 console.error(`ÔÜá´©Å Commande non trouv├®e: ${interaction.commandName}`);
          |                         ^
      281 |                 // R├®pondre imm├®diatement pour ├®viter le timeout
      282 |                 if (!interaction.replied && !interaction.deferred) {
      283 |                     try {

      at MockClient.error (bot.js:280:25)
      at Object.emit (tests/bot.test.js:9912:24)

  console.log
    ­ƒöì Commande WebSocket re├ºue: help (user: testuser#1234)

      at MockClient.log (bot.js:277:21)

  console.log
    ÔûÂ´©Å Ex├®cution commande WebSocket: help

      at MockClient.log (bot.js:339:25)

  console.log
    Ô£à Commande help ex├®cut├®e avec succ├¿s

      at MockClient.log (bot.js:345:25)

  console.log
    ­ƒöì Commande WebSocket re├ºue: shader (user: testuser#1234)

      at MockClient.log (bot.js:277:21)

  console.log
    ÔÅ¡´©Å Commande shader d├®j├á en cours d'ex├®cution pour l'utilisateur user123, ignor├®e

      at MockClient.log (bot.js:325:25)

  console.log
    ­ƒöì Commande WebSocket re├ºue: help (user: testuser#1234)

      at MockClient.log (bot.js:277:21)

  console.log
    ÔûÂ´©Å Ex├®cution commande WebSocket: help

      at MockClient.log (bot.js:339:25)

  console.error
    ÔØî Erreur ex├®cution commande help: Error: Command execution error
        at Object.<anonymous> (C:\Users\anne\Desktop\GLSL_DISCORD\tests\bot.test.js:10022:54)
        at Promise.then.completed (C:\Users\anne\Desktop\GLSL_DISCORD\node_modules\jest-circus\build\utils.js:298:28)
        at new Promise (<anonymous>)
        at callAsyncCircusFn (C:\Users\anne\Desktop\GLSL_DISCORD\node_modules\jest-circus\build\utils.js:231:10)
        at _callCircusTest (C:\Users\anne\Desktop\GLSL_DISCORD\node_modules\jest-circus\build\run.js:316:40)
        at _runTest (C:\Users\anne\Desktop\GLSL_DISCORD\node_modules\jest-circus\build\run.js:252:3)
        at _runTestsForDescribeBlock (C:\Users\anne\Desktop\GLSL_DISCORD\node_modules\jest-circus\build\run.js:126:9)
        at _runTestsForDescribeBlock (C:\Users\anne\Desktop\GLSL_DISCORD\node_modules\jest-circus\build\run.js:121:9)
        at _runTestsForDescribeBlock (C:\Users\anne\Desktop\GLSL_DISCORD\node_modules\jest-circus\build\run.js:121:9)
        at run (C:\Users\anne\Desktop\GLSL_DISCORD\node_modules\jest-circus\build\run.js:71:3)
        at runAndTransformResultsToJestFormat (C:\Users\anne\Desktop\GLSL_DISCORD\node_modules\jest-circus\build\legacy-code-todo-rewrite\jestAdapterInit.js:122:21)
        at jestAdapter (C:\Users\anne\Desktop\GLSL_DISCORD\node_modules\jest-circus\build\legacy-code-todo-rewrite\jestAdapter.js:79:19)
        at runTestInternal (C:\Users\anne\Desktop\GLSL_DISCORD\node_modules\jest-runner\build\runTest.js:367:16)
        at runTest (C:\Users\anne\Desktop\GLSL_DISCORD\node_modules\jest-runner\build\runTest.js:444:34)
        at Object.worker (C:\Users\anne\Desktop\GLSL_DISCORD\node_modules\jest-runner\build\testWorker.js:106:12)

      345 |                 console.log(`Ô£à Commande ${interaction.commandName} ex├®cut├®e avec succ├¿s`);
      346 |             } catch (error) {
    > 347 |                 console.error(`ÔØî Erreur ex├®cution commande ${interaction.commandName}:`, error);
          |                         ^
      348 |                 
      349 |                 const errorMessage = {
      350 |                     content: 'ÔØî Une erreur s\'est produite lors de l\'ex├®cution de cette commande.'

      at MockClient.error (bot.js:347:25)

  console.log
    ­ƒöì Commande WebSocket re├ºue: help (user: testuser#1234)

      at MockClient.log (bot.js:277:21)

  console.log
    ÔûÂ´©Å Ex├®cution commande WebSocket: help

      at MockClient.log (bot.js:339:25)

  console.log
    Ô£à Commande help ex├®cut├®e avec succ├¿s

      at MockClient.log (bot.js:345:25)

  console.log
    ­ƒöì Commande WebSocket re├ºue: help (user: testuser#1234)

      at MockClient.log (bot.js:277:21)

  console.log
    ÔûÂ´©Å Ex├®cution commande WebSocket: help

      at MockClient.log (bot.js:339:25)

  console.log
    Ô£à Commande help ex├®cut├®e avec succ├¿s

      at MockClient.log (bot.js:345:25)

  console.log
    ­ƒöì Commande WebSocket re├ºue: help (user: testuser#1234)

      at MockClient.log (bot.js:277:21)

  console.log
    ÔûÂ´©Å Ex├®cution commande WebSocket: help

      at MockClient.log (bot.js:339:25)

  console.error
    ÔØî Erreur ex├®cution commande help: Error: Command error
        at Object.<anonymous> (C:\Users\anne\Desktop\GLSL_DISCORD\tests\bot.test.js:10119:54)
        at Promise.then.completed (C:\Users\anne\Desktop\GLSL_DISCORD\node_modules\jest-circus\build\utils.js:298:28)
        at new Promise (<anonymous>)
        at callAsyncCircusFn (C:\Users\anne\Desktop\GLSL_DISCORD\node_modules\jest-circus\build\utils.js:231:10)
        at _callCircusTest (C:\Users\anne\Desktop\GLSL_DISCORD\node_modules\jest-circus\build\run.js:316:40)
        at _runTest (C:\Users\anne\Desktop\GLSL_DISCORD\node_modules\jest-circus\build\run.js:252:3)
        at _runTestsForDescribeBlock (C:\Users\anne\Desktop\GLSL_DISCORD\node_modules\jest-circus\build\run.js:126:9)
        at _runTestsForDescribeBlock (C:\Users\anne\Desktop\GLSL_DISCORD\node_modules\jest-circus\build\run.js:121:9)
        at _runTestsForDescribeBlock (C:\Users\anne\Desktop\GLSL_DISCORD\node_modules\jest-circus\build\run.js:121:9)
        at run (C:\Users\anne\Desktop\GLSL_DISCORD\node_modules\jest-circus\build\run.js:71:3)
        at runAndTransformResultsToJestFormat (C:\Users\anne\Desktop\GLSL_DISCORD\node_modules\jest-circus\build\legacy-code-todo-rewrite\jestAdapterInit.js:122:21)
        at jestAdapter (C:\Users\anne\Desktop\GLSL_DISCORD\node_modules\jest-circus\build\legacy-code-todo-rewrite\jestAdapter.js:79:19)
        at runTestInternal (C:\Users\anne\Desktop\GLSL_DISCORD\node_modules\jest-runner\build\runTest.js:367:16)
        at runTest (C:\Users\anne\Desktop\GLSL_DISCORD\node_modules\jest-runner\build\runTest.js:444:34)
        at Object.worker (C:\Users\anne\Desktop\GLSL_DISCORD\node_modules\jest-runner\build\testWorker.js:106:12)

      345 |                 console.log(`Ô£à Commande ${interaction.commandName} ex├®cut├®e avec succ├¿s`);
      346 |             } catch (error) {
    > 347 |                 console.error(`ÔØî Erreur ex├®cution commande ${interaction.commandName}:`, error);
          |                         ^
      348 |                 
      349 |                 const errorMessage = {
      350 |                     content: 'ÔØî Une erreur s\'est produite lors de l\'ex├®cution de cette commande.'

      at MockClient.error (bot.js:347:25)

  console.log
    ­ƒöì Commande WebSocket re├ºue: help (user: testuser#1234)

      at MockClient.log (bot.js:277:21)

  console.log
    ÔûÂ´©Å Ex├®cution commande WebSocket: help

      at MockClient.log (bot.js:339:25)

  console.error
    ÔØî Erreur ex├®cution commande help: Error: Command error
        at Object.<anonymous> (C:\Users\anne\Desktop\GLSL_DISCORD\tests\bot.test.js:10152:54)
        at Promise.then.completed (C:\Users\anne\Desktop\GLSL_DISCORD\node_modules\jest-circus\build\utils.js:298:28)
        at new Promise (<anonymous>)
        at callAsyncCircusFn (C:\Users\anne\Desktop\GLSL_DISCORD\node_modules\jest-circus\build\utils.js:231:10)
        at _callCircusTest (C:\Users\anne\Desktop\GLSL_DISCORD\node_modules\jest-circus\build\run.js:316:40)
        at runNextTicks (node:internal/process/task_queues:60:5)
        at processTimers (node:internal/timers:509:9)
        at _runTest (C:\Users\anne\Desktop\GLSL_DISCORD\node_modules\jest-circus\build\run.js:252:3)
        at _runTestsForDescribeBlock (C:\Users\anne\Desktop\GLSL_DISCORD\node_modules\jest-circus\build\run.js:126:9)
        at _runTestsForDescribeBlock (C:\Users\anne\Desktop\GLSL_DISCORD\node_modules\jest-circus\build\run.js:121:9)
        at _runTestsForDescribeBlock (C:\Users\anne\Desktop\GLSL_DISCORD\node_modules\jest-circus\build\run.js:121:9)
        at run (C:\Users\anne\Desktop\GLSL_DISCORD\node_modules\jest-circus\build\run.js:71:3)
        at runAndTransformResultsToJestFormat (C:\Users\anne\Desktop\GLSL_DISCORD\node_modules\jest-circus\build\legacy-code-todo-rewrite\jestAdapterInit.js:122:21)
        at jestAdapter (C:\Users\anne\Desktop\GLSL_DISCORD\node_modules\jest-circus\build\legacy-code-todo-rewrite\jestAdapter.js:79:19)
        at runTestInternal (C:\Users\anne\Desktop\GLSL_DISCORD\node_modules\jest-runner\build\runTest.js:367:16)
        at runTest (C:\Users\anne\Desktop\GLSL_DISCORD\node_modules\jest-runner\build\runTest.js:444:34)
        at Object.worker (C:\Users\anne\Desktop\GLSL_DISCORD\node_modules\jest-runner\build\testWorker.js:106:12)

      345 |                 console.log(`Ô£à Commande ${interaction.commandName} ex├®cut├®e avec succ├¿s`);
      346 |             } catch (error) {
    > 347 |                 console.error(`ÔØî Erreur ex├®cution commande ${interaction.commandName}:`, error);
          |                         ^
      348 |                 
      349 |                 const errorMessage = {
      350 |                     content: 'ÔØî Une erreur s\'est produite lors de l\'ex├®cution de cette commande.'

      at MockClient.error (bot.js:347:25)

  console.log
    ­ƒöì Commande WebSocket re├ºue: help (user: testuser#1234)

      at MockClient.log (bot.js:277:21)

  console.log
    ÔûÂ´©Å Ex├®cution commande WebSocket: help

      at MockClient.log (bot.js:339:25)

  console.error
    ÔØî Erreur ex├®cution commande help: Error: Command error
        at Object.<anonymous> (C:\Users\anne\Desktop\GLSL_DISCORD\tests\bot.test.js:10185:54)
        at Promise.then.completed (C:\Users\anne\Desktop\GLSL_DISCORD\node_modules\jest-circus\build\utils.js:298:28)
        at new Promise (<anonymous>)
        at callAsyncCircusFn (C:\Users\anne\Desktop\GLSL_DISCORD\node_modules\jest-circus\build\utils.js:231:10)
        at _callCircusTest (C:\Users\anne\Desktop\GLSL_DISCORD\node_modules\jest-circus\build\run.js:316:40)
        at _runTest (C:\Users\anne\Desktop\GLSL_DISCORD\node_modules\jest-circus\build\run.js:252:3)
        at _runTestsForDescribeBlock (C:\Users\anne\Desktop\GLSL_DISCORD\node_modules\jest-circus\build\run.js:126:9)
        at _runTestsForDescribeBlock (C:\Users\anne\Desktop\GLSL_DISCORD\node_modules\jest-circus\build\run.js:121:9)
        at _runTestsForDescribeBlock (C:\Users\anne\Desktop\GLSL_DISCORD\node_modules\jest-circus\build\run.js:121:9)
        at run (C:\Users\anne\Desktop\GLSL_DISCORD\node_modules\jest-circus\build\run.js:71:3)
        at runAndTransformResultsToJestFormat (C:\Users\anne\Desktop\GLSL_DISCORD\node_modules\jest-circus\build\legacy-code-todo-rewrite\jestAdapterInit.js:122:21)
        at jestAdapter (C:\Users\anne\Desktop\GLSL_DISCORD\node_modules\jest-circus\build\legacy-code-todo-rewrite\jestAdapter.js:79:19)
        at runTestInternal (C:\Users\anne\Desktop\GLSL_DISCORD\node_modules\jest-runner\build\runTest.js:367:16)
        at runTest (C:\Users\anne\Desktop\GLSL_DISCORD\node_modules\jest-runner\build\runTest.js:444:34)
        at Object.worker (C:\Users\anne\Desktop\GLSL_DISCORD\node_modules\jest-runner\build\testWorker.js:106:12)

      345 |                 console.log(`Ô£à Commande ${interaction.commandName} ex├®cut├®e avec succ├¿s`);
      346 |             } catch (error) {
    > 347 |                 console.error(`ÔØî Erreur ex├®cution commande ${interaction.commandName}:`, error);
          |                         ^
      348 |                 
      349 |                 const errorMessage = {
      350 |                     content: 'ÔØî Une erreur s\'est produite lors de l\'ex├®cution de cette commande.'

      at MockClient.error (bot.js:347:25)

  console.error
    ÔØî Erreur autocomplete commande help: Error: Autocomplete error
        at Object.<anonymous> (C:\Users\anne\Desktop\GLSL_DISCORD\tests\bot.test.js:10242:59)
        at Promise.then.completed (C:\Users\anne\Desktop\GLSL_DISCORD\node_modules\jest-circus\build\utils.js:298:28)
        at new Promise (<anonymous>)
        at callAsyncCircusFn (C:\Users\anne\Desktop\GLSL_DISCORD\node_modules\jest-circus\build\utils.js:231:10)
        at _callCircusTest (C:\Users\anne\Desktop\GLSL_DISCORD\node_modules\jest-circus\build\run.js:316:40)
        at _runTest (C:\Users\anne\Desktop\GLSL_DISCORD\node_modules\jest-circus\build\run.js:252:3)
        at _runTestsForDescribeBlock (C:\Users\anne\Desktop\GLSL_DISCORD\node_modules\jest-circus\build\run.js:126:9)
        at _runTestsForDescribeBlock (C:\Users\anne\Desktop\GLSL_DISCORD\node_modules\jest-circus\build\run.js:121:9)
        at _runTestsForDescribeBlock (C:\Users\anne\Desktop\GLSL_DISCORD\node_modules\jest-circus\build\run.js:121:9)
        at run (C:\Users\anne\Desktop\GLSL_DISCORD\node_modules\jest-circus\build\run.js:71:3)
        at runAndTransformResultsToJestFormat (C:\Users\anne\Desktop\GLSL_DISCORD\node_modules\jest-circus\build\legacy-code-todo-rewrite\jestAdapterInit.js:122:21)
        at jestAdapter (C:\Users\anne\Desktop\GLSL_DISCORD\node_modules\jest-circus\build\legacy-code-todo-rewrite\jestAdapter.js:79:19)
        at runTestInternal (C:\Users\anne\Desktop\GLSL_DISCORD\node_modules\jest-runner\build\runTest.js:367:16)
        at runTest (C:\Users\anne\Desktop\GLSL_DISCORD\node_modules\jest-runner\build\runTest.js:444:34)
        at Object.worker (C:\Users\anne\Desktop\GLSL_DISCORD\node_modules\jest-runner\build\testWorker.js:106:12)

      265 |                         await command.autocomplete(interaction);
      266 |                     } catch (error) {
    > 267 |                         console.error(`ÔØî Erreur autocomplete commande ${interaction.commandName}:`, error);
          |                                 ^
      268 |                     }
      269 |                 }
      270 |                 return;

      at MockClient.error (bot.js:267:33)

  console.log
    ­ƒöì Commande WebSocket re├ºue: help (user: testuser#1234)

      at MockClient.log (bot.js:277:21)

  console.log
    ÔûÂ´©Å Ex├®cution commande WebSocket: help

      at MockClient.log (bot.js:339:25)

  console.log
    Ô£à Commande help ex├®cut├®e avec succ├¿s

      at MockClient.log (bot.js:345:25)

  console.log
    ­ƒöä handleInteractionFromHTTP appel├®

      at GLSLDiscordBot.log [as handleInteractionFromHTTP] (bot.js:4594:17)

  console.log
    ­ƒôï Interaction d├®tails: {
      id: undefined,
      hasToken: true,
      type: 2,
      commandName: 'help',
      markedAsProcessed: true
    }

      at GLSLDiscordBot.log [as handleInteractionFromHTTP] (bot.js:4609:17)

  console.error
    ÔØî Interaction ID ou token manquant { hasId: false, hasToken: true }

      4616 |         
      4617 |         if (!interactionId || !interactionToken) {
    > 4618 |             console.error('ÔØî Interaction ID ou token manquant', {
           |                     ^
      4619 |                 hasId: !!interactionId,
      4620 |                 hasToken: !!interactionToken
      4621 |             });

      at GLSLDiscordBot.error [as handleInteractionFromHTTP] (bot.js:4618:21)
      at Object.handleInteractionFromHTTP (tests/bot.test.js:10352:38)

  console.log
    ­ƒöä handleInteractionFromHTTP appel├®

      at GLSLDiscordBot.log [as handleInteractionFromHTTP] (bot.js:4594:17)

  console.log
    ­ƒôï Interaction d├®tails: {
      id: 'test-id',
      hasToken: false,
      type: 2,
      commandName: 'help',
      markedAsProcessed: true
    }

      at GLSLDiscordBot.log [as handleInteractionFromHTTP] (bot.js:4609:17)

  console.error
    ÔØî Interaction ID ou token manquant { hasId: true, hasToken: false }

      4616 |         
      4617 |         if (!interactionId || !interactionToken) {
    > 4618 |             console.error('ÔØî Interaction ID ou token manquant', {
           |                     ^
      4619 |                 hasId: !!interactionId,
      4620 |                 hasToken: !!interactionToken
      4621 |             });

      at GLSLDiscordBot.error [as handleInteractionFromHTTP] (bot.js:4618:21)
      at Object.handleInteractionFromHTTP (tests/bot.test.js:10366:38)

  console.log
    ­ƒöä handleInteractionFromHTTP appel├®

      at GLSLDiscordBot.log [as handleInteractionFromHTTP] (bot.js:4594:17)

  console.log
    ­ƒôï Interaction d├®tails: {
      id: 'interaction123',
      hasToken: true,
      type: 2,
      commandName: 'help',
      markedAsProcessed: true
    }

      at GLSLDiscordBot.log [as handleInteractionFromHTTP] (bot.js:4609:17)

  console.log
    ­ƒöì Commande HTTP re├ºue: help (user: testuser#1234)

      at GLSLDiscordBot.log [as handleInteractionFromHTTP] (bot.js:4633:25)

  console.log
    ÔÅ¡´©Å Commande HTTP help d├®j├á en cours d'ex├®cution pour l'utilisateur user123, ignor├®e

      at GLSLDiscordBot.log [as handleInteractionFromHTTP] (bot.js:4676:29)

  console.log
    ­ƒöä handleInteractionFromHTTP appel├®

      at GLSLDiscordBot.log [as handleInteractionFromHTTP] (bot.js:4594:17)

  console.log
    ­ƒôï Interaction d├®tails: {
      id: 'interaction123',
      hasToken: true,
      type: 2,
      commandName: 'help',
      markedAsProcessed: true
    }

      at GLSLDiscordBot.log [as handleInteractionFromHTTP] (bot.js:4609:17)

  console.log
    ­ƒöì Commande HTTP re├ºue: help (user: testuser#1234)

      at GLSLDiscordBot.log [as handleInteractionFromHTTP] (bot.js:4633:25)

  console.log
    ­ƒÜÇ Initialisation du bot Discord GLSL...

      at GLSLDiscordBot.log [as initialize] (bot.js:125:21)

  console.log
    Ô£à Base de donn├®es initialis├®e

      at GLSLDiscordBot.log [as initialize] (bot.js:141:21)

  console.log
    Ô£à Compilateur WebGL initialis├®

      at GLSLDiscordBot.log [as initialize] (bot.js:146:25)

  console.error
    ÔØî Erreur initialisation bot: Error: Erreur chargement commandes
        at Object.<anonymous> (C:\Users\anne\Desktop\GLSL_DISCORD\tests\bot.test.js:10514:60)
        at Promise.then.completed (C:\Users\anne\Desktop\GLSL_DISCORD\node_modules\jest-circus\build\utils.js:298:28)
        at new Promise (<anonymous>)
        at callAsyncCircusFn (C:\Users\anne\Desktop\GLSL_DISCORD\node_modules\jest-circus\build\utils.js:231:10)
        at _callCircusTest (C:\Users\anne\Desktop\GLSL_DISCORD\node_modules\jest-circus\build\run.js:316:40)
        at _runTest (C:\Users\anne\Desktop\GLSL_DISCORD\node_modules\jest-circus\build\run.js:252:3)
        at _runTestsForDescribeBlock (C:\Users\anne\Desktop\GLSL_DISCORD\node_modules\jest-circus\build\run.js:126:9)
        at _runTestsForDescribeBlock (C:\Users\anne\Desktop\GLSL_DISCORD\node_modules\jest-circus\build\run.js:121:9)
        at _runTestsForDescribeBlock (C:\Users\anne\Desktop\GLSL_DISCORD\node_modules\jest-circus\build\run.js:121:9)
        at run (C:\Users\anne\Desktop\GLSL_DISCORD\node_modules\jest-circus\build\run.js:71:3)
        at runAndTransformResultsToJestFormat (C:\Users\anne\Desktop\GLSL_DISCORD\node_modules\jest-circus\build\legacy-code-todo-rewrite\jestAdapterInit.js:122:21)
        at jestAdapter (C:\Users\anne\Desktop\GLSL_DISCORD\node_modules\jest-circus\build\legacy-code-todo-rewrite\jestAdapter.js:79:19)
        at runTestInternal (C:\Users\anne\Desktop\GLSL_DISCORD\node_modules\jest-runner\build\runTest.js:367:16)
        at runTest (C:\Users\anne\Desktop\GLSL_DISCORD\node_modules\jest-runner\build\runTest.js:444:34)
        at Object.worker (C:\Users\anne\Desktop\GLSL_DISCORD\node_modules\jest-runner\build\testWorker.js:106:12)

      181 |
      182 |         } catch (error) {
    > 183 |             console.error('ÔØî Erreur initialisation bot:', error);
          |                     ^
      184 |             console.error('ÔØî Stack:', error.stack);
      185 |             // Si c'est juste Chrome qui n'est pas trouv├®, ne pas quitter - l'installation runtime va le r├®soudre
      186 |             if (error.message && error.message.includes('Could not find Chrome')) {

      at GLSLDiscordBot.error [as initialize] (bot.js:183:21)

  console.error
    ÔØî Stack: Error: Erreur chargement commandes
        at Object.<anonymous> (C:\Users\anne\Desktop\GLSL_DISCORD\tests\bot.test.js:10514:60)
        at Promise.then.completed (C:\Users\anne\Desktop\GLSL_DISCORD\node_modules\jest-circus\build\utils.js:298:28)
        at new Promise (<anonymous>)
        at callAsyncCircusFn (C:\Users\anne\Desktop\GLSL_DISCORD\node_modules\jest-circus\build\utils.js:231:10)
        at _callCircusTest (C:\Users\anne\Desktop\GLSL_DISCORD\node_modules\jest-circus\build\run.js:316:40)
        at _runTest (C:\Users\anne\Desktop\GLSL_DISCORD\node_modules\jest-circus\build\run.js:252:3)
        at _runTestsForDescribeBlock (C:\Users\anne\Desktop\GLSL_DISCORD\node_modules\jest-circus\build\run.js:126:9)
        at _runTestsForDescribeBlock (C:\Users\anne\Desktop\GLSL_DISCORD\node_modules\jest-circus\build\run.js:121:9)
        at _runTestsForDescribeBlock (C:\Users\anne\Desktop\GLSL_DISCORD\node_modules\jest-circus\build\run.js:121:9)
        at run (C:\Users\anne\Desktop\GLSL_DISCORD\node_modules\jest-circus\build\run.js:71:3)
        at runAndTransformResultsToJestFormat (C:\Users\anne\Desktop\GLSL_DISCORD\node_modules\jest-circus\build\legacy-code-todo-rewrite\jestAdapterInit.js:122:21)
        at jestAdapter (C:\Users\anne\Desktop\GLSL_DISCORD\node_modules\jest-circus\build\legacy-code-todo-rewrite\jestAdapter.js:79:19)
        at runTestInternal (C:\Users\anne\Desktop\GLSL_DISCORD\node_modules\jest-runner\build\runTest.js:367:16)
        at runTest (C:\Users\anne\Desktop\GLSL_DISCORD\node_modules\jest-runner\build\runTest.js:444:34)
        at Object.worker (C:\Users\anne\Desktop\GLSL_DISCORD\node_modules\jest-runner\build\testWorker.js:106:12)

      182 |         } catch (error) {
      183 |             console.error('ÔØî Erreur initialisation bot:', error);
    > 184 |             console.error('ÔØî Stack:', error.stack);
          |                     ^
      185 |             // Si c'est juste Chrome qui n'est pas trouv├®, ne pas quitter - l'installation runtime va le r├®soudre
      186 |             if (error.message && error.message.includes('Could not find Chrome')) {
      187 |                 console.log('ÔÜá´©Å Chrome non trouv├®, mais l\'installation runtime devrait le r├®soudre au prochain red├®marrage');

      at GLSLDiscordBot.error [as initialize] (bot.js:184:21)

  console.log
    ­ƒÜÇ Initialisation du bot Discord GLSL...

      at GLSLDiscordBot.log [as initialize] (bot.js:125:21)

  console.log
    Ô£à Base de donn├®es initialis├®e

      at GLSLDiscordBot.log [as initialize] (bot.js:141:21)

  console.log
    Ô£à Compilateur WebGL initialis├®

      at GLSLDiscordBot.log [as initialize] (bot.js:146:25)

  console.log
    Ô£à Commandes charg├®es

      at GLSLDiscordBot.log [as initialize] (bot.js:166:21)

  console.error
    ÔØî Erreur initialisation bot: Error: Erreur enregistrement
        at Object.<anonymous> (C:\Users\anne\Desktop\GLSL_DISCORD\tests\bot.test.js:10555:69)
        at Promise.then.completed (C:\Users\anne\Desktop\GLSL_DISCORD\node_modules\jest-circus\build\utils.js:298:28)
        at new Promise (<anonymous>)
        at callAsyncCircusFn (C:\Users\anne\Desktop\GLSL_DISCORD\node_modules\jest-circus\build\utils.js:231:10)
        at _callCircusTest (C:\Users\anne\Desktop\GLSL_DISCORD\node_modules\jest-circus\build\run.js:316:40)
        at _runTest (C:\Users\anne\Desktop\GLSL_DISCORD\node_modules\jest-circus\build\run.js:252:3)
        at _runTestsForDescribeBlock (C:\Users\anne\Desktop\GLSL_DISCORD\node_modules\jest-circus\build\run.js:126:9)
        at _runTestsForDescribeBlock (C:\Users\anne\Desktop\GLSL_DISCORD\node_modules\jest-circus\build\run.js:121:9)
        at _runTestsForDescribeBlock (C:\Users\anne\Desktop\GLSL_DISCORD\node_modules\jest-circus\build\run.js:121:9)
        at run (C:\Users\anne\Desktop\GLSL_DISCORD\node_modules\jest-circus\build\run.js:71:3)
        at runAndTransformResultsToJestFormat (C:\Users\anne\Desktop\GLSL_DISCORD\node_modules\jest-circus\build\legacy-code-todo-rewrite\jestAdapterInit.js:122:21)
        at jestAdapter (C:\Users\anne\Desktop\GLSL_DISCORD\node_modules\jest-circus\build\legacy-code-todo-rewrite\jestAdapter.js:79:19)
        at runTestInternal (C:\Users\anne\Desktop\GLSL_DISCORD\node_modules\jest-runner\build\runTest.js:367:16)
        at runTest (C:\Users\anne\Desktop\GLSL_DISCORD\node_modules\jest-runner\build\runTest.js:444:34)
        at Object.worker (C:\Users\anne\Desktop\GLSL_DISCORD\node_modules\jest-runner\build\testWorker.js:106:12)

      181 |
      182 |         } catch (error) {
    > 183 |             console.error('ÔØî Erreur initialisation bot:', error);
          |                     ^
      184 |             console.error('ÔØî Stack:', error.stack);
      185 |             // Si c'est juste Chrome qui n'est pas trouv├®, ne pas quitter - l'installation runtime va le r├®soudre
      186 |             if (error.message && error.message.includes('Could not find Chrome')) {

      at GLSLDiscordBot.error [as initialize] (bot.js:183:21)

  console.error
    ÔØî Stack: Error: Erreur enregistrement
        at Object.<anonymous> (C:\Users\anne\Desktop\GLSL_DISCORD\tests\bot.test.js:10555:69)
        at Promise.then.completed (C:\Users\anne\Desktop\GLSL_DISCORD\node_modules\jest-circus\build\utils.js:298:28)
        at new Promise (<anonymous>)
        at callAsyncCircusFn (C:\Users\anne\Desktop\GLSL_DISCORD\node_modules\jest-circus\build\utils.js:231:10)
        at _callCircusTest (C:\Users\anne\Desktop\GLSL_DISCORD\node_modules\jest-circus\build\run.js:316:40)
        at _runTest (C:\Users\anne\Desktop\GLSL_DISCORD\node_modules\jest-circus\build\run.js:252:3)
        at _runTestsForDescribeBlock (C:\Users\anne\Desktop\GLSL_DISCORD\node_modules\jest-circus\build\run.js:126:9)
        at _runTestsForDescribeBlock (C:\Users\anne\Desktop\GLSL_DISCORD\node_modules\jest-circus\build\run.js:121:9)
        at _runTestsForDescribeBlock (C:\Users\anne\Desktop\GLSL_DISCORD\node_modules\jest-circus\build\run.js:121:9)
        at run (C:\Users\anne\Desktop\GLSL_DISCORD\node_modules\jest-circus\build\run.js:71:3)
        at runAndTransformResultsToJestFormat (C:\Users\anne\Desktop\GLSL_DISCORD\node_modules\jest-circus\build\legacy-code-todo-rewrite\jestAdapterInit.js:122:21)
        at jestAdapter (C:\Users\anne\Desktop\GLSL_DISCORD\node_modules\jest-circus\build\legacy-code-todo-rewrite\jestAdapter.js:79:19)
        at runTestInternal (C:\Users\anne\Desktop\GLSL_DISCORD\node_modules\jest-runner\build\runTest.js:367:16)
        at runTest (C:\Users\anne\Desktop\GLSL_DISCORD\node_modules\jest-runner\build\runTest.js:444:34)
        at Object.worker (C:\Users\anne\Desktop\GLSL_DISCORD\node_modules\jest-runner\build\testWorker.js:106:12)

      182 |         } catch (error) {
      183 |             console.error('ÔØî Erreur initialisation bot:', error);
    > 184 |             console.error('ÔØî Stack:', error.stack);
          |                     ^
      185 |             // Si c'est juste Chrome qui n'est pas trouv├®, ne pas quitter - l'installation runtime va le r├®soudre
      186 |             if (error.message && error.message.includes('Could not find Chrome')) {
      187 |                 console.log('ÔÜá´©Å Chrome non trouv├®, mais l\'installation runtime devrait le r├®soudre au prochain red├®marrage');

      at GLSLDiscordBot.error [as initialize] (bot.js:184:21)

  console.log
    ­ƒøæ Arr├¬t du bot...

      at GLSLDiscordBot.log [as shutdown] (bot.js:6071:17)

  console.log
    ÔÅ│ Attente de la fin de 2 compilation(s) en cours...

      at GLSLDiscordBot.log [as shutdown] (bot.js:6078:21)

  console.log
    Ô£à Toutes les compilations sont termin├®es

      at GLSLDiscordBot.log [as shutdown] (bot.js:6092:25)

  console.log
    Ô£à Base de donn├®es ferm├®e

      at GLSLDiscordBot.log [as shutdown] (bot.js:6106:21)

  console.log
    Ô£à Bot arr├¬t├®

      at GLSLDiscordBot.log [as shutdown] (bot.js:6121:17)

  console.log
    ­ƒøæ Arr├¬t du bot...

      at GLSLDiscordBot.log [as shutdown] (bot.js:6071:17)

  console.error
    ÔØî Erreur lors de la fermeture du compilateur: Error: Erreur fermeture
        at Object.<anonymous> (C:\Users\anne\Desktop\GLSL_DISCORD\tests\bot.test.js:10625:62)
        at Promise.then.completed (C:\Users\anne\Desktop\GLSL_DISCORD\node_modules\jest-circus\build\utils.js:298:28)
        at new Promise (<anonymous>)
        at callAsyncCircusFn (C:\Users\anne\Desktop\GLSL_DISCORD\node_modules\jest-circus\build\utils.js:231:10)
        at _callCircusTest (C:\Users\anne\Desktop\GLSL_DISCORD\node_modules\jest-circus\build\run.js:316:40)
        at _runTest (C:\Users\anne\Desktop\GLSL_DISCORD\node_modules\jest-circus\build\run.js:252:3)
        at _runTestsForDescribeBlock (C:\Users\anne\Desktop\GLSL_DISCORD\node_modules\jest-circus\build\run.js:126:9)
        at _runTestsForDescribeBlock (C:\Users\anne\Desktop\GLSL_DISCORD\node_modules\jest-circus\build\run.js:121:9)
        at _runTestsForDescribeBlock (C:\Users\anne\Desktop\GLSL_DISCORD\node_modules\jest-circus\build\run.js:121:9)
        at run (C:\Users\anne\Desktop\GLSL_DISCORD\node_modules\jest-circus\build\run.js:71:3)
        at runAndTransformResultsToJestFormat (C:\Users\anne\Desktop\GLSL_DISCORD\node_modules\jest-circus\build\legacy-code-todo-rewrite\jestAdapterInit.js:122:21)
        at jestAdapter (C:\Users\anne\Desktop\GLSL_DISCORD\node_modules\jest-circus\build\legacy-code-todo-rewrite\jestAdapter.js:79:19)
        at runTestInternal (C:\Users\anne\Desktop\GLSL_DISCORD\node_modules\jest-runner\build\runTest.js:367:16)
        at runTest (C:\Users\anne\Desktop\GLSL_DISCORD\node_modules\jest-runner\build\runTest.js:444:34)
        at Object.worker (C:\Users\anne\Desktop\GLSL_DISCORD\node_modules\jest-runner\build\testWorker.js:106:12)

      6098 |             await this.compiler.close();
      6099 |         } catch (error) {
    > 6100 |             console.error('ÔØî Erreur lors de la fermeture du compilateur:', error);
           |                     ^
      6101 |         }
      6102 |         
      6103 |         // Fermer la base de donn├®es

      at GLSLDiscordBot.error [as shutdown] (bot.js:6100:21)
      at Object.<anonymous> (tests/bot.test.js:10629:13)

  console.log
    Ô£à Base de donn├®es ferm├®e

      at GLSLDiscordBot.log [as shutdown] (bot.js:6106:21)

  console.log
    Ô£à Bot arr├¬t├®

      at GLSLDiscordBot.log [as shutdown] (bot.js:6121:17)

  console.log
    ­ƒøæ Arr├¬t du bot...

      at GLSLDiscordBot.log [as shutdown] (bot.js:6071:17)

  console.log
    Ô£à Bot arr├¬t├®

      at GLSLDiscordBot.log [as shutdown] (bot.js:6121:17)

  console.log
    ­ƒøæ Arr├¬t du bot...

      at GLSLDiscordBot.log [as shutdown] (bot.js:6071:17)

  console.error
    ÔØî Erreur lors de la fermeture de la base de donn├®es: Error: DB error
        at Object.<anonymous> (C:\Users\anne\Desktop\GLSL_DISCORD\tests\bot.test.js:10649:62)
        at Promise.then.completed (C:\Users\anne\Desktop\GLSL_DISCORD\node_modules\jest-circus\build\utils.js:298:28)
        at new Promise (<anonymous>)
        at callAsyncCircusFn (C:\Users\anne\Desktop\GLSL_DISCORD\node_modules\jest-circus\build\utils.js:231:10)
        at _callCircusTest (C:\Users\anne\Desktop\GLSL_DISCORD\node_modules\jest-circus\build\run.js:316:40)
        at _runTest (C:\Users\anne\Desktop\GLSL_DISCORD\node_modules\jest-circus\build\run.js:252:3)
        at _runTestsForDescribeBlock (C:\Users\anne\Desktop\GLSL_DISCORD\node_modules\jest-circus\build\run.js:126:9)
        at _runTestsForDescribeBlock (C:\Users\anne\Desktop\GLSL_DISCORD\node_modules\jest-circus\build\run.js:121:9)
        at _runTestsForDescribeBlock (C:\Users\anne\Desktop\GLSL_DISCORD\node_modules\jest-circus\build\run.js:121:9)
        at run (C:\Users\anne\Desktop\GLSL_DISCORD\node_modules\jest-circus\build\run.js:71:3)
        at runAndTransformResultsToJestFormat (C:\Users\anne\Desktop\GLSL_DISCORD\node_modules\jest-circus\build\legacy-code-todo-rewrite\jestAdapterInit.js:122:21)
        at jestAdapter (C:\Users\anne\Desktop\GLSL_DISCORD\node_modules\jest-circus\build\legacy-code-todo-rewrite\jestAdapter.js:79:19)
        at runTestInternal (C:\Users\anne\Desktop\GLSL_DISCORD\node_modules\jest-runner\build\runTest.js:367:16)
        at runTest (C:\Users\anne\Desktop\GLSL_DISCORD\node_modules\jest-runner\build\runTest.js:444:34)
        at Object.worker (C:\Users\anne\Desktop\GLSL_DISCORD\node_modules\jest-runner\build\testWorker.js:106:12)

      6108 |             // Ignorer les erreurs si la base de donn├®es est d├®j├á ferm├®e
      6109 |             if (error.code !== 'SQLITE_MISUSE') {
    > 6110 |                 console.error('ÔØî Erreur lors de la fermeture de la base de donn├®es:', error);
           |                         ^
      6111 |             }
      6112 |         }
      6113 |         

      at GLSLDiscordBot.error [as shutdown] (bot.js:6110:25)
      at Object.<anonymous> (tests/bot.test.js:10652:13)

  console.log
    Ô£à Bot arr├¬t├®

      at GLSLDiscordBot.log [as shutdown] (bot.js:6121:17)

  console.log
    ­ƒøæ Arr├¬t du bot...

      at GLSLDiscordBot.log [as shutdown] (bot.js:6071:17)

  console.log
    Ô£à Base de donn├®es ferm├®e

      at GLSLDiscordBot.log [as shutdown] (bot.js:6106:21)

  console.error
    ÔØî Erreur lors de la d├®connexion du client: Error: Destroy error
        at MockClient.<anonymous> (C:\Users\anne\Desktop\GLSL_DISCORD\tests\bot.test.js:10661:23)
        at C:\Users\anne\Desktop\GLSL_DISCORD\node_modules\jest-mock\build\index.js:397:39
        at MockClient.<anonymous> (C:\Users\anne\Desktop\GLSL_DISCORD\node_modules\jest-mock\build\index.js:404:13)
        at MockClient.mockConstructor [as destroy] (C:\Users\anne\Desktop\GLSL_DISCORD\node_modules\jest-mock\build\index.js:148:19)
        at GLSLDiscordBot.destroy [as shutdown] (C:\Users\anne\Desktop\GLSL_DISCORD\bot.js:6116:25)
        at Object.<anonymous> (C:\Users\anne\Desktop\GLSL_DISCORD\tests\bot.test.js:10664:13)

      6116 |             this.client.destroy();
      6117 |         } catch (error) {
    > 6118 |             console.error('ÔØî Erreur lors de la d├®connexion du client:', error);
           |                     ^
      6119 |         }
      6120 |         
      6121 |         console.log('Ô£à Bot arr├¬t├®');

      at GLSLDiscordBot.error [as shutdown] (bot.js:6118:21)
      at Object.<anonymous> (tests/bot.test.js:10664:13)

  console.log
    Ô£à Bot arr├¬t├®

      at GLSLDiscordBot.log [as shutdown] (bot.js:6121:17)

  console.log
    ­ƒöä handleInteractionFromHTTP appel├®

      at GLSLDiscordBot.log [as handleInteractionFromHTTP] (bot.js:4594:17)

  console.log
    ­ƒôï Interaction d├®tails: {
      id: 'interaction123',
      hasToken: true,
      type: 4,
      commandName: 'shader',
      markedAsProcessed: true
    }

      at GLSLDiscordBot.log [as handleInteractionFromHTTP] (bot.js:4609:17)

  console.log
    ­ƒöì Autocomplete HTTP re├ºu: shader

      at GLSLDiscordBot.log [as handleInteractionFromHTTP] (bot.js:5655:25)

  console.log
    ­ƒöä handleInteractionFromHTTP appel├®

      at GLSLDiscordBot.log [as handleInteractionFromHTTP] (bot.js:4594:17)

  console.log
    ­ƒôï Interaction d├®tails: {
      id: 'interaction123',
      hasToken: true,
      type: 4,
      commandName: 'nonexistent',
      markedAsProcessed: true
    }

      at GLSLDiscordBot.log [as handleInteractionFromHTTP] (bot.js:4609:17)

  console.log
    ­ƒöì Autocomplete HTTP re├ºu: nonexistent

      at GLSLDiscordBot.log [as handleInteractionFromHTTP] (bot.js:5655:25)

  console.log
    ­ƒöä handleInteractionFromHTTP appel├®

      at GLSLDiscordBot.log [as handleInteractionFromHTTP] (bot.js:4594:17)

  console.log
    ­ƒôï Interaction d├®tails: {
      id: 'interaction123',
      hasToken: true,
      type: 4,
      commandName: 'shader',
      markedAsProcessed: true
    }

      at GLSLDiscordBot.log [as handleInteractionFromHTTP] (bot.js:4609:17)

  console.log
    ­ƒöì Autocomplete HTTP re├ºu: shader

      at GLSLDiscordBot.log [as handleInteractionFromHTTP] (bot.js:5655:25)

  console.error
    ÔØî Erreur lors de l'autocomplete HTTP shader: Error: Autocomplete error
        at Object.<anonymous> (C:\Users\anne\Desktop\GLSL_DISCORD\tests\bot.test.js:10745:59)
        at Promise.then.completed (C:\Users\anne\Desktop\GLSL_DISCORD\node_modules\jest-circus\build\utils.js:298:28)
        at new Promise (<anonymous>)
        at callAsyncCircusFn (C:\Users\anne\Desktop\GLSL_DISCORD\node_modules\jest-circus\build\utils.js:231:10)
        at _callCircusTest (C:\Users\anne\Desktop\GLSL_DISCORD\node_modules\jest-circus\build\run.js:316:40)
        at _runTest (C:\Users\anne\Desktop\GLSL_DISCORD\node_modules\jest-circus\build\run.js:252:3)
        at _runTestsForDescribeBlock (C:\Users\anne\Desktop\GLSL_DISCORD\node_modules\jest-circus\build\run.js:126:9)
        at _runTestsForDescribeBlock (C:\Users\anne\Desktop\GLSL_DISCORD\node_modules\jest-circus\build\run.js:121:9)
        at _runTestsForDescribeBlock (C:\Users\anne\Desktop\GLSL_DISCORD\node_modules\jest-circus\build\run.js:121:9)
        at run (C:\Users\anne\Desktop\GLSL_DISCORD\node_modules\jest-circus\build\run.js:71:3)
        at runAndTransformResultsToJestFormat (C:\Users\anne\Desktop\GLSL_DISCORD\node_modules\jest-circus\build\legacy-code-todo-rewrite\jestAdapterInit.js:122:21)
        at jestAdapter (C:\Users\anne\Desktop\GLSL_DISCORD\node_modules\jest-circus\build\legacy-code-todo-rewrite\jestAdapter.js:79:19)
        at runTestInternal (C:\Users\anne\Desktop\GLSL_DISCORD\node_modules\jest-runner\build\runTest.js:367:16)
        at runTest (C:\Users\anne\Desktop\GLSL_DISCORD\node_modules\jest-runner\build\runTest.js:444:34)
        at Object.worker (C:\Users\anne\Desktop\GLSL_DISCORD\node_modules\jest-runner\build\testWorker.js:106:12)

      5683 |                     }
      5684 |                     } catch (error) {
    > 5685 |                         console.error(`ÔØî Erreur lors de l'autocomplete HTTP ${commandName}:`, error);
           |                                 ^
      5686 |                     }
      5687 |                 }
      5688 |                 

      at GLSLDiscordBot.error [as handleInteractionFromHTTP] (bot.js:5685:33)
      at Object.<anonymous> (tests/bot.test.js:10749:28)

  console.log
    ­ƒöä handleInteractionFromHTTP appel├®

      at GLSLDiscordBot.log [as handleInteractionFromHTTP] (bot.js:4594:17)

  console.log
    ­ƒôï Interaction d├®tails: {
      id: 'interaction123',
      hasToken: true,
      type: 2,
      commandName: 'help',
      markedAsProcessed: true
    }

      at GLSLDiscordBot.log [as handleInteractionFromHTTP] (bot.js:4609:17)

  console.log
    ­ƒöì Commande HTTP re├ºue: help (user: testuser#1234)

      at GLSLDiscordBot.log [as handleInteractionFromHTTP] (bot.js:4633:25)

  console.log
    ÔûÂ´©Å Ex├®cution commande HTTP: help

      at GLSLDiscordBot.log [as handleInteractionFromHTTP] (bot.js:5634:29)

  console.error
    ÔØî Erreur lors de l'ex├®cution de la commande HTTP help: Error: Command execution error
        at Object.<anonymous> (C:\Users\anne\Desktop\GLSL_DISCORD\tests\bot.test.js:10772:54)
        at Promise.then.completed (C:\Users\anne\Desktop\GLSL_DISCORD\node_modules\jest-circus\build\utils.js:298:28)
        at new Promise (<anonymous>)
        at callAsyncCircusFn (C:\Users\anne\Desktop\GLSL_DISCORD\node_modules\jest-circus\build\utils.js:231:10)
        at _callCircusTest (C:\Users\anne\Desktop\GLSL_DISCORD\node_modules\jest-circus\build\run.js:316:40)
        at _runTest (C:\Users\anne\Desktop\GLSL_DISCORD\node_modules\jest-circus\build\run.js:252:3)
        at _runTestsForDescribeBlock (C:\Users\anne\Desktop\GLSL_DISCORD\node_modules\jest-circus\build\run.js:126:9)
        at _runTestsForDescribeBlock (C:\Users\anne\Desktop\GLSL_DISCORD\node_modules\jest-circus\build\run.js:121:9)
        at _runTestsForDescribeBlock (C:\Users\anne\Desktop\GLSL_DISCORD\node_modules\jest-circus\build\run.js:121:9)
        at run (C:\Users\anne\Desktop\GLSL_DISCORD\node_modules\jest-circus\build\run.js:71:3)
        at runAndTransformResultsToJestFormat (C:\Users\anne\Desktop\GLSL_DISCORD\node_modules\jest-circus\build\legacy-code-todo-rewrite\jestAdapterInit.js:122:21)
        at jestAdapter (C:\Users\anne\Desktop\GLSL_DISCORD\node_modules\jest-circus\build\legacy-code-todo-rewrite\jestAdapter.js:79:19)
        at runTestInternal (C:\Users\anne\Desktop\GLSL_DISCORD\node_modules\jest-runner\build\runTest.js:367:16)
        at runTest (C:\Users\anne\Desktop\GLSL_DISCORD\node_modules\jest-runner\build\runTest.js:444:34)
        at Object.worker (C:\Users\anne\Desktop\GLSL_DISCORD\node_modules\jest-runner\build\testWorker.js:106:12)

      5640 |                     console.log(`Ô£à Commande HTTP ${commandName} ex├®cut├®e avec succ├¿s`);
      5641 |                 } catch (error) {
    > 5642 |                     console.error(`ÔØî Erreur lors de l'ex├®cution de la commande HTTP ${commandName}:`, error);
           |                             ^
      5643 |                     // Ne pas relancer l'erreur car elle a d├®j├á ├®t├® g├®r├®e par la commande
      5644 |                     // mais on log pour le debugging
      5645 |                 } finally {

      at GLSLDiscordBot.error [as handleInteractionFromHTTP] (bot.js:5642:29)
      at Object.<anonymous> (tests/bot.test.js:10777:13)

  console.log
    ­ƒöä handleInteractionFromHTTP appel├®

      at GLSLDiscordBot.log [as handleInteractionFromHTTP] (bot.js:4594:17)

  console.log
    ­ƒôï Interaction d├®tails: {
      id: '123',
      hasToken: true,
      type: 2,
      commandName: 'help',
      markedAsProcessed: true
    }

      at GLSLDiscordBot.log [as handleInteractionFromHTTP] (bot.js:4609:17)

  console.log
    ­ƒöì Commande HTTP re├ºue: help (user: testuser#1234)

      at GLSLDiscordBot.log [as handleInteractionFromHTTP] (bot.js:4633:25)

  console.log
    ÔûÂ´©Å Ex├®cution commande HTTP: help

      at GLSLDiscordBot.log [as handleInteractionFromHTTP] (bot.js:5634:29)

  console.log
    Ô£à Envoi JSON pur - embeds seuls (content supprim├® car non requis)

      at Object.log [as editReply] (bot.js:5532:41)

  console.log
    Ô£à Commande HTTP help ex├®cut├®e avec succ├¿s

      at GLSLDiscordBot.log [as handleInteractionFromHTTP] (bot.js:5640:29)

  console.log
    ­ƒöä handleInteractionFromHTTP appel├®

      at GLSLDiscordBot.log [as handleInteractionFromHTTP] (bot.js:4594:17)

  console.log
    ­ƒôï Interaction d├®tails: {
      id: '123',
      hasToken: true,
      type: 2,
      commandName: 'help',
      markedAsProcessed: true
    }

      at GLSLDiscordBot.log [as handleInteractionFromHTTP] (bot.js:4609:17)

  console.log
    ­ƒöì Commande HTTP re├ºue: help (user: testuser#1234)

      at GLSLDiscordBot.log [as handleInteractionFromHTTP] (bot.js:4633:25)

  console.log
    ÔûÂ´©Å Ex├®cution commande HTTP: help

      at GLSLDiscordBot.log [as handleInteractionFromHTTP] (bot.js:5634:29)

  console.log
    Ô£à Commande HTTP help ex├®cut├®e avec succ├¿s

      at GLSLDiscordBot.log [as handleInteractionFromHTTP] (bot.js:5640:29)

  console.log
    ­ƒöä handleInteractionFromHTTP appel├®

      at GLSLDiscordBot.log [as handleInteractionFromHTTP] (bot.js:4594:17)

  console.log
    ­ƒôï Interaction d├®tails: {
      id: '123',
      hasToken: true,
      type: 2,
      commandName: 'help',
      markedAsProcessed: true
    }

      at GLSLDiscordBot.log [as handleInteractionFromHTTP] (bot.js:4609:17)

  console.log
    ­ƒöì Commande HTTP re├ºue: help (user: testuser#1234)

      at GLSLDiscordBot.log [as handleInteractionFromHTTP] (bot.js:4633:25)

  console.log
    ÔûÂ´©Å Ex├®cution commande HTTP: help

      at GLSLDiscordBot.log [as handleInteractionFromHTTP] (bot.js:5634:29)

  console.log
    Ô£à Commande HTTP help ex├®cut├®e avec succ├¿s

      at GLSLDiscordBot.log [as handleInteractionFromHTTP] (bot.js:5640:29)

  console.log
    ­ƒöä handleInteractionFromHTTP appel├®

      at GLSLDiscordBot.log [as handleInteractionFromHTTP] (bot.js:4594:17)

  console.log
    ­ƒôï Interaction d├®tails: {
      id: '123',
      hasToken: true,
      type: 2,
      commandName: 'help',
      markedAsProcessed: true
    }

      at GLSLDiscordBot.log [as handleInteractionFromHTTP] (bot.js:4609:17)

  console.log
    ­ƒöì Commande HTTP re├ºue: help (user: testuser#1234)

      at GLSLDiscordBot.log [as handleInteractionFromHTTP] (bot.js:4633:25)

  console.log
    ÔûÂ´©Å Ex├®cution commande HTTP: help

      at GLSLDiscordBot.log [as handleInteractionFromHTTP] (bot.js:5634:29)

  console.log
    Ô£à Commande HTTP help ex├®cut├®e avec succ├¿s

      at GLSLDiscordBot.log [as handleInteractionFromHTTP] (bot.js:5640:29)

  console.log
    ­ƒöä handleInteractionFromHTTP appel├®

      at GLSLDiscordBot.log [as handleInteractionFromHTTP] (bot.js:4594:17)

  console.log
    ­ƒôï Interaction d├®tails: {
      id: '123',
      hasToken: true,
      type: 2,
      commandName: 'help',
      markedAsProcessed: true
    }

      at GLSLDiscordBot.log [as handleInteractionFromHTTP] (bot.js:4609:17)

  console.log
    ­ƒöì Commande HTTP re├ºue: help (user: testuser#1234)

      at GLSLDiscordBot.log [as handleInteractionFromHTTP] (bot.js:4633:25)

  console.log
    ÔûÂ´©Å Ex├®cution commande HTTP: help

      at GLSLDiscordBot.log [as handleInteractionFromHTTP] (bot.js:5634:29)

  console.error
    ÔØî Erreur lors de l'ex├®cution de la commande HTTP help: Error: Discord API error: 400 - Bad Request
        at Object.followUp (C:\Users\anne\Desktop\GLSL_DISCORD\bot.js:5617:43)
        at Object.<anonymous> (C:\Users\anne\Desktop\GLSL_DISCORD\tests\bot.test.js:11137:21)
        at GLSLDiscordBot.handleInteractionFromHTTP (C:\Users\anne\Desktop\GLSL_DISCORD\bot.js:5635:21)
        at Object.<anonymous> (C:\Users\anne\Desktop\GLSL_DISCORD\tests\bot.test.js:11150:13)

      5640 |                     console.log(`Ô£à Commande HTTP ${commandName} ex├®cut├®e avec succ├¿s`);
      5641 |                 } catch (error) {
    > 5642 |                     console.error(`ÔØî Erreur lors de l'ex├®cution de la commande HTTP ${commandName}:`, error);
           |                             ^
      5643 |                     // Ne pas relancer l'erreur car elle a d├®j├á ├®t├® g├®r├®e par la commande
      5644 |                     // mais on log pour le debugging
      5645 |                 } finally {

      at GLSLDiscordBot.error [as handleInteractionFromHTTP] (bot.js:5642:29)
      at Object.<anonymous> (tests/bot.test.js:11150:13)

  console.log
    ­ƒöä handleInteractionFromHTTP appel├®

      at GLSLDiscordBot.log [as handleInteractionFromHTTP] (bot.js:4594:17)

  console.log
    ­ƒôï Interaction d├®tails: {
      id: '123',
      hasToken: true,
      type: 2,
      commandName: 'help',
      markedAsProcessed: true
    }

      at GLSLDiscordBot.log [as handleInteractionFromHTTP] (bot.js:4609:17)

  console.log
    ­ƒöì Commande HTTP re├ºue: help (user: testuser#1234)

      at GLSLDiscordBot.log [as handleInteractionFromHTTP] (bot.js:4633:25)

  console.log
    ÔûÂ´©Å Ex├®cution commande HTTP: help

      at GLSLDiscordBot.log [as handleInteractionFromHTTP] (bot.js:5634:29)

  console.log
    Ô£à Commande HTTP help ex├®cut├®e avec succ├¿s

      at GLSLDiscordBot.log [as handleInteractionFromHTTP] (bot.js:5640:29)

  console.log
    ­ƒöä handleInteractionFromHTTP appel├®

      at GLSLDiscordBot.log [as handleInteractionFromHTTP] (bot.js:4594:17)

  console.log
    ­ƒôï Interaction d├®tails: {
      id: '123',
      hasToken: true,
      type: 2,
      commandName: 'help',
      markedAsProcessed: true
    }

      at GLSLDiscordBot.log [as handleInteractionFromHTTP] (bot.js:4609:17)

  console.log
    ­ƒöì Commande HTTP re├ºue: help (user: testuser#1234)

      at GLSLDiscordBot.log [as handleInteractionFromHTTP] (bot.js:4633:25)

  console.log
    ÔûÂ´©Å Ex├®cution commande HTTP: help

      at GLSLDiscordBot.log [as handleInteractionFromHTTP] (bot.js:5634:29)

  console.error
    ÔØî Erreur lors de l'ex├®cution de la commande HTTP help: Error: Erreur test
        at Object.<anonymous> (C:\Users\anne\Desktop\GLSL_DISCORD\tests\bot.test.js:11273:54)
        at Promise.then.completed (C:\Users\anne\Desktop\GLSL_DISCORD\node_modules\jest-circus\build\utils.js:298:28)
        at new Promise (<anonymous>)
        at callAsyncCircusFn (C:\Users\anne\Desktop\GLSL_DISCORD\node_modules\jest-circus\build\utils.js:231:10)
        at _callCircusTest (C:\Users\anne\Desktop\GLSL_DISCORD\node_modules\jest-circus\build\run.js:316:40)
        at _runTest (C:\Users\anne\Desktop\GLSL_DISCORD\node_modules\jest-circus\build\run.js:252:3)
        at _runTestsForDescribeBlock (C:\Users\anne\Desktop\GLSL_DISCORD\node_modules\jest-circus\build\run.js:126:9)
        at _runTestsForDescribeBlock (C:\Users\anne\Desktop\GLSL_DISCORD\node_modules\jest-circus\build\run.js:121:9)
        at _runTestsForDescribeBlock (C:\Users\anne\Desktop\GLSL_DISCORD\node_modules\jest-circus\build\run.js:121:9)
        at run (C:\Users\anne\Desktop\GLSL_DISCORD\node_modules\jest-circus\build\run.js:71:3)
        at runAndTransformResultsToJestFormat (C:\Users\anne\Desktop\GLSL_DISCORD\node_modules\jest-circus\build\legacy-code-todo-rewrite\jestAdapterInit.js:122:21)
        at jestAdapter (C:\Users\anne\Desktop\GLSL_DISCORD\node_modules\jest-circus\build\legacy-code-todo-rewrite\jestAdapter.js:79:19)
        at runTestInternal (C:\Users\anne\Desktop\GLSL_DISCORD\node_modules\jest-runner\build\runTest.js:367:16)
        at runTest (C:\Users\anne\Desktop\GLSL_DISCORD\node_modules\jest-runner\build\runTest.js:444:34)
        at Object.worker (C:\Users\anne\Desktop\GLSL_DISCORD\node_modules\jest-runner\build\testWorker.js:106:12)

      5640 |                     console.log(`Ô£à Commande HTTP ${commandName} ex├®cut├®e avec succ├¿s`);
      5641 |                 } catch (error) {
    > 5642 |                     console.error(`ÔØî Erreur lors de l'ex├®cution de la commande HTTP ${commandName}:`, error);
           |                             ^
      5643 |                     // Ne pas relancer l'erreur car elle a d├®j├á ├®t├® g├®r├®e par la commande
      5644 |                     // mais on log pour le debugging
      5645 |                 } finally {

      at GLSLDiscordBot.error [as handleInteractionFromHTTP] (bot.js:5642:29)
      at Object.<anonymous> (tests/bot.test.js:11277:13)

  console.log
    ­ƒöä handleInteractionFromHTTP appel├®

      at GLSLDiscordBot.log [as handleInteractionFromHTTP] (bot.js:4594:17)

  console.log
    ­ƒôï Interaction d├®tails: {
      id: '123',
      hasToken: true,
      type: 4,
      commandName: 'shader-preset',
      markedAsProcessed: true
    }

      at GLSLDiscordBot.log [as handleInteractionFromHTTP] (bot.js:4609:17)

  console.log
    ­ƒöì Autocomplete HTTP re├ºu: shader-preset

      at GLSLDiscordBot.log [as handleInteractionFromHTTP] (bot.js:5655:25)

  console.error
    ÔØî Erreur lors de l'autocomplete HTTP shader-preset: Error: Erreur autocomplete
        at Object.<anonymous> (C:\Users\anne\Desktop\GLSL_DISCORD\tests\bot.test.js:11306:59)
        at Promise.then.completed (C:\Users\anne\Desktop\GLSL_DISCORD\node_modules\jest-circus\build\utils.js:298:28)
        at new Promise (<anonymous>)
        at callAsyncCircusFn (C:\Users\anne\Desktop\GLSL_DISCORD\node_modules\jest-circus\build\utils.js:231:10)
        at _callCircusTest (C:\Users\anne\Desktop\GLSL_DISCORD\node_modules\jest-circus\build\run.js:316:40)
        at _runTest (C:\Users\anne\Desktop\GLSL_DISCORD\node_modules\jest-circus\build\run.js:252:3)
        at _runTestsForDescribeBlock (C:\Users\anne\Desktop\GLSL_DISCORD\node_modules\jest-circus\build\run.js:126:9)
        at _runTestsForDescribeBlock (C:\Users\anne\Desktop\GLSL_DISCORD\node_modules\jest-circus\build\run.js:121:9)
        at _runTestsForDescribeBlock (C:\Users\anne\Desktop\GLSL_DISCORD\node_modules\jest-circus\build\run.js:121:9)
        at run (C:\Users\anne\Desktop\GLSL_DISCORD\node_modules\jest-circus\build\run.js:71:3)
        at runAndTransformResultsToJestFormat (C:\Users\anne\Desktop\GLSL_DISCORD\node_modules\jest-circus\build\legacy-code-todo-rewrite\jestAdapterInit.js:122:21)
        at jestAdapter (C:\Users\anne\Desktop\GLSL_DISCORD\node_modules\jest-circus\build\legacy-code-todo-rewrite\jestAdapter.js:79:19)
        at runTestInternal (C:\Users\anne\Desktop\GLSL_DISCORD\node_modules\jest-runner\build\runTest.js:367:16)
        at runTest (C:\Users\anne\Desktop\GLSL_DISCORD\node_modules\jest-runner\build\runTest.js:444:34)
        at Object.worker (C:\Users\anne\Desktop\GLSL_DISCORD\node_modules\jest-runner\build\testWorker.js:106:12)

      5683 |                     }
      5684 |                     } catch (error) {
    > 5685 |                         console.error(`ÔØî Erreur lors de l'autocomplete HTTP ${commandName}:`, error);
           |                                 ^
      5686 |                     }
      5687 |                 }
      5688 |                 

      at GLSLDiscordBot.error [as handleInteractionFromHTTP] (bot.js:5685:33)
      at Object.<anonymous> (tests/bot.test.js:11310:28)

  console.log
    ­ƒöä handleInteractionFromHTTP appel├®

      at GLSLDiscordBot.log [as handleInteractionFromHTTP] (bot.js:4594:17)

  console.log
    ­ƒöì Commande WebSocket re├ºue: help (user: test#1234)

      at log (bot.js:277:21)

  console.log
    ÔûÂ´©Å Ex├®cution commande WebSocket: help

      at log (bot.js:339:25)

  console.error
    ÔØî Erreur ex├®cution commande help: Error: Command error
        at Object.<anonymous> (C:\Users\anne\Desktop\GLSL_DISCORD\tests\bot.test.js:11369:54)
        at Promise.then.completed (C:\Users\anne\Desktop\GLSL_DISCORD\node_modules\jest-circus\build\utils.js:298:28)
        at new Promise (<anonymous>)
        at callAsyncCircusFn (C:\Users\anne\Desktop\GLSL_DISCORD\node_modules\jest-circus\build\utils.js:231:10)
        at _callCircusTest (C:\Users\anne\Desktop\GLSL_DISCORD\node_modules\jest-circus\build\run.js:316:40)
        at _runTest (C:\Users\anne\Desktop\GLSL_DISCORD\node_modules\jest-circus\build\run.js:252:3)
        at _runTestsForDescribeBlock (C:\Users\anne\Desktop\GLSL_DISCORD\node_modules\jest-circus\build\run.js:126:9)
        at _runTestsForDescribeBlock (C:\Users\anne\Desktop\GLSL_DISCORD\node_modules\jest-circus\build\run.js:121:9)
        at _runTestsForDescribeBlock (C:\Users\anne\Desktop\GLSL_DISCORD\node_modules\jest-circus\build\run.js:121:9)
        at run (C:\Users\anne\Desktop\GLSL_DISCORD\node_modules\jest-circus\build\run.js:71:3)
        at runAndTransformResultsToJestFormat (C:\Users\anne\Desktop\GLSL_DISCORD\node_modules\jest-circus\build\legacy-code-todo-rewrite\jestAdapterInit.js:122:21)
        at jestAdapter (C:\Users\anne\Desktop\GLSL_DISCORD\node_modules\jest-circus\build\legacy-code-todo-rewrite\jestAdapter.js:79:19)
        at runTestInternal (C:\Users\anne\Desktop\GLSL_DISCORD\node_modules\jest-runner\build\runTest.js:367:16)
        at runTest (C:\Users\anne\Desktop\GLSL_DISCORD\node_modules\jest-runner\build\runTest.js:444:34)
        at Object.worker (C:\Users\anne\Desktop\GLSL_DISCORD\node_modules\jest-runner\build\testWorker.js:106:12)

      345 |                 console.log(`Ô£à Commande ${interaction.commandName} ex├®cut├®e avec succ├¿s`);
      346 |             } catch (error) {
    > 347 |                 console.error(`ÔØî Erreur ex├®cution commande ${interaction.commandName}:`, error);
          |                         ^
      348 |                 
      349 |                 const errorMessage = {
      350 |                     content: 'ÔØî Une erreur s\'est produite lors de l\'ex├®cution de cette commande.'

      at error (bot.js:347:25)
      at Object.<anonymous> (tests/bot.test.js:11380:13)

  console.error
    Error: Reply failed
        at Object.<anonymous> (C:\Users\anne\Desktop\GLSL_DISCORD\tests\bot.test.js:11360:52)
        at Promise.then.completed (C:\Users\anne\Desktop\GLSL_DISCORD\node_modules\jest-circus\build\utils.js:298:28)
        at new Promise (<anonymous>)
        at callAsyncCircusFn (C:\Users\anne\Desktop\GLSL_DISCORD\node_modules\jest-circus\build\utils.js:231:10)
        at _callCircusTest (C:\Users\anne\Desktop\GLSL_DISCORD\node_modules\jest-circus\build\run.js:316:40)
        at _runTest (C:\Users\anne\Desktop\GLSL_DISCORD\node_modules\jest-circus\build\run.js:252:3)
        at _runTestsForDescribeBlock (C:\Users\anne\Desktop\GLSL_DISCORD\node_modules\jest-circus\build\run.js:126:9)
        at _runTestsForDescribeBlock (C:\Users\anne\Desktop\GLSL_DISCORD\node_modules\jest-circus\build\run.js:121:9)
        at _runTestsForDescribeBlock (C:\Users\anne\Desktop\GLSL_DISCORD\node_modules\jest-circus\build\run.js:121:9)
        at run (C:\Users\anne\Desktop\GLSL_DISCORD\node_modules\jest-circus\build\run.js:71:3)
        at runAndTransformResultsToJestFormat (C:\Users\anne\Desktop\GLSL_DISCORD\node_modules\jest-circus\build\legacy-code-todo-rewrite\jestAdapterInit.js:122:21)
        at jestAdapter (C:\Users\anne\Desktop\GLSL_DISCORD\node_modules\jest-circus\build\legacy-code-todo-rewrite\jestAdapter.js:79:19)
        at runTestInternal (C:\Users\anne\Desktop\GLSL_DISCORD\node_modules\jest-runner\build\runTest.js:367:16)
        at runTest (C:\Users\anne\Desktop\GLSL_DISCORD\node_modules\jest-runner\build\runTest.js:444:34)
        at Object.worker (C:\Users\anne\Desktop\GLSL_DISCORD\node_modules\jest-runner\build\testWorker.js:106:12)

      356 |                     });
      357 |                 } else {
    > 358 |                     await interaction.reply({ ...errorMessage, ephemeral: true }).catch(console.error);
          |                     ^
      359 |                 }
      360 |             } finally {
      361 |                 // Retirer le verrou apr├¿s l'ex├®cution (avec un d├®lai pour ├®viter les doubles ex├®cutions rapides)

      at bot.js:358:21
      at Object.<anonymous> (tests/bot.test.js:11380:13)

  console.log
    ­ƒöì Commande WebSocket re├ºue: help (user: test#1234)

      at log (bot.js:277:21)

  console.log
    ÔûÂ´©Å Ex├®cution commande WebSocket: help

      at log (bot.js:339:25)

  console.error
    ÔØî Erreur ex├®cution commande help: Error: Command error
        at Object.<anonymous> (C:\Users\anne\Desktop\GLSL_DISCORD\tests\bot.test.js:11404:54)
        at Promise.then.completed (C:\Users\anne\Desktop\GLSL_DISCORD\node_modules\jest-circus\build\utils.js:298:28)
        at new Promise (<anonymous>)
        at callAsyncCircusFn (C:\Users\anne\Desktop\GLSL_DISCORD\node_modules\jest-circus\build\utils.js:231:10)
        at _callCircusTest (C:\Users\anne\Desktop\GLSL_DISCORD\node_modules\jest-circus\build\run.js:316:40)
        at _runTest (C:\Users\anne\Desktop\GLSL_DISCORD\node_modules\jest-circus\build\run.js:252:3)
        at _runTestsForDescribeBlock (C:\Users\anne\Desktop\GLSL_DISCORD\node_modules\jest-circus\build\run.js:126:9)
        at _runTestsForDescribeBlock (C:\Users\anne\Desktop\GLSL_DISCORD\node_modules\jest-circus\build\run.js:121:9)
        at _runTestsForDescribeBlock (C:\Users\anne\Desktop\GLSL_DISCORD\node_modules\jest-circus\build\run.js:121:9)
        at run (C:\Users\anne\Desktop\GLSL_DISCORD\node_modules\jest-circus\build\run.js:71:3)
        at runAndTransformResultsToJestFormat (C:\Users\anne\Desktop\GLSL_DISCORD\node_modules\jest-circus\build\legacy-code-todo-rewrite\jestAdapterInit.js:122:21)
        at jestAdapter (C:\Users\anne\Desktop\GLSL_DISCORD\node_modules\jest-circus\build\legacy-code-todo-rewrite\jestAdapter.js:79:19)
        at runTestInternal (C:\Users\anne\Desktop\GLSL_DISCORD\node_modules\jest-runner\build\runTest.js:367:16)
        at runTest (C:\Users\anne\Desktop\GLSL_DISCORD\node_modules\jest-runner\build\runTest.js:444:34)
        at Object.worker (C:\Users\anne\Desktop\GLSL_DISCORD\node_modules\jest-runner\build\testWorker.js:106:12)

      345 |                 console.log(`Ô£à Commande ${interaction.commandName} ex├®cut├®e avec succ├¿s`);
      346 |             } catch (error) {
    > 347 |                 console.error(`ÔØî Erreur ex├®cution commande ${interaction.commandName}:`, error);
          |                         ^
      348 |                 
      349 |                 const errorMessage = {
      350 |                     content: 'ÔØî Une erreur s\'est produite lors de l\'ex├®cution de cette commande.'

      at error (bot.js:347:25)
      at Object.<anonymous> (tests/bot.test.js:11415:13)

  console.error
    Error: FollowUp failed
        at Object.<anonymous> (C:\Users\anne\Desktop\GLSL_DISCORD\tests\bot.test.js:11397:55)
        at Promise.then.completed (C:\Users\anne\Desktop\GLSL_DISCORD\node_modules\jest-circus\build\utils.js:298:28)
        at new Promise (<anonymous>)
        at callAsyncCircusFn (C:\Users\anne\Desktop\GLSL_DISCORD\node_modules\jest-circus\build\utils.js:231:10)
        at _callCircusTest (C:\Users\anne\Desktop\GLSL_DISCORD\node_modules\jest-circus\build\run.js:316:40)
        at _runTest (C:\Users\anne\Desktop\GLSL_DISCORD\node_modules\jest-circus\build\run.js:252:3)
        at _runTestsForDescribeBlock (C:\Users\anne\Desktop\GLSL_DISCORD\node_modules\jest-circus\build\run.js:126:9)
        at _runTestsForDescribeBlock (C:\Users\anne\Desktop\GLSL_DISCORD\node_modules\jest-circus\build\run.js:121:9)
        at _runTestsForDescribeBlock (C:\Users\anne\Desktop\GLSL_DISCORD\node_modules\jest-circus\build\run.js:121:9)
        at run (C:\Users\anne\Desktop\GLSL_DISCORD\node_modules\jest-circus\build\run.js:71:3)
        at runAndTransformResultsToJestFormat (C:\Users\anne\Desktop\GLSL_DISCORD\node_modules\jest-circus\build\legacy-code-todo-rewrite\jestAdapterInit.js:122:21)
        at jestAdapter (C:\Users\anne\Desktop\GLSL_DISCORD\node_modules\jest-circus\build\legacy-code-todo-rewrite\jestAdapter.js:79:19)
        at runTestInternal (C:\Users\anne\Desktop\GLSL_DISCORD\node_modules\jest-runner\build\runTest.js:367:16)
        at runTest (C:\Users\anne\Desktop\GLSL_DISCORD\node_modules\jest-runner\build\runTest.js:444:34)
        at Object.worker (C:\Users\anne\Desktop\GLSL_DISCORD\node_modules\jest-runner\build\testWorker.js:106:12)

  console.log
    ­ƒöä handleInteractionFromHTTP appel├®

      at GLSLDiscordBot.log [as handleInteractionFromHTTP] (bot.js:4594:17)

  console.log
    ­ƒôï Interaction d├®tails: {
      id: '123',
      hasToken: true,
      type: 2,
      commandName: 'help',
      markedAsProcessed: true
    }

      at GLSLDiscordBot.log [as handleInteractionFromHTTP] (bot.js:4609:17)

  console.log
    ­ƒöì Commande HTTP re├ºue: help (user: testuser#1234)

      at GLSLDiscordBot.log [as handleInteractionFromHTTP] (bot.js:4633:25)

  console.log
    ÔûÂ´©Å Ex├®cution commande HTTP: help

      at GLSLDiscordBot.log [as handleInteractionFromHTTP] (bot.js:5634:29)

  console.log
    Ô£à Commande HTTP help ex├®cut├®e avec succ├¿s

      at GLSLDiscordBot.log [as handleInteractionFromHTTP] (bot.js:5640:29)

  console.log
    ­ƒöä handleInteractionFromHTTP appel├®

      at GLSLDiscordBot.log [as handleInteractionFromHTTP] (bot.js:4594:17)

  console.log
    ­ƒôï Interaction d├®tails: {
      id: '123',
      hasToken: true,
      type: 2,
      commandName: 'help',
      markedAsProcessed: true
    }

      at GLSLDiscordBot.log [as handleInteractionFromHTTP] (bot.js:4609:17)

  console.log
    ­ƒöì Commande HTTP re├ºue: help (user: testuser#1234)

      at GLSLDiscordBot.log [as handleInteractionFromHTTP] (bot.js:4633:25)

  console.log
    ÔûÂ´©Å Ex├®cution commande HTTP: help

      at GLSLDiscordBot.log [as handleInteractionFromHTTP] (bot.js:5634:29)

  console.log
    Ô£à Commande HTTP help ex├®cut├®e avec succ├¿s

      at GLSLDiscordBot.log [as handleInteractionFromHTTP] (bot.js:5640:29)

  console.log
    ­ƒöä handleInteractionFromHTTP appel├®

      at GLSLDiscordBot.log [as handleInteractionFromHTTP] (bot.js:4594:17)

  console.log
    ­ƒôï Interaction d├®tails: {
      id: '123',
      hasToken: true,
      type: 2,
      commandName: 'help',
      markedAsProcessed: true
    }

      at GLSLDiscordBot.log [as handleInteractionFromHTTP] (bot.js:4609:17)

  console.log
    ­ƒöì Commande HTTP re├ºue: help (user: testuser#1234)

      at GLSLDiscordBot.log [as handleInteractionFromHTTP] (bot.js:4633:25)

  console.log
    ÔûÂ´©Å Ex├®cution commande HTTP: help

      at GLSLDiscordBot.log [as handleInteractionFromHTTP] (bot.js:5634:29)

  console.log
    ­ƒôÄ Envoi de 1 fichier(s) - Test de toutes les strat├®gies

      at Object.log [as editReply] (bot.js:4726:37)

  console.log
    ­ƒº¬ TEST STRAT├ëGIE "rest.patch_file_only_no_embed": Envoyer le GIF comme fichier attach├® sans embed (meilleure compatibilit├® GIF anim├®)

      at Object.log [as editReply] (bot.js:5505:45)

  console.log
    ­ƒôª Fichier test.gif: 16 bytes depuis buffer

      at Object.log [as test] (bot.js:4827:57)

  console.log
      - ÔØî ├ëchec: Fetch strategy failed

      at Object.log [as editReply] (bot.js:5513:45)

  console.log
    ­ƒº¬ TEST STRAT├ëGIE "rest.patch_double_edit_workaround": Double ├®dition avec AttachmentBuilder + embed minimal (workaround bug Discord)

      at Object.log [as editReply] (bot.js:5505:45)

  console.log
    ­ƒöä Double ├®dition - 1├¿re ├®dition avec AttachmentBuilder

      at Object.log [as test] (bot.js:4884:49)

  console.log
      - ÔØî ├ëchec: Strategy 1 failed

      at Object.log [as editReply] (bot.js:5513:45)

  console.log
    ­ƒº¬ TEST STRAT├ëGIE "rest.patch_with_attachments_payload": rest.patch avec attachments dans payload_json + embed minimal

      at Object.log [as editReply] (bot.js:5505:45)

  console.log
      - ÔØî ├ëchec: Strategy 2 failed

      at Object.log [as editReply] (bot.js:5513:45)

  console.log
    ­ƒº¬ TEST STRAT├ëGIE "rest.patch_AttachmentBuilder_minimal_embed": rest.patch avec AttachmentBuilder originaux + embed minimal

      at Object.log [as editReply] (bot.js:5505:45)

  console.log
    Ô£à Ô£à Ô£à SUCC├êS avec strat├®gie "rest.patch_AttachmentBuilder_minimal_embed"! Ô£à Ô£à Ô£à

      at Object.log [as editReply] (bot.js:5507:45)

  console.log
    Ô£à Cette strat├®gie fonctionne: rest.patch avec AttachmentBuilder originaux + embed minimal

      at Object.log [as editReply] (bot.js:5508:45)

  console.log
    Ô£à Commande HTTP help ex├®cut├®e avec succ├¿s

      at GLSLDiscordBot.log [as handleInteractionFromHTTP] (bot.js:5640:29)

  console.log
    ­ƒöä handleInteractionFromHTTP appel├®

      at GLSLDiscordBot.log [as handleInteractionFromHTTP] (bot.js:4594:17)

  console.log
    ­ƒôï Interaction d├®tails: {
      id: '123',
      hasToken: true,
      type: 2,
      commandName: 'help',
      markedAsProcessed: true
    }

      at GLSLDiscordBot.log [as handleInteractionFromHTTP] (bot.js:4609:17)

  console.log
    ­ƒöì Commande HTTP re├ºue: help (user: testuser#1234)

      at GLSLDiscordBot.log [as handleInteractionFromHTTP] (bot.js:4633:25)

  console.log
    ÔûÂ´©Å Ex├®cution commande HTTP: help

      at GLSLDiscordBot.log [as handleInteractionFromHTTP] (bot.js:5634:29)

  console.log
    ­ƒôÄ Envoi de 1 fichier(s) - Test de toutes les strat├®gies

      at Object.log [as editReply] (bot.js:4726:37)

  console.log
    ­ƒº¬ TEST STRAT├ëGIE "rest.patch_file_only_no_embed": Envoyer le GIF comme fichier attach├® sans embed (meilleure compatibilit├® GIF anim├®)

      at Object.log [as editReply] (bot.js:5505:45)

  console.log
    ­ƒôª Fichier test.gif: 16 bytes depuis stream

      at Object.log [as test] (bot.js:4835:57)

  console.log
    Ô£à Ô£à Ô£à SUCC├êS avec strat├®gie "rest.patch_file_only_no_embed"! Ô£à Ô£à Ô£à

      at Object.log [as editReply] (bot.js:5507:45)

  console.log
    Ô£à Cette strat├®gie fonctionne: Envoyer le GIF comme fichier attach├® sans embed (meilleure compatibilit├® GIF anim├®)

      at Object.log [as editReply] (bot.js:5508:45)

  console.log
    Ô£à Commande HTTP help ex├®cut├®e avec succ├¿s

      at GLSLDiscordBot.log [as handleInteractionFromHTTP] (bot.js:5640:29)

  console.log
    ­ƒöä handleInteractionFromHTTP appel├®

      at GLSLDiscordBot.log [as handleInteractionFromHTTP] (bot.js:4594:17)

  console.log
    ­ƒôï Interaction d├®tails: {
      id: '123',
      hasToken: true,
      type: 2,
      commandName: 'help',
      markedAsProcessed: true
    }

      at GLSLDiscordBot.log [as handleInteractionFromHTTP] (bot.js:4609:17)

  console.log
    ­ƒöì Commande HTTP re├ºue: help (user: testuser#1234)

      at GLSLDiscordBot.log [as handleInteractionFromHTTP] (bot.js:4633:25)

  console.log
    ÔûÂ´©Å Ex├®cution commande HTTP: help

      at GLSLDiscordBot.log [as handleInteractionFromHTTP] (bot.js:5634:29)

  console.log
    ­ƒôÄ Envoi de 1 fichier(s) - Test de toutes les strat├®gies

      at Object.log [as editReply] (bot.js:4726:37)

  console.error
    ÔØî Erreur lors de l'ex├®cution de la commande HTTP help: Error: Aucun fichier valide trouv├® dans options.files
        at Object.editReply (C:\Users\anne\Desktop\GLSL_DISCORD\bot.js:4795:39)
        at Object.editReply (C:\Users\anne\Desktop\GLSL_DISCORD\tests\bot.test.js:11661:39)
        at C:\Users\anne\Desktop\GLSL_DISCORD\node_modules\jest-mock\build\index.js:397:39
        at Object.<anonymous> (C:\Users\anne\Desktop\GLSL_DISCORD\node_modules\jest-mock\build\index.js:404:13)
        at Object.mockConstructor [as execute] (C:\Users\anne\Desktop\GLSL_DISCORD\node_modules\jest-mock\build\index.js:148:19)
        at GLSLDiscordBot.execute [as handleInteractionFromHTTP] (C:\Users\anne\Desktop\GLSL_DISCORD\bot.js:5635:35)
        at Object.handleInteractionFromHTTP (C:\Users\anne\Desktop\GLSL_DISCORD\tests\bot.test.js:11675:23)
        at Promise.then.completed (C:\Users\anne\Desktop\GLSL_DISCORD\node_modules\jest-circus\build\utils.js:298:28)
        at new Promise (<anonymous>)
        at callAsyncCircusFn (C:\Users\anne\Desktop\GLSL_DISCORD\node_modules\jest-circus\build\utils.js:231:10)
        at _callCircusTest (C:\Users\anne\Desktop\GLSL_DISCORD\node_modules\jest-circus\build\run.js:316:40)
        at processTicksAndRejections (node:internal/process/task_queues:95:5)
        at _runTest (C:\Users\anne\Desktop\GLSL_DISCORD\node_modules\jest-circus\build\run.js:252:3)
        at _runTestsForDescribeBlock (C:\Users\anne\Desktop\GLSL_DISCORD\node_modules\jest-circus\build\run.js:126:9)
        at _runTestsForDescribeBlock (C:\Users\anne\Desktop\GLSL_DISCORD\node_modules\jest-circus\build\run.js:121:9)
        at _runTestsForDescribeBlock (C:\Users\anne\Desktop\GLSL_DISCORD\node_modules\jest-circus\build\run.js:121:9)
        at run (C:\Users\anne\Desktop\GLSL_DISCORD\node_modules\jest-circus\build\run.js:71:3)
        at runAndTransformResultsToJestFormat (C:\Users\anne\Desktop\GLSL_DISCORD\node_modules\jest-circus\build\legacy-code-todo-rewrite\jestAdapterInit.js:122:21)
        at jestAdapter (C:\Users\anne\Desktop\GLSL_DISCORD\node_modules\jest-circus\build\legacy-code-todo-rewrite\jestAdapter.js:79:19)
        at runTestInternal (C:\Users\anne\Desktop\GLSL_DISCORD\node_modules\jest-runner\build\runTest.js:367:16)
        at runTest (C:\Users\anne\Desktop\GLSL_DISCORD\node_modules\jest-runner\build\runTest.js:444:34)
        at Object.worker (C:\Users\anne\Desktop\GLSL_DISCORD\node_modules\jest-runner\build\testWorker.js:106:12)

      5640 |                     console.log(`Ô£à Commande HTTP ${commandName} ex├®cut├®e avec succ├¿s`);
      5641 |                 } catch (error) {
    > 5642 |                     console.error(`ÔØî Erreur lors de l'ex├®cution de la commande HTTP ${commandName}:`, error);
           |                             ^
      5643 |                     // Ne pas relancer l'erreur car elle a d├®j├á ├®t├® g├®r├®e par la commande
      5644 |                     // mais on log pour le debugging
      5645 |                 } finally {

      at GLSLDiscordBot.error [as handleInteractionFromHTTP] (bot.js:5642:29)
      at Object.<anonymous> (tests/bot.test.js:11675:13)

  console.log
    ­ƒöä handleInteractionFromHTTP appel├®

      at GLSLDiscordBot.log [as handleInteractionFromHTTP] (bot.js:4594:17)

  console.log
    ­ƒôï Interaction d├®tails: {
      id: '123',
      hasToken: true,
      type: 2,
      commandName: 'help',
      markedAsProcessed: true
    }

      at GLSLDiscordBot.log [as handleInteractionFromHTTP] (bot.js:4609:17)

  console.log
    ­ƒöì Commande HTTP re├ºue: help (user: testuser#1234)

      at GLSLDiscordBot.log [as handleInteractionFromHTTP] (bot.js:4633:25)

  console.log
    ÔûÂ´©Å Ex├®cution commande HTTP: help

      at GLSLDiscordBot.log [as handleInteractionFromHTTP] (bot.js:5634:29)

  console.log
    ­ƒôÄ Envoi de 1 fichier(s) - Test de toutes les strat├®gies

      at Object.log [as editReply] (bot.js:4726:37)

  console.error
    ÔØî Erreur lors de l'ex├®cution de la commande HTTP help: Error: Aucun fichier valide trouv├® dans options.files
        at Object.editReply (C:\Users\anne\Desktop\GLSL_DISCORD\bot.js:4795:39)
        at Object.editReply (C:\Users\anne\Desktop\GLSL_DISCORD\tests\bot.test.js:11714:39)
        at C:\Users\anne\Desktop\GLSL_DISCORD\node_modules\jest-mock\build\index.js:397:39
        at Object.<anonymous> (C:\Users\anne\Desktop\GLSL_DISCORD\node_modules\jest-mock\build\index.js:404:13)
        at Object.mockConstructor [as execute] (C:\Users\anne\Desktop\GLSL_DISCORD\node_modules\jest-mock\build\index.js:148:19)
        at GLSLDiscordBot.execute [as handleInteractionFromHTTP] (C:\Users\anne\Desktop\GLSL_DISCORD\bot.js:5635:35)
        at Object.handleInteractionFromHTTP (C:\Users\anne\Desktop\GLSL_DISCORD\tests\bot.test.js:11728:23)
        at Promise.then.completed (C:\Users\anne\Desktop\GLSL_DISCORD\node_modules\jest-circus\build\utils.js:298:28)
        at new Promise (<anonymous>)
        at callAsyncCircusFn (C:\Users\anne\Desktop\GLSL_DISCORD\node_modules\jest-circus\build\utils.js:231:10)
        at _callCircusTest (C:\Users\anne\Desktop\GLSL_DISCORD\node_modules\jest-circus\build\run.js:316:40)
        at processTicksAndRejections (node:internal/process/task_queues:95:5)
        at _runTest (C:\Users\anne\Desktop\GLSL_DISCORD\node_modules\jest-circus\build\run.js:252:3)
        at _runTestsForDescribeBlock (C:\Users\anne\Desktop\GLSL_DISCORD\node_modules\jest-circus\build\run.js:126:9)
        at _runTestsForDescribeBlock (C:\Users\anne\Desktop\GLSL_DISCORD\node_modules\jest-circus\build\run.js:121:9)
        at _runTestsForDescribeBlock (C:\Users\anne\Desktop\GLSL_DISCORD\node_modules\jest-circus\build\run.js:121:9)
        at run (C:\Users\anne\Desktop\GLSL_DISCORD\node_modules\jest-circus\build\run.js:71:3)
        at runAndTransformResultsToJestFormat (C:\Users\anne\Desktop\GLSL_DISCORD\node_modules\jest-circus\build\legacy-code-todo-rewrite\jestAdapterInit.js:122:21)
        at jestAdapter (C:\Users\anne\Desktop\GLSL_DISCORD\node_modules\jest-circus\build\legacy-code-todo-rewrite\jestAdapter.js:79:19)
        at runTestInternal (C:\Users\anne\Desktop\GLSL_DISCORD\node_modules\jest-runner\build\runTest.js:367:16)
        at runTest (C:\Users\anne\Desktop\GLSL_DISCORD\node_modules\jest-runner\build\runTest.js:444:34)
        at Object.worker (C:\Users\anne\Desktop\GLSL_DISCORD\node_modules\jest-runner\build\testWorker.js:106:12)

      5640 |                     console.log(`Ô£à Commande HTTP ${commandName} ex├®cut├®e avec succ├¿s`);
      5641 |                 } catch (error) {
    > 5642 |                     console.error(`ÔØî Erreur lors de l'ex├®cution de la commande HTTP ${commandName}:`, error);
           |                             ^
      5643 |                     // Ne pas relancer l'erreur car elle a d├®j├á ├®t├® g├®r├®e par la commande
      5644 |                     // mais on log pour le debugging
      5645 |                 } finally {

      at GLSLDiscordBot.error [as handleInteractionFromHTTP] (bot.js:5642:29)
      at Object.<anonymous> (tests/bot.test.js:11728:13)

  console.log
    [2025-11-15T16:27:22.620Z] INFO: Registered cleanup function: browserPool

      at Function.log [as info] (src/utils/logger.js:11:17)

  console.log
    [2025-11-15T16:27:22.620Z] INFO: Registered cleanup function: database

      at Function.log [as info] (src/utils/logger.js:11:17)

  console.log
    [2025-11-15T16:27:22.621Z] INFO: ­ƒöä Auto backups scheduled: 0 3 * * *

      at Function.log [as info] (src/utils/logger.js:11:17)

  console.log
    [2025-11-15T16:27:22.622Z] INFO: ­ƒöä Auto cleanup scheduled: weekly on Sunday at 4am

      at Function.log [as info] (src/utils/logger.js:11:17)

  console.log
    ­ƒîÉ Serveur Express d├®marr├® sur le port 8080

      at log (bot.js:6057:25)

  console.log
    [2025-11-15T16:27:22.623Z] INFO: Registered cleanup function: expressServer

      at Function.log [as info] (src/utils/logger.js:11:17)

  console.error
    ÔØî En-t├¬tes de signature manquants: { hasSignature: false, hasTimestamp: false, headers: [] }

      5775 |                 // V├®rifier que les en-t├¬tes sont pr├®sents
      5776 |                 if (!signature || !timestamp) {
    > 5777 |                     console.error('ÔØî En-t├¬tes de signature manquants:', {
           |                             ^
      5778 |                         hasSignature: !!signature,
      5779 |                         hasTimestamp: !!timestamp,
      5780 |                         headers: Object.keys(req.headers).filter(h => h.toLowerCase().includes('signature'))

      at error (bot.js:5777:29)
      at discordHandler (tests/bot.test.js:11775:35)
      at next (tests/bot.test.js:161:13)
      at rawMiddleware (tests/bot.test.js:11773:21)
      at callDiscordRoute (tests/bot.test.js:11772:24)
      at Object.callDiscordRoute (tests/bot.test.js:11797:19)

  console.log
    [2025-11-15T16:27:22.626Z] INFO: Registered cleanup function: browserPool

      at Function.log [as info] (src/utils/logger.js:11:17)

  console.log
    [2025-11-15T16:27:22.626Z] INFO: Registered cleanup function: database

      at Function.log [as info] (src/utils/logger.js:11:17)

  console.log
    [2025-11-15T16:27:22.626Z] INFO: ­ƒöä Auto backups scheduled: 0 3 * * *

      at Function.log [as info] (src/utils/logger.js:11:17)

  console.log
    [2025-11-15T16:27:22.627Z] INFO: ­ƒöä Auto cleanup scheduled: weekly on Sunday at 4am

      at Function.log [as info] (src/utils/logger.js:11:17)

  console.log
    ­ƒîÉ Serveur Express d├®marr├® sur le port 8080

      at log (bot.js:6057:25)

  console.log
    [2025-11-15T16:27:22.628Z] INFO: Registered cleanup function: expressServer

      at Function.log [as info] (src/utils/logger.js:11:17)

  console.error
    ÔØî Signature invalide, longueur: 0 attendu: 64

      63 |         
      64 |         if (sig.length !== 64) {
    > 65 |             console.error('ÔØî Signature invalide, longueur:', sig.length, 'attendu: 64');
         |                     ^
      66 |             return false;
      67 |         }
      68 |         

      at error (bot.js:65:21)
      at verifyDiscordSignatureWithRawBody (bot.js:5800:33)
      at discordHandler (tests/bot.test.js:11775:35)
      at next (tests/bot.test.js:161:13)
      at rawMiddleware (tests/bot.test.js:11773:21)
      at callDiscordRoute (tests/bot.test.js:11772:24)
      at Object.callDiscordRoute (tests/bot.test.js:11824:19)

  console.error
    ÔØî Signature Discord invalide

      5801 |                 
      5802 |                 if (!isValid) {
    > 5803 |                     console.error('ÔØî Signature Discord invalide');
           |                             ^
      5804 |                     return res.status(401).send('Unauthorized: Invalid signature');
      5805 |                 }
      5806 |                 

      at error (bot.js:5803:29)
      at discordHandler (tests/bot.test.js:11775:35)
      at next (tests/bot.test.js:161:13)
      at rawMiddleware (tests/bot.test.js:11773:21)
      at callDiscordRoute (tests/bot.test.js:11772:24)
      at Object.callDiscordRoute (tests/bot.test.js:11824:19)

  console.log
    [2025-11-15T16:27:22.632Z] INFO: Registered cleanup function: browserPool

      at Function.log [as info] (src/utils/logger.js:11:17)

  console.log
    [2025-11-15T16:27:22.633Z] INFO: Registered cleanup function: database

      at Function.log [as info] (src/utils/logger.js:11:17)

  console.log
    [2025-11-15T16:27:22.633Z] INFO: ­ƒöä Auto backups scheduled: 0 3 * * *

      at Function.log [as info] (src/utils/logger.js:11:17)

  console.log
    [2025-11-15T16:27:22.634Z] INFO: ­ƒöä Auto cleanup scheduled: weekly on Sunday at 4am

      at Function.log [as info] (src/utils/logger.js:11:17)

  console.log
    ­ƒîÉ Serveur Express d├®marr├® sur le port 8080

      at log (bot.js:6057:25)

  console.log
    [2025-11-15T16:27:22.634Z] INFO: Registered cleanup function: expressServer

      at Function.log [as info] (src/utils/logger.js:11:17)

  console.error
    ÔØî Signature invalide, longueur: 0 attendu: 64

      63 |         
      64 |         if (sig.length !== 64) {
    > 65 |             console.error('ÔØî Signature invalide, longueur:', sig.length, 'attendu: 64');
         |                     ^
      66 |             return false;
      67 |         }
      68 |         

      at error (bot.js:65:21)
      at verifyDiscordSignatureWithRawBody (bot.js:5800:33)
      at discordHandler (tests/bot.test.js:11775:35)
      at next (tests/bot.test.js:161:13)
      at rawMiddleware (tests/bot.test.js:11773:21)
      at callDiscordRoute (tests/bot.test.js:11772:24)
      at Object.callDiscordRoute (tests/bot.test.js:11856:19)

  console.error
    ÔØî Signature Discord invalide

      5801 |                 
      5802 |                 if (!isValid) {
    > 5803 |                     console.error('ÔØî Signature Discord invalide');
           |                             ^
      5804 |                     return res.status(401).send('Unauthorized: Invalid signature');
      5805 |                 }
      5806 |                 

      at error (bot.js:5803:29)
      at discordHandler (tests/bot.test.js:11775:35)
      at next (tests/bot.test.js:161:13)
      at rawMiddleware (tests/bot.test.js:11773:21)
      at callDiscordRoute (tests/bot.test.js:11772:24)
      at Object.callDiscordRoute (tests/bot.test.js:11856:19)

  console.log
    [2025-11-15T16:27:22.641Z] INFO: Registered cleanup function: browserPool

      at Function.log [as info] (src/utils/logger.js:11:17)

  console.log
    [2025-11-15T16:27:22.641Z] INFO: Registered cleanup function: database

      at Function.log [as info] (src/utils/logger.js:11:17)

  console.log
    [2025-11-15T16:27:22.641Z] INFO: ­ƒöä Auto backups scheduled: 0 3 * * *

      at Function.log [as info] (src/utils/logger.js:11:17)

  console.log
    [2025-11-15T16:27:22.642Z] INFO: ­ƒöä Auto cleanup scheduled: weekly on Sunday at 4am

      at Function.log [as info] (src/utils/logger.js:11:17)

  console.log
    ­ƒîÉ Serveur Express d├®marr├® sur le port 8080

      at log (bot.js:6057:25)

  console.log
    [2025-11-15T16:27:22.642Z] INFO: Registered cleanup function: expressServer

      at Function.log [as info] (src/utils/logger.js:11:17)

  console.error
    ÔØî Signature invalide, longueur: 0 attendu: 64

      63 |         
      64 |         if (sig.length !== 64) {
    > 65 |             console.error('ÔØî Signature invalide, longueur:', sig.length, 'attendu: 64');
         |                     ^
      66 |             return false;
      67 |         }
      68 |         

      at error (bot.js:65:21)
      at verifyDiscordSignatureWithRawBody (bot.js:5800:33)
      at discordHandler (tests/bot.test.js:11775:35)
      at next (tests/bot.test.js:161:13)
      at rawMiddleware (tests/bot.test.js:11773:21)
      at callDiscordRoute (tests/bot.test.js:11772:24)
      at Object.callDiscordRoute (tests/bot.test.js:11895:19)

  console.error
    ÔØî Signature Discord invalide

      5801 |                 
      5802 |                 if (!isValid) {
    > 5803 |                     console.error('ÔØî Signature Discord invalide');
           |                             ^
      5804 |                     return res.status(401).send('Unauthorized: Invalid signature');
      5805 |                 }
      5806 |                 

      at error (bot.js:5803:29)
      at discordHandler (tests/bot.test.js:11775:35)
      at next (tests/bot.test.js:161:13)
      at rawMiddleware (tests/bot.test.js:11773:21)
      at callDiscordRoute (tests/bot.test.js:11772:24)
      at Object.callDiscordRoute (tests/bot.test.js:11895:19)

  console.log
    [2025-11-15T16:27:22.647Z] INFO: Registered cleanup function: browserPool

      at Function.log [as info] (src/utils/logger.js:11:17)

  console.log
    [2025-11-15T16:27:22.647Z] INFO: Registered cleanup function: database

      at Function.log [as info] (src/utils/logger.js:11:17)

  console.log
    [2025-11-15T16:27:22.648Z] INFO: ­ƒöä Auto backups scheduled: 0 3 * * *

      at Function.log [as info] (src/utils/logger.js:11:17)

  console.log
    [2025-11-15T16:27:22.648Z] INFO: ­ƒöä Auto cleanup scheduled: weekly on Sunday at 4am

      at Function.log [as info] (src/utils/logger.js:11:17)

  console.log
    ­ƒîÉ Serveur Express d├®marr├® sur le port 8080

      at log (bot.js:6057:25)

  console.log
    [2025-11-15T16:27:22.649Z] INFO: Registered cleanup function: expressServer

      at Function.log [as info] (src/utils/logger.js:11:17)

  console.error
    ÔØî Signature invalide, longueur: 0 attendu: 64

      63 |         
      64 |         if (sig.length !== 64) {
    > 65 |             console.error('ÔØî Signature invalide, longueur:', sig.length, 'attendu: 64');
         |                     ^
      66 |             return false;
      67 |         }
      68 |         

      at error (bot.js:65:21)
      at verifyDiscordSignatureWithRawBody (bot.js:5800:33)
      at discordHandler (tests/bot.test.js:11775:35)
      at next (tests/bot.test.js:161:13)
      at rawMiddleware (tests/bot.test.js:11773:21)
      at callDiscordRoute (tests/bot.test.js:11772:24)
      at Object.callDiscordRoute (tests/bot.test.js:11949:19)

  console.error
    ÔØî Signature Discord invalide

      5801 |                 
      5802 |                 if (!isValid) {
    > 5803 |                     console.error('ÔØî Signature Discord invalide');
           |                             ^
      5804 |                     return res.status(401).send('Unauthorized: Invalid signature');
      5805 |                 }
      5806 |                 

      at error (bot.js:5803:29)
      at discordHandler (tests/bot.test.js:11775:35)
      at next (tests/bot.test.js:161:13)
      at rawMiddleware (tests/bot.test.js:11773:21)
      at callDiscordRoute (tests/bot.test.js:11772:24)
      at Object.callDiscordRoute (tests/bot.test.js:11949:19)

  console.log
    [2025-11-15T16:27:22.653Z] INFO: Registered cleanup function: browserPool

      at Function.log [as info] (src/utils/logger.js:11:17)

  console.log
    [2025-11-15T16:27:22.653Z] INFO: Registered cleanup function: database

      at Function.log [as info] (src/utils/logger.js:11:17)

  console.log
    [2025-11-15T16:27:22.654Z] INFO: ­ƒöä Auto backups scheduled: 0 3 * * *

      at Function.log [as info] (src/utils/logger.js:11:17)

  console.log
    [2025-11-15T16:27:22.654Z] INFO: ­ƒöä Auto cleanup scheduled: weekly on Sunday at 4am

      at Function.log [as info] (src/utils/logger.js:11:17)

  console.log
    ­ƒîÉ Serveur Express d├®marr├® sur le port 8080

      at log (bot.js:6057:25)

  console.log
    [2025-11-15T16:27:22.655Z] INFO: Registered cleanup function: expressServer

      at Function.log [as info] (src/utils/logger.js:11:17)

  console.error
    ÔØî Signature invalide, longueur: 0 attendu: 64

      63 |         
      64 |         if (sig.length !== 64) {
    > 65 |             console.error('ÔØî Signature invalide, longueur:', sig.length, 'attendu: 64');
         |                     ^
      66 |             return false;
      67 |         }
      68 |         

      at error (bot.js:65:21)
      at verifyDiscordSignatureWithRawBody (bot.js:5800:33)
      at discordHandler (tests/bot.test.js:11775:35)
      at next (tests/bot.test.js:161:13)
      at rawMiddleware (tests/bot.test.js:11773:21)
      at callDiscordRoute (tests/bot.test.js:11772:24)
      at Object.callDiscordRoute (tests/bot.test.js:11983:19)

  console.error
    ÔØî Signature Discord invalide

      5801 |                 
      5802 |                 if (!isValid) {
    > 5803 |                     console.error('ÔØî Signature Discord invalide');
           |                             ^
      5804 |                     return res.status(401).send('Unauthorized: Invalid signature');
      5805 |                 }
      5806 |                 

      at error (bot.js:5803:29)
      at discordHandler (tests/bot.test.js:11775:35)
      at next (tests/bot.test.js:161:13)
      at rawMiddleware (tests/bot.test.js:11773:21)
      at callDiscordRoute (tests/bot.test.js:11772:24)
      at Object.callDiscordRoute (tests/bot.test.js:11983:19)

  console.log
    [2025-11-15T16:27:22.662Z] INFO: Registered cleanup function: browserPool

      at Function.log [as info] (src/utils/logger.js:11:17)

  console.log
    [2025-11-15T16:27:22.662Z] INFO: Registered cleanup function: database

      at Function.log [as info] (src/utils/logger.js:11:17)

  console.log
    [2025-11-15T16:27:22.663Z] INFO: ­ƒöä Auto backups scheduled: 0 3 * * *

      at Function.log [as info] (src/utils/logger.js:11:17)

  console.log
    [2025-11-15T16:27:22.664Z] INFO: ­ƒöä Auto cleanup scheduled: weekly on Sunday at 4am

      at Function.log [as info] (src/utils/logger.js:11:17)

  console.log
    ­ƒîÉ Serveur Express d├®marr├® sur le port 8080

      at log (bot.js:6057:25)

  console.log
    [2025-11-15T16:27:22.665Z] INFO: Registered cleanup function: expressServer

      at Function.log [as info] (src/utils/logger.js:11:17)

  console.error
    ÔØî Signature invalide, longueur: 0 attendu: 64

      63 |         
      64 |         if (sig.length !== 64) {
    > 65 |             console.error('ÔØî Signature invalide, longueur:', sig.length, 'attendu: 64');
         |                     ^
      66 |             return false;
      67 |         }
      68 |         

      at error (bot.js:65:21)
      at verifyDiscordSignatureWithRawBody (bot.js:5800:33)
      at discordHandler (tests/bot.test.js:11775:35)
      at next (tests/bot.test.js:161:13)
      at rawMiddleware (tests/bot.test.js:11773:21)
      at callDiscordRoute (tests/bot.test.js:11772:24)
      at Object.callDiscordRoute (tests/bot.test.js:12029:19)

  console.error
    ÔØî Signature Discord invalide

      5801 |                 
      5802 |                 if (!isValid) {
    > 5803 |                     console.error('ÔØî Signature Discord invalide');
           |                             ^
      5804 |                     return res.status(401).send('Unauthorized: Invalid signature');
      5805 |                 }
      5806 |                 

      at error (bot.js:5803:29)
      at discordHandler (tests/bot.test.js:11775:35)
      at next (tests/bot.test.js:161:13)
      at rawMiddleware (tests/bot.test.js:11773:21)
      at callDiscordRoute (tests/bot.test.js:11772:24)
      at Object.callDiscordRoute (tests/bot.test.js:12029:19)

  console.log
    [2025-11-15T16:27:22.674Z] INFO: Registered cleanup function: browserPool

      at Function.log [as info] (src/utils/logger.js:11:17)

  console.log
    [2025-11-15T16:27:22.678Z] INFO: Registered cleanup function: database

      at Function.log [as info] (src/utils/logger.js:11:17)

  console.log
    [2025-11-15T16:27:22.678Z] INFO: ­ƒöä Auto backups scheduled: 0 3 * * *

      at Function.log [as info] (src/utils/logger.js:11:17)

  console.log
    [2025-11-15T16:27:22.679Z] INFO: ­ƒöä Auto cleanup scheduled: weekly on Sunday at 4am

      at Function.log [as info] (src/utils/logger.js:11:17)

  console.log
    ­ƒîÉ Serveur Express d├®marr├® sur le port 8080

      at log (bot.js:6057:25)

  console.log
    [2025-11-15T16:27:22.679Z] INFO: Registered cleanup function: expressServer

      at Function.log [as info] (src/utils/logger.js:11:17)

  console.error
    ÔØî Signature invalide, longueur: 0 attendu: 64

      63 |         
      64 |         if (sig.length !== 64) {
    > 65 |             console.error('ÔØî Signature invalide, longueur:', sig.length, 'attendu: 64');
         |                     ^
      66 |             return false;
      67 |         }
      68 |         

      at error (bot.js:65:21)
      at verifyDiscordSignatureWithRawBody (bot.js:5800:33)
      at discordHandler (tests/bot.test.js:11775:35)
      at next (tests/bot.test.js:161:13)
      at rawMiddleware (tests/bot.test.js:11773:21)
      at callDiscordRoute (tests/bot.test.js:11772:24)
      at Object.callDiscordRoute (tests/bot.test.js:12065:19)

  console.error
    ÔØî Signature Discord invalide

      5801 |                 
      5802 |                 if (!isValid) {
    > 5803 |                     console.error('ÔØî Signature Discord invalide');
           |                             ^
      5804 |                     return res.status(401).send('Unauthorized: Invalid signature');
      5805 |                 }
      5806 |                 

      at error (bot.js:5803:29)
      at discordHandler (tests/bot.test.js:11775:35)
      at next (tests/bot.test.js:161:13)
      at rawMiddleware (tests/bot.test.js:11773:21)
      at callDiscordRoute (tests/bot.test.js:11772:24)
      at Object.callDiscordRoute (tests/bot.test.js:12065:19)

  console.log
    [2025-11-15T16:27:22.684Z] INFO: Registered cleanup function: browserPool

      at Function.log [as info] (src/utils/logger.js:11:17)

  console.log
    [2025-11-15T16:27:22.684Z] INFO: Registered cleanup function: database

      at Function.log [as info] (src/utils/logger.js:11:17)

  console.log
    [2025-11-15T16:27:22.685Z] INFO: ­ƒöä Auto backups scheduled: 0 3 * * *

      at Function.log [as info] (src/utils/logger.js:11:17)

  console.log
    [2025-11-15T16:27:22.685Z] INFO: ­ƒöä Auto cleanup scheduled: weekly on Sunday at 4am

      at Function.log [as info] (src/utils/logger.js:11:17)

  console.log
    ­ƒîÉ Serveur Express d├®marr├® sur le port 8080

      at log (bot.js:6057:25)

  console.log
    [2025-11-15T16:27:22.686Z] INFO: Registered cleanup function: expressServer

      at Function.log [as info] (src/utils/logger.js:11:17)

  console.error
    ÔØî En-t├¬tes de signature manquants: {
      hasSignature: false,
      hasTimestamp: true,
      headers: [ 'x-signature-timestamp' ]
    }

      5775 |                 // V├®rifier que les en-t├¬tes sont pr├®sents
      5776 |                 if (!signature || !timestamp) {
    > 5777 |                     console.error('ÔØî En-t├¬tes de signature manquants:', {
           |                             ^
      5778 |                         hasSignature: !!signature,
      5779 |                         hasTimestamp: !!timestamp,
      5780 |                         headers: Object.keys(req.headers).filter(h => h.toLowerCase().includes('signature'))

      at error (bot.js:5777:29)
      at discordHandler (tests/bot.test.js:11775:35)
      at next (tests/bot.test.js:161:13)
      at rawMiddleware (tests/bot.test.js:11773:21)
      at callDiscordRoute (tests/bot.test.js:11772:24)
      at Object.callDiscordRoute (tests/bot.test.js:12090:19)

  console.log
    [2025-11-15T16:27:22.689Z] INFO: Registered cleanup function: browserPool

      at Function.log [as info] (src/utils/logger.js:11:17)

  console.log
    [2025-11-15T16:27:22.689Z] INFO: Registered cleanup function: database

      at Function.log [as info] (src/utils/logger.js:11:17)

  console.log
    [2025-11-15T16:27:22.690Z] INFO: ­ƒöä Auto backups scheduled: 0 3 * * *

      at Function.log [as info] (src/utils/logger.js:11:17)

  console.log
    [2025-11-15T16:27:22.690Z] INFO: ­ƒöä Auto cleanup scheduled: weekly on Sunday at 4am

      at Function.log [as info] (src/utils/logger.js:11:17)

  console.log
    ­ƒîÉ Serveur Express d├®marr├® sur le port 8080

      at log (bot.js:6057:25)

  console.log
    [2025-11-15T16:27:22.691Z] INFO: Registered cleanup function: expressServer

      at Function.log [as info] (src/utils/logger.js:11:17)

  console.error
    ÔØî En-t├¬tes de signature manquants: {
      hasSignature: true,
      hasTimestamp: false,
      headers: [ 'x-signature-ed25519' ]
    }

      5775 |                 // V├®rifier que les en-t├¬tes sont pr├®sents
      5776 |                 if (!signature || !timestamp) {
    > 5777 |                     console.error('ÔØî En-t├¬tes de signature manquants:', {
           |                             ^
      5778 |                         hasSignature: !!signature,
      5779 |                         hasTimestamp: !!timestamp,
      5780 |                         headers: Object.keys(req.headers).filter(h => h.toLowerCase().includes('signature'))

      at error (bot.js:5777:29)
      at discordHandler (tests/bot.test.js:11775:35)
      at next (tests/bot.test.js:161:13)
      at rawMiddleware (tests/bot.test.js:11773:21)
      at callDiscordRoute (tests/bot.test.js:11772:24)
      at Object.callDiscordRoute (tests/bot.test.js:12111:19)

  console.log
    [2025-11-15T16:27:22.694Z] INFO: Registered cleanup function: browserPool

      at Function.log [as info] (src/utils/logger.js:11:17)

  console.log
    [2025-11-15T16:27:22.694Z] INFO: Registered cleanup function: database

      at Function.log [as info] (src/utils/logger.js:11:17)

  console.log
    [2025-11-15T16:27:22.695Z] INFO: ­ƒöä Auto backups scheduled: 0 3 * * *

      at Function.log [as info] (src/utils/logger.js:11:17)

  console.log
    [2025-11-15T16:27:22.695Z] INFO: ­ƒöä Auto cleanup scheduled: weekly on Sunday at 4am

      at Function.log [as info] (src/utils/logger.js:11:17)

  console.log
    ­ƒîÉ Serveur Express d├®marr├® sur le port 8080

      at log (bot.js:6057:25)

  console.log
    [2025-11-15T16:27:22.696Z] INFO: Registered cleanup function: expressServer

      at Function.log [as info] (src/utils/logger.js:11:17)

  console.error
    ÔØî Signature invalide, longueur: 0 attendu: 64

      63 |         
      64 |         if (sig.length !== 64) {
    > 65 |             console.error('ÔØî Signature invalide, longueur:', sig.length, 'attendu: 64');
         |                     ^
      66 |             return false;
      67 |         }
      68 |         

      at error (bot.js:65:21)
      at verifyDiscordSignatureWithRawBody (bot.js:5800:33)
      at discordHandler (tests/bot.test.js:11775:35)
      at next (tests/bot.test.js:161:13)
      at rawMiddleware (tests/bot.test.js:11773:21)
      at callDiscordRoute (tests/bot.test.js:11772:24)
      at Object.callDiscordRoute (tests/bot.test.js:12137:19)

  console.error
    ÔØî Signature Discord invalide

      5801 |                 
      5802 |                 if (!isValid) {
    > 5803 |                     console.error('ÔØî Signature Discord invalide');
           |                             ^
      5804 |                     return res.status(401).send('Unauthorized: Invalid signature');
      5805 |                 }
      5806 |                 

      at error (bot.js:5803:29)
      at discordHandler (tests/bot.test.js:11775:35)
      at next (tests/bot.test.js:161:13)
      at rawMiddleware (tests/bot.test.js:11773:21)
      at callDiscordRoute (tests/bot.test.js:11772:24)
      at Object.callDiscordRoute (tests/bot.test.js:12137:19)

  console.log
    [2025-11-15T16:27:22.700Z] INFO: Registered cleanup function: browserPool

      at Function.log [as info] (src/utils/logger.js:11:17)

  console.log
    [2025-11-15T16:27:22.700Z] INFO: Registered cleanup function: database

      at Function.log [as info] (src/utils/logger.js:11:17)

  console.log
    [2025-11-15T16:27:22.701Z] INFO: ­ƒöä Auto backups scheduled: 0 3 * * *

      at Function.log [as info] (src/utils/logger.js:11:17)

  console.log
    [2025-11-15T16:27:22.701Z] INFO: ­ƒöä Auto cleanup scheduled: weekly on Sunday at 4am

      at Function.log [as info] (src/utils/logger.js:11:17)

  console.log
    ­ƒîÉ Serveur Express d├®marr├® sur le port 8080

      at log (bot.js:6057:25)

  console.log
    [2025-11-15T16:27:22.702Z] INFO: Registered cleanup function: expressServer

      at Function.log [as info] (src/utils/logger.js:11:17)

  console.error
    ÔØî Signature invalide, longueur: 0 attendu: 64

      63 |         
      64 |         if (sig.length !== 64) {
    > 65 |             console.error('ÔØî Signature invalide, longueur:', sig.length, 'attendu: 64');
         |                     ^
      66 |             return false;
      67 |         }
      68 |         

      at error (bot.js:65:21)
      at verifyDiscordSignatureWithRawBody (bot.js:5800:33)
      at discordHandler (tests/bot.test.js:11775:35)
      at next (tests/bot.test.js:161:13)
      at rawMiddleware (tests/bot.test.js:11773:21)
      at callDiscordRoute (tests/bot.test.js:11772:24)
      at Object.callDiscordRoute (tests/bot.test.js:12185:19)

  console.error
    ÔØî Signature Discord invalide

      5801 |                 
      5802 |                 if (!isValid) {
    > 5803 |                     console.error('ÔØî Signature Discord invalide');
           |                             ^
      5804 |                     return res.status(401).send('Unauthorized: Invalid signature');
      5805 |                 }
      5806 |                 

      at error (bot.js:5803:29)
      at discordHandler (tests/bot.test.js:11775:35)
      at next (tests/bot.test.js:161:13)
      at rawMiddleware (tests/bot.test.js:11773:21)
      at callDiscordRoute (tests/bot.test.js:11772:24)
      at Object.callDiscordRoute (tests/bot.test.js:12185:19)

  console.log
    [2025-11-15T16:27:22.707Z] INFO: Registered cleanup function: browserPool

      at Function.log [as info] (src/utils/logger.js:11:17)

  console.log
    [2025-11-15T16:27:22.707Z] INFO: Registered cleanup function: database

      at Function.log [as info] (src/utils/logger.js:11:17)

  console.log
    [2025-11-15T16:27:22.708Z] INFO: ­ƒöä Auto backups scheduled: 0 3 * * *

      at Function.log [as info] (src/utils/logger.js:11:17)

  console.log
    [2025-11-15T16:27:22.708Z] INFO: ­ƒöä Auto cleanup scheduled: weekly on Sunday at 4am

      at Function.log [as info] (src/utils/logger.js:11:17)

  console.log
    ­ƒîÉ Serveur Express d├®marr├® sur le port 8080

      at log (bot.js:6057:25)

  console.log
    [2025-11-15T16:27:22.709Z] INFO: Registered cleanup function: expressServer

      at Function.log [as info] (src/utils/logger.js:11:17)

  console.error
    ÔØî Raw body manquant ou invalide pour validation de signature: {
      hasBody: false,
      isBuffer: false,
      type: 'object',
      hasRawBody: false,
      hasReqBody: false
    }

      5787 |                 const rawBody = req.rawBody || req.body;
      5788 |                 if (!rawBody || !Buffer.isBuffer(rawBody)) {
    > 5789 |                     console.error('ÔØî Raw body manquant ou invalide pour validation de signature:', {
           |                             ^
      5790 |                         hasBody: !!rawBody,
      5791 |                         isBuffer: Buffer.isBuffer(rawBody),
      5792 |                         type: typeof rawBody,

      at error (bot.js:5789:29)
      at discordHandler (tests/bot.test.js:11775:35)
      at next (tests/bot.test.js:161:13)
      at rawMiddleware (tests/bot.test.js:11773:21)
      at callDiscordRoute (tests/bot.test.js:11772:24)
      at Object.callDiscordRoute (tests/bot.test.js:12217:19)

FAIL tests/bot.test.js (27.128 s)
  GLSLDiscordBot
    constructor
      ÔêÜ devrait cr├®er une instance du bot avec les d├®pendances (10 ms)
      ÔêÜ devrait initialiser les collections et sets (1 ms)
    generateShaderFromParams
      ÔêÜ devrait g├®n├®rer un shader avec des param├¿tres valides (1 ms)
      ÔêÜ devrait g├®rer diff├®rents types de formes (2 ms)
      ÔêÜ devrait g├®rer diff├®rents types de couleurs (3 ms)
      ÔêÜ devrait g├®rer diff├®rents types d'animations (2 ms)
      ÔêÜ devrait g├®rer diff├®rentes vitesses (1 ms)
      ÔêÜ devrait g├®rer diff├®rentes tailles (1 ms)
    getShaderCodeByName
      ÔêÜ devrait retourner le code shader pour un nom valide (2 ms)
      ÔêÜ devrait retourner null pour un nom invalide (1 ms)
      ÔêÜ devrait g├®rer les noms de shaders pr├®d├®finis (10 ms)
      ÔêÜ devrait g├®rer les alias de shaders (2 ms)
      ÔêÜ devrait g├®rer les erreurs lors de la r├®cup├®ration d'un shader (381 ms)
      ÔêÜ devrait normaliser les noms de shaders (lowercase et trim) (1 ms)
    checkCooldown
      ÔêÜ devrait retourner true si pas de cooldown configur├® (1 ms)
      ÔêÜ devrait retourner true si le cooldown est expir├® (1 ms)
      ÔêÜ devrait retourner false si le cooldown est actif (1 ms)
      ÔêÜ devrait mettre ├á jour le timestamp apr├¿s un cooldown expir├® (1 ms)
    getExamplesList
      ÔêÜ devrait retourner une liste d'exemples (1 ms)
      ÔêÜ devrait contenir des informations sur les shaders pr├®d├®finis (2 ms)
    getRainbowShader
      ÔêÜ devrait retourner un code shader rainbow (1 ms)
      ÔêÜ devrait contenir du code GLSL valide (1 ms)
    getMandelbrotShader
      ÔêÜ devrait retourner un code shader Mandelbrot (1 ms)
      ÔêÜ devrait contenir du code GLSL valide (1 ms)
    getPlasmaShader
      ÔêÜ devrait retourner un code shader plasma (1 ms)
      ÔêÜ devrait contenir du code GLSL valide
    getNoiseShader
      ÔêÜ devrait retourner un code shader noise
      ÔêÜ devrait contenir du code GLSL valide (1 ms)
    getVoronoiShader
      ÔêÜ devrait retourner un code shader voronoi (1 ms)
    getTunnelShader
      ÔêÜ devrait retourner un code shader tunnel (1 ms)
    getRaymarchingShader
      ÔêÜ devrait retourner un code shader raymarching (1 ms)
    getSpiralShader
      ÔêÜ devrait retourner un code shader spiral (1 ms)
    getStarfieldShader
      ÔêÜ devrait retourner un code shader starfield (1 ms)
    getWaterShader
      ÔêÜ devrait retourner un code shader water (1 ms)
    getFireShader
      ÔêÜ devrait retourner un code shader fire (4 ms)
    getGradientShader
      ÔêÜ devrait retourner un code shader gradient (4 ms)
    getSineShader
      ÔêÜ devrait retourner un code shader sine (1 ms)
    getWavesShader
      ÔêÜ devrait retourner un code shader waves (1 ms)
    getSpiral2Shader
      ÔêÜ devrait retourner un code shader spiral2 (2 ms)
    getRingsShader
      ÔêÜ devrait retourner un code shader rings (1 ms)
    getSnowShader
      ÔêÜ devrait retourner un code shader snow (1 ms)
    getCloudsShader
      ÔêÜ devrait retourner un code shader clouds (1 ms)
    getLavaShader
      ÔêÜ devrait retourner un code shader lava (1 ms)
    getLavaFlowShader
      ÔêÜ devrait retourner un code shader lavaflow (1 ms)
    getAuroraShader
      ÔêÜ devrait retourner un code shader aurora (1 ms)
    getRainShader
      ÔêÜ devrait retourner un code shader rain (1 ms)
    getThunderShader
      ÔêÜ devrait retourner un code shader thunder (1 ms)
    getWindShader
      ÔêÜ devrait retourner un code shader wind (1 ms)
    getFogShader
      ÔêÜ devrait retourner un code shader fog (1 ms)
    getMistShader
      ÔêÜ devrait retourner un code shader mist (1 ms)
    getHazeShader
      ÔêÜ devrait retourner un code shader haze (1 ms)
    getStormShader
      ÔêÜ devrait retourner un code shader storm (1 ms)
    getMandelbulbShader
      ÔêÜ devrait retourner un code shader mandelbulb (3 ms)
    getMandelbulb2Shader
      ÔêÜ devrait retourner un code shader mandelbulb2 (1 ms)
    getMandelbulb3Shader
      ÔêÜ devrait retourner un code shader mandelbulb3 (1 ms)
    getMandelbulb4Shader
      ÔêÜ devrait retourner un code shader mandelbulb4 (1 ms)
    getJuliaShader
      ÔêÜ devrait retourner un code shader julia (1 ms)
    getFractalShader
      ÔêÜ devrait retourner un code shader fractal (1 ms)
    getTreeShader
      ÔêÜ devrait retourner un code shader tree (1 ms)
    getMetaballsShader
      ÔêÜ devrait retourner un code shader metaballs
    getCrystalShader
      ÔêÜ devrait retourner un code shader crystal (1 ms)
    getBubblesShader
      ÔêÜ devrait retourner un code shader bubbles (1 ms)
    getHexagonShader
      ÔêÜ devrait retourner un code shader hexagon (1 ms)
    getGridShader
      ÔêÜ devrait retourner un code shader grid (1 ms)
    getGeometricShader
      ÔêÜ devrait retourner un code shader geometric (1 ms)
    getMazeShader
      ÔêÜ devrait retourner un code shader maze (1 ms)
    getMoireShader
      ÔêÜ devrait retourner un code shader moire (1 ms)
    getDotsShader
      ÔêÜ devrait retourner un code shader dots
    getLinesShader
      ÔêÜ devrait retourner un code shader lines
    getCheckerboardShader
      ÔêÜ devrait retourner un code shader checkerboard (1 ms)
    getStripesShader
      ÔêÜ devrait retourner un code shader stripes (1 ms)
    getZebraShader
      ÔêÜ devrait retourner un code shader zebra (4 ms)
    getDiamondShader
      ÔêÜ devrait retourner un code shader diamond (1 ms)
    getTriangleShader
      ÔêÜ devrait retourner un code shader triangle
    getCircleShader
      ÔêÜ devrait retourner un code shader circle (1 ms)
    getSquareShader
      ÔêÜ devrait retourner un code shader square
    getStarShader
      ÔêÜ devrait retourner un code shader star (1 ms)
    getHeartShader
      ÔêÜ devrait retourner un code shader heart
    getFlowerShader
      ÔêÜ devrait retourner un code shader flower
    getGalaxyShader
      ÔêÜ devrait retourner un code shader galaxy (1 ms)
    getSpiralGalaxyShader
      ÔêÜ devrait retourner un code shader spiralgalaxy (1 ms)
    getNebulaShader
      ÔêÜ devrait retourner un code shader nebula (1 ms)
    getCosmicShader
      ÔêÜ devrait retourner un code shader cosmic
    getSunShader
      ÔêÜ devrait retourner un code shader sun (1 ms)
    getMoonShader
      ÔêÜ devrait retourner un code shader moon
    getPlanetShader
      ÔêÜ devrait retourner un code shader planet (1 ms)
    getCometShader
      ÔêÜ devrait retourner un code shader comet
    getAsteroidShader
      ÔêÜ devrait retourner un code shader asteroid (1 ms)
    getNebula2Shader
      ÔêÜ devrait retourner un code shader nebula2 (1 ms)
    getSupernovaShader
      ÔêÜ devrait retourner un code shader supernova (3 ms)
    getBlackholeShader
      ÔêÜ devrait retourner un code shader blackhole (1 ms)
    getWormholeShader
      ÔêÜ devrait retourner un code shader wormhole
    getKaleidoscopeShader
      ÔêÜ devrait retourner un code shader kaleidoscope (1 ms)
    getRippleShader
      ÔêÜ devrait retourner un code shader ripple (1 ms)
    getParticlesShader
      ÔêÜ devrait retourner un code shader particles (1 ms)
    getMatrixShader
      ÔêÜ devrait retourner un code shader matrix
    getElectricShader
      ÔêÜ devrait retourner un code shader electric (1 ms)
    getDNAShader
      ÔêÜ devrait retourner un code shader dna
    getCircuitShader
      ÔêÜ devrait retourner un code shader circuit (1 ms)
    getLightRaysShader
      ÔêÜ devrait retourner un code shader lightrays
    getTurbulenceShader
      ÔêÜ devrait retourner un code shader turbulence (1 ms)
    getMorphingShader
      ÔêÜ devrait retourner un code shader morphing (1 ms)
    getSwirlShader
      ÔêÜ devrait retourner un code shader swirl (1 ms)
    getEnergyShader
      ÔêÜ devrait retourner un code shader energy (1 ms)
    getLensShader
      ÔêÜ devrait retourner un code shader lens
    getKaleidoscope2Shader
      ÔêÜ devrait retourner un code shader kaleidoscope2 (3 ms)
    getDistortionShader
      ÔêÜ devrait retourner un code shader distortion (1 ms)
    getMirrorShader
      ÔêÜ devrait retourner un code shader mirror (1 ms)
    getReflectionShader
      ÔêÜ devrait retourner un code shader reflection (4 ms)
    getGlitchShader
      ÔêÜ devrait retourner un code shader glitch (1 ms)
    getPixelateShader
      ÔêÜ devrait retourner un code shader pixelate (1 ms)
    getChromaticShader
      ÔêÜ devrait retourner un code shader chromatic
    getBloomShader
      ÔêÜ devrait retourner un code shader bloom (1 ms)
    getVignetteShader
      ÔêÜ devrait retourner un code shader vignette (1 ms)
    getScanlinesShader
      ÔêÜ devrait retourner un code shader scanlines (1 ms)
    getNoise2Shader
      ÔêÜ devrait retourner un code shader noise2
    getCellsShader
      ÔêÜ devrait retourner un code shader cells (1 ms)
    getWarpShader
      ÔêÜ devrait retourner un code shader warp
    getRadialShader
      ÔêÜ devrait retourner un code shader radial
    getLightning2Shader
      ÔêÜ devrait retourner un code shader lightning2 (1 ms)
    getTornadoShader
      ÔêÜ devrait retourner un code shader tornado
    getCycloneShader
      ÔêÜ devrait retourner un code shader cyclone (1 ms)
    loadCommands
      ÔêÜ devrait charger les commandes depuis le dossier commands (148 ms)
      ÔêÜ devrait g├®rer une commande invalide (sans data ou execute) (1 ms)
      ÔêÜ devrait g├®rer l'absence du dossier commands (2 ms)
      ├ù devrait cr├®er le dossier commands s'il n'existe pas (3 ms)
    handleInteractionFromHTTP
      ÔêÜ devrait retourner undefined pour interaction PING (type 1) (2 ms)
      ÔêÜ devrait g├®rer une interaction autocomplete (3 ms)
      ÔêÜ devrait g├®rer une commande slash (2 ms)
      ÔêÜ devrait g├®rer les erreurs lors du traitement d'une interaction (4 ms)
      ÔêÜ devrait retourner t├┤t si interaction ID ou token manquant (4 ms)
      ÔêÜ devrait g├®rer handleInteractionFromHTTP avec commande shader et hash (5 ms)
      ÔêÜ devrait g├®rer handleInteractionFromHTTP avec commande shader (2 ms)
      ÔêÜ devrait g├®rer handleInteractionFromHTTP avec interaction d├®j├á trait├®e (d├®duplication) (2 ms)
      ÔêÜ devrait g├®rer handleInteractionFromHTTP avec commande d├®j├á en cours (2 ms)
      ÔêÜ devrait g├®rer handleInteractionFromHTTP avec erreur lors de l'ex├®cution (4 ms)
      ÔêÜ devrait g├®rer handleInteractionFromHTTP avec editReply sans fichiers (2 ms)
      ÔêÜ devrait g├®rer handleInteractionFromHTTP avec editReply avec embeds seuls (sans content) (3 ms)
      ÔêÜ devrait g├®rer handleInteractionFromHTTP avec followUp sans fichiers (2 ms)
      ÔêÜ devrait g├®rer handleInteractionFromHTTP avec options.getFocused (5 ms)
      ÔêÜ devrait g├®rer handleInteractionFromHTTP avec options.getInteger (2 ms)
      ÔêÜ devrait g├®rer handleInteractionFromHTTP avec autocomplete et erreur (4 ms)
      ÔêÜ devrait g├®rer handleInteractionFromHTTP avec erreur dans le catch (5 ms)
      ÔêÜ devrait retourner r├®ponse par d├®faut pour autocomplete sans r├®ponse (2 ms)
      ÔêÜ devrait g├®rer handleInteractionFromHTTP avec autocomplete sans commande (1 ms)
      ÔêÜ devrait g├®rer handleInteractionFromHTTP avec body.user au lieu de body.member (2 ms)
      ÔêÜ devrait g├®rer le cooldown actif (4 ms)
      ÔêÜ devrait g├®rer le verrou de commande actif (2 ms)
      ÔêÜ devrait g├®rer les erreurs lors de l'ex├®cution de la commande (3 ms)
      ÔêÜ devrait g├®rer autocomplete sans commande (2 ms)
    registerSlashCommands
      ÔêÜ devrait enregistrer les commandes slash (1 ms)
      ÔêÜ devrait g├®rer les erreurs lors de l'enregistrement (2 ms)
      ÔêÜ devrait g├®rer les erreurs lors de l'enregistrement des commandes (2 ms)
    setupEvents
      ÔêÜ devrait configurer les ├®v├®nements Discord (1 ms)
      ├ù devrait g├®rer l'├®v├®nement ClientReady (2 ms)
      ÔêÜ devrait g├®rer l'├®v├®nement InteractionCreate - autocomplete (1 ms)
      ÔêÜ devrait g├®rer l'├®v├®nement InteractionCreate - commande non trouv├®e (3 ms)
      ÔêÜ devrait g├®rer l'├®v├®nement InteractionCreate - commande d├®j├á en cours (2 ms)
      ÔêÜ devrait g├®rer l'├®v├®nement InteractionCreate - cooldown actif (1 ms)
      ÔêÜ devrait g├®rer l'├®v├®nement InteractionCreate - erreur lors de l'ex├®cution (non replied) (5 ms)
      ÔêÜ devrait g├®rer l'├®v├®nement InteractionCreate - erreur lors de l'ex├®cution (d├®j├á replied) (2 ms)
      ÔêÜ devrait g├®rer l'├®v├®nement InteractionCreate - interaction d├®j├á trait├®e (d├®duplication) (1 ms)
      ÔêÜ devrait ignorer les interactions non ChatInputCommand (1 ms)
      ÔêÜ devrait g├®rer l'├®v├®nement InteractionCreate - commande shader avec hash (1 ms)
      ÔêÜ devrait g├®rer l'├®v├®nement Error (2 ms)
    shutdown
      ÔêÜ devrait arr├¬ter le bot proprement (2 ms)
      ÔêÜ devrait g├®rer les erreurs lors de l'arr├¬t (2 ms)
    startExpressServer
      ÔêÜ devrait d├®marrer le serveur Express (51 ms)
      ├ù devrait g├®rer les erreurs lors du d├®marrage du serveur (13 ms)
      ÔêÜ devrait tester la route /api/stats (3 ms)
      ÔêÜ devrait tester la route /api/stats avec erreur (5 ms)
      ÔêÜ devrait tester la route /api/shaders (6 ms)
      ÔêÜ devrait tester la route /api/shaders sans userId (4 ms)
      ÔêÜ devrait tester la route /api/shaders/:id (3 ms)
      ÔêÜ devrait tester la route /api/shaders/:id avec shader non trouv├® (3 ms)
      ÔêÜ devrait tester la route DELETE /api/shaders/:id (4 ms)
      ÔêÜ devrait tester la route DELETE /api/shaders/:id sans userId (3 ms)
      ÔêÜ devrait tester la route POST /api/shaders/compile (3 ms)
      ÔêÜ devrait tester la route POST /api/shaders/compile sans code (5 ms)
      ÔêÜ devrait tester la route POST /api/shaders/generate (3 ms)
      ÔêÜ devrait tester la route POST /api/shaders/preset (3 ms)
      ÔêÜ devrait tester la route POST /api/shaders/preset avec preset non trouv├® (3 ms)
      ÔêÜ devrait tester la route POST /api/shaders/compile avec result.success === false (3 ms)
      ÔêÜ devrait tester la route POST /api/shaders/generate avec result.success === false (3 ms)
      ÔêÜ devrait tester la route POST /api/shaders/preset avec result.success === false (3 ms)
      ÔêÜ devrait tester la route POST /api/shaders/compile avec erreur serveur (7 ms)
      ÔêÜ devrait tester la route POST /api/shaders/generate avec erreur serveur (5 ms)
      ÔêÜ devrait tester la route POST /api/shaders/preset avec erreur serveur (5 ms)
      ÔêÜ devrait tester la route POST /api/shaders/compile sans name (utilise Date.now) (3 ms)
      ÔêÜ devrait tester la route POST /api/shaders/generate sans name (utilise Date.now) (2 ms)
      ÔêÜ devrait tester la route POST /api/shaders/preset sans name (utilise preset.name) (4 ms)
      ÔêÜ devrait tester la route GET /shaders/assets/:filename (3 ms)
      ├ù devrait tester la route POST /discord avec type 1 (PING) (7 ms)
      ├ù devrait tester la route POST /discord avec type 2 (COMMAND) (6 ms)
      ├ù devrait tester la route POST /discord avec type 4 (AUTOCOMPLETE) (7 ms)
      ├ù devrait tester la route POST /discord avec type 4 (AUTOCOMPLETE) sans r├®ponse (6 ms)
      ├ù devrait tester la route POST /discord avec type 4 (AUTOCOMPLETE) avec erreur (6 ms)
      ├ù devrait tester la route POST /discord avec type 2 (COMMAND) avec erreur dans handleInteractionFromHTTP (3 ms)
      ├ù devrait tester la route POST /discord avec type inconnu (4 ms)
      ÔêÜ devrait tester la route GET /shaders/assets/:filename avec fichier non trouv├® (3 ms)
      ÔêÜ devrait tester la route POST /api/shaders/compile avec erreur de compilation (4 ms)
      ÔêÜ devrait tester la route POST /api/shaders/generate sans userId (3 ms)
      ÔêÜ devrait tester la route POST /api/shaders/generate avec erreur de compilation (3 ms)
      ÔêÜ devrait tester la route DELETE /api/shaders/:id avec shader non trouv├® (2 ms)
      ÔêÜ devrait tester la route POST /api/shaders/preset sans presetName (3 ms)
      ÔêÜ devrait tester la route POST /api/shaders/preset avec erreur de compilation (3 ms)
      ÔêÜ devrait tester la route POST /api/shaders/preset avec erreur serveur (3 ms)
      ÔêÜ devrait tester la route POST /api/shaders/compile avec erreur serveur (3 ms)
      ÔêÜ devrait tester la route POST /api/shaders/generate avec erreur serveur (4 ms)
      ÔêÜ devrait tester la route DELETE /api/shaders/:id avec erreur serveur (3 ms)
      ÔêÜ devrait tester la route GET /api/shaders/:id avec erreur serveur (3 ms)
      ÔêÜ devrait tester la route GET /api/shaders avec erreur serveur (4 ms)
    verifyDiscordSignatureWithRawBody
      ÔêÜ devrait ├¬tre test├®e via les routes qui l'utilisent
    handleInteractionFromHTTP - editReply avec fichiers et diff├®rentes strat├®gies
      ÔêÜ devrait g├®rer editReply avec fichiers et strat├®gies multiples (306 ms)
      ÔêÜ devrait g├®rer editReply avec fichiers Buffer (1218 ms)
      ÔêÜ devrait g├®rer editReply sans fichiers mais avec embeds (2 ms)
      ÔêÜ devrait g├®rer followUp avec fichiers (4 ms)
      ÔêÜ devrait g├®rer followUp avec fichiers et content vide (2 ms)
      ÔêÜ devrait g├®rer editReply avec fichier stream (6 ms)
      ÔêÜ devrait g├®rer editReply avec fichier object avec path (4 ms)
      ÔêÜ devrait g├®rer editReply avec fichier object avec buffer (3 ms)
      ÔêÜ devrait g├®rer editReply avec aucune strat├®gie qui fonctionne (11 ms)
      ÔêÜ devrait g├®rer editReply avec fichiers mais aucun fichier valide (2 ms)
      ÔêÜ devrait g├®rer followUp avec fichiers Buffer (2 ms)
      ÔêÜ devrait g├®rer followUp avec erreur Discord API (4 ms)
      ÔêÜ devrait g├®rer followUp avec components (2 ms)
      ÔêÜ devrait g├®rer editReply avec fichier object avec file (4 ms)
      ÔêÜ devrait g├®rer editReply avec fichier object avec data (3 ms)
      ÔêÜ devrait g├®rer editReply avec fichier object avec stream (4 ms)
      ÔêÜ devrait g├®rer editReply avec strat├®gie double_edit_workaround (4 ms)
      ÔêÜ devrait g├®rer editReply avec strat├®gie rest.patch_with_attachments_payload (5 ms)
      ÔêÜ devrait g├®rer editReply avec strat├®gie formdata_content_text (4 ms)
      ÔêÜ devrait g├®rer editReply avec strat├®gie formdata_content_shader_id (9 ms)
      ÔêÜ devrait g├®rer followUp avec fichier stream (3 ms)
      ÔêÜ devrait g├®rer followUp avec fichier sans attachment (2 ms)
      ÔêÜ devrait g├®rer editReply avec embed avec toJSON (4 ms)
      ÔêÜ devrait g├®rer editReply avec embed null dans le tableau (5 ms)
      ÔêÜ devrait g├®rer editReply avec strat├®gie double_edit_workaround et erreur de lecture de fichier (5 ms)
      ÔêÜ devrait g├®rer editReply avec strat├®gie rest.patch_with_attachments_payload et aucun fichier valide (5 ms)
      ÔêÜ devrait g├®rer followUp avec embed avec toJSON (4 ms)
      ÔêÜ devrait g├®rer followUp avec embed null dans le tableau (2 ms)
      ÔêÜ devrait g├®rer followUp avec fichier .png (pas .gif) (3 ms)
      ÔêÜ devrait g├®rer handleInteractionFromHTTP avec interactionId manquant (1 ms)
      ÔêÜ devrait g├®rer handleInteractionFromHTTP avec interactionToken manquant (1 ms)
      ÔêÜ devrait g├®rer handleInteractionFromHTTP avec applicationId depuis client.user.id (3 ms)
      ÔêÜ devrait g├®rer handleInteractionFromHTTP avec applicationId depuis DISCORD_CLIENT_ID (1 ms)
      ÔêÜ devrait g├®rer handleInteractionFromHTTP avec body.user au lieu de body.member.user (2 ms)
      ÔêÜ devrait g├®rer handleInteractionFromHTTP avec type inconnu (1 ms)
      ÔêÜ devrait g├®rer handleInteractionFromHTTP sans created_at (utilise Date.now) (2 ms)
      ÔêÜ devrait g├®rer editReply sans fichiers avec embeds et content (ne supprime pas content) (2 ms)
      ÔêÜ devrait g├®rer editReply sans fichiers avec embeds seuls (supprime content) (2 ms)
      ÔêÜ devrait g├®rer handleInteractionFromHTTP avec getInteger (2 ms)
      ÔêÜ devrait g├®rer handleInteractionFromHTTP avec getInteger retournant null (2 ms)
      ÔêÜ devrait g├®rer handleInteractionFromHTTP avec getString retournant null (2 ms)
      ÔêÜ devrait g├®rer handleInteractionFromHTTP avec getFocused sans focused option (2 ms)
      ÔêÜ devrait g├®rer handleInteractionFromHTTP avec commande shader sans code (hash vide) (1 ms)
      ÔêÜ devrait g├®rer handleInteractionFromHTTP avec username et tag Unknown (2 ms)
      ÔêÜ devrait g├®rer handleInteractionFromHTTP avec guildId et channelId (2 ms)
      ├ù devrait g├®rer editReply avec strat├®gie formdata_buffers_instead_of_streams avec stream.path (11 ms)
      ÔêÜ devrait g├®rer editReply avec strat├®gie formdata_content_shader_id sans fields (10 ms)
      ÔêÜ devrait g├®rer editReply avec strat├®gie formdata_content_shader_id avec fields mais sans ID (9 ms)
      ÔêÜ devrait g├®rer editReply avec strat├®gie rest.patch_gif_only (4 ms)
      ÔêÜ devrait g├®rer editReply avec strat├®gie rest.patch_with_paths (4 ms)
      ÔêÜ devrait g├®rer editReply avec strat├®gie rest.patch_with_paths_strings (4 ms)
      ÔêÜ devrait g├®rer editReply avec strat├®gie rest.patch_with_buffers (5 ms)
      ÔêÜ devrait g├®rer editReply avec strat├®gie rest.patch_with_paths avec buffer (3 ms)
      ÔêÜ devrait g├®rer editReply avec strat├®gie rest.patch_with_buffers avec path (4 ms)
      ÔêÜ devrait g├®rer editReply avec strat├®gie formdata_content_nonbreaking_space (8 ms)
      ÔêÜ devrait g├®rer editReply avec strat├®gie formdata_content_separate_field (9 ms)
      ÔêÜ devrait g├®rer editReply avec strat├®gie formdata_files_without_index (9 ms)
      ÔêÜ devrait g├®rer editReply avec strat├®gie formdata_file_singular (10 ms)
      ÔêÜ devrait g├®rer followUp avec fichier string path (3 ms)
      ÔêÜ devrait g├®rer followUp avec fichier sans name (utilise basename) (3 ms)
      ÔêÜ devrait g├®rer followUp avec fichier Buffer sans name (2 ms)
      ÔêÜ devrait g├®rer editReply avec strat├®gie formdata_content_text avec stream (4 ms)
      ÔêÜ devrait g├®rer editReply avec toutes les strat├®gies qui ├®chouent (8 ms)
      ├ù devrait g├®rer editReply sans fichiers avec embeds et content (ne supprime pas content) (2 ms)
      ÔêÜ devrait g├®rer followUp avec content vide (utilise emoji) (3 ms)
      ÔêÜ devrait g├®rer followUp avec content non vide (4 ms)
      ÔêÜ devrait g├®rer editReply avec fichier attachment object avec file path (4 ms)
      ÔêÜ devrait g├®rer editReply avec fichier attachment object avec buffer (3 ms)
      ÔêÜ devrait g├®rer editReply avec fichier attachment object avec path (4 ms)
      ÔêÜ devrait g├®rer followUp avec erreur de fetch (2 ms)
      ÔêÜ devrait g├®rer followUp avec components (1 ms)
      ÔêÜ devrait g├®rer followUp avec embeds mais sans components (2 ms)
      ÔêÜ devrait g├®rer editReply avec fichier attachment object avec string qui n'existe pas (3 ms)
      ÔêÜ devrait g├®rer editReply avec fichier attachment object avec string path qui n'existe pas (2 ms)
    initialize
      ÔêÜ devrait throw si DISCORD_TOKEN manquant (4506 ms)
      ÔêÜ devrait throw si DISCORD_CLIENT_ID manquant (4514 ms)
      ÔêÜ devrait g├®rer les erreurs du compilateur WebGL (107 ms)
      ÔêÜ devrait g├®rer les erreurs du compilateur WebGL avec "Target closed" (8 ms)
      ÔêÜ devrait g├®rer les erreurs du compilateur WebGL avec "Protocol error" (7 ms)
      ÔêÜ devrait g├®rer les erreurs du compilateur WebGL avec "updateShader n'est pas disponible" (7 ms)
      ÔêÜ devrait g├®rer les erreurs du compilateur WebGL avec "WebGL" (6 ms)
      ÔêÜ devrait propager les erreurs du compilateur WebGL autres que Chrome/WebGL (4517 ms)
      ÔêÜ devrait g├®rer l'erreur "Could not find Chrome" dans le catch principal sans quitter (108 ms)
    handleInteractionFromHTTP - cas d'erreur et edge cases
      ÔêÜ devrait g├®rer les erreurs dans handleInteractionFromHTTP et les relancer (4 ms)
      ÔêÜ devrait g├®rer autocomplete HTTP avec commande sans autocomplete (2 ms)
      ÔêÜ devrait g├®rer autocomplete HTTP avec commande inexistante (1 ms)
      ÔêÜ devrait g├®rer autocomplete HTTP avec erreur dans autocomplete (3 ms)
      ÔêÜ devrait g├®rer autocomplete HTTP avec autocomplete qui ne r├®pond pas (2 ms)
      ÔêÜ devrait supprimer le verrou apr├¿s ex├®cution de commande (2511 ms)
    setupEvents - gestion des ├®v├®nements
      ÔêÜ devrait g├®rer les interactions d├®j├á trait├®es (215 ms)
      ÔêÜ devrait g├®rer les interactions non-chat-input (215 ms)
      ÔêÜ devrait g├®rer les commandes inexistantes (216 ms)
      ├ù devrait g├®rer les commandes avec cooldown actif (216 ms)
      ÔêÜ devrait g├®rer les commandes shader avec verrou actif (215 ms)
      ÔêÜ devrait g├®rer les erreurs lors de l'ex├®cution de commande (216 ms)
      ÔêÜ devrait g├®rer les commandes d├®j├á r├®pondues (216 ms)
      ÔêÜ devrait g├®rer les commandes d├®j├á diff├®r├®es (216 ms)
      ÔêÜ devrait g├®rer les erreurs avec interaction d├®j├á r├®pondu (215 ms)
      ÔêÜ devrait g├®rer les erreurs avec interaction d├®j├á diff├®r├®e (216 ms)
      ÔêÜ devrait g├®rer les erreurs avec editReply qui ├®choue (215 ms)
      ÔêÜ devrait g├®rer les autocomplete dans setupEvents (215 ms)
      ÔêÜ devrait g├®rer les erreurs dans autocomplete (201 ms)
      ÔêÜ devrait g├®rer les autocomplete sans m├®thode autocomplete (201 ms)
      ÔêÜ devrait nettoyer les interactions apr├¿s 5 minutes (215 ms)
    setupEvents - Events.Error
      ÔêÜ devrait g├®rer l'├®v├®nement Error
    handleInteractionFromHTTP - cas manquants
      ÔêÜ devrait retourner undefined si interaction ID manquant (3 ms)
      ÔêÜ devrait retourner undefined si interaction token manquant (2 ms)
      ÔêÜ devrait g├®rer handleInteractionFromHTTP avec commande d├®j├á en cours d'ex├®cution (2 ms)
      ÔêÜ devrait g├®rer handleInteractionFromHTTP avec cooldown actif (1 ms)
    generateShaderFromParams - branches non couvertes
      ÔêÜ devrait g├®rer vitesse slow (1 ms)
      ÔêÜ devrait g├®rer vitesse fast
      ÔêÜ devrait g├®rer taille minimale (1)
      ÔêÜ devrait g├®rer taille maximale (10)
    initialize - cas d'erreur suppl├®mentaires
      ÔêÜ devrait g├®rer les erreurs lors du chargement des commandes (6 ms)
      ÔêÜ devrait g├®rer les erreurs lors de l'enregistrement des commandes slash (4 ms)
    shutdown - cas suppl├®mentaires
      ÔêÜ devrait g├®rer shutdown avec compilations actives (1012 ms)
      ÔêÜ devrait g├®rer shutdown avec erreur lors de la fermeture du compilateur (3 ms)
      ÔêÜ devrait g├®rer shutdown avec erreur SQLITE_MISUSE lors de la fermeture de la DB (1 ms)
      ÔêÜ devrait g├®rer shutdown avec erreur lors de la fermeture de la DB (autre erreur) (2 ms)
      ÔêÜ devrait g├®rer shutdown avec erreur lors de la d├®connexion du client (3 ms)
    handleInteractionFromHTTP - autocomplete (type 4)
      ÔêÜ devrait g├®rer handleInteractionFromHTTP avec autocomplete (type 4) (2 ms)
      ÔêÜ devrait g├®rer handleInteractionFromHTTP avec autocomplete sans commande (1 ms)
      ÔêÜ devrait g├®rer handleInteractionFromHTTP avec autocomplete avec erreur (3 ms)
    handleInteractionFromHTTP - erreur dans l'ex├®cution de commande
      ÔêÜ devrait g├®rer handleInteractionFromHTTP avec erreur dans command.execute (2110 ms)
    verifyDiscordSignatureWithRawBody - branches suppl├®mentaires
      ÔêÜ devrait g├®rer verifyDiscordSignatureWithRawBody avec rawBody comme objet (1 ms)
      ├ù devrait g├®rer verifyDiscordSignatureWithRawBody avec cl├® publique invalide (longueur != 32)
      ├ù devrait g├®rer verifyDiscordSignatureWithRawBody avec signature invalide (longueur != 64) (1 ms)
      ├ù devrait g├®rer verifyDiscordSignatureWithRawBody avec erreur dans try/catch
    generateShaderFromParams - cas limites suppl├®mentaires
      ÔêÜ devrait g├®rer generateShaderFromParams avec taille 0 (1 ms)
      ÔêÜ devrait g├®rer generateShaderFromParams avec taille > 10 (1 ms)
      ÔêÜ devrait g├®rer generateShaderFromParams avec vitesse inconnue
    constructor - initialisation
      ÔêÜ devrait initialiser startAutoCleanup si disponible (210 ms)
    handleInteractionFromHTTP - editReply sans fichiers avec embeds seuls
      ÔêÜ devrait supprimer content si embeds pr├®sents sans fichiers (3 ms)
    handleInteractionFromHTTP - followUp avec file.attachment string
      ÔêÜ devrait g├®rer followUp avec file.attachment comme string (2 ms)
    handleInteractionFromHTTP - followUp avec file.attachment Buffer
      ÔêÜ devrait g├®rer followUp avec file.attachment comme Buffer (2 ms)
    handleInteractionFromHTTP - followUp avec fichiers mais sans file.attachment
      ÔêÜ devrait g├®rer followUp avec fichiers mais sans file.attachment valide (1 ms)
    handleInteractionFromHTTP - followUp avec fichiers ├®choue
      ÔêÜ devrait g├®rer l'erreur quand followUp avec fichiers ├®choue (3 ms)
    handleInteractionFromHTTP - deferReply
      ÔêÜ devrait g├®rer deferReply (2 ms)
    generateShaderFromParams - toutes les formes
      ÔêÜ devrait g├®n├®rer un shader pour forme circle (1 ms)
      ÔêÜ devrait g├®n├®rer un shader pour forme square (2 ms)
      ÔêÜ devrait g├®n├®rer un shader pour forme triangle (1 ms)
      ÔêÜ devrait g├®n├®rer un shader pour forme star
      ÔêÜ devrait g├®n├®rer un shader pour forme heart (1 ms)
      ÔêÜ devrait g├®n├®rer un shader pour forme hexagon
      ÔêÜ devrait g├®n├®rer un shader pour forme diamond (1 ms)
      ÔêÜ devrait g├®n├®rer un shader pour forme line
      ÔêÜ devrait g├®n├®rer un shader pour forme grid (1 ms)
      ÔêÜ devrait g├®n├®rer un shader pour forme voronoi
      ÔêÜ devrait g├®n├®rer un shader pour couleur red
      ÔêÜ devrait g├®n├®rer un shader pour couleur green (1 ms)
      ÔêÜ devrait g├®n├®rer un shader pour couleur blue
      ÔêÜ devrait g├®n├®rer un shader pour couleur yellow
      ÔêÜ devrait g├®n├®rer un shader pour couleur purple (1 ms)
      ÔêÜ devrait g├®n├®rer un shader pour couleur orange
      ÔêÜ devrait g├®n├®rer un shader pour couleur pink (1 ms)
      ÔêÜ devrait g├®n├®rer un shader pour couleur cyan
      ÔêÜ devrait g├®n├®rer un shader pour couleur white
      ÔêÜ devrait g├®n├®rer un shader pour couleur black (1 ms)
      ÔêÜ devrait g├®n├®rer un shader pour couleur rainbow
      ÔêÜ devrait g├®n├®rer un shader pour couleur warm (2 ms)
      ÔêÜ devrait g├®n├®rer un shader pour couleur cool (1 ms)
      ÔêÜ devrait g├®n├®rer un shader pour animation rotation
      ÔêÜ devrait g├®n├®rer un shader pour animation pulse
      ÔêÜ devrait g├®n├®rer un shader pour animation wave
      ÔêÜ devrait g├®n├®rer un shader pour animation zoom
      ÔêÜ devrait g├®n├®rer un shader pour animation translate
      ÔêÜ devrait g├®n├®rer un shader pour animation none
    handleInteractionFromHTTP - erreurs dans command.execute
      ÔêÜ devrait g├®rer l'erreur quand command.execute ├®choue dans handleInteractionFromHTTP (4 ms)
    handleInteractionFromHTTP - erreurs dans autocomplete
      ÔêÜ devrait g├®rer l'erreur quand autocomplete ├®choue dans handleInteractionFromHTTP (3 ms)
    handleInteractionFromHTTP - erreur g├®n├®rale
      ÔêÜ devrait propager l'erreur si handleInteractionFromHTTP ├®choue (1 ms)
    setupEvents - erreur dans interaction.reply avec catch
      ÔêÜ devrait g├®rer l'erreur quand interaction.reply ├®choue dans le catch (4 ms)
    setupEvents - erreur dans interaction.editReply avec followUp qui ├®choue
      ÔêÜ devrait g├®rer l'erreur quand editReply et followUp ├®chouent tous les deux (7 ms)
    handleInteractionFromHTTP - followUp avec embeds mais sans components
      ÔêÜ devrait g├®rer followUp avec embeds mais sans components (2 ms)
    handleInteractionFromHTTP - followUp avec file.attachment qui n'existe pas
      ÔêÜ devrait g├®rer followUp avec file.attachment comme string qui n'existe pas (4 ms)
    handleInteractionFromHTTP - editReply avec strat├®gies qui ├®chouent partiellement
      ÔêÜ devrait g├®rer le cas o├╣ certaines strat├®gies ├®chouent mais une autre r├®ussit (4 ms)
    handleInteractionFromHTTP - editReply avec filePaths qui ont stream
      ÔêÜ devrait g├®rer editReply avec filePaths contenant stream (4 ms)
    handleInteractionFromHTTP - editReply avec filePaths sans path ni buffer ni stream
      ÔêÜ devrait g├®rer editReply avec filePaths sans path, buffer ou stream valide (4 ms)
    handleInteractionFromHTTP - editReply avec filePaths o├╣ path n'existe pas
      ÔêÜ devrait g├®rer editReply avec filePaths o├╣ le path n'existe pas (5 ms)
    Route /discord - Validation de signature
      ÔêÜ devrait rejeter les requ├¬tes sans en-t├¬tes de signature (6 ms)
      ├ù devrait rejeter les requ├¬tes avec signature invalide (7 ms)
      ├ù devrait accepter les requ├¬tes PING avec signature valide (8 ms)
      ├ù devrait accepter les requ├¬tes APPLICATION_COMMAND avec signature valide (6 ms)
      ├ù devrait accepter les requ├¬tes AUTOCOMPLETE avec signature valide (5 ms)
      ├ù devrait rejeter les requ├¬tes avec JSON invalide apr├¿s validation de signature (6 ms)
      ├ù devrait g├®rer les erreurs g├®n├®rales dans le handler (13 ms)
      ├ù devrait g├®rer les erreurs m├¬me si la r├®ponse a d├®j├á ├®t├® envoy├®e (10 ms)
      ÔêÜ devrait rejeter les requ├¬tes avec seulement un en-t├¬te de signature manquant (signature) (4 ms)
      ÔêÜ devrait rejeter les requ├¬tes avec seulement un en-t├¬te de signature manquant (timestamp) (5 ms)
      ├ù devrait traiter les interactions non g├®r├®es avec signature valide (5 ms)
      ÔêÜ devrait rejeter les requ├¬tes avec body qui n'est pas un Buffer (7 ms)
      ÔêÜ devrait rejeter les requ├¬tes avec body null ou undefined (4 ms)

  ÔùÅ GLSLDiscordBot ÔÇ║ setupEvents ÔÇ║ devrait g├®rer l'├®v├®nement ClientReady

    expect(jest.fn()).toHaveBeenCalled()

    Expected number of calls: >= 1
    Received number of calls:    0

      2558 |             
      2559 |             // L'├®v├®nement est trait├® de mani├¿re synchrone
    > 2560 |             expect(mockReadyClient.user.setActivity).toHaveBeenCalled();
           |                                                      ^
      2561 |         });
      2562 |
      2563 |         it('devrait g├®rer l\'├®v├®nement InteractionCreate - autocomplete', async () => {

      at Object.toHaveBeenCalled (tests/bot.test.js:2560:54)

  ÔùÅ GLSLDiscordBot ÔÇ║ startExpressServer ÔÇ║ devrait g├®rer les erreurs lors du d├®marrage du serveur

    expect(received).not.toThrow()

    Error name:    "Error"
    Error message: "Port already in use"

          2965 |                 delete: jest.fn(),
          2966 |                 listen: jest.fn(() => {
        > 2967 |                     throw new Error('Port already in use');
               |                           ^
          2968 |                 })
          2969 |             };
          2970 |             express.mockReturnValue(mockApp);

      at Object.<anonymous> (tests/bot.test.js:2967:27)
      at GLSLDiscordBot.listen [as startExpressServer] (bot.js:6056:27)
      at startExpressServer (tests/bot.test.js:2973:30)
      at Object.<anonymous> (node_modules/expect/build/toThrowMatchers.js:74:11)
      at Object.throwingMatcher [as toThrow] (node_modules/expect/build/index.js:320:21)
      at Object.toThrow (tests/bot.test.js:2973:56)
      at Object.toThrow (tests/bot.test.js:2973:56)

  ÔùÅ GLSLDiscordBot ÔÇ║ startExpressServer ÔÇ║ devrait tester la route POST /discord avec type 1 (PING)

    expect(jest.fn()).toHaveBeenCalledWith(...expected)

    Expected: {"type": 1}
    Received: "Unauthorized: Invalid signature"

    Number of calls: 1

      3945 |             });
      3946 |             
    > 3947 |             expect(res.send).toHaveBeenCalledWith({ type: 1 });
           |                              ^
      3948 |             // Restaurer
      3949 |             if (typeof botModule !== 'undefined' && typeof originalVerify !== 'undefined') {
      3950 |                 botModule.verifyDiscordSignatureWithRawBody = originalVerify;

      at Object.toHaveBeenCalledWith (tests/bot.test.js:3947:30)

  ÔùÅ GLSLDiscordBot ÔÇ║ startExpressServer ÔÇ║ devrait tester la route POST /discord avec type 2 (COMMAND)

    expect(jest.fn()).toHaveBeenCalledWith(...expected)

    Expected: 200
    Received: 401

    Number of calls: 1

      4008 |             });
      4009 |             
    > 4010 |             expect(res.status).toHaveBeenCalledWith(200);
           |                                ^
      4011 |             expect(res.send).toHaveBeenCalledWith({ type: 5 });
      4012 |             // Attendre un peu pour que handleInteractionFromHTTP soit appel├®
      4013 |             await new Promise(resolve => setTimeout(resolve, 100));

      at Object.toHaveBeenCalledWith (tests/bot.test.js:4010:32)

  ÔùÅ GLSLDiscordBot ÔÇ║ startExpressServer ÔÇ║ devrait tester la route POST /discord avec type 4 (AUTOCOMPLETE)

    expect(jest.fn()).toHaveBeenCalledWith(...expected)

    Expected: 200
    Received: 401

    Number of calls: 1

      4084 |             });
      4085 |             
    > 4086 |             expect(res.status).toHaveBeenCalledWith(200);
           |                                ^
      4087 |             expect(res.json).toHaveBeenCalled();
      4088 |             // Restaurer
      4089 |             if (typeof botModule !== 'undefined' && typeof originalVerify !== 'undefined') {

      at Object.toHaveBeenCalledWith (tests/bot.test.js:4086:32)

  ÔùÅ GLSLDiscordBot ÔÇ║ startExpressServer ÔÇ║ devrait tester la route POST /discord avec type 4 (AUTOCOMPLETE) sans 
r├®ponse

    expect(jest.fn()).toHaveBeenCalledWith(...expected)

    Expected: 200
    Received: 401

    Number of calls: 1

      4157 |             });
      4158 |             
    > 4159 |             expect(res.status).toHaveBeenCalledWith(200);
           |                                ^
      4160 |             // Devrait retourner la r├®ponse par d├®faut
      4161 |             expect(res.json).toHaveBeenCalledWith({ type: 8, data: { choices: [] } });
      4162 |             // Restaurer

      at Object.toHaveBeenCalledWith (tests/bot.test.js:4159:32)

  ÔùÅ GLSLDiscordBot ÔÇ║ startExpressServer ÔÇ║ devrait tester la route POST /discord avec type 4 (AUTOCOMPLETE) avec 
erreur

    expect(jest.fn()).toHaveBeenCalledWith(...expected)

    Expected: 200
    Received: 401

    Number of calls: 1

      4231 |             });
      4232 |             
    > 4233 |             expect(res.status).toHaveBeenCalledWith(200);
           |                                ^
      4234 |             // Devrait retourner la r├®ponse par d├®faut m├¬me en cas d'erreur
      4235 |             expect(res.json).toHaveBeenCalledWith({ type: 8, data: { choices: [] } });
      4236 |             // Restaurer

      at Object.toHaveBeenCalledWith (tests/bot.test.js:4233:32)

  ÔùÅ GLSLDiscordBot ÔÇ║ startExpressServer ÔÇ║ devrait tester la route POST /discord avec type 2 (COMMAND) avec 
erreur dans handleInteractionFromHTTP

    expect(jest.fn()).toHaveBeenCalledWith(...expected)

    Expected: 200
    Received: 401

    Number of calls: 1

      4297 |             });
      4298 |             
    > 4299 |             expect(res.status).toHaveBeenCalledWith(200);
           |                                ^
      4300 |             expect(res.send).toHaveBeenCalledWith({ type: 5 });
      4301 |             // Attendre un peu pour que handleInteractionFromHTTP soit appel├® et l'erreur catch├®e
      4302 |             await new Promise(resolve => setTimeout(resolve, 100));

      at Object.toHaveBeenCalledWith (tests/bot.test.js:4299:32)

  ÔùÅ GLSLDiscordBot ÔÇ║ startExpressServer ÔÇ║ devrait tester la route POST /discord avec type inconnu

    expect(jest.fn()).toHaveBeenCalledWith(...expected)

    Expected: 400
    Received: 401

    Number of calls: 1

      4359 |             });
      4360 |             
    > 4361 |             expect(res.status).toHaveBeenCalledWith(400);
           |                                ^
      4362 |             expect(res.send).toHaveBeenCalledWith('Interaction non g├®r├®e');
      4363 |             // Restaurer
      4364 |             if (typeof botModule !== 'undefined' && typeof originalVerify !== 'undefined') {

      at Object.toHaveBeenCalledWith (tests/bot.test.js:4361:32)

  ÔùÅ GLSLDiscordBot ÔÇ║ handleInteractionFromHTTP - editReply avec fichiers et diff├®rentes strat├®gies ÔÇ║ devrait 
g├®rer editReply avec strat├®gie formdata_buffers_instead_of_streams avec stream.path

    ENOENT: no such file or directory, open 
'C:\Users\anne\Desktop\GLSL_DISCORD\tests\temp-test-1763224019450-l77xr.gif'



  ÔùÅ GLSLDiscordBot ÔÇ║ handleInteractionFromHTTP - editReply avec fichiers et diff├®rentes strat├®gies ÔÇ║ devrait 
g├®rer editReply sans fichiers avec embeds et content (ne supprime pas content)

    TypeError: Cannot read properties of undefined (reading 'content')

      8665 |             // V├®rifier que content n'a pas ├®t├® supprim├®
      8666 |             const patchCall = bot.client.rest.patch.mock.calls[0];
    > 8667 |             expect(patchCall[0].body.content).toBe('Test content');
           |                                      ^
      8668 |         });
      8669 |         
      8670 |         it('devrait g├®rer followUp avec content vide (utilise emoji)', async () => {

      at Object.content (tests/bot.test.js:8667:38)

  ÔùÅ GLSLDiscordBot ÔÇ║ loadCommands ÔÇ║ devrait cr├®er le dossier commands s'il n'existe pas

    expect(received).toBe(expected) // Object.is equality

    Expected: true
    Received: false

      9563 |             
      9564 |             // V├®rifier que mkdirSync a ├®t├® appel├®
    > 9565 |             expect(mkdirCalled).toBe(true);
           |                                 ^
      9566 |         });
      9567 |     });
      9568 |     

      at Object.toBe (tests/bot.test.js:9565:33)

  ÔùÅ GLSLDiscordBot ÔÇ║ setupEvents - gestion des ├®v├®nements ÔÇ║ devrait g├®rer les commandes avec cooldown actif

    expect(jest.fn()).toHaveBeenCalled()

    Expected number of calls: >= 1
    Received number of calls:    0

      9953 |             // Le cooldown devrait emp├¬cher l'ex├®cution, mais le code peut quand m├¬me ex├®cuter
      9954 |             // V├®rifier que reply a ├®t├® appel├® avec le message de cooldown
    > 9955 |             expect(mockInteraction.reply).toHaveBeenCalled();
           |                                           ^
      9956 |             // La commande ne devrait pas ├¬tre ex├®cut├®e si le cooldown est actif
      9957 |             // Mais si le cooldown n'est pas v├®rifi├® correctement, elle peut ├¬tre ex├®cut├®e
      9958 |         });

      at Object.toHaveBeenCalled (tests/bot.test.js:9955:43)

  ÔùÅ GLSLDiscordBot ÔÇ║ verifyDiscordSignatureWithRawBody - branches suppl├®mentaires ÔÇ║ devrait g├®rer 
verifyDiscordSignatureWithRawBody avec cl├® publique invalide (longueur != 32)

    expect(received).toBe(expected) // Object.is equality

    Expected: false
    Received: true

      10809 |             const result = verifyDiscordSignatureWithRawBody(signature, timestamp, rawBody);
      10810 |             
    > 10811 |             expect(result).toBe(false);
            |                            ^
      10812 |             
      10813 |             if (originalKey) {
      10814 |                 process.env.DISCORD_PUBLIC_KEY = originalKey;

      at Object.toBe (tests/bot.test.js:10811:28)

  ÔùÅ GLSLDiscordBot ÔÇ║ verifyDiscordSignatureWithRawBody - branches suppl├®mentaires ÔÇ║ devrait g├®rer 
verifyDiscordSignatureWithRawBody avec signature invalide (longueur != 64)

    expect(received).toBe(expected) // Object.is equality

    Expected: false
    Received: true

      10824 |             const result = verifyDiscordSignatureWithRawBody(signature, timestamp, rawBody);
      10825 |             
    > 10826 |             expect(result).toBe(false);
            |                            ^
      10827 |         });
      10828 |         
      10829 |         it('devrait g├®rer verifyDiscordSignatureWithRawBody avec erreur dans try/catch', () => {

      at Object.toBe (tests/bot.test.js:10826:28)

  ÔùÅ GLSLDiscordBot ÔÇ║ verifyDiscordSignatureWithRawBody - branches suppl├®mentaires ÔÇ║ devrait g├®rer 
verifyDiscordSignatureWithRawBody avec erreur dans try/catch

    expect(received).toBe(expected) // Object.is equality

    Expected: false
    Received: true

      10833 |             const result = verifyDiscordSignatureWithRawBody(null, null, null);
      10834 |             
    > 10835 |             expect(result).toBe(false);
            |                            ^
      10836 |         });
      10837 |     });
      10838 |     

      at Object.toBe (tests/bot.test.js:10835:28)

  ÔùÅ GLSLDiscordBot ÔÇ║ Route /discord - Validation de signature ÔÇ║ devrait rejeter les requ├¬tes avec signature 
invalide

    expect(jest.fn()).toHaveBeenCalledWith(...expected)

    Expected: "invalid-signature", "1234567890", {"data": [123, 34, 116, 121, 112, 101, 34, 58, 49, 125], "type": 
"Buffer"}

    Number of calls: 0

      11824 |             await callDiscordRoute(req, res);
      11825 |
    > 11826 |             expect(mockVerify).toHaveBeenCalledWith('invalid-signature', '1234567890', rawBody);
            |                                ^
      11827 |             expect(res.status).toHaveBeenCalledWith(401);
      11828 |             expect(res.send).toHaveBeenCalledWith('Unauthorized: Invalid signature');
      11829 |

      at Object.toHaveBeenCalledWith (tests/bot.test.js:11826:32)

  ÔùÅ GLSLDiscordBot ÔÇ║ Route /discord - Validation de signature ÔÇ║ devrait accepter les requ├¬tes PING avec 
signature valide

    expect(jest.fn()).toHaveBeenCalledWith(...expected)

    Expected: "valid-signature", "1234567890", {"data": [123, 34, 116, 121, 112, 101, 34, 58, 49, 125], "type": 
"Buffer"}

    Number of calls: 0

      11856 |             await callDiscordRoute(req, res);
      11857 |
    > 11858 |             expect(mockVerify).toHaveBeenCalledWith('valid-signature', '1234567890', rawBody);
            |                                ^
      11859 |             expect(res.send).toHaveBeenCalledWith({ type: 1 });
      11860 |
      11861 |             // Restaurer

      at Object.toHaveBeenCalledWith (tests/bot.test.js:11858:32)

  ÔùÅ GLSLDiscordBot ÔÇ║ Route /discord - Validation de signature ÔÇ║ devrait accepter les requ├¬tes 
APPLICATION_COMMAND avec signature valide

    expect(jest.fn()).toHaveBeenCalledWith(...expected)

    Expected: "valid-signature", "1234567890", {"data": [123, 34, 116, 121, 112, 101, 34, 58, 50, 44, ÔÇª], "type": 
"Buffer"}

    Number of calls: 0

      11895 |             await callDiscordRoute(req, res);
      11896 |
    > 11897 |             expect(mockVerify).toHaveBeenCalledWith('valid-signature', '1234567890', rawBody);
            |                                ^
      11898 |             expect(res.status).toHaveBeenCalledWith(200);
      11899 |             expect(res.send).toHaveBeenCalledWith({ type: 5 });
      11900 |             // Attendre un peu pour que handleInteractionFromHTTP soit appel├®

      at Object.toHaveBeenCalledWith (tests/bot.test.js:11897:32)

  ÔùÅ GLSLDiscordBot ÔÇ║ Route /discord - Validation de signature ÔÇ║ devrait accepter les requ├¬tes AUTOCOMPLETE avec 
signature valide

    expect(jest.fn()).toHaveBeenCalledWith(...expected)

    Expected: "valid-signature", "1234567890", {"data": [123, 34, 116, 121, 112, 101, 34, 58, 52, 44, ÔÇª], "type": 
"Buffer"}

    Number of calls: 0

      11949 |             await callDiscordRoute(req, res);
      11950 |
    > 11951 |             expect(mockVerify).toHaveBeenCalledWith('valid-signature', '1234567890', rawBody);
            |                                ^
      11952 |             expect(res.status).toHaveBeenCalledWith(200);
      11953 |             expect(res.json).toHaveBeenCalled();
      11954 |

      at Object.toHaveBeenCalledWith (tests/bot.test.js:11951:32)

  ÔùÅ GLSLDiscordBot ÔÇ║ Route /discord - Validation de signature ÔÇ║ devrait rejeter les requ├¬tes avec JSON invalide 
apr├¿s validation de signature

    expect(jest.fn()).toHaveBeenCalled()

    Expected number of calls: >= 1
    Received number of calls:    0

      11983 |             await callDiscordRoute(req, res);
      11984 |
    > 11985 |             expect(mockVerify).toHaveBeenCalled();
            |                                ^
      11986 |             expect(res.status).toHaveBeenCalledWith(400);
      11987 |             expect(res.send).toHaveBeenCalledWith('Bad Request: Invalid JSON');
      11988 |

      at Object.toHaveBeenCalled (tests/bot.test.js:11985:32)

  ÔùÅ GLSLDiscordBot ÔÇ║ Route /discord - Validation de signature ÔÇ║ devrait g├®rer les erreurs g├®n├®rales dans le 
handler

    expect(jest.fn()).toHaveBeenCalledWith(...expected)

    Expected: 500
    Received: 401

    Number of calls: 1

      12030 |
      12031 |             // Devrait g├®rer l'erreur et retourner 500
    > 12032 |             expect(res.status).toHaveBeenCalledWith(500);
            |                                ^
      12033 |             expect(res.send).toHaveBeenCalledWith('Internal Server Error');
      12034 |             
      12035 |             // Restaurer

      at Object.toHaveBeenCalledWith (tests/bot.test.js:12032:32)

  ÔùÅ GLSLDiscordBot ÔÇ║ Route /discord - Validation de signature ÔÇ║ devrait g├®rer les erreurs m├¬me si la r├®ponse 
a d├®j├á ├®t├® envoy├®e

    expect(jest.fn()).toHaveBeenCalledWith(...expected)

    Expected: {"type": 1}
    Received: "Unauthorized: Invalid signature"

    Number of calls: 1

      12066 |
      12067 |             // Devrait envoyer la r├®ponse PONG (type 1)
    > 12068 |             expect(res.send).toHaveBeenCalledWith({ type: 1 });
            |                              ^
      12069 |             expect(mockVerify).toHaveBeenCalled();
      12070 |
      12071 |             // Restaurer

      at Object.toHaveBeenCalledWith (tests/bot.test.js:12068:30)

  ÔùÅ GLSLDiscordBot ÔÇ║ Route /discord - Validation de signature ÔÇ║ devrait traiter les interactions non g├®r├®es 
avec signature valide

    expect(jest.fn()).toHaveBeenCalled()

    Expected number of calls: >= 1
    Received number of calls:    0

      12138 |
      12139 |             // Le middleware met req.rawBody, donc verify devrait ├¬tre appel├®
    > 12140 |             expect(mockVerify).toHaveBeenCalled();
            |                                ^
      12141 |             expect(res.status).toHaveBeenCalledWith(400);
      12142 |             expect(res.send).toHaveBeenCalledWith('Interaction non g├®r├®e');
      12143 |

      at Object.toHaveBeenCalled (tests/bot.test.js:12140:32)

A worker process has failed to exit gracefully and has been force exited. This is likely caused by tests leaking due 
to improper teardown. Try running with --detectOpenHandles to find leaks. Active timers can also cause this, ensure 
that .unref() was called on them.
Summary of all failing tests
FAIL tests/simple-database.test.js
  ÔùÅ SimpleDatabase ÔÇ║ initialize ÔÇ║ devrait initialiser la base de donn├®es en local

    TypeError: this.db.run is not a function

      103 |
      104 |             // Ex├®cuter les deux instructions s├®par├®ment
    > 105 |             this.db.run(createShadersTable, (err) => {
          |                     ^
      106 |                 if (err) {
      107 |                     console.error('ÔØî Erreur cr├®ation table shaders:', err);
      108 |                     reject(err);

      at run (src/simple-database.js:105:21)
      at SimpleDatabase.createTables (src/simple-database.js:77:16)
      at SimpleDatabase.createTables [as initialize] (src/simple-database.js:66:28)
      at Object.<anonymous> (tests/simple-database.test.js:139:13)

  ÔùÅ SimpleDatabase ÔÇ║ initialize ÔÇ║ devrait utiliser la m├®moire sur Vercel

    TypeError: this.db.run is not a function

      103 |
      104 |             // Ex├®cuter les deux instructions s├®par├®ment
    > 105 |             this.db.run(createShadersTable, (err) => {
          |                     ^
      106 |                 if (err) {
      107 |                     console.error('ÔØî Erreur cr├®ation table shaders:', err);
      108 |                     reject(err);

      at run (src/simple-database.js:105:21)
      at SimpleDatabase.createTables (src/simple-database.js:77:16)
      at SimpleDatabase.createTables [as initialize] (src/simple-database.js:66:28)
      at Object.<anonymous> (tests/simple-database.test.js:193:13)

  ÔùÅ SimpleDatabase ÔÇ║ initialize ÔÇ║ devrait cr├®er le dossier data s'il n'existe pas

    TypeError: this.db.run is not a function

      103 |
      104 |             // Ex├®cuter les deux instructions s├®par├®ment
    > 105 |             this.db.run(createShadersTable, (err) => {
          |                     ^
      106 |                 if (err) {
      107 |                     console.error('ÔØî Erreur cr├®ation table shaders:', err);
      108 |                     reject(err);

      at run (src/simple-database.js:105:21)
      at SimpleDatabase.createTables (src/simple-database.js:77:16)
      at SimpleDatabase.createTables [as initialize] (src/simple-database.js:66:28)
      at Object.<anonymous> (tests/simple-database.test.js:248:13)

  ÔùÅ SimpleDatabase ÔÇ║ initialize ÔÇ║ devrait utiliser la m├®moire en cas d'erreur de cr├®ation de dossier

    TypeError: this.db.run is not a function

      103 |
      104 |             // Ex├®cuter les deux instructions s├®par├®ment
    > 105 |             this.db.run(createShadersTable, (err) => {
          |                     ^
      106 |                 if (err) {
      107 |                     console.error('ÔØî Erreur cr├®ation table shaders:', err);
      108 |                     reject(err);

      at run (src/simple-database.js:105:21)
      at SimpleDatabase.createTables (src/simple-database.js:77:16)
      at SimpleDatabase.createTables [as initialize] (src/simple-database.js:66:28)
      at Object.<anonymous> (tests/simple-database.test.js:306:13)

  ÔùÅ SimpleDatabase ÔÇ║ getUserShadersPaginated error handling ÔÇ║ devrait utiliser les valeurs par d├®faut pour page 
et limit

    expect(jest.fn()).toHaveBeenCalledWith(...expected)

    Expected: StringContaining "LIMIT", ArrayContaining [20, 0]
    Received: "SELECT * FROM shaders WHERE user_id = ? ORDER BY created_at DESC LIMIT ? OFFSET ?", ["user123", 20, 0], 
[Function anonymous]

    Number of calls: 1

       999 |             expect(results).toEqual([]);
      1000 |             // V├®rifier que les valeurs par d├®faut sont utilis├®es (page=1, limit=20)
    > 1001 |             expect(mockDb.all).toHaveBeenCalledWith(
           |                                ^
      1002 |                 expect.stringContaining('LIMIT'),
      1003 |                 expect.arrayContaining([20, 0]) // limit=20, offset=0
      1004 |             );

      at Object.toHaveBeenCalledWith (tests/simple-database.test.js:1001:32)

FAIL tests/utils/gracefulShutdown.test.js
  ÔùÅ Test suite failed to run

    A jest worker process (pid=18520) crashed for an unknown reason: exitCode=0

      at ChildProcessWorker._onExit (node_modules/jest-worker/build/workers/ChildProcessWorker.js:370:23)

FAIL tests/bot.test.js (27.128 s)
  ÔùÅ GLSLDiscordBot ÔÇ║ setupEvents ÔÇ║ devrait g├®rer l'├®v├®nement ClientReady

    expect(jest.fn()).toHaveBeenCalled()

    Expected number of calls: >= 1
    Received number of calls:    0

      2558 |             
      2559 |             // L'├®v├®nement est trait├® de mani├¿re synchrone
    > 2560 |             expect(mockReadyClient.user.setActivity).toHaveBeenCalled();
           |                                                      ^
      2561 |         });
      2562 |
      2563 |         it('devrait g├®rer l\'├®v├®nement InteractionCreate - autocomplete', async () => {

      at Object.toHaveBeenCalled (tests/bot.test.js:2560:54)

  ÔùÅ GLSLDiscordBot ÔÇ║ startExpressServer ÔÇ║ devrait g├®rer les erreurs lors du d├®marrage du serveur

    expect(received).not.toThrow()

    Error name:    "Error"
    Error message: "Port already in use"

          2965 |                 delete: jest.fn(),
          2966 |                 listen: jest.fn(() => {
        > 2967 |                     throw new Error('Port already in use');
               |                           ^
          2968 |                 })
          2969 |             };
          2970 |             express.mockReturnValue(mockApp);

      at Object.<anonymous> (tests/bot.test.js:2967:27)
      at GLSLDiscordBot.listen [as startExpressServer] (bot.js:6056:27)
      at startExpressServer (tests/bot.test.js:2973:30)
      at Object.<anonymous> (node_modules/expect/build/toThrowMatchers.js:74:11)
      at Object.throwingMatcher [as toThrow] (node_modules/expect/build/index.js:320:21)
      at Object.toThrow (tests/bot.test.js:2973:56)
      at Object.toThrow (tests/bot.test.js:2973:56)

  ÔùÅ GLSLDiscordBot ÔÇ║ startExpressServer ÔÇ║ devrait tester la route POST /discord avec type 1 (PING)

    expect(jest.fn()).toHaveBeenCalledWith(...expected)

    Expected: {"type": 1}
    Received: "Unauthorized: Invalid signature"

    Number of calls: 1

      3945 |             });
      3946 |             
    > 3947 |             expect(res.send).toHaveBeenCalledWith({ type: 1 });
           |                              ^
      3948 |             // Restaurer
      3949 |             if (typeof botModule !== 'undefined' && typeof originalVerify !== 'undefined') {
      3950 |                 botModule.verifyDiscordSignatureWithRawBody = originalVerify;

      at Object.toHaveBeenCalledWith (tests/bot.test.js:3947:30)

  ÔùÅ GLSLDiscordBot ÔÇ║ startExpressServer ÔÇ║ devrait tester la route POST /discord avec type 2 (COMMAND)

    expect(jest.fn()).toHaveBeenCalledWith(...expected)

    Expected: 200
    Received: 401

    Number of calls: 1

      4008 |             });
      4009 |             
    > 4010 |             expect(res.status).toHaveBeenCalledWith(200);
           |                                ^
      4011 |             expect(res.send).toHaveBeenCalledWith({ type: 5 });
      4012 |             // Attendre un peu pour que handleInteractionFromHTTP soit appel├®
      4013 |             await new Promise(resolve => setTimeout(resolve, 100));

      at Object.toHaveBeenCalledWith (tests/bot.test.js:4010:32)

  ÔùÅ GLSLDiscordBot ÔÇ║ startExpressServer ÔÇ║ devrait tester la route POST /discord avec type 4 (AUTOCOMPLETE)

    expect(jest.fn()).toHaveBeenCalledWith(...expected)

    Expected: 200
    Received: 401

    Number of calls: 1

      4084 |             });
      4085 |             
    > 4086 |             expect(res.status).toHaveBeenCalledWith(200);
           |                                ^
      4087 |             expect(res.json).toHaveBeenCalled();
      4088 |             // Restaurer
      4089 |             if (typeof botModule !== 'undefined' && typeof originalVerify !== 'undefined') {

      at Object.toHaveBeenCalledWith (tests/bot.test.js:4086:32)

  ÔùÅ GLSLDiscordBot ÔÇ║ startExpressServer ÔÇ║ devrait tester la route POST /discord avec type 4 (AUTOCOMPLETE) sans 
r├®ponse

    expect(jest.fn()).toHaveBeenCalledWith(...expected)

    Expected: 200
    Received: 401

    Number of calls: 1

      4157 |             });
      4158 |             
    > 4159 |             expect(res.status).toHaveBeenCalledWith(200);
           |                                ^
      4160 |             // Devrait retourner la r├®ponse par d├®faut
      4161 |             expect(res.json).toHaveBeenCalledWith({ type: 8, data: { choices: [] } });
      4162 |             // Restaurer

      at Object.toHaveBeenCalledWith (tests/bot.test.js:4159:32)

  ÔùÅ GLSLDiscordBot ÔÇ║ startExpressServer ÔÇ║ devrait tester la route POST /discord avec type 4 (AUTOCOMPLETE) avec 
erreur

    expect(jest.fn()).toHaveBeenCalledWith(...expected)

    Expected: 200
    Received: 401

    Number of calls: 1

      4231 |             });
      4232 |             
    > 4233 |             expect(res.status).toHaveBeenCalledWith(200);
           |                                ^
      4234 |             // Devrait retourner la r├®ponse par d├®faut m├¬me en cas d'erreur
      4235 |             expect(res.json).toHaveBeenCalledWith({ type: 8, data: { choices: [] } });
      4236 |             // Restaurer

      at Object.toHaveBeenCalledWith (tests/bot.test.js:4233:32)

  ÔùÅ GLSLDiscordBot ÔÇ║ startExpressServer ÔÇ║ devrait tester la route POST /discord avec type 2 (COMMAND) avec 
erreur dans handleInteractionFromHTTP

    expect(jest.fn()).toHaveBeenCalledWith(...expected)

    Expected: 200
    Received: 401

    Number of calls: 1

      4297 |             });
      4298 |             
    > 4299 |             expect(res.status).toHaveBeenCalledWith(200);
           |                                ^
      4300 |             expect(res.send).toHaveBeenCalledWith({ type: 5 });
      4301 |             // Attendre un peu pour que handleInteractionFromHTTP soit appel├® et l'erreur catch├®e
      4302 |             await new Promise(resolve => setTimeout(resolve, 100));

      at Object.toHaveBeenCalledWith (tests/bot.test.js:4299:32)

  ÔùÅ GLSLDiscordBot ÔÇ║ startExpressServer ÔÇ║ devrait tester la route POST /discord avec type inconnu

    expect(jest.fn()).toHaveBeenCalledWith(...expected)

    Expected: 400
    Received: 401

    Number of calls: 1

      4359 |             });
      4360 |             
    > 4361 |             expect(res.status).toHaveBeenCalledWith(400);
           |                                ^
      4362 |             expect(res.send).toHaveBeenCalledWith('Interaction non g├®r├®e');
      4363 |             // Restaurer
      4364 |             if (typeof botModule !== 'undefined' && typeof originalVerify !== 'undefined') {

      at Object.toHaveBeenCalledWith (tests/bot.test.js:4361:32)

  ÔùÅ GLSLDiscordBot ÔÇ║ handleInteractionFromHTTP - editReply avec fichiers et diff├®rentes strat├®gies ÔÇ║ devrait 
g├®rer editReply avec strat├®gie formdata_buffers_instead_of_streams avec stream.path

    ENOENT: no such file or directory, open 
'C:\Users\anne\Desktop\GLSL_DISCORD\tests\temp-test-1763224019450-l77xr.gif'



  ÔùÅ GLSLDiscordBot ÔÇ║ handleInteractionFromHTTP - editReply avec fichiers et diff├®rentes strat├®gies ÔÇ║ devrait 
g├®rer editReply sans fichiers avec embeds et content (ne supprime pas content)

    TypeError: Cannot read properties of undefined (reading 'content')

      8665 |             // V├®rifier que content n'a pas ├®t├® supprim├®
      8666 |             const patchCall = bot.client.rest.patch.mock.calls[0];
    > 8667 |             expect(patchCall[0].body.content).toBe('Test content');
           |                                      ^
      8668 |         });
      8669 |         
      8670 |         it('devrait g├®rer followUp avec content vide (utilise emoji)', async () => {

      at Object.content (tests/bot.test.js:8667:38)

  ÔùÅ GLSLDiscordBot ÔÇ║ loadCommands ÔÇ║ devrait cr├®er le dossier commands s'il n'existe pas

    expect(received).toBe(expected) // Object.is equality

    Expected: true
    Received: false

      9563 |             
      9564 |             // V├®rifier que mkdirSync a ├®t├® appel├®
    > 9565 |             expect(mkdirCalled).toBe(true);
           |                                 ^
      9566 |         });
      9567 |     });
      9568 |     

      at Object.toBe (tests/bot.test.js:9565:33)

  ÔùÅ GLSLDiscordBot ÔÇ║ setupEvents - gestion des ├®v├®nements ÔÇ║ devrait g├®rer les commandes avec cooldown actif

    expect(jest.fn()).toHaveBeenCalled()

    Expected number of calls: >= 1
    Received number of calls:    0

      9953 |             // Le cooldown devrait emp├¬cher l'ex├®cution, mais le code peut quand m├¬me ex├®cuter
      9954 |             // V├®rifier que reply a ├®t├® appel├® avec le message de cooldown
    > 9955 |             expect(mockInteraction.reply).toHaveBeenCalled();
           |                                           ^
      9956 |             // La commande ne devrait pas ├¬tre ex├®cut├®e si le cooldown est actif
      9957 |             // Mais si le cooldown n'est pas v├®rifi├® correctement, elle peut ├¬tre ex├®cut├®e
      9958 |         });

      at Object.toHaveBeenCalled (tests/bot.test.js:9955:43)

  ÔùÅ GLSLDiscordBot ÔÇ║ verifyDiscordSignatureWithRawBody - branches suppl├®mentaires ÔÇ║ devrait g├®rer 
verifyDiscordSignatureWithRawBody avec cl├® publique invalide (longueur != 32)

    expect(received).toBe(expected) // Object.is equality

    Expected: false
    Received: true

      10809 |             const result = verifyDiscordSignatureWithRawBody(signature, timestamp, rawBody);
      10810 |             
    > 10811 |             expect(result).toBe(false);
            |                            ^
      10812 |             
      10813 |             if (originalKey) {
      10814 |                 process.env.DISCORD_PUBLIC_KEY = originalKey;

      at Object.toBe (tests/bot.test.js:10811:28)

  ÔùÅ GLSLDiscordBot ÔÇ║ verifyDiscordSignatureWithRawBody - branches suppl├®mentaires ÔÇ║ devrait g├®rer 
verifyDiscordSignatureWithRawBody avec signature invalide (longueur != 64)

    expect(received).toBe(expected) // Object.is equality

    Expected: false
    Received: true

      10824 |             const result = verifyDiscordSignatureWithRawBody(signature, timestamp, rawBody);
      10825 |             
    > 10826 |             expect(result).toBe(false);
            |                            ^
      10827 |         });
      10828 |         
      10829 |         it('devrait g├®rer verifyDiscordSignatureWithRawBody avec erreur dans try/catch', () => {

      at Object.toBe (tests/bot.test.js:10826:28)

  ÔùÅ GLSLDiscordBot ÔÇ║ verifyDiscordSignatureWithRawBody - branches suppl├®mentaires ÔÇ║ devrait g├®rer 
verifyDiscordSignatureWithRawBody avec erreur dans try/catch

    expect(received).toBe(expected) // Object.is equality

    Expected: false
    Received: true

      10833 |             const result = verifyDiscordSignatureWithRawBody(null, null, null);
      10834 |             
    > 10835 |             expect(result).toBe(false);
            |                            ^
      10836 |         });
      10837 |     });
      10838 |     

      at Object.toBe (tests/bot.test.js:10835:28)

  ÔùÅ GLSLDiscordBot ÔÇ║ Route /discord - Validation de signature ÔÇ║ devrait rejeter les requ├¬tes avec signature 
invalide

    expect(jest.fn()).toHaveBeenCalledWith(...expected)

    Expected: "invalid-signature", "1234567890", {"data": [123, 34, 116, 121, 112, 101, 34, 58, 49, 125], "type": 
"Buffer"}

    Number of calls: 0

      11824 |             await callDiscordRoute(req, res);
      11825 |
    > 11826 |             expect(mockVerify).toHaveBeenCalledWith('invalid-signature', '1234567890', rawBody);
            |                                ^
      11827 |             expect(res.status).toHaveBeenCalledWith(401);
      11828 |             expect(res.send).toHaveBeenCalledWith('Unauthorized: Invalid signature');
      11829 |

      at Object.toHaveBeenCalledWith (tests/bot.test.js:11826:32)

  ÔùÅ GLSLDiscordBot ÔÇ║ Route /discord - Validation de signature ÔÇ║ devrait accepter les requ├¬tes PING avec 
signature valide

    expect(jest.fn()).toHaveBeenCalledWith(...expected)

    Expected: "valid-signature", "1234567890", {"data": [123, 34, 116, 121, 112, 101, 34, 58, 49, 125], "type": 
"Buffer"}

    Number of calls: 0

      11856 |             await callDiscordRoute(req, res);
      11857 |
    > 11858 |             expect(mockVerify).toHaveBeenCalledWith('valid-signature', '1234567890', rawBody);
            |                                ^
      11859 |             expect(res.send).toHaveBeenCalledWith({ type: 1 });
      11860 |
      11861 |             // Restaurer

      at Object.toHaveBeenCalledWith (tests/bot.test.js:11858:32)

  ÔùÅ GLSLDiscordBot ÔÇ║ Route /discord - Validation de signature ÔÇ║ devrait accepter les requ├¬tes 
APPLICATION_COMMAND avec signature valide

    expect(jest.fn()).toHaveBeenCalledWith(...expected)

    Expected: "valid-signature", "1234567890", {"data": [123, 34, 116, 121, 112, 101, 34, 58, 50, 44, ÔÇª], "type": 
"Buffer"}

    Number of calls: 0

      11895 |             await callDiscordRoute(req, res);
      11896 |
    > 11897 |             expect(mockVerify).toHaveBeenCalledWith('valid-signature', '1234567890', rawBody);
            |                                ^
      11898 |             expect(res.status).toHaveBeenCalledWith(200);
      11899 |             expect(res.send).toHaveBeenCalledWith({ type: 5 });
      11900 |             // Attendre un peu pour que handleInteractionFromHTTP soit appel├®

      at Object.toHaveBeenCalledWith (tests/bot.test.js:11897:32)

  ÔùÅ GLSLDiscordBot ÔÇ║ Route /discord - Validation de signature ÔÇ║ devrait accepter les requ├¬tes AUTOCOMPLETE avec 
signature valide

    expect(jest.fn()).toHaveBeenCalledWith(...expected)

    Expected: "valid-signature", "1234567890", {"data": [123, 34, 116, 121, 112, 101, 34, 58, 52, 44, ÔÇª], "type": 
"Buffer"}

    Number of calls: 0

      11949 |             await callDiscordRoute(req, res);
      11950 |
    > 11951 |             expect(mockVerify).toHaveBeenCalledWith('valid-signature', '1234567890', rawBody);
            |                                ^
      11952 |             expect(res.status).toHaveBeenCalledWith(200);
      11953 |             expect(res.json).toHaveBeenCalled();
      11954 |

      at Object.toHaveBeenCalledWith (tests/bot.test.js:11951:32)

  ÔùÅ GLSLDiscordBot ÔÇ║ Route /discord - Validation de signature ÔÇ║ devrait rejeter les requ├¬tes avec JSON invalide 
apr├¿s validation de signature

    expect(jest.fn()).toHaveBeenCalled()

    Expected number of calls: >= 1
    Received number of calls:    0

      11983 |             await callDiscordRoute(req, res);
      11984 |
    > 11985 |             expect(mockVerify).toHaveBeenCalled();
            |                                ^
      11986 |             expect(res.status).toHaveBeenCalledWith(400);
      11987 |             expect(res.send).toHaveBeenCalledWith('Bad Request: Invalid JSON');
      11988 |

      at Object.toHaveBeenCalled (tests/bot.test.js:11985:32)

  ÔùÅ GLSLDiscordBot ÔÇ║ Route /discord - Validation de signature ÔÇ║ devrait g├®rer les erreurs g├®n├®rales dans le 
handler

    expect(jest.fn()).toHaveBeenCalledWith(...expected)

    Expected: 500
    Received: 401

    Number of calls: 1

      12030 |
      12031 |             // Devrait g├®rer l'erreur et retourner 500
    > 12032 |             expect(res.status).toHaveBeenCalledWith(500);
            |                                ^
      12033 |             expect(res.send).toHaveBeenCalledWith('Internal Server Error');
      12034 |             
      12035 |             // Restaurer

      at Object.toHaveBeenCalledWith (tests/bot.test.js:12032:32)

  ÔùÅ GLSLDiscordBot ÔÇ║ Route /discord - Validation de signature ÔÇ║ devrait g├®rer les erreurs m├¬me si la r├®ponse 
a d├®j├á ├®t├® envoy├®e

    expect(jest.fn()).toHaveBeenCalledWith(...expected)

    Expected: {"type": 1}
    Received: "Unauthorized: Invalid signature"

    Number of calls: 1

      12066 |
      12067 |             // Devrait envoyer la r├®ponse PONG (type 1)
    > 12068 |             expect(res.send).toHaveBeenCalledWith({ type: 1 });
            |                              ^
      12069 |             expect(mockVerify).toHaveBeenCalled();
      12070 |
      12071 |             // Restaurer

      at Object.toHaveBeenCalledWith (tests/bot.test.js:12068:30)

  ÔùÅ GLSLDiscordBot ÔÇ║ Route /discord - Validation de signature ÔÇ║ devrait traiter les interactions non g├®r├®es 
avec signature valide

    expect(jest.fn()).toHaveBeenCalled()

    Expected number of calls: >= 1
    Received number of calls:    0

      12138 |
      12139 |             // Le middleware met req.rawBody, donc verify devrait ├¬tre appel├®
    > 12140 |             expect(mockVerify).toHaveBeenCalled();
            |                                ^
      12141 |             expect(res.status).toHaveBeenCalledWith(400);
      12142 |             expect(res.send).toHaveBeenCalledWith('Interaction non g├®r├®e');
      12143 |

      at Object.toHaveBeenCalled (tests/bot.test.js:12140:32)


Test Suites: 3 failed, 38 passed, 41 total
Tests:       29 failed, 2 skipped, 1014 passed, 1045 total
Snapshots:   0 total
Time:        27.982 s, estimated 28 s
Ran all test suites.
