
> shaderbot@2.1.0 test
> jest tests/bot.test.js

  console.error
    Erreur lors de la r├®cup├®ration du shader rainbow: Error: Shader error
        at GLSLDiscordBot.<anonymous> (C:\Users\anne\Desktop\GLSL_DISCORD\tests\bot.test.js:342:23)
        at C:\Users\anne\Desktop\GLSL_DISCORD\node_modules\jest-mock\build\index.js:397:39
        at GLSLDiscordBot.<anonymous> (C:\Users\anne\Desktop\GLSL_DISCORD\node_modules\jest-mock\build\index.js:404:13)
        at GLSLDiscordBot.mockConstructor [as getRainbowShader] (C:\Users\anne\Desktop\GLSL_DISCORD\node_modules\jest-mock\build\index.js:148:19)
        at getRainbowShader (C:\Users\anne\Desktop\GLSL_DISCORD\bot.js:4431:35)
        at GLSLDiscordBot.getter [as getShaderCodeByName] (C:\Users\anne\Desktop\GLSL_DISCORD\bot.js:4548:24)
        at Object.getShaderCodeByName (C:\Users\anne\Desktop\GLSL_DISCORD\tests\bot.test.js:345:32)
        at Promise.then.completed (C:\Users\anne\Desktop\GLSL_DISCORD\node_modules\jest-circus\build\utils.js:298:28)
        at new Promise (<anonymous>)
        at callAsyncCircusFn (C:\Users\anne\Desktop\GLSL_DISCORD\node_modules\jest-circus\build\utils.js:231:10)
        at _callCircusTest (C:\Users\anne\Desktop\GLSL_DISCORD\node_modules\jest-circus\build\run.js:316:40)
        at processTicksAndRejections (node:internal/process/task_queues:95:5)
        at _runTest (C:\Users\anne\Desktop\GLSL_DISCORD\node_modules\jest-circus\build\run.js:252:3)
        at _runTestsForDescribeBlock (C:\Users\anne\Desktop\GLSL_DISCORD\node_modules\jest-circus\build\run.js:126:9)
        at _runTestsForDescribeBlock (C:\Users\anne\Desktop\GLSL_DISCORD\node_modules\jest-circus\build\run.js:121:9)
        at _runTestsForDescribeBlock (C:\Users\anne\Desktop\GLSL_DISCORD\node_modules\jest-circus\build\run.js:121:9)
        at run (C:\Users\anne\Desktop\GLSL_DISCORD\node_modules\jest-circus\build\run.js:71:3)
        at runAndTransformResultsToJestFormat (C:\Users\anne\Desktop\GLSL_DISCORD\node_modules\jest-circus\build\legacy-code-todo-rewrite\jestAdapterInit.js:122:21)
        at jestAdapter (C:\Users\anne\Desktop\GLSL_DISCORD\node_modules\jest-circus\build\legacy-code-todo-rewrite\jestAdapter.js:79:19)
        at runTestInternal (C:\Users\anne\Desktop\GLSL_DISCORD\node_modules\jest-runner\build\runTest.js:367:16)
        at runTest (C:\Users\anne\Desktop\GLSL_DISCORD\node_modules\jest-runner\build\runTest.js:444:34)

      4548 |                 return getter();
      4549 |             } catch (error) {
    > 4550 |                 console.error(`Erreur lors de la r├®cup├®ration du shader ${name}:`, error);
           |                         ^
      4551 |                 return null;
      4552 |             }
      4553 |         }

      at GLSLDiscordBot.error [as getShaderCodeByName] (bot.js:4550:25)
      at Object.getShaderCodeByName (tests/bot.test.js:345:32)

  console.log
    Ô£à Commande charg├®e: undefined

      at GLSLDiscordBot.log [as loadCommands] (bot.js:214:25)

  console.log
    Ô£à Commande charg├®e: undefined

      at GLSLDiscordBot.log [as loadCommands] (bot.js:214:25)

  console.log
    Ô£à Commande charg├®e: undefined

      at GLSLDiscordBot.log [as loadCommands] (bot.js:214:25)

  console.log
    Ô£à Commande charg├®e: undefined

      at GLSLDiscordBot.log [as loadCommands] (bot.js:214:25)

  console.log
    Ô£à Commande charg├®e: undefined

      at GLSLDiscordBot.log [as loadCommands] (bot.js:214:25)

  console.log
    Ô£à Commande charg├®e: undefined

      at GLSLDiscordBot.log [as loadCommands] (bot.js:214:25)

  console.log
    ­ƒôü Dossier commands cr├®├®

      at GLSLDiscordBot.log [as loadCommands] (bot.js:203:21)

  console.log
    ­ƒöä handleInteractionFromHTTP appel├®

      at GLSLDiscordBot.log [as handleInteractionFromHTTP] (bot.js:4593:17)

  console.log
    ­ƒôï Interaction d├®tails: {
      id: '123',
      hasToken: true,
      type: 1,
      commandName: undefined,
      markedAsProcessed: true
    }

      at GLSLDiscordBot.log [as handleInteractionFromHTTP] (bot.js:4608:17)

  console.log
    ­ƒöä handleInteractionFromHTTP appel├®

      at GLSLDiscordBot.log [as handleInteractionFromHTTP] (bot.js:4593:17)

  console.log
    ­ƒôï Interaction d├®tails: {
      id: '123',
      hasToken: true,
      type: 4,
      commandName: 'shader-preset',
      markedAsProcessed: true
    }

      at GLSLDiscordBot.log [as handleInteractionFromHTTP] (bot.js:4608:17)

  console.log
    ­ƒöì Autocomplete HTTP re├ºu: shader-preset

      at GLSLDiscordBot.log [as handleInteractionFromHTTP] (bot.js:5577:25)

  console.log
    ­ƒöä handleInteractionFromHTTP appel├®

      at GLSLDiscordBot.log [as handleInteractionFromHTTP] (bot.js:4593:17)

  console.log
    ­ƒôï Interaction d├®tails: {
      id: '123',
      hasToken: true,
      type: 2,
      commandName: 'help',
      markedAsProcessed: true
    }

      at GLSLDiscordBot.log [as handleInteractionFromHTTP] (bot.js:4608:17)

  console.log
    ­ƒöì Commande HTTP re├ºue: help (user: testuser#1234)

      at GLSLDiscordBot.log [as handleInteractionFromHTTP] (bot.js:4632:25)

  console.log
    ÔûÂ´©Å Ex├®cution commande HTTP: help

      at GLSLDiscordBot.log [as handleInteractionFromHTTP] (bot.js:5556:29)

  console.log
    Ô£à Commande HTTP help ex├®cut├®e avec succ├¿s

      at GLSLDiscordBot.log [as handleInteractionFromHTTP] (bot.js:5562:29)

  console.log
    ­ƒöä handleInteractionFromHTTP appel├®

      at GLSLDiscordBot.log [as handleInteractionFromHTTP] (bot.js:4593:17)

  console.log
    ­ƒôï Interaction d├®tails: {
      id: '123',
      hasToken: true,
      type: 2,
      commandName: 'nonexistent',
      markedAsProcessed: true
    }

      at GLSLDiscordBot.log [as handleInteractionFromHTTP] (bot.js:4608:17)

  console.log
    ­ƒöì Commande HTTP re├ºue: nonexistent (user: undefined)

      at GLSLDiscordBot.log [as handleInteractionFromHTTP] (bot.js:4632:25)

  console.error
    ÔÜá´©Å Commande non trouv├®e: nonexistent

      4638 |                 
      4639 |                 if (!command) {
    > 4640 |                     console.error(`ÔÜá´©Å Commande non trouv├®e: ${commandName}`);
           |                             ^
      4641 |                     await rest.patch(Routes.webhookMessage(applicationId, interactionToken), {
      4642 |                         body: {
      4643 |                             content: 'ÔØî Commande non trouv├®e.'

      at GLSLDiscordBot.error [as handleInteractionFromHTTP] (bot.js:4640:29)
      at Object.handleInteractionFromHTTP (tests/bot.test.js:1660:23)

  console.log
    ­ƒöä handleInteractionFromHTTP appel├®

      at GLSLDiscordBot.log [as handleInteractionFromHTTP] (bot.js:4593:17)

  console.log
    ­ƒôï Interaction d├®tails: {
      id: null,
      hasToken: false,
      type: 2,
      commandName: 'help',
      markedAsProcessed: true
    }

      at GLSLDiscordBot.log [as handleInteractionFromHTTP] (bot.js:4608:17)

  console.error
    ÔØî Interaction ID ou token manquant { hasId: false, hasToken: false }

      4615 |         
      4616 |         if (!interactionId || !interactionToken) {
    > 4617 |             console.error('ÔØî Interaction ID ou token manquant', {
           |                     ^
      4618 |                 hasId: !!interactionId,
      4619 |                 hasToken: !!interactionToken
      4620 |             });

      at GLSLDiscordBot.error [as handleInteractionFromHTTP] (bot.js:4617:21)
      at Object.handleInteractionFromHTTP (tests/bot.test.js:1691:38)

  console.log
    ­ƒöä handleInteractionFromHTTP appel├®

      at GLSLDiscordBot.log [as handleInteractionFromHTTP] (bot.js:4593:17)

  console.log
    ­ƒôï Interaction d├®tails: {
      id: '123',
      hasToken: true,
      type: 2,
      commandName: 'shader',
      markedAsProcessed: true
    }

      at GLSLDiscordBot.log [as handleInteractionFromHTTP] (bot.js:4608:17)

  console.log
    ­ƒöì Commande HTTP re├ºue: shader (user: testuser#1234)

      at GLSLDiscordBot.log [as handleInteractionFromHTTP] (bot.js:4632:25)

  console.log
    ÔûÂ´©Å Ex├®cution commande HTTP: shader

      at GLSLDiscordBot.log [as handleInteractionFromHTTP] (bot.js:5556:29)

  console.log
    Ô£à Commande HTTP shader ex├®cut├®e avec succ├¿s

      at GLSLDiscordBot.log [as handleInteractionFromHTTP] (bot.js:5562:29)

  console.log
    ­ƒöä handleInteractionFromHTTP appel├®

      at GLSLDiscordBot.log [as handleInteractionFromHTTP] (bot.js:4593:17)

  console.log
    ­ƒôï Interaction d├®tails: {
      id: '123',
      hasToken: true,
      type: 2,
      commandName: 'shader',
      markedAsProcessed: true
    }

      at GLSLDiscordBot.log [as handleInteractionFromHTTP] (bot.js:4608:17)

  console.log
    ­ƒöì Commande HTTP re├ºue: shader (user: testuser#1234)

      at GLSLDiscordBot.log [as handleInteractionFromHTTP] (bot.js:4632:25)

  console.log
    ÔûÂ´©Å Ex├®cution commande HTTP: shader

      at GLSLDiscordBot.log [as handleInteractionFromHTTP] (bot.js:5556:29)

  console.log
    Ô£à Commande HTTP shader ex├®cut├®e avec succ├¿s

      at GLSLDiscordBot.log [as handleInteractionFromHTTP] (bot.js:5562:29)

  console.log
    ­ƒöä handleInteractionFromHTTP appel├®

      at GLSLDiscordBot.log [as handleInteractionFromHTTP] (bot.js:4593:17)

  console.log
    ­ƒôï Interaction d├®tails: {
      id: '123',
      hasToken: true,
      type: 2,
      commandName: 'help',
      markedAsProcessed: true
    }

      at GLSLDiscordBot.log [as handleInteractionFromHTTP] (bot.js:4608:17)

  console.log
    ­ƒöì Commande HTTP re├ºue: help (user: undefined)

      at GLSLDiscordBot.log [as handleInteractionFromHTTP] (bot.js:4632:25)

  console.log
    ÔûÂ´©Å Ex├®cution commande HTTP: help

      at GLSLDiscordBot.log [as handleInteractionFromHTTP] (bot.js:5556:29)

  console.log
    Ô£à Commande HTTP help ex├®cut├®e avec succ├¿s

      at GLSLDiscordBot.log [as handleInteractionFromHTTP] (bot.js:5562:29)

  console.log
    ­ƒöä handleInteractionFromHTTP appel├®

      at GLSLDiscordBot.log [as handleInteractionFromHTTP] (bot.js:4593:17)

  console.log
    ­ƒôï Interaction d├®tails: {
      id: '123',
      hasToken: true,
      type: 2,
      commandName: 'help',
      markedAsProcessed: true
    }

      at GLSLDiscordBot.log [as handleInteractionFromHTTP] (bot.js:4608:17)

  console.log
    ­ƒöì Commande HTTP re├ºue: help (user: testuser#1234)

      at GLSLDiscordBot.log [as handleInteractionFromHTTP] (bot.js:4632:25)

  console.log
    ÔÅ¡´©Å Commande HTTP help d├®j├á en cours d'ex├®cution pour l'utilisateur user123, ignor├®e

      at GLSLDiscordBot.log [as handleInteractionFromHTTP] (bot.js:4675:29)

  console.log
    ­ƒöä handleInteractionFromHTTP appel├®

      at GLSLDiscordBot.log [as handleInteractionFromHTTP] (bot.js:4593:17)

  console.log
    ­ƒôï Interaction d├®tails: {
      id: '123',
      hasToken: true,
      type: 2,
      commandName: 'help',
      markedAsProcessed: true
    }

      at GLSLDiscordBot.log [as handleInteractionFromHTTP] (bot.js:4608:17)

  console.log
    ­ƒöì Commande HTTP re├ºue: help (user: testuser#1234)

      at GLSLDiscordBot.log [as handleInteractionFromHTTP] (bot.js:4632:25)

  console.log
    ÔûÂ´©Å Ex├®cution commande HTTP: help

      at GLSLDiscordBot.log [as handleInteractionFromHTTP] (bot.js:5556:29)

  console.error
    ÔØî Erreur lors de l'ex├®cution de la commande HTTP help: Error: Command error
        at Object.<anonymous> (C:\Users\anne\Desktop\GLSL_DISCORD\tests\bot.test.js:1902:54)
        at Promise.then.completed (C:\Users\anne\Desktop\GLSL_DISCORD\node_modules\jest-circus\build\utils.js:298:28)
        at new Promise (<anonymous>)
        at callAsyncCircusFn (C:\Users\anne\Desktop\GLSL_DISCORD\node_modules\jest-circus\build\utils.js:231:10)
        at _callCircusTest (C:\Users\anne\Desktop\GLSL_DISCORD\node_modules\jest-circus\build\run.js:316:40)
        at processTicksAndRejections (node:internal/process/task_queues:95:5)
        at _runTest (C:\Users\anne\Desktop\GLSL_DISCORD\node_modules\jest-circus\build\run.js:252:3)
        at _runTestsForDescribeBlock (C:\Users\anne\Desktop\GLSL_DISCORD\node_modules\jest-circus\build\run.js:126:9)
        at _runTestsForDescribeBlock (C:\Users\anne\Desktop\GLSL_DISCORD\node_modules\jest-circus\build\run.js:121:9)
        at _runTestsForDescribeBlock (C:\Users\anne\Desktop\GLSL_DISCORD\node_modules\jest-circus\build\run.js:121:9)
        at run (C:\Users\anne\Desktop\GLSL_DISCORD\node_modules\jest-circus\build\run.js:71:3)
        at runAndTransformResultsToJestFormat (C:\Users\anne\Desktop\GLSL_DISCORD\node_modules\jest-circus\build\legacy-code-todo-rewrite\jestAdapterInit.js:122:21)
        at jestAdapter (C:\Users\anne\Desktop\GLSL_DISCORD\node_modules\jest-circus\build\legacy-code-todo-rewrite\jestAdapter.js:79:19)
        at runTestInternal (C:\Users\anne\Desktop\GLSL_DISCORD\node_modules\jest-runner\build\runTest.js:367:16)
        at runTest (C:\Users\anne\Desktop\GLSL_DISCORD\node_modules\jest-runner\build\runTest.js:444:34)

      5562 |                     console.log(`Ô£à Commande HTTP ${commandName} ex├®cut├®e avec succ├¿s`);
      5563 |                 } catch (error) {
    > 5564 |                     console.error(`ÔØî Erreur lors de l'ex├®cution de la commande HTTP ${commandName}:`, error);
           |                             ^
      5565 |                     // Ne pas relancer l'erreur car elle a d├®j├á ├®t├® g├®r├®e par la commande
      5566 |                     // mais on log pour le debugging
      5567 |                 } finally {

      at GLSLDiscordBot.error [as handleInteractionFromHTTP] (bot.js:5564:29)
      at Object.<anonymous> (tests/bot.test.js:1910:13)

  console.log
    ­ƒöä handleInteractionFromHTTP appel├®

      at GLSLDiscordBot.log [as handleInteractionFromHTTP] (bot.js:4593:17)

  console.log
    ­ƒôï Interaction d├®tails: {
      id: '123',
      hasToken: true,
      type: 2,
      commandName: 'help',
      markedAsProcessed: true
    }

      at GLSLDiscordBot.log [as handleInteractionFromHTTP] (bot.js:4608:17)

  console.log
    ­ƒöì Commande HTTP re├ºue: help (user: testuser#1234)

      at GLSLDiscordBot.log [as handleInteractionFromHTTP] (bot.js:4632:25)

  console.log
    ÔûÂ´©Å Ex├®cution commande HTTP: help

      at GLSLDiscordBot.log [as handleInteractionFromHTTP] (bot.js:5556:29)

  console.log
    Ô£à Commande HTTP help ex├®cut├®e avec succ├¿s

      at GLSLDiscordBot.log [as handleInteractionFromHTTP] (bot.js:5562:29)

  console.log
    ­ƒöä handleInteractionFromHTTP appel├®

      at GLSLDiscordBot.log [as handleInteractionFromHTTP] (bot.js:4593:17)

  console.log
    ­ƒôï Interaction d├®tails: {
      id: '123',
      hasToken: true,
      type: 2,
      commandName: 'help',
      markedAsProcessed: true
    }

      at GLSLDiscordBot.log [as handleInteractionFromHTTP] (bot.js:4608:17)

  console.log
    ­ƒöì Commande HTTP re├ºue: help (user: testuser#1234)

      at GLSLDiscordBot.log [as handleInteractionFromHTTP] (bot.js:4632:25)

  console.log
    ÔûÂ´©Å Ex├®cution commande HTTP: help

      at GLSLDiscordBot.log [as handleInteractionFromHTTP] (bot.js:5556:29)

  console.log
    Ô£à Envoi JSON pur - embeds seuls (content supprim├® car non requis)

      at Object.log [as editReply] (bot.js:5454:41)

  console.log
    Ô£à Commande HTTP help ex├®cut├®e avec succ├¿s

      at GLSLDiscordBot.log [as handleInteractionFromHTTP] (bot.js:5562:29)

  console.log
    ­ƒöä handleInteractionFromHTTP appel├®

      at GLSLDiscordBot.log [as handleInteractionFromHTTP] (bot.js:4593:17)

  console.log
    ­ƒôï Interaction d├®tails: {
      id: '123',
      hasToken: true,
      type: 2,
      commandName: 'help',
      markedAsProcessed: true
    }

      at GLSLDiscordBot.log [as handleInteractionFromHTTP] (bot.js:4608:17)

  console.log
    ­ƒöì Commande HTTP re├ºue: help (user: testuser#1234)

      at GLSLDiscordBot.log [as handleInteractionFromHTTP] (bot.js:4632:25)

  console.log
    ÔûÂ´©Å Ex├®cution commande HTTP: help

      at GLSLDiscordBot.log [as handleInteractionFromHTTP] (bot.js:5556:29)

  console.log
    Ô£à Commande HTTP help ex├®cut├®e avec succ├¿s

      at GLSLDiscordBot.log [as handleInteractionFromHTTP] (bot.js:5562:29)

  console.log
    ­ƒöä handleInteractionFromHTTP appel├®

      at GLSLDiscordBot.log [as handleInteractionFromHTTP] (bot.js:4593:17)

  console.log
    ­ƒôï Interaction d├®tails: {
      id: '123',
      hasToken: true,
      type: 2,
      commandName: 'help',
      markedAsProcessed: true
    }

      at GLSLDiscordBot.log [as handleInteractionFromHTTP] (bot.js:4608:17)

  console.log
    ­ƒöì Commande HTTP re├ºue: help (user: testuser#1234)

      at GLSLDiscordBot.log [as handleInteractionFromHTTP] (bot.js:4632:25)

  console.log
    ÔûÂ´©Å Ex├®cution commande HTTP: help

      at GLSLDiscordBot.log [as handleInteractionFromHTTP] (bot.js:5556:29)

  console.log
    Ô£à Commande HTTP help ex├®cut├®e avec succ├¿s

      at GLSLDiscordBot.log [as handleInteractionFromHTTP] (bot.js:5562:29)

  console.log
    ­ƒöä handleInteractionFromHTTP appel├®

      at GLSLDiscordBot.log [as handleInteractionFromHTTP] (bot.js:4593:17)

  console.log
    ­ƒôï Interaction d├®tails: {
      id: '123',
      hasToken: true,
      type: 2,
      commandName: 'help',
      markedAsProcessed: true
    }

      at GLSLDiscordBot.log [as handleInteractionFromHTTP] (bot.js:4608:17)

  console.log
    ­ƒöì Commande HTTP re├ºue: help (user: testuser#1234)

      at GLSLDiscordBot.log [as handleInteractionFromHTTP] (bot.js:4632:25)

  console.log
    ÔûÂ´©Å Ex├®cution commande HTTP: help

      at GLSLDiscordBot.log [as handleInteractionFromHTTP] (bot.js:5556:29)

  console.log
    Ô£à Commande HTTP help ex├®cut├®e avec succ├¿s

      at GLSLDiscordBot.log [as handleInteractionFromHTTP] (bot.js:5562:29)

  console.log
    ­ƒöä handleInteractionFromHTTP appel├®

      at GLSLDiscordBot.log [as handleInteractionFromHTTP] (bot.js:4593:17)

  console.log
    ­ƒôï Interaction d├®tails: {
      id: '123',
      hasToken: true,
      type: 4,
      commandName: 'shader-preset',
      markedAsProcessed: true
    }

      at GLSLDiscordBot.log [as handleInteractionFromHTTP] (bot.js:4608:17)

  console.log
    ­ƒöì Autocomplete HTTP re├ºu: shader-preset

      at GLSLDiscordBot.log [as handleInteractionFromHTTP] (bot.js:5577:25)

  console.error
    ÔØî Erreur lors de l'autocomplete HTTP shader-preset: Error: Autocomplete error
        at Object.<anonymous> (C:\Users\anne\Desktop\GLSL_DISCORD\tests\bot.test.js:2162:59)
        at Promise.then.completed (C:\Users\anne\Desktop\GLSL_DISCORD\node_modules\jest-circus\build\utils.js:298:28)
        at new Promise (<anonymous>)
        at callAsyncCircusFn (C:\Users\anne\Desktop\GLSL_DISCORD\node_modules\jest-circus\build\utils.js:231:10)
        at _callCircusTest (C:\Users\anne\Desktop\GLSL_DISCORD\node_modules\jest-circus\build\run.js:316:40)
        at processTicksAndRejections (node:internal/process/task_queues:95:5)
        at _runTest (C:\Users\anne\Desktop\GLSL_DISCORD\node_modules\jest-circus\build\run.js:252:3)
        at _runTestsForDescribeBlock (C:\Users\anne\Desktop\GLSL_DISCORD\node_modules\jest-circus\build\run.js:126:9)
        at _runTestsForDescribeBlock (C:\Users\anne\Desktop\GLSL_DISCORD\node_modules\jest-circus\build\run.js:121:9)
        at _runTestsForDescribeBlock (C:\Users\anne\Desktop\GLSL_DISCORD\node_modules\jest-circus\build\run.js:121:9)
        at run (C:\Users\anne\Desktop\GLSL_DISCORD\node_modules\jest-circus\build\run.js:71:3)
        at runAndTransformResultsToJestFormat (C:\Users\anne\Desktop\GLSL_DISCORD\node_modules\jest-circus\build\legacy-code-todo-rewrite\jestAdapterInit.js:122:21)
        at jestAdapter (C:\Users\anne\Desktop\GLSL_DISCORD\node_modules\jest-circus\build\legacy-code-todo-rewrite\jestAdapter.js:79:19)
        at runTestInternal (C:\Users\anne\Desktop\GLSL_DISCORD\node_modules\jest-runner\build\runTest.js:367:16)
        at runTest (C:\Users\anne\Desktop\GLSL_DISCORD\node_modules\jest-runner\build\runTest.js:444:34)

      5605 |                     }
      5606 |                     } catch (error) {
    > 5607 |                         console.error(`ÔØî Erreur lors de l'autocomplete HTTP ${commandName}:`, error);
           |                                 ^
      5608 |                     }
      5609 |                 }
      5610 |                 

      at GLSLDiscordBot.error [as handleInteractionFromHTTP] (bot.js:5607:33)
      at Object.<anonymous> (tests/bot.test.js:2167:13)

  console.log
    ­ƒöä handleInteractionFromHTTP appel├®

      at GLSLDiscordBot.log [as handleInteractionFromHTTP] (bot.js:4593:17)

  console.log
    ­ƒôï Interaction d├®tails: {
      id: '123',
      hasToken: true,
      type: 2,
      commandName: 'help',
      markedAsProcessed: true
    }

      at GLSLDiscordBot.log [as handleInteractionFromHTTP] (bot.js:4608:17)

  console.log
    ­ƒöì Commande HTTP re├ºue: help (user: testuser#1234)

      at GLSLDiscordBot.log [as handleInteractionFromHTTP] (bot.js:4632:25)

  console.error
    ÔÜá´©Å Commande non trouv├®e: help

      4638 |                 
      4639 |                 if (!command) {
    > 4640 |                     console.error(`ÔÜá´©Å Commande non trouv├®e: ${commandName}`);
           |                             ^
      4641 |                     await rest.patch(Routes.webhookMessage(applicationId, interactionToken), {
      4642 |                         body: {
      4643 |                             content: 'ÔØî Commande non trouv├®e.'

      at GLSLDiscordBot.error [as handleInteractionFromHTTP] (bot.js:4640:29)
      at Object.handleInteractionFromHTTP (tests/bot.test.js:2199:30)

  console.error
    ÔØî Erreur dans handleInteractionFromHTTP: Error: REST API error
        at Object.<anonymous> (C:\Users\anne\Desktop\GLSL_DISCORD\tests\bot.test.js:2195:65)
        at Promise.then.completed (C:\Users\anne\Desktop\GLSL_DISCORD\node_modules\jest-circus\build\utils.js:298:28)
        at new Promise (<anonymous>)
        at callAsyncCircusFn (C:\Users\anne\Desktop\GLSL_DISCORD\node_modules\jest-circus\build\utils.js:231:10)
        at _callCircusTest (C:\Users\anne\Desktop\GLSL_DISCORD\node_modules\jest-circus\build\run.js:316:40)
        at processTicksAndRejections (node:internal/process/task_queues:95:5)
        at _runTest (C:\Users\anne\Desktop\GLSL_DISCORD\node_modules\jest-circus\build\run.js:252:3)
        at _runTestsForDescribeBlock (C:\Users\anne\Desktop\GLSL_DISCORD\node_modules\jest-circus\build\run.js:126:9)
        at _runTestsForDescribeBlock (C:\Users\anne\Desktop\GLSL_DISCORD\node_modules\jest-circus\build\run.js:121:9)
        at _runTestsForDescribeBlock (C:\Users\anne\Desktop\GLSL_DISCORD\node_modules\jest-circus\build\run.js:121:9)
        at run (C:\Users\anne\Desktop\GLSL_DISCORD\node_modules\jest-circus\build\run.js:71:3)
        at runAndTransformResultsToJestFormat (C:\Users\anne\Desktop\GLSL_DISCORD\node_modules\jest-circus\build\legacy-code-todo-rewrite\jestAdapterInit.js:122:21)
        at jestAdapter (C:\Users\anne\Desktop\GLSL_DISCORD\node_modules\jest-circus\build\legacy-code-todo-rewrite\jestAdapter.js:79:19)
        at runTestInternal (C:\Users\anne\Desktop\GLSL_DISCORD\node_modules\jest-runner\build\runTest.js:367:16)
        at runTest (C:\Users\anne\Desktop\GLSL_DISCORD\node_modules\jest-runner\build\runTest.js:444:34)

      5613 |             }
      5614 |         } catch (error) {
    > 5615 |             console.error('ÔØî Erreur dans handleInteractionFromHTTP:', error);
           |                     ^
      5616 |             throw error;
      5617 |         }
      5618 |     }

      at GLSLDiscordBot.error [as handleInteractionFromHTTP] (bot.js:5615:21)
      at Object.<anonymous> (tests/bot.test.js:2199:13)

  console.log
    ­ƒöä handleInteractionFromHTTP appel├®

      at GLSLDiscordBot.log [as handleInteractionFromHTTP] (bot.js:4593:17)

  console.log
    ­ƒôï Interaction d├®tails: {
      id: '123',
      hasToken: true,
      type: 4,
      commandName: 'shader-preset',
      markedAsProcessed: true
    }

      at GLSLDiscordBot.log [as handleInteractionFromHTTP] (bot.js:4608:17)

  console.log
    ­ƒöì Autocomplete HTTP re├ºu: shader-preset

      at GLSLDiscordBot.log [as handleInteractionFromHTTP] (bot.js:5577:25)

  console.log
    ­ƒöä handleInteractionFromHTTP appel├®

      at GLSLDiscordBot.log [as handleInteractionFromHTTP] (bot.js:4593:17)

  console.log
    ­ƒôï Interaction d├®tails: {
      id: '123',
      hasToken: true,
      type: 4,
      commandName: 'nonexistent',
      markedAsProcessed: true
    }

      at GLSLDiscordBot.log [as handleInteractionFromHTTP] (bot.js:4608:17)

  console.log
    ­ƒöì Autocomplete HTTP re├ºu: nonexistent

      at GLSLDiscordBot.log [as handleInteractionFromHTTP] (bot.js:5577:25)

  console.log
    ­ƒöä handleInteractionFromHTTP appel├®

      at GLSLDiscordBot.log [as handleInteractionFromHTTP] (bot.js:4593:17)

  console.log
    ­ƒôï Interaction d├®tails: {
      id: '123',
      hasToken: true,
      type: 2,
      commandName: 'help',
      markedAsProcessed: true
    }

      at GLSLDiscordBot.log [as handleInteractionFromHTTP] (bot.js:4608:17)

  console.log
    ­ƒöì Commande HTTP re├ºue: help (user: testuser#1234)

      at GLSLDiscordBot.log [as handleInteractionFromHTTP] (bot.js:4632:25)

  console.log
    ÔûÂ´©Å Ex├®cution commande HTTP: help

      at GLSLDiscordBot.log [as handleInteractionFromHTTP] (bot.js:5556:29)

  console.log
    Ô£à Commande HTTP help ex├®cut├®e avec succ├¿s

      at GLSLDiscordBot.log [as handleInteractionFromHTTP] (bot.js:5562:29)

  console.log
    ­ƒöä handleInteractionFromHTTP appel├®

      at GLSLDiscordBot.log [as handleInteractionFromHTTP] (bot.js:4593:17)

  console.log
    ­ƒôï Interaction d├®tails: {
      id: '123',
      hasToken: true,
      type: 2,
      commandName: 'help',
      markedAsProcessed: true
    }

      at GLSLDiscordBot.log [as handleInteractionFromHTTP] (bot.js:4608:17)

  console.log
    ­ƒöì Commande HTTP re├ºue: help (user: testuser#1234)

      at GLSLDiscordBot.log [as handleInteractionFromHTTP] (bot.js:4632:25)

  console.log
    ­ƒöä handleInteractionFromHTTP appel├®

      at GLSLDiscordBot.log [as handleInteractionFromHTTP] (bot.js:4593:17)

  console.log
    ­ƒôï Interaction d├®tails: {
      id: '123',
      hasToken: true,
      type: 2,
      commandName: 'help',
      markedAsProcessed: true
    }

      at GLSLDiscordBot.log [as handleInteractionFromHTTP] (bot.js:4608:17)

  console.log
    ­ƒöì Commande HTTP re├ºue: help (user: testuser#1234)

      at GLSLDiscordBot.log [as handleInteractionFromHTTP] (bot.js:4632:25)

  console.log
    ÔÅ¡´©Å Commande HTTP help d├®j├á en cours d'ex├®cution pour l'utilisateur user123, ignor├®e

      at GLSLDiscordBot.log [as handleInteractionFromHTTP] (bot.js:4675:29)

  console.log
    ­ƒöä handleInteractionFromHTTP appel├®

      at GLSLDiscordBot.log [as handleInteractionFromHTTP] (bot.js:4593:17)

  console.log
    ­ƒôï Interaction d├®tails: {
      id: '123',
      hasToken: true,
      type: 2,
      commandName: 'help',
      markedAsProcessed: true
    }

      at GLSLDiscordBot.log [as handleInteractionFromHTTP] (bot.js:4608:17)

  console.log
    ­ƒöì Commande HTTP re├ºue: help (user: testuser#1234)

      at GLSLDiscordBot.log [as handleInteractionFromHTTP] (bot.js:4632:25)

  console.log
    ÔûÂ´©Å Ex├®cution commande HTTP: help

      at GLSLDiscordBot.log [as handleInteractionFromHTTP] (bot.js:5556:29)

  console.error
    ÔØî Erreur lors de l'ex├®cution de la commande HTTP help: Error: Command error
        at Object.<anonymous> (C:\Users\anne\Desktop\GLSL_DISCORD\tests\bot.test.js:2408:54)
        at Promise.then.completed (C:\Users\anne\Desktop\GLSL_DISCORD\node_modules\jest-circus\build\utils.js:298:28)
        at new Promise (<anonymous>)
        at callAsyncCircusFn (C:\Users\anne\Desktop\GLSL_DISCORD\node_modules\jest-circus\build\utils.js:231:10)
        at _callCircusTest (C:\Users\anne\Desktop\GLSL_DISCORD\node_modules\jest-circus\build\run.js:316:40)
        at processTicksAndRejections (node:internal/process/task_queues:95:5)
        at _runTest (C:\Users\anne\Desktop\GLSL_DISCORD\node_modules\jest-circus\build\run.js:252:3)
        at _runTestsForDescribeBlock (C:\Users\anne\Desktop\GLSL_DISCORD\node_modules\jest-circus\build\run.js:126:9)
        at _runTestsForDescribeBlock (C:\Users\anne\Desktop\GLSL_DISCORD\node_modules\jest-circus\build\run.js:121:9)
        at _runTestsForDescribeBlock (C:\Users\anne\Desktop\GLSL_DISCORD\node_modules\jest-circus\build\run.js:121:9)
        at run (C:\Users\anne\Desktop\GLSL_DISCORD\node_modules\jest-circus\build\run.js:71:3)
        at runAndTransformResultsToJestFormat (C:\Users\anne\Desktop\GLSL_DISCORD\node_modules\jest-circus\build\legacy-code-todo-rewrite\jestAdapterInit.js:122:21)
        at jestAdapter (C:\Users\anne\Desktop\GLSL_DISCORD\node_modules\jest-circus\build\legacy-code-todo-rewrite\jestAdapter.js:79:19)
        at runTestInternal (C:\Users\anne\Desktop\GLSL_DISCORD\node_modules\jest-runner\build\runTest.js:367:16)
        at runTest (C:\Users\anne\Desktop\GLSL_DISCORD\node_modules\jest-runner\build\runTest.js:444:34)

      5562 |                     console.log(`Ô£à Commande HTTP ${commandName} ex├®cut├®e avec succ├¿s`);
      5563 |                 } catch (error) {
    > 5564 |                     console.error(`ÔØî Erreur lors de l'ex├®cution de la commande HTTP ${commandName}:`, error);
           |                             ^
      5565 |                     // Ne pas relancer l'erreur car elle a d├®j├á ├®t├® g├®r├®e par la commande
      5566 |                     // mais on log pour le debugging
      5567 |                 } finally {

      at GLSLDiscordBot.error [as handleInteractionFromHTTP] (bot.js:5564:29)
      at Object.<anonymous> (tests/bot.test.js:2415:13)

  console.log
    ­ƒöä handleInteractionFromHTTP appel├®

      at GLSLDiscordBot.log [as handleInteractionFromHTTP] (bot.js:4593:17)

  console.log
    ­ƒôï Interaction d├®tails: {
      id: '123',
      hasToken: true,
      type: 4,
      commandName: 'nonexistent',
      markedAsProcessed: true
    }

      at GLSLDiscordBot.log [as handleInteractionFromHTTP] (bot.js:4608:17)

  console.log
    ­ƒöì Autocomplete HTTP re├ºu: nonexistent

      at GLSLDiscordBot.log [as handleInteractionFromHTTP] (bot.js:5577:25)

  console.log
    ­ƒöä Enregistrement de 1 commandes slash...

      at GLSLDiscordBot.log [as registerSlashCommands] (bot.js:230:21)

  console.log
    Ô£à 1 commandes slash enregistr├®es avec succ├¿s

      at GLSLDiscordBot.log [as registerSlashCommands] (bot.js:237:21)

  console.log
    ­ƒöä Enregistrement de 1 commandes slash...

      at GLSLDiscordBot.log [as registerSlashCommands] (bot.js:230:21)

  console.error
    ÔØî Erreur enregistrement commandes: Error: API Error
        at Object.<anonymous> (C:\Users\anne\Desktop\GLSL_DISCORD\tests\bot.test.js:2478:50)
        at Promise.then.completed (C:\Users\anne\Desktop\GLSL_DISCORD\node_modules\jest-circus\build\utils.js:298:28)
        at new Promise (<anonymous>)
        at callAsyncCircusFn (C:\Users\anne\Desktop\GLSL_DISCORD\node_modules\jest-circus\build\utils.js:231:10)
        at _callCircusTest (C:\Users\anne\Desktop\GLSL_DISCORD\node_modules\jest-circus\build\run.js:316:40)
        at processTicksAndRejections (node:internal/process/task_queues:95:5)
        at _runTest (C:\Users\anne\Desktop\GLSL_DISCORD\node_modules\jest-circus\build\run.js:252:3)
        at _runTestsForDescribeBlock (C:\Users\anne\Desktop\GLSL_DISCORD\node_modules\jest-circus\build\run.js:126:9)
        at _runTestsForDescribeBlock (C:\Users\anne\Desktop\GLSL_DISCORD\node_modules\jest-circus\build\run.js:121:9)
        at _runTestsForDescribeBlock (C:\Users\anne\Desktop\GLSL_DISCORD\node_modules\jest-circus\build\run.js:121:9)
        at run (C:\Users\anne\Desktop\GLSL_DISCORD\node_modules\jest-circus\build\run.js:71:3)
        at runAndTransformResultsToJestFormat (C:\Users\anne\Desktop\GLSL_DISCORD\node_modules\jest-circus\build\legacy-code-todo-rewrite\jestAdapterInit.js:122:21)
        at jestAdapter (C:\Users\anne\Desktop\GLSL_DISCORD\node_modules\jest-circus\build\legacy-code-todo-rewrite\jestAdapter.js:79:19)
        at runTestInternal (C:\Users\anne\Desktop\GLSL_DISCORD\node_modules\jest-runner\build\runTest.js:367:16)
        at runTest (C:\Users\anne\Desktop\GLSL_DISCORD\node_modules\jest-runner\build\runTest.js:444:34)

      237 |             console.log(`Ô£à ${data.length} commandes slash enregistr├®es avec succ├¿s`);
      238 |         } catch (error) {
    > 239 |             console.error('ÔØî Erreur enregistrement commandes:', error);
          |                     ^
      240 |         }
      241 |     }
      242 |

      at GLSLDiscordBot.error [as registerSlashCommands] (bot.js:239:21)
      at Object.<anonymous> (tests/bot.test.js:2491:13)

  console.log
    Ô£à Bot pr├¬t! Connect├® en tant que TestBot#1234

      at MockClient.log (bot.js:246:21)

  console.log
    ­ƒöì Commande WebSocket re├ºue: nonexistent (user: test#1234)

      at log (bot.js:276:21)

  console.error
    ÔÜá´©Å Commande non trouv├®e: nonexistent

      277 |
      278 |             if (!command) {
    > 279 |                 console.error(`ÔÜá´©Å Commande non trouv├®e: ${interaction.commandName}`);
          |                         ^
      280 |                 // R├®pondre imm├®diatement pour ├®viter le timeout
      281 |                 if (!interaction.replied && !interaction.deferred) {
      282 |                     try {

      at error (bot.js:279:25)
      at Object.interactionCallback (tests/bot.test.js:2581:19)

  console.log
    ­ƒöì Commande WebSocket re├ºue: help (user: test#1234)

      at log (bot.js:276:21)

  console.log
    ÔÅ¡´©Å Commande help d├®j├á en cours d'ex├®cution pour l'utilisateur user123, ignor├®e

      at log (bot.js:324:25)

  console.log
    ­ƒöì Commande WebSocket re├ºue: help (user: test#1234)

      at log (bot.js:276:21)

  console.log
    ­ƒöì Commande WebSocket re├ºue: help (user: test#1234)

      at log (bot.js:276:21)

  console.log
    ÔûÂ´©Å Ex├®cution commande WebSocket: help

      at log (bot.js:338:25)

  console.error
    ÔØî Erreur ex├®cution commande help: Error: Command error
        at Object.<anonymous> (C:\Users\anne\Desktop\GLSL_DISCORD\tests\bot.test.js:2678:54)
        at Promise.then.completed (C:\Users\anne\Desktop\GLSL_DISCORD\node_modules\jest-circus\build\utils.js:298:28)
        at new Promise (<anonymous>)
        at callAsyncCircusFn (C:\Users\anne\Desktop\GLSL_DISCORD\node_modules\jest-circus\build\utils.js:231:10)
        at _callCircusTest (C:\Users\anne\Desktop\GLSL_DISCORD\node_modules\jest-circus\build\run.js:316:40)
        at processTicksAndRejections (node:internal/process/task_queues:95:5)
        at _runTest (C:\Users\anne\Desktop\GLSL_DISCORD\node_modules\jest-circus\build\run.js:252:3)
        at _runTestsForDescribeBlock (C:\Users\anne\Desktop\GLSL_DISCORD\node_modules\jest-circus\build\run.js:126:9)
        at _runTestsForDescribeBlock (C:\Users\anne\Desktop\GLSL_DISCORD\node_modules\jest-circus\build\run.js:121:9)
        at _runTestsForDescribeBlock (C:\Users\anne\Desktop\GLSL_DISCORD\node_modules\jest-circus\build\run.js:121:9)
        at run (C:\Users\anne\Desktop\GLSL_DISCORD\node_modules\jest-circus\build\run.js:71:3)
        at runAndTransformResultsToJestFormat (C:\Users\anne\Desktop\GLSL_DISCORD\node_modules\jest-circus\build\legacy-code-todo-rewrite\jestAdapterInit.js:122:21)
        at jestAdapter (C:\Users\anne\Desktop\GLSL_DISCORD\node_modules\jest-circus\build\legacy-code-todo-rewrite\jestAdapter.js:79:19)
        at runTestInternal (C:\Users\anne\Desktop\GLSL_DISCORD\node_modules\jest-runner\build\runTest.js:367:16)
        at runTest (C:\Users\anne\Desktop\GLSL_DISCORD\node_modules\jest-runner\build\runTest.js:444:34)

      344 |                 console.log(`Ô£à Commande ${interaction.commandName} ex├®cut├®e avec succ├¿s`);
      345 |             } catch (error) {
    > 346 |                 console.error(`ÔØî Erreur ex├®cution commande ${interaction.commandName}:`, error);
          |                         ^
      347 |                 
      348 |                 const errorMessage = {
      349 |                     content: 'ÔØî Une erreur s\'est produite lors de l\'ex├®cution de cette commande.'

      at error (bot.js:346:25)
      at Object.<anonymous> (tests/bot.test.js:2685:17)

  console.log
    ­ƒöì Commande WebSocket re├ºue: help (user: test#1234)

      at log (bot.js:276:21)

  console.log
    ÔûÂ´©Å Ex├®cution commande WebSocket: help

      at log (bot.js:338:25)

  console.error
    ÔØî Erreur ex├®cution commande help: Error: Command error
        at Object.<anonymous> (C:\Users\anne\Desktop\GLSL_DISCORD\tests\bot.test.js:2710:54)
        at Promise.then.completed (C:\Users\anne\Desktop\GLSL_DISCORD\node_modules\jest-circus\build\utils.js:298:28)
        at new Promise (<anonymous>)
        at callAsyncCircusFn (C:\Users\anne\Desktop\GLSL_DISCORD\node_modules\jest-circus\build\utils.js:231:10)
        at _callCircusTest (C:\Users\anne\Desktop\GLSL_DISCORD\node_modules\jest-circus\build\run.js:316:40)
        at processTicksAndRejections (node:internal/process/task_queues:95:5)
        at _runTest (C:\Users\anne\Desktop\GLSL_DISCORD\node_modules\jest-circus\build\run.js:252:3)
        at _runTestsForDescribeBlock (C:\Users\anne\Desktop\GLSL_DISCORD\node_modules\jest-circus\build\run.js:126:9)
        at _runTestsForDescribeBlock (C:\Users\anne\Desktop\GLSL_DISCORD\node_modules\jest-circus\build\run.js:121:9)
        at _runTestsForDescribeBlock (C:\Users\anne\Desktop\GLSL_DISCORD\node_modules\jest-circus\build\run.js:121:9)
        at run (C:\Users\anne\Desktop\GLSL_DISCORD\node_modules\jest-circus\build\run.js:71:3)
        at runAndTransformResultsToJestFormat (C:\Users\anne\Desktop\GLSL_DISCORD\node_modules\jest-circus\build\legacy-code-todo-rewrite\jestAdapterInit.js:122:21)
        at jestAdapter (C:\Users\anne\Desktop\GLSL_DISCORD\node_modules\jest-circus\build\legacy-code-todo-rewrite\jestAdapter.js:79:19)
        at runTestInternal (C:\Users\anne\Desktop\GLSL_DISCORD\node_modules\jest-runner\build\runTest.js:367:16)
        at runTest (C:\Users\anne\Desktop\GLSL_DISCORD\node_modules\jest-runner\build\runTest.js:444:34)

      344 |                 console.log(`Ô£à Commande ${interaction.commandName} ex├®cut├®e avec succ├¿s`);
      345 |             } catch (error) {
    > 346 |                 console.error(`ÔØî Erreur ex├®cution commande ${interaction.commandName}:`, error);
          |                         ^
      347 |                 
      348 |                 const errorMessage = {
      349 |                     content: 'ÔØî Une erreur s\'est produite lors de l\'ex├®cution de cette commande.'

      at error (bot.js:346:25)
      at Object.<anonymous> (tests/bot.test.js:2717:17)

  console.log
    ÔÅ¡´©Å Interaction 123 d├®j├á trait├®e (d├®duplication), ignor├®e

      at log (bot.js:255:25)

  console.log
    ­ƒöì Commande WebSocket re├ºue: shader (user: test#1234)

      at log (bot.js:276:21)

  console.log
    ÔûÂ´©Å Ex├®cution commande WebSocket: shader

      at log (bot.js:338:25)

  console.log
    Ô£à Commande shader ex├®cut├®e avec succ├¿s

      at log (bot.js:344:25)

  console.error
    ÔØî Erreur Discord: Error: Discord error
        at Object.<anonymous> (C:\Users\anne\Desktop\GLSL_DISCORD\tests\bot.test.js:2820:31)
        at Promise.then.completed (C:\Users\anne\Desktop\GLSL_DISCORD\node_modules\jest-circus\build\utils.js:298:28)
        at new Promise (<anonymous>)
        at callAsyncCircusFn (C:\Users\anne\Desktop\GLSL_DISCORD\node_modules\jest-circus\build\utils.js:231:10)
        at _callCircusTest (C:\Users\anne\Desktop\GLSL_DISCORD\node_modules\jest-circus\build\run.js:316:40)
        at processTicksAndRejections (node:internal/process/task_queues:95:5)
        at _runTest (C:\Users\anne\Desktop\GLSL_DISCORD\node_modules\jest-circus\build\run.js:252:3)
        at _runTestsForDescribeBlock (C:\Users\anne\Desktop\GLSL_DISCORD\node_modules\jest-circus\build\run.js:126:9)
        at _runTestsForDescribeBlock (C:\Users\anne\Desktop\GLSL_DISCORD\node_modules\jest-circus\build\run.js:121:9)
        at _runTestsForDescribeBlock (C:\Users\anne\Desktop\GLSL_DISCORD\node_modules\jest-circus\build\run.js:121:9)
        at run (C:\Users\anne\Desktop\GLSL_DISCORD\node_modules\jest-circus\build\run.js:71:3)
        at runAndTransformResultsToJestFormat (C:\Users\anne\Desktop\GLSL_DISCORD\node_modules\jest-circus\build\legacy-code-todo-rewrite\jestAdapterInit.js:122:21)
        at jestAdapter (C:\Users\anne\Desktop\GLSL_DISCORD\node_modules\jest-circus\build\legacy-code-todo-rewrite\jestAdapter.js:79:19)
        at runTestInternal (C:\Users\anne\Desktop\GLSL_DISCORD\node_modules\jest-runner\build\runTest.js:367:16)
        at runTest (C:\Users\anne\Desktop\GLSL_DISCORD\node_modules\jest-runner\build\runTest.js:444:34)

      369 |         // ├ëv├®nement: Erreurs
      370 |         this.client.on(Events.Error, (error) => {
    > 371 |             console.error('ÔØî Erreur Discord:', error);
          |                     ^
      372 |         });
      373 |     }
      374 |

      at error (bot.js:371:21)
      at Object.errorCallback (tests/bot.test.js:2825:17)

  console.log
    ­ƒøæ Arr├¬t du bot...

      at GLSLDiscordBot.log [as shutdown] (bot.js:5932:17)

  console.log
    Ô£à Base de donn├®es ferm├®e

      at GLSLDiscordBot.log [as shutdown] (bot.js:5967:21)

  console.log
    Ô£à Bot arr├¬t├®

      at GLSLDiscordBot.log [as shutdown] (bot.js:5982:17)

  console.log
    ­ƒøæ Arr├¬t du bot...

      at GLSLDiscordBot.log [as shutdown] (bot.js:5932:17)

  console.error
    ÔØî Erreur lors de la fermeture du compilateur: Error: Compiler error
        at Object.<anonymous> (C:\Users\anne\Desktop\GLSL_DISCORD\tests\bot.test.js:2846:62)
        at Promise.then.completed (C:\Users\anne\Desktop\GLSL_DISCORD\node_modules\jest-circus\build\utils.js:298:28)
        at new Promise (<anonymous>)
        at callAsyncCircusFn (C:\Users\anne\Desktop\GLSL_DISCORD\node_modules\jest-circus\build\utils.js:231:10)
        at _callCircusTest (C:\Users\anne\Desktop\GLSL_DISCORD\node_modules\jest-circus\build\run.js:316:40)
        at processTicksAndRejections (node:internal/process/task_queues:95:5)
        at _runTest (C:\Users\anne\Desktop\GLSL_DISCORD\node_modules\jest-circus\build\run.js:252:3)
        at _runTestsForDescribeBlock (C:\Users\anne\Desktop\GLSL_DISCORD\node_modules\jest-circus\build\run.js:126:9)
        at _runTestsForDescribeBlock (C:\Users\anne\Desktop\GLSL_DISCORD\node_modules\jest-circus\build\run.js:121:9)
        at _runTestsForDescribeBlock (C:\Users\anne\Desktop\GLSL_DISCORD\node_modules\jest-circus\build\run.js:121:9)
        at run (C:\Users\anne\Desktop\GLSL_DISCORD\node_modules\jest-circus\build\run.js:71:3)
        at runAndTransformResultsToJestFormat (C:\Users\anne\Desktop\GLSL_DISCORD\node_modules\jest-circus\build\legacy-code-todo-rewrite\jestAdapterInit.js:122:21)
        at jestAdapter (C:\Users\anne\Desktop\GLSL_DISCORD\node_modules\jest-circus\build\legacy-code-todo-rewrite\jestAdapter.js:79:19)
        at runTestInternal (C:\Users\anne\Desktop\GLSL_DISCORD\node_modules\jest-runner\build\runTest.js:367:16)
        at runTest (C:\Users\anne\Desktop\GLSL_DISCORD\node_modules\jest-runner\build\runTest.js:444:34)

      5959 |             await this.compiler.close();
      5960 |         } catch (error) {
    > 5961 |             console.error('ÔØî Erreur lors de la fermeture du compilateur:', error);
           |                     ^
      5962 |         }
      5963 |         
      5964 |         // Fermer la base de donn├®es

      at GLSLDiscordBot.error [as shutdown] (bot.js:5961:21)
      at Object.<anonymous> (tests/bot.test.js:2851:13)

  console.log
    Ô£à Base de donn├®es ferm├®e

      at GLSLDiscordBot.log [as shutdown] (bot.js:5967:21)

  console.log
    Ô£à Bot arr├¬t├®

      at GLSLDiscordBot.log [as shutdown] (bot.js:5982:17)

  console.log
    [2025-11-15T10:43:02.247Z] INFO: Registered cleanup function: browserPool

      at Function.log [as info] (src/utils/logger.js:11:17)

  console.log
    [2025-11-15T10:43:02.248Z] INFO: Registered cleanup function: database

      at Function.log [as info] (src/utils/logger.js:11:17)

  console.log
    [2025-11-15T10:43:02.257Z] INFO: Redis not configured, using memory cache

      at Function.log [as info] (src/utils/logger.js:11:17)

  console.log
    [2025-11-15T10:43:02.279Z] INFO: ­ƒöä Auto backups scheduled: 0 3 * * *

      at Function.log [as info] (src/utils/logger.js:11:17)

  console.log
    [2025-11-15T10:43:02.280Z] INFO: ­ƒöä Auto cleanup scheduled: weekly on Sunday at 4am

      at Function.log [as info] (src/utils/logger.js:11:17)

  console.log
    ­ƒîÉ Serveur Express d├®marr├® sur le port 8080

      at log (bot.js:5918:25)

  console.log
    [2025-11-15T10:43:02.281Z] INFO: Registered cleanup function: expressServer

      at Function.log [as info] (src/utils/logger.js:11:17)

  console.log
    [2025-11-15T10:43:02.282Z] INFO: Registered cleanup function: browserPool

      at Function.log [as info] (src/utils/logger.js:11:17)

  console.log
    [2025-11-15T10:43:02.284Z] INFO: Registered cleanup function: database

      at Function.log [as info] (src/utils/logger.js:11:17)

  console.log
    [2025-11-15T10:43:02.284Z] INFO: ­ƒöä Auto backups scheduled: 0 3 * * *

      at Function.log [as info] (src/utils/logger.js:11:17)

  console.log
    [2025-11-15T10:43:02.285Z] INFO: ­ƒöä Auto cleanup scheduled: weekly on Sunday at 4am

      at Function.log [as info] (src/utils/logger.js:11:17)

  console.log
    [2025-11-15T10:43:02.296Z] INFO: Registered cleanup function: browserPool

      at Function.log [as info] (src/utils/logger.js:11:17)

  console.log
    [2025-11-15T10:43:02.296Z] INFO: Registered cleanup function: database

      at Function.log [as info] (src/utils/logger.js:11:17)

  console.log
    [2025-11-15T10:43:02.297Z] INFO: ­ƒöä Auto backups scheduled: 0 3 * * *

      at Function.log [as info] (src/utils/logger.js:11:17)

  console.log
    [2025-11-15T10:43:02.297Z] INFO: ­ƒöä Auto cleanup scheduled: weekly on Sunday at 4am

      at Function.log [as info] (src/utils/logger.js:11:17)

  console.log
    ­ƒîÉ Serveur Express d├®marr├® sur le port 8080

      at log (bot.js:5918:25)

  console.log
    [2025-11-15T10:43:02.298Z] INFO: Registered cleanup function: expressServer

      at Function.log [as info] (src/utils/logger.js:11:17)

  console.log
    [2025-11-15T10:43:02.299Z] INFO: Registered cleanup function: browserPool

      at Function.log [as info] (src/utils/logger.js:11:17)

  console.log
    [2025-11-15T10:43:02.299Z] INFO: Registered cleanup function: database

      at Function.log [as info] (src/utils/logger.js:11:17)

  console.log
    [2025-11-15T10:43:02.300Z] INFO: ­ƒöä Auto backups scheduled: 0 3 * * *

      at Function.log [as info] (src/utils/logger.js:11:17)

  console.log
    [2025-11-15T10:43:02.300Z] INFO: ­ƒöä Auto cleanup scheduled: weekly on Sunday at 4am

      at Function.log [as info] (src/utils/logger.js:11:17)

  console.log
    ­ƒîÉ Serveur Express d├®marr├® sur le port 8080

      at log (bot.js:5918:25)

  console.log
    [2025-11-15T10:43:02.301Z] INFO: Registered cleanup function: expressServer

      at Function.log [as info] (src/utils/logger.js:11:17)

  console.error
    ÔØî Erreur API /api/stats: Error: DB error
        at Object.<anonymous> (C:\Users\anne\Desktop\GLSL_DISCORD\tests\bot.test.js:2991:68)
        at Promise.then.completed (C:\Users\anne\Desktop\GLSL_DISCORD\node_modules\jest-circus\build\utils.js:298:28)
        at new Promise (<anonymous>)
        at callAsyncCircusFn (C:\Users\anne\Desktop\GLSL_DISCORD\node_modules\jest-circus\build\utils.js:231:10)
        at _callCircusTest (C:\Users\anne\Desktop\GLSL_DISCORD\node_modules\jest-circus\build\run.js:316:40)
        at processTicksAndRejections (node:internal/process/task_queues:95:5)
        at _runTest (C:\Users\anne\Desktop\GLSL_DISCORD\node_modules\jest-circus\build\run.js:252:3)
        at _runTestsForDescribeBlock (C:\Users\anne\Desktop\GLSL_DISCORD\node_modules\jest-circus\build\run.js:126:9)
        at _runTestsForDescribeBlock (C:\Users\anne\Desktop\GLSL_DISCORD\node_modules\jest-circus\build\run.js:121:9)
        at _runTestsForDescribeBlock (C:\Users\anne\Desktop\GLSL_DISCORD\node_modules\jest-circus\build\run.js:121:9)
        at run (C:\Users\anne\Desktop\GLSL_DISCORD\node_modules\jest-circus\build\run.js:71:3)
        at runAndTransformResultsToJestFormat (C:\Users\anne\Desktop\GLSL_DISCORD\node_modules\jest-circus\build\legacy-code-todo-rewrite\jestAdapterInit.js:122:21)
        at jestAdapter (C:\Users\anne\Desktop\GLSL_DISCORD\node_modules\jest-circus\build\legacy-code-todo-rewrite\jestAdapter.js:79:19)
        at runTestInternal (C:\Users\anne\Desktop\GLSL_DISCORD\node_modules\jest-runner\build\runTest.js:367:16)
        at runTest (C:\Users\anne\Desktop\GLSL_DISCORD\node_modules\jest-runner\build\runTest.js:444:34)

      5760 |                 res.json(stats);
      5761 |             } catch (error) {
    > 5762 |                 console.error('ÔØî Erreur API /api/stats:', error);
           |                         ^
      5763 |                 res.status(500).json({ error: 'Erreur interne du serveur' });
      5764 |             }
      5765 |         });

      at error (bot.js:5762:25)
      at Object.<anonymous> (tests/bot.test.js:3002:13)

  console.log
    [2025-11-15T10:43:02.304Z] INFO: Registered cleanup function: browserPool

      at Function.log [as info] (src/utils/logger.js:11:17)

  console.log
    [2025-11-15T10:43:02.304Z] INFO: Registered cleanup function: database

      at Function.log [as info] (src/utils/logger.js:11:17)

  console.log
    [2025-11-15T10:43:02.304Z] INFO: ­ƒöä Auto backups scheduled: 0 3 * * *

      at Function.log [as info] (src/utils/logger.js:11:17)

  console.log
    [2025-11-15T10:43:02.305Z] INFO: ­ƒöä Auto cleanup scheduled: weekly on Sunday at 4am

      at Function.log [as info] (src/utils/logger.js:11:17)

  console.log
    ­ƒîÉ Serveur Express d├®marr├® sur le port 8080

      at log (bot.js:5918:25)

  console.log
    [2025-11-15T10:43:02.306Z] INFO: Registered cleanup function: expressServer

      at Function.log [as info] (src/utils/logger.js:11:17)

  console.log
    [2025-11-15T10:43:02.307Z] INFO: Registered cleanup function: browserPool

      at Function.log [as info] (src/utils/logger.js:11:17)

  console.log
    [2025-11-15T10:43:02.307Z] INFO: Registered cleanup function: database

      at Function.log [as info] (src/utils/logger.js:11:17)

  console.log
    [2025-11-15T10:43:02.307Z] INFO: ­ƒöä Auto backups scheduled: 0 3 * * *

      at Function.log [as info] (src/utils/logger.js:11:17)

  console.log
    [2025-11-15T10:43:02.308Z] INFO: ­ƒöä Auto cleanup scheduled: weekly on Sunday at 4am

      at Function.log [as info] (src/utils/logger.js:11:17)

  console.log
    ­ƒîÉ Serveur Express d├®marr├® sur le port 8080

      at log (bot.js:5918:25)

  console.log
    [2025-11-15T10:43:02.309Z] INFO: Registered cleanup function: expressServer

      at Function.log [as info] (src/utils/logger.js:11:17)

  console.log
    [2025-11-15T10:43:02.310Z] INFO: Registered cleanup function: browserPool

      at Function.log [as info] (src/utils/logger.js:11:17)

  console.log
    [2025-11-15T10:43:02.310Z] INFO: Registered cleanup function: database

      at Function.log [as info] (src/utils/logger.js:11:17)

  console.log
    [2025-11-15T10:43:02.310Z] INFO: ­ƒöä Auto backups scheduled: 0 3 * * *

      at Function.log [as info] (src/utils/logger.js:11:17)

  console.log
    [2025-11-15T10:43:02.311Z] INFO: ­ƒöä Auto cleanup scheduled: weekly on Sunday at 4am

      at Function.log [as info] (src/utils/logger.js:11:17)

  console.log
    ­ƒîÉ Serveur Express d├®marr├® sur le port 8080

      at log (bot.js:5918:25)

  console.log
    [2025-11-15T10:43:02.312Z] INFO: Registered cleanup function: expressServer

      at Function.log [as info] (src/utils/logger.js:11:17)

  console.log
    [2025-11-15T10:43:02.313Z] INFO: Registered cleanup function: browserPool

      at Function.log [as info] (src/utils/logger.js:11:17)

  console.log
    [2025-11-15T10:43:02.313Z] INFO: Registered cleanup function: database

      at Function.log [as info] (src/utils/logger.js:11:17)

  console.log
    [2025-11-15T10:43:02.313Z] INFO: ­ƒöä Auto backups scheduled: 0 3 * * *

      at Function.log [as info] (src/utils/logger.js:11:17)

  console.log
    [2025-11-15T10:43:02.314Z] INFO: ­ƒöä Auto cleanup scheduled: weekly on Sunday at 4am

      at Function.log [as info] (src/utils/logger.js:11:17)

  console.log
    ­ƒîÉ Serveur Express d├®marr├® sur le port 8080

      at log (bot.js:5918:25)

  console.log
    [2025-11-15T10:43:02.316Z] INFO: Registered cleanup function: expressServer

      at Function.log [as info] (src/utils/logger.js:11:17)

  console.log
    [2025-11-15T10:43:02.317Z] INFO: Registered cleanup function: browserPool

      at Function.log [as info] (src/utils/logger.js:11:17)

  console.log
    [2025-11-15T10:43:02.318Z] INFO: Registered cleanup function: database

      at Function.log [as info] (src/utils/logger.js:11:17)

  console.log
    [2025-11-15T10:43:02.318Z] INFO: ­ƒöä Auto backups scheduled: 0 3 * * *

      at Function.log [as info] (src/utils/logger.js:11:17)

  console.log
    [2025-11-15T10:43:02.318Z] INFO: ­ƒöä Auto cleanup scheduled: weekly on Sunday at 4am

      at Function.log [as info] (src/utils/logger.js:11:17)

  console.log
    ­ƒîÉ Serveur Express d├®marr├® sur le port 8080

      at log (bot.js:5918:25)

  console.log
    [2025-11-15T10:43:02.319Z] INFO: Registered cleanup function: expressServer

      at Function.log [as info] (src/utils/logger.js:11:17)

  console.log
    [2025-11-15T10:43:02.320Z] INFO: Registered cleanup function: browserPool

      at Function.log [as info] (src/utils/logger.js:11:17)

  console.log
    [2025-11-15T10:43:02.321Z] INFO: Registered cleanup function: database

      at Function.log [as info] (src/utils/logger.js:11:17)

  console.log
    [2025-11-15T10:43:02.321Z] INFO: ­ƒöä Auto backups scheduled: 0 3 * * *

      at Function.log [as info] (src/utils/logger.js:11:17)

  console.log
    [2025-11-15T10:43:02.321Z] INFO: ­ƒöä Auto cleanup scheduled: weekly on Sunday at 4am

      at Function.log [as info] (src/utils/logger.js:11:17)

  console.log
    ­ƒîÉ Serveur Express d├®marr├® sur le port 8080

      at log (bot.js:5918:25)

  console.log
    [2025-11-15T10:43:02.322Z] INFO: Registered cleanup function: expressServer

      at Function.log [as info] (src/utils/logger.js:11:17)

  console.log
    [2025-11-15T10:43:02.324Z] INFO: Registered cleanup function: browserPool

      at Function.log [as info] (src/utils/logger.js:11:17)

  console.log
    [2025-11-15T10:43:02.324Z] INFO: Registered cleanup function: database

      at Function.log [as info] (src/utils/logger.js:11:17)

  console.log
    [2025-11-15T10:43:02.325Z] INFO: ­ƒöä Auto backups scheduled: 0 3 * * *

      at Function.log [as info] (src/utils/logger.js:11:17)

  console.log
    [2025-11-15T10:43:02.325Z] INFO: ­ƒöä Auto cleanup scheduled: weekly on Sunday at 4am

      at Function.log [as info] (src/utils/logger.js:11:17)

  console.log
    ­ƒîÉ Serveur Express d├®marr├® sur le port 8080

      at log (bot.js:5918:25)

  console.log
    [2025-11-15T10:43:02.326Z] INFO: Registered cleanup function: expressServer

      at Function.log [as info] (src/utils/logger.js:11:17)

  console.log
    [2025-11-15T10:43:02.327Z] INFO: Registered cleanup function: browserPool

      at Function.log [as info] (src/utils/logger.js:11:17)

  console.log
    [2025-11-15T10:43:02.328Z] INFO: Registered cleanup function: database

      at Function.log [as info] (src/utils/logger.js:11:17)

  console.log
    [2025-11-15T10:43:02.328Z] INFO: ­ƒöä Auto backups scheduled: 0 3 * * *

      at Function.log [as info] (src/utils/logger.js:11:17)

  console.log
    [2025-11-15T10:43:02.329Z] INFO: ­ƒöä Auto cleanup scheduled: weekly on Sunday at 4am

      at Function.log [as info] (src/utils/logger.js:11:17)

  console.log
    ­ƒîÉ Serveur Express d├®marr├® sur le port 8080

      at log (bot.js:5918:25)

  console.log
    [2025-11-15T10:43:02.329Z] INFO: Registered cleanup function: expressServer

      at Function.log [as info] (src/utils/logger.js:11:17)

  console.log
    [2025-11-15T10:43:02.331Z] INFO: Registered cleanup function: browserPool

      at Function.log [as info] (src/utils/logger.js:11:17)

  console.log
    [2025-11-15T10:43:02.331Z] INFO: Registered cleanup function: database

      at Function.log [as info] (src/utils/logger.js:11:17)

  console.log
    [2025-11-15T10:43:02.332Z] INFO: ­ƒöä Auto backups scheduled: 0 3 * * *

      at Function.log [as info] (src/utils/logger.js:11:17)

  console.log
    [2025-11-15T10:43:02.332Z] INFO: ­ƒöä Auto cleanup scheduled: weekly on Sunday at 4am

      at Function.log [as info] (src/utils/logger.js:11:17)

  console.log
    ­ƒîÉ Serveur Express d├®marr├® sur le port 8080

      at log (bot.js:5918:25)

  console.log
    [2025-11-15T10:43:02.333Z] INFO: Registered cleanup function: expressServer

      at Function.log [as info] (src/utils/logger.js:11:17)

  console.log
    [2025-11-15T10:43:02.334Z] INFO: Registered cleanup function: browserPool

      at Function.log [as info] (src/utils/logger.js:11:17)

  console.log
    [2025-11-15T10:43:02.334Z] INFO: Registered cleanup function: database

      at Function.log [as info] (src/utils/logger.js:11:17)

  console.log
    [2025-11-15T10:43:02.335Z] INFO: ­ƒöä Auto backups scheduled: 0 3 * * *

      at Function.log [as info] (src/utils/logger.js:11:17)

  console.log
    [2025-11-15T10:43:02.335Z] INFO: ­ƒöä Auto cleanup scheduled: weekly on Sunday at 4am

      at Function.log [as info] (src/utils/logger.js:11:17)

  console.log
    ­ƒîÉ Serveur Express d├®marr├® sur le port 8080

      at log (bot.js:5918:25)

  console.log
    [2025-11-15T10:43:02.336Z] INFO: Registered cleanup function: expressServer

      at Function.log [as info] (src/utils/logger.js:11:17)

  console.log
    [2025-11-15T10:43:02.338Z] INFO: Registered cleanup function: browserPool

      at Function.log [as info] (src/utils/logger.js:11:17)

  console.log
    [2025-11-15T10:43:02.339Z] INFO: Registered cleanup function: database

      at Function.log [as info] (src/utils/logger.js:11:17)

  console.log
    [2025-11-15T10:43:02.339Z] INFO: ­ƒöä Auto backups scheduled: 0 3 * * *

      at Function.log [as info] (src/utils/logger.js:11:17)

  console.log
    [2025-11-15T10:43:02.340Z] INFO: ­ƒöä Auto cleanup scheduled: weekly on Sunday at 4am

      at Function.log [as info] (src/utils/logger.js:11:17)

  console.log
    ­ƒîÉ Serveur Express d├®marr├® sur le port 8080

      at log (bot.js:5918:25)

  console.log
    [2025-11-15T10:43:02.340Z] INFO: Registered cleanup function: expressServer

      at Function.log [as info] (src/utils/logger.js:11:17)

  console.log
    [2025-11-15T10:43:02.341Z] INFO: Registered cleanup function: browserPool

      at Function.log [as info] (src/utils/logger.js:11:17)

  console.log
    [2025-11-15T10:43:02.342Z] INFO: Registered cleanup function: database

      at Function.log [as info] (src/utils/logger.js:11:17)

  console.log
    [2025-11-15T10:43:02.342Z] INFO: ­ƒöä Auto backups scheduled: 0 3 * * *

      at Function.log [as info] (src/utils/logger.js:11:17)

  console.log
    [2025-11-15T10:43:02.342Z] INFO: ­ƒöä Auto cleanup scheduled: weekly on Sunday at 4am

      at Function.log [as info] (src/utils/logger.js:11:17)

  console.log
    ­ƒîÉ Serveur Express d├®marr├® sur le port 8080

      at log (bot.js:5918:25)

  console.log
    [2025-11-15T10:43:02.343Z] INFO: Registered cleanup function: expressServer

      at Function.log [as info] (src/utils/logger.js:11:17)

  console.log
    [2025-11-15T10:43:02.344Z] INFO: Registered cleanup function: browserPool

      at Function.log [as info] (src/utils/logger.js:11:17)

  console.log
    [2025-11-15T10:43:02.344Z] INFO: Registered cleanup function: database

      at Function.log [as info] (src/utils/logger.js:11:17)

  console.log
    [2025-11-15T10:43:02.345Z] INFO: ­ƒöä Auto backups scheduled: 0 3 * * *

      at Function.log [as info] (src/utils/logger.js:11:17)

  console.log
    [2025-11-15T10:43:02.345Z] INFO: ­ƒöä Auto cleanup scheduled: weekly on Sunday at 4am

      at Function.log [as info] (src/utils/logger.js:11:17)

  console.log
    ­ƒîÉ Serveur Express d├®marr├® sur le port 8080

      at log (bot.js:5918:25)

  console.log
    [2025-11-15T10:43:02.346Z] INFO: Registered cleanup function: expressServer

      at Function.log [as info] (src/utils/logger.js:11:17)

  console.log
    [2025-11-15T10:43:02.347Z] INFO: Registered cleanup function: browserPool

      at Function.log [as info] (src/utils/logger.js:11:17)

  console.log
    [2025-11-15T10:43:02.347Z] INFO: Registered cleanup function: database

      at Function.log [as info] (src/utils/logger.js:11:17)

  console.log
    [2025-11-15T10:43:02.348Z] INFO: ­ƒöä Auto backups scheduled: 0 3 * * *

      at Function.log [as info] (src/utils/logger.js:11:17)

  console.log
    [2025-11-15T10:43:02.348Z] INFO: ­ƒöä Auto cleanup scheduled: weekly on Sunday at 4am

      at Function.log [as info] (src/utils/logger.js:11:17)

  console.log
    ­ƒîÉ Serveur Express d├®marr├® sur le port 8080

      at log (bot.js:5918:25)

  console.log
    [2025-11-15T10:43:02.349Z] INFO: Registered cleanup function: expressServer

      at Function.log [as info] (src/utils/logger.js:11:17)

  console.log
    [2025-11-15T10:43:02.350Z] INFO: Registered cleanup function: browserPool

      at Function.log [as info] (src/utils/logger.js:11:17)

  console.log
    [2025-11-15T10:43:02.350Z] INFO: Registered cleanup function: database

      at Function.log [as info] (src/utils/logger.js:11:17)

  console.log
    [2025-11-15T10:43:02.351Z] INFO: ­ƒöä Auto backups scheduled: 0 3 * * *

      at Function.log [as info] (src/utils/logger.js:11:17)

  console.log
    [2025-11-15T10:43:02.351Z] INFO: ­ƒöä Auto cleanup scheduled: weekly on Sunday at 4am

      at Function.log [as info] (src/utils/logger.js:11:17)

  console.log
    ­ƒîÉ Serveur Express d├®marr├® sur le port 8080

      at log (bot.js:5918:25)

  console.log
    [2025-11-15T10:43:02.352Z] INFO: Registered cleanup function: expressServer

      at Function.log [as info] (src/utils/logger.js:11:17)

  console.error
    ÔØî Erreur API /api/shaders/compile: Error: Server error
        at Object.<anonymous> (C:\Users\anne\Desktop\GLSL_DISCORD\tests\bot.test.js:3560:70)
        at Promise.then.completed (C:\Users\anne\Desktop\GLSL_DISCORD\node_modules\jest-circus\build\utils.js:298:28)
        at new Promise (<anonymous>)
        at callAsyncCircusFn (C:\Users\anne\Desktop\GLSL_DISCORD\node_modules\jest-circus\build\utils.js:231:10)
        at _callCircusTest (C:\Users\anne\Desktop\GLSL_DISCORD\node_modules\jest-circus\build\run.js:316:40)
        at processTicksAndRejections (node:internal/process/task_queues:95:5)
        at _runTest (C:\Users\anne\Desktop\GLSL_DISCORD\node_modules\jest-circus\build\run.js:252:3)
        at _runTestsForDescribeBlock (C:\Users\anne\Desktop\GLSL_DISCORD\node_modules\jest-circus\build\run.js:126:9)
        at _runTestsForDescribeBlock (C:\Users\anne\Desktop\GLSL_DISCORD\node_modules\jest-circus\build\run.js:121:9)
        at _runTestsForDescribeBlock (C:\Users\anne\Desktop\GLSL_DISCORD\node_modules\jest-circus\build\run.js:121:9)
        at run (C:\Users\anne\Desktop\GLSL_DISCORD\node_modules\jest-circus\build\run.js:71:3)
        at runAndTransformResultsToJestFormat (C:\Users\anne\Desktop\GLSL_DISCORD\node_modules\jest-circus\build\legacy-code-todo-rewrite\jestAdapterInit.js:122:21)
        at jestAdapter (C:\Users\anne\Desktop\GLSL_DISCORD\node_modules\jest-circus\build\legacy-code-todo-rewrite\jestAdapter.js:79:19)
        at runTestInternal (C:\Users\anne\Desktop\GLSL_DISCORD\node_modules\jest-runner\build\runTest.js:367:16)
        at runTest (C:\Users\anne\Desktop\GLSL_DISCORD\node_modules\jest-runner\build\runTest.js:444:34)

      5835 |                 }
      5836 |             } catch (error) {
    > 5837 |                 console.error('ÔØî Erreur API /api/shaders/compile:', error);
           |                         ^
      5838 |                 res.status(500).json({ error: 'Erreur interne du serveur' });
      5839 |             }
      5840 |         });

      at error (bot.js:5837:25)
      at Object.<anonymous> (tests/bot.test.js:3578:13)

  console.log
    [2025-11-15T10:43:02.355Z] INFO: Registered cleanup function: browserPool

      at Function.log [as info] (src/utils/logger.js:11:17)

  console.log
    [2025-11-15T10:43:02.355Z] INFO: Registered cleanup function: database

      at Function.log [as info] (src/utils/logger.js:11:17)

  console.log
    [2025-11-15T10:43:02.355Z] INFO: ­ƒöä Auto backups scheduled: 0 3 * * *

      at Function.log [as info] (src/utils/logger.js:11:17)

  console.log
    [2025-11-15T10:43:02.356Z] INFO: ­ƒöä Auto cleanup scheduled: weekly on Sunday at 4am

      at Function.log [as info] (src/utils/logger.js:11:17)

  console.log
    ­ƒîÉ Serveur Express d├®marr├® sur le port 8080

      at log (bot.js:5918:25)

  console.log
    [2025-11-15T10:43:02.357Z] INFO: Registered cleanup function: expressServer

      at Function.log [as info] (src/utils/logger.js:11:17)

  console.error
    ÔØî Erreur API /api/shaders/generate: Error: Server error
        at Object.<anonymous> (C:\Users\anne\Desktop\GLSL_DISCORD\tests\bot.test.js:3598:70)
        at Promise.then.completed (C:\Users\anne\Desktop\GLSL_DISCORD\node_modules\jest-circus\build\utils.js:298:28)
        at new Promise (<anonymous>)
        at callAsyncCircusFn (C:\Users\anne\Desktop\GLSL_DISCORD\node_modules\jest-circus\build\utils.js:231:10)
        at _callCircusTest (C:\Users\anne\Desktop\GLSL_DISCORD\node_modules\jest-circus\build\run.js:316:40)
        at processTicksAndRejections (node:internal/process/task_queues:95:5)
        at _runTest (C:\Users\anne\Desktop\GLSL_DISCORD\node_modules\jest-circus\build\run.js:252:3)
        at _runTestsForDescribeBlock (C:\Users\anne\Desktop\GLSL_DISCORD\node_modules\jest-circus\build\run.js:126:9)
        at _runTestsForDescribeBlock (C:\Users\anne\Desktop\GLSL_DISCORD\node_modules\jest-circus\build\run.js:121:9)
        at _runTestsForDescribeBlock (C:\Users\anne\Desktop\GLSL_DISCORD\node_modules\jest-circus\build\run.js:121:9)
        at run (C:\Users\anne\Desktop\GLSL_DISCORD\node_modules\jest-circus\build\run.js:71:3)
        at runAndTransformResultsToJestFormat (C:\Users\anne\Desktop\GLSL_DISCORD\node_modules\jest-circus\build\legacy-code-todo-rewrite\jestAdapterInit.js:122:21)
        at jestAdapter (C:\Users\anne\Desktop\GLSL_DISCORD\node_modules\jest-circus\build\legacy-code-todo-rewrite\jestAdapter.js:79:19)
        at runTestInternal (C:\Users\anne\Desktop\GLSL_DISCORD\node_modules\jest-runner\build\runTest.js:367:16)
        at runTest (C:\Users\anne\Desktop\GLSL_DISCORD\node_modules\jest-runner\build\runTest.js:444:34)

      5868 |                 }
      5869 |             } catch (error) {
    > 5870 |                 console.error('ÔØî Erreur API /api/shaders/generate:', error);
           |                         ^
      5871 |                 res.status(500).json({ error: 'Erreur interne du serveur' });
      5872 |             }
      5873 |         });

      at error (bot.js:5870:25)
      at Object.<anonymous> (tests/bot.test.js:3620:13)

  console.log
    [2025-11-15T10:43:02.360Z] INFO: Registered cleanup function: browserPool

      at Function.log [as info] (src/utils/logger.js:11:17)

  console.log
    [2025-11-15T10:43:02.360Z] INFO: Registered cleanup function: database

      at Function.log [as info] (src/utils/logger.js:11:17)

  console.log
    [2025-11-15T10:43:02.361Z] INFO: ­ƒöä Auto backups scheduled: 0 3 * * *

      at Function.log [as info] (src/utils/logger.js:11:17)

  console.log
    [2025-11-15T10:43:02.361Z] INFO: ­ƒöä Auto cleanup scheduled: weekly on Sunday at 4am

      at Function.log [as info] (src/utils/logger.js:11:17)

  console.log
    ­ƒîÉ Serveur Express d├®marr├® sur le port 8080

      at log (bot.js:5918:25)

  console.log
    [2025-11-15T10:43:02.362Z] INFO: Registered cleanup function: expressServer

      at Function.log [as info] (src/utils/logger.js:11:17)

  console.error
    ÔØî Erreur API /api/shaders/preset: Error: Server error
        at Object.<anonymous> (C:\Users\anne\Desktop\GLSL_DISCORD\tests\bot.test.js:3644:70)
        at Promise.then.completed (C:\Users\anne\Desktop\GLSL_DISCORD\node_modules\jest-circus\build\utils.js:298:28)
        at new Promise (<anonymous>)
        at callAsyncCircusFn (C:\Users\anne\Desktop\GLSL_DISCORD\node_modules\jest-circus\build\utils.js:231:10)
        at _callCircusTest (C:\Users\anne\Desktop\GLSL_DISCORD\node_modules\jest-circus\build\run.js:316:40)
        at processTicksAndRejections (node:internal/process/task_queues:95:5)
        at _runTest (C:\Users\anne\Desktop\GLSL_DISCORD\node_modules\jest-circus\build\run.js:252:3)
        at _runTestsForDescribeBlock (C:\Users\anne\Desktop\GLSL_DISCORD\node_modules\jest-circus\build\run.js:126:9)
        at _runTestsForDescribeBlock (C:\Users\anne\Desktop\GLSL_DISCORD\node_modules\jest-circus\build\run.js:121:9)
        at _runTestsForDescribeBlock (C:\Users\anne\Desktop\GLSL_DISCORD\node_modules\jest-circus\build\run.js:121:9)
        at run (C:\Users\anne\Desktop\GLSL_DISCORD\node_modules\jest-circus\build\run.js:71:3)
        at runAndTransformResultsToJestFormat (C:\Users\anne\Desktop\GLSL_DISCORD\node_modules\jest-circus\build\legacy-code-todo-rewrite\jestAdapterInit.js:122:21)
        at jestAdapter (C:\Users\anne\Desktop\GLSL_DISCORD\node_modules\jest-circus\build\legacy-code-todo-rewrite\jestAdapter.js:79:19)
        at runTestInternal (C:\Users\anne\Desktop\GLSL_DISCORD\node_modules\jest-runner\build\runTest.js:367:16)
        at runTest (C:\Users\anne\Desktop\GLSL_DISCORD\node_modules\jest-runner\build\runTest.js:444:34)

      5898 |                 }
      5899 |             } catch (error) {
    > 5900 |                 console.error('ÔØî Erreur API /api/shaders/preset:', error);
           |                         ^
      5901 |                 res.status(500).json({ error: 'Erreur interne du serveur' });
      5902 |             }
      5903 |         });

      at error (bot.js:5900:25)
      at Object.<anonymous> (tests/bot.test.js:3662:13)

  console.log
    [2025-11-15T10:43:02.365Z] INFO: Registered cleanup function: browserPool

      at Function.log [as info] (src/utils/logger.js:11:17)

  console.log
    [2025-11-15T10:43:02.365Z] INFO: Registered cleanup function: database

      at Function.log [as info] (src/utils/logger.js:11:17)

  console.log
    [2025-11-15T10:43:02.365Z] INFO: ­ƒöä Auto backups scheduled: 0 3 * * *

      at Function.log [as info] (src/utils/logger.js:11:17)

  console.log
    [2025-11-15T10:43:02.366Z] INFO: ­ƒöä Auto cleanup scheduled: weekly on Sunday at 4am

      at Function.log [as info] (src/utils/logger.js:11:17)

  console.log
    ­ƒîÉ Serveur Express d├®marr├® sur le port 8080

      at log (bot.js:5918:25)

  console.log
    [2025-11-15T10:43:02.366Z] INFO: Registered cleanup function: expressServer

      at Function.log [as info] (src/utils/logger.js:11:17)

  console.log
    [2025-11-15T10:43:02.368Z] INFO: Registered cleanup function: browserPool

      at Function.log [as info] (src/utils/logger.js:11:17)

  console.log
    [2025-11-15T10:43:02.368Z] INFO: Registered cleanup function: database

      at Function.log [as info] (src/utils/logger.js:11:17)

  console.log
    [2025-11-15T10:43:02.368Z] INFO: ­ƒöä Auto backups scheduled: 0 3 * * *

      at Function.log [as info] (src/utils/logger.js:11:17)

  console.log
    [2025-11-15T10:43:02.369Z] INFO: ­ƒöä Auto cleanup scheduled: weekly on Sunday at 4am

      at Function.log [as info] (src/utils/logger.js:11:17)

  console.log
    ­ƒîÉ Serveur Express d├®marr├® sur le port 8080

      at log (bot.js:5918:25)

  console.log
    [2025-11-15T10:43:02.370Z] INFO: Registered cleanup function: expressServer

      at Function.log [as info] (src/utils/logger.js:11:17)

  console.log
    [2025-11-15T10:43:02.371Z] INFO: Registered cleanup function: browserPool

      at Function.log [as info] (src/utils/logger.js:11:17)

  console.log
    [2025-11-15T10:43:02.371Z] INFO: Registered cleanup function: database

      at Function.log [as info] (src/utils/logger.js:11:17)

  console.log
    [2025-11-15T10:43:02.371Z] INFO: ­ƒöä Auto backups scheduled: 0 3 * * *

      at Function.log [as info] (src/utils/logger.js:11:17)

  console.log
    [2025-11-15T10:43:02.372Z] INFO: ­ƒöä Auto cleanup scheduled: weekly on Sunday at 4am

      at Function.log [as info] (src/utils/logger.js:11:17)

  console.log
    ­ƒîÉ Serveur Express d├®marr├® sur le port 8080

      at log (bot.js:5918:25)

  console.log
    [2025-11-15T10:43:02.372Z] INFO: Registered cleanup function: expressServer

      at Function.log [as info] (src/utils/logger.js:11:17)

  console.log
    [2025-11-15T10:43:02.373Z] INFO: Registered cleanup function: browserPool

      at Function.log [as info] (src/utils/logger.js:11:17)

  console.log
    [2025-11-15T10:43:02.374Z] INFO: Registered cleanup function: database

      at Function.log [as info] (src/utils/logger.js:11:17)

  console.log
    [2025-11-15T10:43:02.374Z] INFO: ­ƒöä Auto backups scheduled: 0 3 * * *

      at Function.log [as info] (src/utils/logger.js:11:17)

  console.log
    [2025-11-15T10:43:02.375Z] INFO: ­ƒöä Auto cleanup scheduled: weekly on Sunday at 4am

      at Function.log [as info] (src/utils/logger.js:11:17)

  console.log
    ­ƒîÉ Serveur Express d├®marr├® sur le port 8080

      at log (bot.js:5918:25)

  console.log
    [2025-11-15T10:43:02.375Z] INFO: Registered cleanup function: expressServer

      at Function.log [as info] (src/utils/logger.js:11:17)

  console.log
    [2025-11-15T10:43:02.377Z] INFO: Registered cleanup function: browserPool

      at Function.log [as info] (src/utils/logger.js:11:17)

  console.log
    [2025-11-15T10:43:02.378Z] INFO: Registered cleanup function: database

      at Function.log [as info] (src/utils/logger.js:11:17)

  console.log
    [2025-11-15T10:43:02.378Z] INFO: ­ƒöä Auto backups scheduled: 0 3 * * *

      at Function.log [as info] (src/utils/logger.js:11:17)

  console.log
    [2025-11-15T10:43:02.379Z] INFO: ­ƒöä Auto cleanup scheduled: weekly on Sunday at 4am

      at Function.log [as info] (src/utils/logger.js:11:17)

  console.log
    ­ƒîÉ Serveur Express d├®marr├® sur le port 8080

      at log (bot.js:5918:25)

  console.log
    [2025-11-15T10:43:02.379Z] INFO: Registered cleanup function: expressServer

      at Function.log [as info] (src/utils/logger.js:11:17)

  console.log
    ­ƒîÉ Requ├¬te Discord re├ºue: 1

      at log (bot.js:5687:21)

  console.log
    Ô×í´©Å R├®ponse PONG

      at log (bot.js:5691:25)

  console.log
    [2025-11-15T10:43:02.382Z] INFO: Registered cleanup function: browserPool

      at Function.log [as info] (src/utils/logger.js:11:17)

  console.log
    [2025-11-15T10:43:02.382Z] INFO: Registered cleanup function: database

      at Function.log [as info] (src/utils/logger.js:11:17)

  console.log
    [2025-11-15T10:43:02.383Z] INFO: ­ƒöä Auto backups scheduled: 0 3 * * *

      at Function.log [as info] (src/utils/logger.js:11:17)

  console.log
    [2025-11-15T10:43:02.383Z] INFO: ­ƒöä Auto cleanup scheduled: weekly on Sunday at 4am

      at Function.log [as info] (src/utils/logger.js:11:17)

  console.log
    ­ƒîÉ Serveur Express d├®marr├® sur le port 8080

      at log (bot.js:5918:25)

  console.log
    [2025-11-15T10:43:02.384Z] INFO: Registered cleanup function: expressServer

      at Function.log [as info] (src/utils/logger.js:11:17)

  console.log
    ­ƒîÉ Requ├¬te Discord re├ºue: 2

      at log (bot.js:5687:21)

  console.log
    Ô£à Traitement en arri├¿re-plan de help termin├®.

      at log (bot.js:5706:41)

  console.log
    [2025-11-15T10:43:02.495Z] INFO: Registered cleanup function: browserPool

      at Function.log [as info] (src/utils/logger.js:11:17)

  console.log
    [2025-11-15T10:43:02.496Z] INFO: Registered cleanup function: database

      at Function.log [as info] (src/utils/logger.js:11:17)

  console.log
    [2025-11-15T10:43:02.496Z] INFO: ­ƒöä Auto backups scheduled: 0 3 * * *

      at Function.log [as info] (src/utils/logger.js:11:17)

  console.log
    [2025-11-15T10:43:02.497Z] INFO: ­ƒöä Auto cleanup scheduled: weekly on Sunday at 4am

      at Function.log [as info] (src/utils/logger.js:11:17)

  console.log
    ­ƒîÉ Serveur Express d├®marr├® sur le port 8080

      at log (bot.js:5918:25)

  console.log
    [2025-11-15T10:43:02.498Z] INFO: Registered cleanup function: expressServer

      at Function.log [as info] (src/utils/logger.js:11:17)

  console.log
    ­ƒîÉ Requ├¬te Discord re├ºue: 4

      at log (bot.js:5687:21)

  console.log
    ­ƒöì Autocomplete HTTP re├ºu: shader-preset

      at log (bot.js:5712:25)

  console.log
    [2025-11-15T10:43:02.500Z] INFO: Registered cleanup function: browserPool

      at Function.log [as info] (src/utils/logger.js:11:17)

  console.log
    [2025-11-15T10:43:02.500Z] INFO: Registered cleanup function: database

      at Function.log [as info] (src/utils/logger.js:11:17)

  console.log
    [2025-11-15T10:43:02.501Z] INFO: ­ƒöä Auto backups scheduled: 0 3 * * *

      at Function.log [as info] (src/utils/logger.js:11:17)

  console.log
    [2025-11-15T10:43:02.501Z] INFO: ­ƒöä Auto cleanup scheduled: weekly on Sunday at 4am

      at Function.log [as info] (src/utils/logger.js:11:17)

  console.log
    ­ƒîÉ Serveur Express d├®marr├® sur le port 8080

      at log (bot.js:5918:25)

  console.log
    [2025-11-15T10:43:02.502Z] INFO: Registered cleanup function: expressServer

      at Function.log [as info] (src/utils/logger.js:11:17)

  console.log
    ­ƒîÉ Requ├¬te Discord re├ºue: 4

      at log (bot.js:5687:21)

  console.log
    ­ƒöì Autocomplete HTTP re├ºu: shader-preset

      at log (bot.js:5712:25)

  console.log
    [2025-11-15T10:43:02.504Z] INFO: Registered cleanup function: browserPool

      at Function.log [as info] (src/utils/logger.js:11:17)

  console.log
    [2025-11-15T10:43:02.505Z] INFO: Registered cleanup function: database

      at Function.log [as info] (src/utils/logger.js:11:17)

  console.log
    [2025-11-15T10:43:02.505Z] INFO: ­ƒöä Auto backups scheduled: 0 3 * * *

      at Function.log [as info] (src/utils/logger.js:11:17)

  console.log
    [2025-11-15T10:43:02.506Z] INFO: ­ƒöä Auto cleanup scheduled: weekly on Sunday at 4am

      at Function.log [as info] (src/utils/logger.js:11:17)

  console.log
    ­ƒîÉ Serveur Express d├®marr├® sur le port 8080

      at log (bot.js:5918:25)

  console.log
    [2025-11-15T10:43:02.506Z] INFO: Registered cleanup function: expressServer

      at Function.log [as info] (src/utils/logger.js:11:17)

  console.log
    ­ƒîÉ Requ├¬te Discord re├ºue: 4

      at log (bot.js:5687:21)

  console.log
    ­ƒöì Autocomplete HTTP re├ºu: shader-preset

      at log (bot.js:5712:25)

  console.error
    ÔØî Erreur lors de l'autocomplete HTTP shader-preset: Error: Autocomplete error
        at Object.<anonymous> (C:\Users\anne\Desktop\GLSL_DISCORD\tests\bot.test.js:4047:27)
        at C:\Users\anne\Desktop\GLSL_DISCORD\node_modules\jest-mock\build\index.js:397:39
        at Object.<anonymous> (C:\Users\anne\Desktop\GLSL_DISCORD\node_modules\jest-mock\build\index.js:404:13)
        at Object.mockConstructor [as autocomplete] (C:\Users\anne\Desktop\GLSL_DISCORD\node_modules\jest-mock\build\index.js:103:19)
        at autocomplete (C:\Users\anne\Desktop\GLSL_DISCORD\bot.js:5737:39)
        at Object.discordHandler (C:\Users\anne\Desktop\GLSL_DISCORD\tests\bot.test.js:4073:19)
        at Promise.then.completed (C:\Users\anne\Desktop\GLSL_DISCORD\node_modules\jest-circus\build\utils.js:298:28)
        at new Promise (<anonymous>)
        at callAsyncCircusFn (C:\Users\anne\Desktop\GLSL_DISCORD\node_modules\jest-circus\build\utils.js:231:10)
        at _callCircusTest (C:\Users\anne\Desktop\GLSL_DISCORD\node_modules\jest-circus\build\run.js:316:40)
        at runNextTicks (node:internal/process/task_queues:60:5)
        at listOnTimeout (node:internal/timers:538:9)
        at processTimers (node:internal/timers:512:7)
        at _runTest (C:\Users\anne\Desktop\GLSL_DISCORD\node_modules\jest-circus\build\run.js:252:3)
        at _runTestsForDescribeBlock (C:\Users\anne\Desktop\GLSL_DISCORD\node_modules\jest-circus\build\run.js:126:9)
        at _runTestsForDescribeBlock (C:\Users\anne\Desktop\GLSL_DISCORD\node_modules\jest-circus\build\run.js:121:9)
        at _runTestsForDescribeBlock (C:\Users\anne\Desktop\GLSL_DISCORD\node_modules\jest-circus\build\run.js:121:9)
        at run (C:\Users\anne\Desktop\GLSL_DISCORD\node_modules\jest-circus\build\run.js:71:3)
        at runAndTransformResultsToJestFormat (C:\Users\anne\Desktop\GLSL_DISCORD\node_modules\jest-circus\build\legacy-code-todo-rewrite\jestAdapterInit.js:122:21)
        at jestAdapter (C:\Users\anne\Desktop\GLSL_DISCORD\node_modules\jest-circus\build\legacy-code-todo-rewrite\jestAdapter.js:79:19)
        at runTestInternal (C:\Users\anne\Desktop\GLSL_DISCORD\node_modules\jest-runner\build\runTest.js:367:16)
        at runTest (C:\Users\anne\Desktop\GLSL_DISCORD\node_modules\jest-runner\build\runTest.js:444:34)

      5740 |                         }
      5741 |                     } catch (error) {
    > 5742 |                         console.error(`ÔØî Erreur lors de l'autocomplete HTTP ${commandName}:`, error);
           |                                 ^
      5743 |                     }
      5744 |                 }
      5745 |                 

      at error (bot.js:5742:33)
      at Object.<anonymous> (tests/bot.test.js:4073:13)

  console.log
    [2025-11-15T10:43:02.510Z] INFO: Registered cleanup function: browserPool

      at Function.log [as info] (src/utils/logger.js:11:17)

  console.log
    [2025-11-15T10:43:02.511Z] INFO: Registered cleanup function: database

      at Function.log [as info] (src/utils/logger.js:11:17)

  console.log
    [2025-11-15T10:43:02.511Z] INFO: ­ƒöä Auto backups scheduled: 0 3 * * *

      at Function.log [as info] (src/utils/logger.js:11:17)

  console.log
    [2025-11-15T10:43:02.512Z] INFO: ­ƒöä Auto cleanup scheduled: weekly on Sunday at 4am

      at Function.log [as info] (src/utils/logger.js:11:17)

  console.log
    ­ƒîÉ Serveur Express d├®marr├® sur le port 8080

      at log (bot.js:5918:25)

  console.log
    [2025-11-15T10:43:02.512Z] INFO: Registered cleanup function: expressServer

      at Function.log [as info] (src/utils/logger.js:11:17)

  console.log
    ­ƒîÉ Requ├¬te Discord re├ºue: 2

      at log (bot.js:5687:21)

  console.log
    [2025-11-15T10:43:02.620Z] INFO: Registered cleanup function: browserPool

      at Function.log [as info] (src/utils/logger.js:11:17)

  console.log
    [2025-11-15T10:43:02.620Z] INFO: Registered cleanup function: database

      at Function.log [as info] (src/utils/logger.js:11:17)

  console.log
    [2025-11-15T10:43:02.621Z] INFO: ­ƒöä Auto backups scheduled: 0 3 * * *

      at Function.log [as info] (src/utils/logger.js:11:17)

  console.log
    [2025-11-15T10:43:02.621Z] INFO: ­ƒöä Auto cleanup scheduled: weekly on Sunday at 4am

      at Function.log [as info] (src/utils/logger.js:11:17)

  console.log
    ­ƒîÉ Serveur Express d├®marr├® sur le port 8080

      at log (bot.js:5918:25)

  console.log
    [2025-11-15T10:43:02.622Z] INFO: Registered cleanup function: expressServer

      at Function.log [as info] (src/utils/logger.js:11:17)

  console.log
    ­ƒîÉ Requ├¬te Discord re├ºue: 99

      at log (bot.js:5687:21)

  console.log
    Ô×í´©Å Interaction non g├®r├®e: 99

      at log (bot.js:5751:25)

  console.log
    [2025-11-15T10:43:02.624Z] INFO: Registered cleanup function: browserPool

      at Function.log [as info] (src/utils/logger.js:11:17)

  console.log
    [2025-11-15T10:43:02.624Z] INFO: Registered cleanup function: database

      at Function.log [as info] (src/utils/logger.js:11:17)

  console.log
    [2025-11-15T10:43:02.625Z] INFO: ­ƒöä Auto backups scheduled: 0 3 * * *

      at Function.log [as info] (src/utils/logger.js:11:17)

  console.log
    [2025-11-15T10:43:02.625Z] INFO: ­ƒöä Auto cleanup scheduled: weekly on Sunday at 4am

      at Function.log [as info] (src/utils/logger.js:11:17)

  console.log
    ­ƒîÉ Serveur Express d├®marr├® sur le port 8080

      at log (bot.js:5918:25)

  console.log
    [2025-11-15T10:43:02.626Z] INFO: Registered cleanup function: expressServer

      at Function.log [as info] (src/utils/logger.js:11:17)

  console.log
    [2025-11-15T10:43:02.627Z] INFO: Registered cleanup function: browserPool

      at Function.log [as info] (src/utils/logger.js:11:17)

  console.log
    [2025-11-15T10:43:02.628Z] INFO: Registered cleanup function: database

      at Function.log [as info] (src/utils/logger.js:11:17)

  console.log
    [2025-11-15T10:43:02.628Z] INFO: ­ƒöä Auto backups scheduled: 0 3 * * *

      at Function.log [as info] (src/utils/logger.js:11:17)

  console.log
    [2025-11-15T10:43:02.628Z] INFO: ­ƒöä Auto cleanup scheduled: weekly on Sunday at 4am

      at Function.log [as info] (src/utils/logger.js:11:17)

  console.log
    ­ƒîÉ Serveur Express d├®marr├® sur le port 8080

      at log (bot.js:5918:25)

  console.log
    [2025-11-15T10:43:02.629Z] INFO: Registered cleanup function: expressServer

      at Function.log [as info] (src/utils/logger.js:11:17)

  console.log
    [2025-11-15T10:43:02.630Z] INFO: Registered cleanup function: browserPool

      at Function.log [as info] (src/utils/logger.js:11:17)

  console.log
    [2025-11-15T10:43:02.630Z] INFO: Registered cleanup function: database

      at Function.log [as info] (src/utils/logger.js:11:17)

  console.log
    [2025-11-15T10:43:02.631Z] INFO: ­ƒöä Auto backups scheduled: 0 3 * * *

      at Function.log [as info] (src/utils/logger.js:11:17)

  console.log
    [2025-11-15T10:43:02.631Z] INFO: ­ƒöä Auto cleanup scheduled: weekly on Sunday at 4am

      at Function.log [as info] (src/utils/logger.js:11:17)

  console.log
    ­ƒîÉ Serveur Express d├®marr├® sur le port 8080

      at log (bot.js:5918:25)

  console.log
    [2025-11-15T10:43:02.632Z] INFO: Registered cleanup function: expressServer

      at Function.log [as info] (src/utils/logger.js:11:17)

  console.log
    [2025-11-15T10:43:02.633Z] INFO: Registered cleanup function: browserPool

      at Function.log [as info] (src/utils/logger.js:11:17)

  console.log
    [2025-11-15T10:43:02.634Z] INFO: Registered cleanup function: database

      at Function.log [as info] (src/utils/logger.js:11:17)

  console.log
    [2025-11-15T10:43:02.634Z] INFO: ­ƒöä Auto backups scheduled: 0 3 * * *

      at Function.log [as info] (src/utils/logger.js:11:17)

  console.log
    [2025-11-15T10:43:02.635Z] INFO: ­ƒöä Auto cleanup scheduled: weekly on Sunday at 4am

      at Function.log [as info] (src/utils/logger.js:11:17)

  console.log
    ­ƒîÉ Serveur Express d├®marr├® sur le port 8080

      at log (bot.js:5918:25)

  console.log
    [2025-11-15T10:43:02.635Z] INFO: Registered cleanup function: expressServer

      at Function.log [as info] (src/utils/logger.js:11:17)

  console.log
    [2025-11-15T10:43:02.636Z] INFO: Registered cleanup function: browserPool

      at Function.log [as info] (src/utils/logger.js:11:17)

  console.log
    [2025-11-15T10:43:02.637Z] INFO: Registered cleanup function: database

      at Function.log [as info] (src/utils/logger.js:11:17)

  console.log
    [2025-11-15T10:43:02.637Z] INFO: ­ƒöä Auto backups scheduled: 0 3 * * *

      at Function.log [as info] (src/utils/logger.js:11:17)

  console.log
    [2025-11-15T10:43:02.637Z] INFO: ­ƒöä Auto cleanup scheduled: weekly on Sunday at 4am

      at Function.log [as info] (src/utils/logger.js:11:17)

  console.log
    ­ƒîÉ Serveur Express d├®marr├® sur le port 8080

      at log (bot.js:5918:25)

  console.log
    [2025-11-15T10:43:02.638Z] INFO: Registered cleanup function: expressServer

      at Function.log [as info] (src/utils/logger.js:11:17)

  console.log
    [2025-11-15T10:43:02.639Z] INFO: Registered cleanup function: browserPool

      at Function.log [as info] (src/utils/logger.js:11:17)

  console.log
    [2025-11-15T10:43:02.639Z] INFO: Registered cleanup function: database

      at Function.log [as info] (src/utils/logger.js:11:17)

  console.log
    [2025-11-15T10:43:02.640Z] INFO: ­ƒöä Auto backups scheduled: 0 3 * * *

      at Function.log [as info] (src/utils/logger.js:11:17)

  console.log
    [2025-11-15T10:43:02.640Z] INFO: ­ƒöä Auto cleanup scheduled: weekly on Sunday at 4am

      at Function.log [as info] (src/utils/logger.js:11:17)

  console.log
    ­ƒîÉ Serveur Express d├®marr├® sur le port 8080

      at log (bot.js:5918:25)

  console.log
    [2025-11-15T10:43:02.641Z] INFO: Registered cleanup function: expressServer

      at Function.log [as info] (src/utils/logger.js:11:17)

  console.log
    [2025-11-15T10:43:02.642Z] INFO: Registered cleanup function: browserPool

      at Function.log [as info] (src/utils/logger.js:11:17)

  console.log
    [2025-11-15T10:43:02.642Z] INFO: Registered cleanup function: database

      at Function.log [as info] (src/utils/logger.js:11:17)

  console.log
    [2025-11-15T10:43:02.642Z] INFO: ­ƒöä Auto backups scheduled: 0 3 * * *

      at Function.log [as info] (src/utils/logger.js:11:17)

  console.log
    [2025-11-15T10:43:02.643Z] INFO: ­ƒöä Auto cleanup scheduled: weekly on Sunday at 4am

      at Function.log [as info] (src/utils/logger.js:11:17)

  console.log
    ­ƒîÉ Serveur Express d├®marr├® sur le port 8080

      at log (bot.js:5918:25)

  console.log
    [2025-11-15T10:43:02.645Z] INFO: Registered cleanup function: expressServer

      at Function.log [as info] (src/utils/logger.js:11:17)

  console.log
    [2025-11-15T10:43:02.646Z] INFO: Registered cleanup function: browserPool

      at Function.log [as info] (src/utils/logger.js:11:17)

  console.log
    [2025-11-15T10:43:02.646Z] INFO: Registered cleanup function: database

      at Function.log [as info] (src/utils/logger.js:11:17)

  console.log
    [2025-11-15T10:43:02.646Z] INFO: ­ƒöä Auto backups scheduled: 0 3 * * *

      at Function.log [as info] (src/utils/logger.js:11:17)

  console.log
    [2025-11-15T10:43:02.647Z] INFO: ­ƒöä Auto cleanup scheduled: weekly on Sunday at 4am

      at Function.log [as info] (src/utils/logger.js:11:17)

  console.log
    ­ƒîÉ Serveur Express d├®marr├® sur le port 8080

      at log (bot.js:5918:25)

  console.log
    [2025-11-15T10:43:02.647Z] INFO: Registered cleanup function: expressServer

      at Function.log [as info] (src/utils/logger.js:11:17)

  console.error
    ÔØî Erreur API /api/shaders/preset: Error: Server error
        at GLSLDiscordBot.<anonymous> (C:\Users\anne\Desktop\GLSL_DISCORD\tests\bot.test.js:4442:27)
        at C:\Users\anne\Desktop\GLSL_DISCORD\node_modules\jest-mock\build\index.js:397:39
        at GLSLDiscordBot.<anonymous> (C:\Users\anne\Desktop\GLSL_DISCORD\node_modules\jest-mock\build\index.js:404:13)
        at GLSLDiscordBot.mockConstructor (C:\Users\anne\Desktop\GLSL_DISCORD\node_modules\jest-mock\build\index.js:148:19)
        at getPresetShader (C:\Users\anne\Desktop\GLSL_DISCORD\bot.js:5881:37)
        at Object.presetHandler (C:\Users\anne\Desktop\GLSL_DISCORD\tests\bot.test.js:4464:19)
        at Promise.then.completed (C:\Users\anne\Desktop\GLSL_DISCORD\node_modules\jest-circus\build\utils.js:298:28)
        at new Promise (<anonymous>)
        at callAsyncCircusFn (C:\Users\anne\Desktop\GLSL_DISCORD\node_modules\jest-circus\build\utils.js:231:10)
        at _callCircusTest (C:\Users\anne\Desktop\GLSL_DISCORD\node_modules\jest-circus\build\run.js:316:40)
        at _runTest (C:\Users\anne\Desktop\GLSL_DISCORD\node_modules\jest-circus\build\run.js:252:3)
        at _runTestsForDescribeBlock (C:\Users\anne\Desktop\GLSL_DISCORD\node_modules\jest-circus\build\run.js:126:9)
        at _runTestsForDescribeBlock (C:\Users\anne\Desktop\GLSL_DISCORD\node_modules\jest-circus\build\run.js:121:9)
        at _runTestsForDescribeBlock (C:\Users\anne\Desktop\GLSL_DISCORD\node_modules\jest-circus\build\run.js:121:9)
        at run (C:\Users\anne\Desktop\GLSL_DISCORD\node_modules\jest-circus\build\run.js:71:3)
        at runAndTransformResultsToJestFormat (C:\Users\anne\Desktop\GLSL_DISCORD\node_modules\jest-circus\build\legacy-code-todo-rewrite\jestAdapterInit.js:122:21)
        at jestAdapter (C:\Users\anne\Desktop\GLSL_DISCORD\node_modules\jest-circus\build\legacy-code-todo-rewrite\jestAdapter.js:79:19)
        at runTestInternal (C:\Users\anne\Desktop\GLSL_DISCORD\node_modules\jest-runner\build\runTest.js:367:16)
        at runTest (C:\Users\anne\Desktop\GLSL_DISCORD\node_modules\jest-runner\build\runTest.js:444:34)

      5898 |                 }
      5899 |             } catch (error) {
    > 5900 |                 console.error('ÔØî Erreur API /api/shaders/preset:', error);
           |                         ^
      5901 |                 res.status(500).json({ error: 'Erreur interne du serveur' });
      5902 |             }
      5903 |         });

      at error (bot.js:5900:25)
      at Object.presetHandler (tests/bot.test.js:4464:19)

  console.log
    [2025-11-15T10:43:02.651Z] INFO: Registered cleanup function: browserPool

      at Function.log [as info] (src/utils/logger.js:11:17)

  console.log
    [2025-11-15T10:43:02.651Z] INFO: Registered cleanup function: database

      at Function.log [as info] (src/utils/logger.js:11:17)

  console.log
    [2025-11-15T10:43:02.651Z] INFO: ­ƒöä Auto backups scheduled: 0 3 * * *

      at Function.log [as info] (src/utils/logger.js:11:17)

  console.log
    [2025-11-15T10:43:02.652Z] INFO: ­ƒöä Auto cleanup scheduled: weekly on Sunday at 4am

      at Function.log [as info] (src/utils/logger.js:11:17)

  console.log
    ­ƒîÉ Serveur Express d├®marr├® sur le port 8080

      at log (bot.js:5918:25)

  console.log
    [2025-11-15T10:43:02.652Z] INFO: Registered cleanup function: expressServer

      at Function.log [as info] (src/utils/logger.js:11:17)

  console.error
    ÔØî Erreur API /api/shaders/compile: Error: Server error
        at Object.<anonymous> (C:\Users\anne\Desktop\GLSL_DISCORD\tests\bot.test.js:4483:70)
        at Promise.then.completed (C:\Users\anne\Desktop\GLSL_DISCORD\node_modules\jest-circus\build\utils.js:298:28)
        at new Promise (<anonymous>)
        at callAsyncCircusFn (C:\Users\anne\Desktop\GLSL_DISCORD\node_modules\jest-circus\build\utils.js:231:10)
        at _callCircusTest (C:\Users\anne\Desktop\GLSL_DISCORD\node_modules\jest-circus\build\run.js:316:40)
        at _runTest (C:\Users\anne\Desktop\GLSL_DISCORD\node_modules\jest-circus\build\run.js:252:3)
        at _runTestsForDescribeBlock (C:\Users\anne\Desktop\GLSL_DISCORD\node_modules\jest-circus\build\run.js:126:9)
        at _runTestsForDescribeBlock (C:\Users\anne\Desktop\GLSL_DISCORD\node_modules\jest-circus\build\run.js:121:9)
        at _runTestsForDescribeBlock (C:\Users\anne\Desktop\GLSL_DISCORD\node_modules\jest-circus\build\run.js:121:9)
        at run (C:\Users\anne\Desktop\GLSL_DISCORD\node_modules\jest-circus\build\run.js:71:3)
        at runAndTransformResultsToJestFormat (C:\Users\anne\Desktop\GLSL_DISCORD\node_modules\jest-circus\build\legacy-code-todo-rewrite\jestAdapterInit.js:122:21)
        at jestAdapter (C:\Users\anne\Desktop\GLSL_DISCORD\node_modules\jest-circus\build\legacy-code-todo-rewrite\jestAdapter.js:79:19)
        at runTestInternal (C:\Users\anne\Desktop\GLSL_DISCORD\node_modules\jest-runner\build\runTest.js:367:16)
        at runTest (C:\Users\anne\Desktop\GLSL_DISCORD\node_modules\jest-runner\build\runTest.js:444:34)

      5835 |                 }
      5836 |             } catch (error) {
    > 5837 |                 console.error('ÔØî Erreur API /api/shaders/compile:', error);
           |                         ^
      5838 |                 res.status(500).json({ error: 'Erreur interne du serveur' });
      5839 |             }
      5840 |         });

      at error (bot.js:5837:25)
      at Object.<anonymous> (tests/bot.test.js:4499:13)

  console.log
    [2025-11-15T10:43:02.655Z] INFO: Registered cleanup function: browserPool

      at Function.log [as info] (src/utils/logger.js:11:17)

  console.log
    [2025-11-15T10:43:02.656Z] INFO: Registered cleanup function: database

      at Function.log [as info] (src/utils/logger.js:11:17)

  console.log
    [2025-11-15T10:43:02.656Z] INFO: ­ƒöä Auto backups scheduled: 0 3 * * *

      at Function.log [as info] (src/utils/logger.js:11:17)

  console.log
    [2025-11-15T10:43:02.656Z] INFO: ­ƒöä Auto cleanup scheduled: weekly on Sunday at 4am

      at Function.log [as info] (src/utils/logger.js:11:17)

  console.log
    ­ƒîÉ Serveur Express d├®marr├® sur le port 8080

      at log (bot.js:5918:25)

  console.log
    [2025-11-15T10:43:02.657Z] INFO: Registered cleanup function: expressServer

      at Function.log [as info] (src/utils/logger.js:11:17)

  console.error
    ÔØî Erreur API /api/shaders/generate: Error: Server error
        at Object.<anonymous> (C:\Users\anne\Desktop\GLSL_DISCORD\tests\bot.test.js:4518:70)
        at Promise.then.completed (C:\Users\anne\Desktop\GLSL_DISCORD\node_modules\jest-circus\build\utils.js:298:28)
        at new Promise (<anonymous>)
        at callAsyncCircusFn (C:\Users\anne\Desktop\GLSL_DISCORD\node_modules\jest-circus\build\utils.js:231:10)
        at _callCircusTest (C:\Users\anne\Desktop\GLSL_DISCORD\node_modules\jest-circus\build\run.js:316:40)
        at _runTest (C:\Users\anne\Desktop\GLSL_DISCORD\node_modules\jest-circus\build\run.js:252:3)
        at _runTestsForDescribeBlock (C:\Users\anne\Desktop\GLSL_DISCORD\node_modules\jest-circus\build\run.js:126:9)
        at _runTestsForDescribeBlock (C:\Users\anne\Desktop\GLSL_DISCORD\node_modules\jest-circus\build\run.js:121:9)
        at _runTestsForDescribeBlock (C:\Users\anne\Desktop\GLSL_DISCORD\node_modules\jest-circus\build\run.js:121:9)
        at run (C:\Users\anne\Desktop\GLSL_DISCORD\node_modules\jest-circus\build\run.js:71:3)
        at runAndTransformResultsToJestFormat (C:\Users\anne\Desktop\GLSL_DISCORD\node_modules\jest-circus\build\legacy-code-todo-rewrite\jestAdapterInit.js:122:21)
        at jestAdapter (C:\Users\anne\Desktop\GLSL_DISCORD\node_modules\jest-circus\build\legacy-code-todo-rewrite\jestAdapter.js:79:19)
        at runTestInternal (C:\Users\anne\Desktop\GLSL_DISCORD\node_modules\jest-runner\build\runTest.js:367:16)
        at runTest (C:\Users\anne\Desktop\GLSL_DISCORD\node_modules\jest-runner\build\runTest.js:444:34)

      5868 |                 }
      5869 |             } catch (error) {
    > 5870 |                 console.error('ÔØî Erreur API /api/shaders/generate:', error);
           |                         ^
      5871 |                 res.status(500).json({ error: 'Erreur interne du serveur' });
      5872 |             }
      5873 |         });

      at error (bot.js:5870:25)
      at Object.<anonymous> (tests/bot.test.js:4535:13)

  console.log
    [2025-11-15T10:43:02.660Z] INFO: Registered cleanup function: browserPool

      at Function.log [as info] (src/utils/logger.js:11:17)

  console.log
    [2025-11-15T10:43:02.661Z] INFO: Registered cleanup function: database

      at Function.log [as info] (src/utils/logger.js:11:17)

  console.log
    [2025-11-15T10:43:02.661Z] INFO: ­ƒöä Auto backups scheduled: 0 3 * * *

      at Function.log [as info] (src/utils/logger.js:11:17)

  console.log
    [2025-11-15T10:43:02.661Z] INFO: ­ƒöä Auto cleanup scheduled: weekly on Sunday at 4am

      at Function.log [as info] (src/utils/logger.js:11:17)

  console.log
    ­ƒîÉ Serveur Express d├®marr├® sur le port 8080

      at log (bot.js:5918:25)

  console.log
    [2025-11-15T10:43:02.662Z] INFO: Registered cleanup function: expressServer

      at Function.log [as info] (src/utils/logger.js:11:17)

  console.error
    ÔØî Erreur API DELETE /api/shaders/:id: Error: Server error
        at Object.<anonymous> (C:\Users\anne\Desktop\GLSL_DISCORD\tests\bot.test.js:4554:69)
        at Promise.then.completed (C:\Users\anne\Desktop\GLSL_DISCORD\node_modules\jest-circus\build\utils.js:298:28)
        at new Promise (<anonymous>)
        at callAsyncCircusFn (C:\Users\anne\Desktop\GLSL_DISCORD\node_modules\jest-circus\build\utils.js:231:10)
        at _callCircusTest (C:\Users\anne\Desktop\GLSL_DISCORD\node_modules\jest-circus\build\run.js:316:40)
        at _runTest (C:\Users\anne\Desktop\GLSL_DISCORD\node_modules\jest-circus\build\run.js:252:3)
        at _runTestsForDescribeBlock (C:\Users\anne\Desktop\GLSL_DISCORD\node_modules\jest-circus\build\run.js:126:9)
        at _runTestsForDescribeBlock (C:\Users\anne\Desktop\GLSL_DISCORD\node_modules\jest-circus\build\run.js:121:9)
        at _runTestsForDescribeBlock (C:\Users\anne\Desktop\GLSL_DISCORD\node_modules\jest-circus\build\run.js:121:9)
        at run (C:\Users\anne\Desktop\GLSL_DISCORD\node_modules\jest-circus\build\run.js:71:3)
        at runAndTransformResultsToJestFormat (C:\Users\anne\Desktop\GLSL_DISCORD\node_modules\jest-circus\build\legacy-code-todo-rewrite\jestAdapterInit.js:122:21)
        at jestAdapter (C:\Users\anne\Desktop\GLSL_DISCORD\node_modules\jest-circus\build\legacy-code-todo-rewrite\jestAdapter.js:79:19)
        at runTestInternal (C:\Users\anne\Desktop\GLSL_DISCORD\node_modules\jest-runner\build\runTest.js:367:16)
        at runTest (C:\Users\anne\Desktop\GLSL_DISCORD\node_modules\jest-runner\build\runTest.js:444:34)

      5808 |                 }
      5809 |             } catch (error) {
    > 5810 |                 console.error('ÔØî Erreur API DELETE /api/shaders/:id:', error);
           |                         ^
      5811 |                 res.status(500).json({ error: 'Erreur interne du serveur' });
      5812 |             }
      5813 |         });

      at error (bot.js:5810:25)
      at Object.<anonymous> (tests/bot.test.js:4565:13)

  console.log
    [2025-11-15T10:43:02.665Z] INFO: Registered cleanup function: browserPool

      at Function.log [as info] (src/utils/logger.js:11:17)

  console.log
    [2025-11-15T10:43:02.665Z] INFO: Registered cleanup function: database

      at Function.log [as info] (src/utils/logger.js:11:17)

  console.log
    [2025-11-15T10:43:02.666Z] INFO: ­ƒöä Auto backups scheduled: 0 3 * * *

      at Function.log [as info] (src/utils/logger.js:11:17)

  console.log
    [2025-11-15T10:43:02.666Z] INFO: ­ƒöä Auto cleanup scheduled: weekly on Sunday at 4am

      at Function.log [as info] (src/utils/logger.js:11:17)

  console.log
    ­ƒîÉ Serveur Express d├®marr├® sur le port 8080

      at log (bot.js:5918:25)

  console.log
    [2025-11-15T10:43:02.667Z] INFO: Registered cleanup function: expressServer

      at Function.log [as info] (src/utils/logger.js:11:17)

  console.error
    ÔØî Erreur API /api/shaders/:id: Error: Server error
        at Object.<anonymous> (C:\Users\anne\Desktop\GLSL_DISCORD\tests\bot.test.js:4584:66)
        at Promise.then.completed (C:\Users\anne\Desktop\GLSL_DISCORD\node_modules\jest-circus\build\utils.js:298:28)
        at new Promise (<anonymous>)
        at callAsyncCircusFn (C:\Users\anne\Desktop\GLSL_DISCORD\node_modules\jest-circus\build\utils.js:231:10)
        at _callCircusTest (C:\Users\anne\Desktop\GLSL_DISCORD\node_modules\jest-circus\build\run.js:316:40)
        at _runTest (C:\Users\anne\Desktop\GLSL_DISCORD\node_modules\jest-circus\build\run.js:252:3)
        at _runTestsForDescribeBlock (C:\Users\anne\Desktop\GLSL_DISCORD\node_modules\jest-circus\build\run.js:126:9)
        at _runTestsForDescribeBlock (C:\Users\anne\Desktop\GLSL_DISCORD\node_modules\jest-circus\build\run.js:121:9)
        at _runTestsForDescribeBlock (C:\Users\anne\Desktop\GLSL_DISCORD\node_modules\jest-circus\build\run.js:121:9)
        at run (C:\Users\anne\Desktop\GLSL_DISCORD\node_modules\jest-circus\build\run.js:71:3)
        at runAndTransformResultsToJestFormat (C:\Users\anne\Desktop\GLSL_DISCORD\node_modules\jest-circus\build\legacy-code-todo-rewrite\jestAdapterInit.js:122:21)
        at jestAdapter (C:\Users\anne\Desktop\GLSL_DISCORD\node_modules\jest-circus\build\legacy-code-todo-rewrite\jestAdapter.js:79:19)
        at runTestInternal (C:\Users\anne\Desktop\GLSL_DISCORD\node_modules\jest-runner\build\runTest.js:367:16)
        at runTest (C:\Users\anne\Desktop\GLSL_DISCORD\node_modules\jest-runner\build\runTest.js:444:34)

      5789 |                 }
      5790 |             } catch (error) {
    > 5791 |                 console.error('ÔØî Erreur API /api/shaders/:id:', error);
           |                         ^
      5792 |                 res.status(500).json({ error: 'Erreur interne du serveur' });
      5793 |             }
      5794 |         });

      at error (bot.js:5791:25)
      at Object.<anonymous> (tests/bot.test.js:4595:13)

  console.log
    [2025-11-15T10:43:02.671Z] INFO: Registered cleanup function: browserPool

      at Function.log [as info] (src/utils/logger.js:11:17)

  console.log
    [2025-11-15T10:43:02.671Z] INFO: Registered cleanup function: database

      at Function.log [as info] (src/utils/logger.js:11:17)

  console.log
    [2025-11-15T10:43:02.672Z] INFO: ­ƒöä Auto backups scheduled: 0 3 * * *

      at Function.log [as info] (src/utils/logger.js:11:17)

  console.log
    [2025-11-15T10:43:02.672Z] INFO: ­ƒöä Auto cleanup scheduled: weekly on Sunday at 4am

      at Function.log [as info] (src/utils/logger.js:11:17)

  console.log
    ­ƒîÉ Serveur Express d├®marr├® sur le port 8080

      at log (bot.js:5918:25)

  console.log
    [2025-11-15T10:43:02.673Z] INFO: Registered cleanup function: expressServer

      at Function.log [as info] (src/utils/logger.js:11:17)

  console.error
    ÔØî Erreur API /api/shaders: Error: Server error
        at Object.<anonymous> (C:\Users\anne\Desktop\GLSL_DISCORD\tests\bot.test.js:4614:71)
        at Promise.then.completed (C:\Users\anne\Desktop\GLSL_DISCORD\node_modules\jest-circus\build\utils.js:298:28)
        at new Promise (<anonymous>)
        at callAsyncCircusFn (C:\Users\anne\Desktop\GLSL_DISCORD\node_modules\jest-circus\build\utils.js:231:10)
        at _callCircusTest (C:\Users\anne\Desktop\GLSL_DISCORD\node_modules\jest-circus\build\run.js:316:40)
        at _runTest (C:\Users\anne\Desktop\GLSL_DISCORD\node_modules\jest-circus\build\run.js:252:3)
        at _runTestsForDescribeBlock (C:\Users\anne\Desktop\GLSL_DISCORD\node_modules\jest-circus\build\run.js:126:9)
        at _runTestsForDescribeBlock (C:\Users\anne\Desktop\GLSL_DISCORD\node_modules\jest-circus\build\run.js:121:9)
        at _runTestsForDescribeBlock (C:\Users\anne\Desktop\GLSL_DISCORD\node_modules\jest-circus\build\run.js:121:9)
        at run (C:\Users\anne\Desktop\GLSL_DISCORD\node_modules\jest-circus\build\run.js:71:3)
        at runAndTransformResultsToJestFormat (C:\Users\anne\Desktop\GLSL_DISCORD\node_modules\jest-circus\build\legacy-code-todo-rewrite\jestAdapterInit.js:122:21)
        at jestAdapter (C:\Users\anne\Desktop\GLSL_DISCORD\node_modules\jest-circus\build\legacy-code-todo-rewrite\jestAdapter.js:79:19)
        at runTestInternal (C:\Users\anne\Desktop\GLSL_DISCORD\node_modules\jest-runner\build\runTest.js:367:16)
        at runTest (C:\Users\anne\Desktop\GLSL_DISCORD\node_modules\jest-runner\build\runTest.js:444:34)

      5774 |                 res.json(shaders);
      5775 |             } catch (error) {
    > 5776 |                 console.error('ÔØî Erreur API /api/shaders:', error);
           |                         ^
      5777 |                 res.status(500).json({ error: 'Erreur interne du serveur' });
      5778 |             }
      5779 |         });

      at error (bot.js:5776:25)
      at Object.<anonymous> (tests/bot.test.js:4625:13)

  console.log
    ­ƒöä handleInteractionFromHTTP appel├®

      at GLSLDiscordBot.log [as handleInteractionFromHTTP] (bot.js:4593:17)

  console.log
    ­ƒôï Interaction d├®tails: {
      id: '123',
      hasToken: true,
      type: 2,
      commandName: 'help',
      markedAsProcessed: true
    }

      at GLSLDiscordBot.log [as handleInteractionFromHTTP] (bot.js:4608:17)

  console.log
    ­ƒöì Commande HTTP re├ºue: help (user: testuser#1234)

      at GLSLDiscordBot.log [as handleInteractionFromHTTP] (bot.js:4632:25)

  console.log
    ÔûÂ´©Å Ex├®cution commande HTTP: help

      at GLSLDiscordBot.log [as handleInteractionFromHTTP] (bot.js:5556:29)

  console.log
    ­ƒôÄ Envoi de 1 fichier(s) - Test de toutes les strat├®gies

      at Object.log [as editReply] (bot.js:4725:37)

  console.log
    ­ƒº¬ TEST STRAT├ëGIE "rest.patch_double_edit_workaround": Double ├®dition avec AttachmentBuilder + embed minimal (workaround bug Discord)

      at Object.log [as editReply] (bot.js:5427:45)

  console.log
    ­ƒöä Double ├®dition - 1├¿re ├®dition avec AttachmentBuilder

      at Object.log [as test] (bot.js:4816:49)

  console.log
      - ÔØî ├ëchec: Strategy 1 failed

      at Object.log [as editReply] (bot.js:5435:45)

  console.log
    ­ƒº¬ TEST STRAT├ëGIE "rest.patch_with_attachments_payload": rest.patch avec attachments dans payload_json + embed minimal

      at Object.log [as editReply] (bot.js:5427:45)

  console.log
      - ÔØî ├ëchec: Strategy 2 failed

      at Object.log [as editReply] (bot.js:5435:45)

  console.log
    ­ƒº¬ TEST STRAT├ëGIE "rest.patch_AttachmentBuilder_minimal_embed": rest.patch avec AttachmentBuilder originaux + embed minimal

      at Object.log [as editReply] (bot.js:5427:45)

  console.log
    Ô£à Ô£à Ô£à SUCC├êS avec strat├®gie "rest.patch_AttachmentBuilder_minimal_embed"! Ô£à Ô£à Ô£à

      at Object.log [as editReply] (bot.js:5429:45)

  console.log
    Ô£à Cette strat├®gie fonctionne: rest.patch avec AttachmentBuilder originaux + embed minimal

      at Object.log [as editReply] (bot.js:5430:45)

  console.log
    Ô£à Commande HTTP help ex├®cut├®e avec succ├¿s

      at GLSLDiscordBot.log [as handleInteractionFromHTTP] (bot.js:5562:29)

  console.log
    ­ƒöä handleInteractionFromHTTP appel├®

      at GLSLDiscordBot.log [as handleInteractionFromHTTP] (bot.js:4593:17)

  console.log
    ­ƒôï Interaction d├®tails: {
      id: '123',
      hasToken: true,
      type: 2,
      commandName: 'help',
      markedAsProcessed: true
    }

      at GLSLDiscordBot.log [as handleInteractionFromHTTP] (bot.js:4608:17)

  console.log
    ­ƒöì Commande HTTP re├ºue: help (user: testuser#1234)

      at GLSLDiscordBot.log [as handleInteractionFromHTTP] (bot.js:4632:25)

  console.log
    ÔûÂ´©Å Ex├®cution commande HTTP: help

      at GLSLDiscordBot.log [as handleInteractionFromHTTP] (bot.js:5556:29)

  console.log
    ­ƒôÄ Envoi de 1 fichier(s) - Test de toutes les strat├®gies

      at Object.log [as editReply] (bot.js:4725:37)

  console.log
    ­ƒº¬ TEST STRAT├ëGIE "rest.patch_double_edit_workaround": Double ├®dition avec AttachmentBuilder + embed minimal (workaround bug Discord)

      at Object.log [as editReply] (bot.js:5427:45)

  console.log
    ­ƒöä Double ├®dition - 1├¿re ├®dition avec AttachmentBuilder

      at Object.log [as test] (bot.js:4816:49)

  console.log
    ­ƒöä Double ├®dition - 2├¿me ├®dition avec fichiers en Buffer

      at Object.log [as test] (bot.js:4828:49)

  console.log
    Ô£à Ô£à Ô£à SUCC├êS avec strat├®gie "rest.patch_double_edit_workaround"! Ô£à Ô£à Ô£à

      at Object.log [as editReply] (bot.js:5429:45)

  console.log
    Ô£à Cette strat├®gie fonctionne: Double ├®dition avec AttachmentBuilder + embed minimal (workaround bug Discord)

      at Object.log [as editReply] (bot.js:5430:45)

  console.log
    Ô£à Commande HTTP help ex├®cut├®e avec succ├¿s

      at GLSLDiscordBot.log [as handleInteractionFromHTTP] (bot.js:5562:29)

  console.log
    ­ƒöä handleInteractionFromHTTP appel├®

      at GLSLDiscordBot.log [as handleInteractionFromHTTP] (bot.js:4593:17)

  console.log
    ­ƒôï Interaction d├®tails: {
      id: '123',
      hasToken: true,
      type: 2,
      commandName: 'help',
      markedAsProcessed: true
    }

      at GLSLDiscordBot.log [as handleInteractionFromHTTP] (bot.js:4608:17)

  console.log
    ­ƒöì Commande HTTP re├ºue: help (user: testuser#1234)

      at GLSLDiscordBot.log [as handleInteractionFromHTTP] (bot.js:4632:25)

  console.log
    ÔûÂ´©Å Ex├®cution commande HTTP: help

      at GLSLDiscordBot.log [as handleInteractionFromHTTP] (bot.js:5556:29)

  console.log
    Ô£à Envoi JSON pur - embeds seuls (content supprim├® car non requis)

      at Object.log [as editReply] (bot.js:5454:41)

  console.log
    Ô£à Commande HTTP help ex├®cut├®e avec succ├¿s

      at GLSLDiscordBot.log [as handleInteractionFromHTTP] (bot.js:5562:29)

  console.log
    ­ƒöä handleInteractionFromHTTP appel├®

      at GLSLDiscordBot.log [as handleInteractionFromHTTP] (bot.js:4593:17)

  console.log
    ­ƒôï Interaction d├®tails: {
      id: '123',
      hasToken: true,
      type: 2,
      commandName: 'help',
      markedAsProcessed: true
    }

      at GLSLDiscordBot.log [as handleInteractionFromHTTP] (bot.js:4608:17)

  console.log
    ­ƒöì Commande HTTP re├ºue: help (user: testuser#1234)

      at GLSLDiscordBot.log [as handleInteractionFromHTTP] (bot.js:4632:25)

  console.log
    ÔûÂ´©Å Ex├®cution commande HTTP: help

      at GLSLDiscordBot.log [as handleInteractionFromHTTP] (bot.js:5556:29)

  console.log
    Ô£à Commande HTTP help ex├®cut├®e avec succ├¿s

      at GLSLDiscordBot.log [as handleInteractionFromHTTP] (bot.js:5562:29)

  console.log
    ­ƒöä handleInteractionFromHTTP appel├®

      at GLSLDiscordBot.log [as handleInteractionFromHTTP] (bot.js:4593:17)

  console.log
    ­ƒôï Interaction d├®tails: {
      id: '123',
      hasToken: true,
      type: 2,
      commandName: 'help',
      markedAsProcessed: true
    }

      at GLSLDiscordBot.log [as handleInteractionFromHTTP] (bot.js:4608:17)

  console.log
    ­ƒöì Commande HTTP re├ºue: help (user: testuser#1234)

      at GLSLDiscordBot.log [as handleInteractionFromHTTP] (bot.js:4632:25)

  console.log
    ÔûÂ´©Å Ex├®cution commande HTTP: help

      at GLSLDiscordBot.log [as handleInteractionFromHTTP] (bot.js:5556:29)

  console.log
    Ô£à Commande HTTP help ex├®cut├®e avec succ├¿s

      at GLSLDiscordBot.log [as handleInteractionFromHTTP] (bot.js:5562:29)

  console.log
    ­ƒöä handleInteractionFromHTTP appel├®

      at GLSLDiscordBot.log [as handleInteractionFromHTTP] (bot.js:4593:17)

  console.log
    ­ƒôï Interaction d├®tails: {
      id: '123',
      hasToken: true,
      type: 2,
      commandName: 'help',
      markedAsProcessed: true
    }

      at GLSLDiscordBot.log [as handleInteractionFromHTTP] (bot.js:4608:17)

  console.log
    ­ƒöì Commande HTTP re├ºue: help (user: testuser#1234)

      at GLSLDiscordBot.log [as handleInteractionFromHTTP] (bot.js:4632:25)

  console.log
    ÔûÂ´©Å Ex├®cution commande HTTP: help

      at GLSLDiscordBot.log [as handleInteractionFromHTTP] (bot.js:5556:29)

  console.log
    ­ƒôÄ Envoi de 1 fichier(s) - Test de toutes les strat├®gies

      at Object.log [as editReply] (bot.js:4725:37)

  console.log
    ­ƒº¬ TEST STRAT├ëGIE "rest.patch_double_edit_workaround": Double ├®dition avec AttachmentBuilder + embed minimal (workaround bug Discord)

      at Object.log [as editReply] (bot.js:5427:45)

  console.log
    ­ƒöä Double ├®dition - 1├¿re ├®dition avec AttachmentBuilder

      at Object.log [as test] (bot.js:4816:49)

  console.log
    ­ƒöä Double ├®dition - 2├¿me ├®dition avec fichiers en Buffer

      at Object.log [as test] (bot.js:4828:49)

  console.log
      - ÔØî ├ëchec: Impossible de lire le fichier: test.gif

      at Object.log [as editReply] (bot.js:5435:45)

  console.log
    ­ƒº¬ TEST STRAT├ëGIE "rest.patch_with_attachments_payload": rest.patch avec attachments dans payload_json + embed minimal

      at Object.log [as editReply] (bot.js:5427:45)

  console.log
      - ÔØî ├ëchec: Aucun fichier valide ├á envoyer

      at Object.log [as editReply] (bot.js:5435:45)

  console.log
    ­ƒº¬ TEST STRAT├ëGIE "rest.patch_AttachmentBuilder_minimal_embed": rest.patch avec AttachmentBuilder originaux + embed minimal

      at Object.log [as editReply] (bot.js:5427:45)

  console.log
    Ô£à Ô£à Ô£à SUCC├êS avec strat├®gie "rest.patch_AttachmentBuilder_minimal_embed"! Ô£à Ô£à Ô£à

      at Object.log [as editReply] (bot.js:5429:45)

  console.log
    Ô£à Cette strat├®gie fonctionne: rest.patch avec AttachmentBuilder originaux + embed minimal

      at Object.log [as editReply] (bot.js:5430:45)

  console.log
    Ô£à Commande HTTP help ex├®cut├®e avec succ├¿s

      at GLSLDiscordBot.log [as handleInteractionFromHTTP] (bot.js:5562:29)

  console.log
    ­ƒöä handleInteractionFromHTTP appel├®

      at GLSLDiscordBot.log [as handleInteractionFromHTTP] (bot.js:4593:17)

  console.log
    ­ƒôï Interaction d├®tails: {
      id: '123',
      hasToken: true,
      type: 2,
      commandName: 'help',
      markedAsProcessed: true
    }

      at GLSLDiscordBot.log [as handleInteractionFromHTTP] (bot.js:4608:17)

  console.log
    ­ƒöì Commande HTTP re├ºue: help (user: testuser#1234)

      at GLSLDiscordBot.log [as handleInteractionFromHTTP] (bot.js:4632:25)

  console.log
    ÔûÂ´©Å Ex├®cution commande HTTP: help

      at GLSLDiscordBot.log [as handleInteractionFromHTTP] (bot.js:5556:29)

  console.log
    ­ƒôÄ Envoi de 1 fichier(s) - Test de toutes les strat├®gies

      at Object.log [as editReply] (bot.js:4725:37)

  console.log
    ­ƒº¬ TEST STRAT├ëGIE "rest.patch_double_edit_workaround": Double ├®dition avec AttachmentBuilder + embed minimal (workaround bug Discord)

      at Object.log [as editReply] (bot.js:5427:45)

  console.log
    ­ƒöä Double ├®dition - 1├¿re ├®dition avec AttachmentBuilder

      at Object.log [as test] (bot.js:4816:49)

  console.log
    ­ƒöä Double ├®dition - 2├¿me ├®dition avec fichiers en Buffer

      at Object.log [as test] (bot.js:4828:49)

  console.log
    Ô£à Ô£à Ô£à SUCC├êS avec strat├®gie "rest.patch_double_edit_workaround"! Ô£à Ô£à Ô£à

      at Object.log [as editReply] (bot.js:5429:45)

  console.log
    Ô£à Cette strat├®gie fonctionne: Double ├®dition avec AttachmentBuilder + embed minimal (workaround bug Discord)

      at Object.log [as editReply] (bot.js:5430:45)

  console.log
    Ô£à Commande HTTP help ex├®cut├®e avec succ├¿s

      at GLSLDiscordBot.log [as handleInteractionFromHTTP] (bot.js:5562:29)

  console.log
    ­ƒöä handleInteractionFromHTTP appel├®

      at GLSLDiscordBot.log [as handleInteractionFromHTTP] (bot.js:4593:17)

  console.log
    ­ƒôï Interaction d├®tails: {
      id: '123',
      hasToken: true,
      type: 2,
      commandName: 'help',
      markedAsProcessed: true
    }

      at GLSLDiscordBot.log [as handleInteractionFromHTTP] (bot.js:4608:17)

  console.log
    ­ƒöì Commande HTTP re├ºue: help (user: testuser#1234)

      at GLSLDiscordBot.log [as handleInteractionFromHTTP] (bot.js:4632:25)

  console.log
    ÔûÂ´©Å Ex├®cution commande HTTP: help

      at GLSLDiscordBot.log [as handleInteractionFromHTTP] (bot.js:5556:29)

  console.log
    ­ƒôÄ Envoi de 1 fichier(s) - Test de toutes les strat├®gies

      at Object.log [as editReply] (bot.js:4725:37)

  console.log
    ­ƒº¬ TEST STRAT├ëGIE "rest.patch_double_edit_workaround": Double ├®dition avec AttachmentBuilder + embed minimal (workaround bug Discord)

      at Object.log [as editReply] (bot.js:5427:45)

  console.log
    ­ƒöä Double ├®dition - 1├¿re ├®dition avec AttachmentBuilder

      at Object.log [as test] (bot.js:4816:49)

  console.log
    ­ƒöä Double ├®dition - 2├¿me ├®dition avec fichiers en Buffer

      at Object.log [as test] (bot.js:4828:49)

  console.log
    Ô£à Ô£à Ô£à SUCC├êS avec strat├®gie "rest.patch_double_edit_workaround"! Ô£à Ô£à Ô£à

      at Object.log [as editReply] (bot.js:5429:45)

  console.log
    Ô£à Cette strat├®gie fonctionne: Double ├®dition avec AttachmentBuilder + embed minimal (workaround bug Discord)

      at Object.log [as editReply] (bot.js:5430:45)

  console.log
    Ô£à Commande HTTP help ex├®cut├®e avec succ├¿s

      at GLSLDiscordBot.log [as handleInteractionFromHTTP] (bot.js:5562:29)

  console.log
    ­ƒöä handleInteractionFromHTTP appel├®

      at GLSLDiscordBot.log [as handleInteractionFromHTTP] (bot.js:4593:17)

  console.log
    ­ƒôï Interaction d├®tails: {
      id: '123',
      hasToken: true,
      type: 2,
      commandName: 'help',
      markedAsProcessed: true
    }

      at GLSLDiscordBot.log [as handleInteractionFromHTTP] (bot.js:4608:17)

  console.log
    ­ƒöì Commande HTTP re├ºue: help (user: testuser#1234)

      at GLSLDiscordBot.log [as handleInteractionFromHTTP] (bot.js:4632:25)

  console.log
    ÔûÂ´©Å Ex├®cution commande HTTP: help

      at GLSLDiscordBot.log [as handleInteractionFromHTTP] (bot.js:5556:29)

  console.log
    ­ƒôÄ Envoi de 1 fichier(s) - Test de toutes les strat├®gies

      at Object.log [as editReply] (bot.js:4725:37)

  console.log
    ­ƒº¬ TEST STRAT├ëGIE "rest.patch_double_edit_workaround": Double ├®dition avec AttachmentBuilder + embed minimal (workaround bug Discord)

      at Object.log [as editReply] (bot.js:5427:45)

  console.log
    ­ƒöä Double ├®dition - 1├¿re ├®dition avec AttachmentBuilder

      at Object.log [as test] (bot.js:4816:49)

  console.log
      - ÔØî ├ëchec: All strategies failed

      at Object.log [as editReply] (bot.js:5435:45)

  console.log
    ­ƒº¬ TEST STRAT├ëGIE "rest.patch_with_attachments_payload": rest.patch avec attachments dans payload_json + embed minimal

      at Object.log [as editReply] (bot.js:5427:45)

  console.log
      - ÔØî ├ëchec: All strategies failed

      at Object.log [as editReply] (bot.js:5435:45)

  console.log
    ­ƒº¬ TEST STRAT├ëGIE "rest.patch_AttachmentBuilder_minimal_embed": rest.patch avec AttachmentBuilder originaux + embed minimal

      at Object.log [as editReply] (bot.js:5427:45)

  console.log
      - ÔØî ├ëchec: All strategies failed

      at Object.log [as editReply] (bot.js:5435:45)

  console.log
    ­ƒº¬ TEST STRAT├ëGIE "rest.patch_buffer_minimal_embed": rest.patch avec fichiers lus en Buffer + embed minimal

      at Object.log [as editReply] (bot.js:5427:45)

  console.log
      - ÔØî ├ëchec: All strategies failed

      at Object.log [as editReply] (bot.js:5435:45)

  console.log
    ­ƒº¬ TEST STRAT├ëGIE "rest.patch_AttachmentBuilder_full_embed": rest.patch avec AttachmentBuilder originaux + embed complet

      at Object.log [as editReply] (bot.js:5427:45)

  console.log
      - ÔØî ├ëchec: All strategies failed

      at Object.log [as editReply] (bot.js:5435:45)

  console.log
    ­ƒº¬ TEST STRAT├ëGIE "rest.patch_gif_only": rest.patch avec seulement le GIF, sans embed ni content

      at Object.log [as editReply] (bot.js:5427:45)

  console.log
      - ÔØî ├ëchec: All strategies failed

      at Object.log [as editReply] (bot.js:5435:45)

  console.log
    ­ƒº¬ TEST STRAT├ëGIE "rest.patch_with_paths": rest.patch avec chemins de fichiers (objets)

      at Object.log [as editReply] (bot.js:5427:45)

  console.log
      - ÔØî ├ëchec: All strategies failed

      at Object.log [as editReply] (bot.js:5435:45)

  console.log
    ­ƒº¬ TEST STRAT├ëGIE "rest.patch_with_paths_strings": rest.patch avec chemins de fichiers (strings)

      at Object.log [as editReply] (bot.js:5427:45)

  console.log
      - ÔØî ├ëchec: All strategies failed

      at Object.log [as editReply] (bot.js:5435:45)

  console.log
    ­ƒº¬ TEST STRAT├ëGIE "rest.patch_with_buffers": rest.patch avec Buffers

      at Object.log [as editReply] (bot.js:5427:45)

  console.log
      - ÔØî ├ëchec: All strategies failed

      at Object.log [as editReply] (bot.js:5435:45)

  console.log
    ­ƒº¬ TEST STRAT├ëGIE "formdata_content_text": FormData avec content texte "Shader animation"

      at Object.log [as editReply] (bot.js:5427:45)

  console.log
      - ÔØî ├ëchec: Fetch failed

      at Object.log [as editReply] (bot.js:5435:45)

  console.log
    ­ƒº¬ TEST STRAT├ëGIE "formdata_content_nonbreaking_space": FormData avec content non-breaking space

      at Object.log [as editReply] (bot.js:5427:45)

  console.log
      - ÔØî ├ëchec: Fetch failed

      at Object.log [as editReply] (bot.js:5435:45)

  console.log
    ­ƒº¬ TEST STRAT├ëGIE "formdata_content_shader_id": FormData avec content "Shader ID: X"

      at Object.log [as editReply] (bot.js:5427:45)

  console.log
      - ÔØî ├ëchec: Fetch failed

      at Object.log [as editReply] (bot.js:5435:45)

  console.log
    ­ƒº¬ TEST STRAT├ëGIE "formdata_content_separate_field": FormData avec content dans champ s├®par├® (pas dans payload_json)

      at Object.log [as editReply] (bot.js:5427:45)

  console.log
      - ÔØî ├ëchec: Fetch failed

      at Object.log [as editReply] (bot.js:5435:45)

  console.log
    ­ƒº¬ TEST STRAT├ëGIE "formdata_files_without_index": FormData avec files sans index (files au lieu de files[0])

      at Object.log [as editReply] (bot.js:5427:45)

  console.log
      - ÔØî ├ëchec: Fetch failed

      at Object.log [as editReply] (bot.js:5435:45)

  console.log
    ­ƒº¬ TEST STRAT├ëGIE "formdata_file_singular": FormData avec file au singulier (file au lieu de files[0])

      at Object.log [as editReply] (bot.js:5427:45)

  console.log
      - ÔØî ├ëchec: Fetch failed

      at Object.log [as editReply] (bot.js:5435:45)

  console.log
    ­ƒº¬ TEST STRAT├ëGIE "formdata_buffers_instead_of_streams": FormData avec Buffers au lieu de Streams

      at Object.log [as editReply] (bot.js:5427:45)

  console.log
      - ÔØî ├ëchec: Fetch failed

      at Object.log [as editReply] (bot.js:5435:45)

  console.error
    ÔØî Erreur lors de l'ex├®cution de la commande HTTP help: Error: Fetch failed
        at Object.<anonymous> (C:\Users\anne\Desktop\GLSL_DISCORD\tests\bot.test.js:5151:56)
        at Promise.then.completed (C:\Users\anne\Desktop\GLSL_DISCORD\node_modules\jest-circus\build\utils.js:298:28)
        at new Promise (<anonymous>)
        at callAsyncCircusFn (C:\Users\anne\Desktop\GLSL_DISCORD\node_modules\jest-circus\build\utils.js:231:10)
        at _callCircusTest (C:\Users\anne\Desktop\GLSL_DISCORD\node_modules\jest-circus\build\run.js:316:40)
        at _runTest (C:\Users\anne\Desktop\GLSL_DISCORD\node_modules\jest-circus\build\run.js:252:3)
        at _runTestsForDescribeBlock (C:\Users\anne\Desktop\GLSL_DISCORD\node_modules\jest-circus\build\run.js:126:9)
        at _runTestsForDescribeBlock (C:\Users\anne\Desktop\GLSL_DISCORD\node_modules\jest-circus\build\run.js:121:9)
        at _runTestsForDescribeBlock (C:\Users\anne\Desktop\GLSL_DISCORD\node_modules\jest-circus\build\run.js:121:9)
        at run (C:\Users\anne\Desktop\GLSL_DISCORD\node_modules\jest-circus\build\run.js:71:3)
        at runAndTransformResultsToJestFormat (C:\Users\anne\Desktop\GLSL_DISCORD\node_modules\jest-circus\build\legacy-code-todo-rewrite\jestAdapterInit.js:122:21)
        at jestAdapter (C:\Users\anne\Desktop\GLSL_DISCORD\node_modules\jest-circus\build\legacy-code-todo-rewrite\jestAdapter.js:79:19)
        at runTestInternal (C:\Users\anne\Desktop\GLSL_DISCORD\node_modules\jest-runner\build\runTest.js:367:16)
        at runTest (C:\Users\anne\Desktop\GLSL_DISCORD\node_modules\jest-runner\build\runTest.js:444:34)

      5562 |                     console.log(`Ô£à Commande HTTP ${commandName} ex├®cut├®e avec succ├¿s`);
      5563 |                 } catch (error) {
    > 5564 |                     console.error(`ÔØî Erreur lors de l'ex├®cution de la commande HTTP ${commandName}:`, error);
           |                             ^
      5565 |                     // Ne pas relancer l'erreur car elle a d├®j├á ├®t├® g├®r├®e par la commande
      5566 |                     // mais on log pour le debugging
      5567 |                 } finally {

      at GLSLDiscordBot.error [as handleInteractionFromHTTP] (bot.js:5564:29)
      at Object.<anonymous> (tests/bot.test.js:5153:13)

  console.log
    ­ƒöä handleInteractionFromHTTP appel├®

      at GLSLDiscordBot.log [as handleInteractionFromHTTP] (bot.js:4593:17)

  console.log
    ­ƒôï Interaction d├®tails: {
      id: '123',
      hasToken: true,
      type: 2,
      commandName: 'help',
      markedAsProcessed: true
    }

      at GLSLDiscordBot.log [as handleInteractionFromHTTP] (bot.js:4608:17)

  console.log
    ­ƒöì Commande HTTP re├ºue: help (user: testuser#1234)

      at GLSLDiscordBot.log [as handleInteractionFromHTTP] (bot.js:4632:25)

  console.log
    ÔûÂ´©Å Ex├®cution commande HTTP: help

      at GLSLDiscordBot.log [as handleInteractionFromHTTP] (bot.js:5556:29)

  console.log
    ­ƒôÄ Envoi de 1 fichier(s) - Test de toutes les strat├®gies

      at Object.log [as editReply] (bot.js:4725:37)

  console.error
    ÔØî Erreur lors de l'ex├®cution de la commande HTTP help: Error: Aucun fichier valide trouv├® dans options.files
        at Object.editReply (C:\Users\anne\Desktop\GLSL_DISCORD\bot.js:4794:39)
        at Object.editReply (C:\Users\anne\Desktop\GLSL_DISCORD\tests\bot.test.js:5194:39)
        at C:\Users\anne\Desktop\GLSL_DISCORD\node_modules\jest-mock\build\index.js:397:39
        at Object.<anonymous> (C:\Users\anne\Desktop\GLSL_DISCORD\node_modules\jest-mock\build\index.js:404:13)
        at Object.mockConstructor [as execute] (C:\Users\anne\Desktop\GLSL_DISCORD\node_modules\jest-mock\build\index.js:103:19)
        at GLSLDiscordBot.execute [as handleInteractionFromHTTP] (C:\Users\anne\Desktop\GLSL_DISCORD\bot.js:5557:35)
        at Object.handleInteractionFromHTTP (C:\Users\anne\Desktop\GLSL_DISCORD\tests\bot.test.js:5202:23)
        at Promise.then.completed (C:\Users\anne\Desktop\GLSL_DISCORD\node_modules\jest-circus\build\utils.js:298:28)
        at new Promise (<anonymous>)
        at callAsyncCircusFn (C:\Users\anne\Desktop\GLSL_DISCORD\node_modules\jest-circus\build\utils.js:231:10)
        at _callCircusTest (C:\Users\anne\Desktop\GLSL_DISCORD\node_modules\jest-circus\build\run.js:316:40)
        at _runTest (C:\Users\anne\Desktop\GLSL_DISCORD\node_modules\jest-circus\build\run.js:252:3)
        at _runTestsForDescribeBlock (C:\Users\anne\Desktop\GLSL_DISCORD\node_modules\jest-circus\build\run.js:126:9)
        at _runTestsForDescribeBlock (C:\Users\anne\Desktop\GLSL_DISCORD\node_modules\jest-circus\build\run.js:121:9)
        at _runTestsForDescribeBlock (C:\Users\anne\Desktop\GLSL_DISCORD\node_modules\jest-circus\build\run.js:121:9)
        at run (C:\Users\anne\Desktop\GLSL_DISCORD\node_modules\jest-circus\build\run.js:71:3)
        at runAndTransformResultsToJestFormat (C:\Users\anne\Desktop\GLSL_DISCORD\node_modules\jest-circus\build\legacy-code-todo-rewrite\jestAdapterInit.js:122:21)
        at jestAdapter (C:\Users\anne\Desktop\GLSL_DISCORD\node_modules\jest-circus\build\legacy-code-todo-rewrite\jestAdapter.js:79:19)
        at runTestInternal (C:\Users\anne\Desktop\GLSL_DISCORD\node_modules\jest-runner\build\runTest.js:367:16)
        at runTest (C:\Users\anne\Desktop\GLSL_DISCORD\node_modules\jest-runner\build\runTest.js:444:34)

      5562 |                     console.log(`Ô£à Commande HTTP ${commandName} ex├®cut├®e avec succ├¿s`);
      5563 |                 } catch (error) {
    > 5564 |                     console.error(`ÔØî Erreur lors de l'ex├®cution de la commande HTTP ${commandName}:`, error);
           |                             ^
      5565 |                     // Ne pas relancer l'erreur car elle a d├®j├á ├®t├® g├®r├®e par la commande
      5566 |                     // mais on log pour le debugging
      5567 |                 } finally {

      at GLSLDiscordBot.error [as handleInteractionFromHTTP] (bot.js:5564:29)
      at Object.<anonymous> (tests/bot.test.js:5202:13)

  console.log
    ­ƒöä handleInteractionFromHTTP appel├®

      at GLSLDiscordBot.log [as handleInteractionFromHTTP] (bot.js:4593:17)

  console.log
    ­ƒôï Interaction d├®tails: {
      id: '123',
      hasToken: true,
      type: 2,
      commandName: 'help',
      markedAsProcessed: true
    }

      at GLSLDiscordBot.log [as handleInteractionFromHTTP] (bot.js:4608:17)

  console.log
    ­ƒöì Commande HTTP re├ºue: help (user: testuser#1234)

      at GLSLDiscordBot.log [as handleInteractionFromHTTP] (bot.js:4632:25)

  console.log
    ÔûÂ´©Å Ex├®cution commande HTTP: help

      at GLSLDiscordBot.log [as handleInteractionFromHTTP] (bot.js:5556:29)

  console.log
    Ô£à Commande HTTP help ex├®cut├®e avec succ├¿s

      at GLSLDiscordBot.log [as handleInteractionFromHTTP] (bot.js:5562:29)

  console.log
    ­ƒöä handleInteractionFromHTTP appel├®

      at GLSLDiscordBot.log [as handleInteractionFromHTTP] (bot.js:4593:17)

  console.log
    ­ƒôï Interaction d├®tails: {
      id: '123',
      hasToken: true,
      type: 2,
      commandName: 'help',
      markedAsProcessed: true
    }

      at GLSLDiscordBot.log [as handleInteractionFromHTTP] (bot.js:4608:17)

  console.log
    ­ƒöì Commande HTTP re├ºue: help (user: testuser#1234)

      at GLSLDiscordBot.log [as handleInteractionFromHTTP] (bot.js:4632:25)

  console.log
    ÔûÂ´©Å Ex├®cution commande HTTP: help

      at GLSLDiscordBot.log [as handleInteractionFromHTTP] (bot.js:5556:29)

  console.error
    ÔØî Erreur lors de l'ex├®cution de la commande HTTP help: Error: Discord API error: 400 - Bad Request
        at Object.followUp (C:\Users\anne\Desktop\GLSL_DISCORD\bot.js:5539:43)
        at Object.<anonymous> (C:\Users\anne\Desktop\GLSL_DISCORD\tests\bot.test.js:5302:21)
        at GLSLDiscordBot.handleInteractionFromHTTP (C:\Users\anne\Desktop\GLSL_DISCORD\bot.js:5557:21)
        at Object.<anonymous> (C:\Users\anne\Desktop\GLSL_DISCORD\tests\bot.test.js:5313:13)

      5562 |                     console.log(`Ô£à Commande HTTP ${commandName} ex├®cut├®e avec succ├¿s`);
      5563 |                 } catch (error) {
    > 5564 |                     console.error(`ÔØî Erreur lors de l'ex├®cution de la commande HTTP ${commandName}:`, error);
           |                             ^
      5565 |                     // Ne pas relancer l'erreur car elle a d├®j├á ├®t├® g├®r├®e par la commande
      5566 |                     // mais on log pour le debugging
      5567 |                 } finally {

      at GLSLDiscordBot.error [as handleInteractionFromHTTP] (bot.js:5564:29)
      at Object.<anonymous> (tests/bot.test.js:5313:13)

  console.log
    ­ƒöä handleInteractionFromHTTP appel├®

      at GLSLDiscordBot.log [as handleInteractionFromHTTP] (bot.js:4593:17)

  console.log
    ­ƒôï Interaction d├®tails: {
      id: '123',
      hasToken: true,
      type: 2,
      commandName: 'help',
      markedAsProcessed: true
    }

      at GLSLDiscordBot.log [as handleInteractionFromHTTP] (bot.js:4608:17)

  console.log
    ­ƒöì Commande HTTP re├ºue: help (user: testuser#1234)

      at GLSLDiscordBot.log [as handleInteractionFromHTTP] (bot.js:4632:25)

  console.log
    ÔûÂ´©Å Ex├®cution commande HTTP: help

      at GLSLDiscordBot.log [as handleInteractionFromHTTP] (bot.js:5556:29)

  console.log
    Ô£à Commande HTTP help ex├®cut├®e avec succ├¿s

      at GLSLDiscordBot.log [as handleInteractionFromHTTP] (bot.js:5562:29)

  console.log
    ­ƒöä handleInteractionFromHTTP appel├®

      at GLSLDiscordBot.log [as handleInteractionFromHTTP] (bot.js:4593:17)

  console.log
    ­ƒôï Interaction d├®tails: {
      id: '123',
      hasToken: true,
      type: 2,
      commandName: 'help',
      markedAsProcessed: true
    }

      at GLSLDiscordBot.log [as handleInteractionFromHTTP] (bot.js:4608:17)

  console.log
    ­ƒöì Commande HTTP re├ºue: help (user: testuser#1234)

      at GLSLDiscordBot.log [as handleInteractionFromHTTP] (bot.js:4632:25)

  console.log
    ÔûÂ´©Å Ex├®cution commande HTTP: help

      at GLSLDiscordBot.log [as handleInteractionFromHTTP] (bot.js:5556:29)

  console.log
    ­ƒôÄ Envoi de 1 fichier(s) - Test de toutes les strat├®gies

      at Object.log [as editReply] (bot.js:4725:37)

  console.log
    ­ƒº¬ TEST STRAT├ëGIE "rest.patch_double_edit_workaround": Double ├®dition avec AttachmentBuilder + embed minimal (workaround bug Discord)

      at Object.log [as editReply] (bot.js:5427:45)

  console.log
    ­ƒöä Double ├®dition - 1├¿re ├®dition avec AttachmentBuilder

      at Object.log [as test] (bot.js:4816:49)

  console.log
    ­ƒöä Double ├®dition - 2├¿me ├®dition avec fichiers en Buffer

      at Object.log [as test] (bot.js:4828:49)

  console.log
    Ô£à Ô£à Ô£à SUCC├êS avec strat├®gie "rest.patch_double_edit_workaround"! Ô£à Ô£à Ô£à

      at Object.log [as editReply] (bot.js:5429:45)

  console.log
    Ô£à Cette strat├®gie fonctionne: Double ├®dition avec AttachmentBuilder + embed minimal (workaround bug Discord)

      at Object.log [as editReply] (bot.js:5430:45)

  console.log
    Ô£à Commande HTTP help ex├®cut├®e avec succ├¿s

      at GLSLDiscordBot.log [as handleInteractionFromHTTP] (bot.js:5562:29)

  console.log
    ­ƒöä handleInteractionFromHTTP appel├®

      at GLSLDiscordBot.log [as handleInteractionFromHTTP] (bot.js:4593:17)

  console.log
    ­ƒôï Interaction d├®tails: {
      id: '123',
      hasToken: true,
      type: 2,
      commandName: 'help',
      markedAsProcessed: true
    }

      at GLSLDiscordBot.log [as handleInteractionFromHTTP] (bot.js:4608:17)

  console.log
    ­ƒöì Commande HTTP re├ºue: help (user: testuser#1234)

      at GLSLDiscordBot.log [as handleInteractionFromHTTP] (bot.js:4632:25)

  console.log
    ÔûÂ´©Å Ex├®cution commande HTTP: help

      at GLSLDiscordBot.log [as handleInteractionFromHTTP] (bot.js:5556:29)

  console.log
    ­ƒôÄ Envoi de 1 fichier(s) - Test de toutes les strat├®gies

      at Object.log [as editReply] (bot.js:4725:37)

  console.log
    ­ƒº¬ TEST STRAT├ëGIE "rest.patch_double_edit_workaround": Double ├®dition avec AttachmentBuilder + embed minimal (workaround bug Discord)

      at Object.log [as editReply] (bot.js:5427:45)

  console.log
    ­ƒöä Double ├®dition - 1├¿re ├®dition avec AttachmentBuilder

      at Object.log [as test] (bot.js:4816:49)

  console.log
    ­ƒöä Double ├®dition - 2├¿me ├®dition avec fichiers en Buffer

      at Object.log [as test] (bot.js:4828:49)

  console.log
    Ô£à Ô£à Ô£à SUCC├êS avec strat├®gie "rest.patch_double_edit_workaround"! Ô£à Ô£à Ô£à

      at Object.log [as editReply] (bot.js:5429:45)

  console.log
    Ô£à Cette strat├®gie fonctionne: Double ├®dition avec AttachmentBuilder + embed minimal (workaround bug Discord)

      at Object.log [as editReply] (bot.js:5430:45)

  console.log
    Ô£à Commande HTTP help ex├®cut├®e avec succ├¿s

      at GLSLDiscordBot.log [as handleInteractionFromHTTP] (bot.js:5562:29)

  console.log
    ­ƒöä handleInteractionFromHTTP appel├®

      at GLSLDiscordBot.log [as handleInteractionFromHTTP] (bot.js:4593:17)

  console.log
    ­ƒôï Interaction d├®tails: {
      id: '123',
      hasToken: true,
      type: 2,
      commandName: 'help',
      markedAsProcessed: true
    }

      at GLSLDiscordBot.log [as handleInteractionFromHTTP] (bot.js:4608:17)

  console.log
    ­ƒöì Commande HTTP re├ºue: help (user: testuser#1234)

      at GLSLDiscordBot.log [as handleInteractionFromHTTP] (bot.js:4632:25)

  console.log
    ÔûÂ´©Å Ex├®cution commande HTTP: help

      at GLSLDiscordBot.log [as handleInteractionFromHTTP] (bot.js:5556:29)

  console.log
    ­ƒôÄ Envoi de 1 fichier(s) - Test de toutes les strat├®gies

      at Object.log [as editReply] (bot.js:4725:37)

  console.log
    ­ƒº¬ TEST STRAT├ëGIE "rest.patch_double_edit_workaround": Double ├®dition avec AttachmentBuilder + embed minimal (workaround bug Discord)

      at Object.log [as editReply] (bot.js:5427:45)

  console.log
    ­ƒöä Double ├®dition - 1├¿re ├®dition avec AttachmentBuilder

      at Object.log [as test] (bot.js:4816:49)

  console.log
    ­ƒöä Double ├®dition - 2├¿me ├®dition avec fichiers en Buffer

      at Object.log [as test] (bot.js:4828:49)

  console.log
      - ÔØî ├ëchec: Impossible de lire le fichier: test.gif

      at Object.log [as editReply] (bot.js:5435:45)

  console.log
    ­ƒº¬ TEST STRAT├ëGIE "rest.patch_with_attachments_payload": rest.patch avec attachments dans payload_json + embed minimal

      at Object.log [as editReply] (bot.js:5427:45)

  console.log
      - ÔØî ├ëchec: Aucun fichier valide ├á envoyer

      at Object.log [as editReply] (bot.js:5435:45)

  console.log
    ­ƒº¬ TEST STRAT├ëGIE "rest.patch_AttachmentBuilder_minimal_embed": rest.patch avec AttachmentBuilder originaux + embed minimal

      at Object.log [as editReply] (bot.js:5427:45)

  console.log
    Ô£à Ô£à Ô£à SUCC├êS avec strat├®gie "rest.patch_AttachmentBuilder_minimal_embed"! Ô£à Ô£à Ô£à

      at Object.log [as editReply] (bot.js:5429:45)

  console.log
    Ô£à Cette strat├®gie fonctionne: rest.patch avec AttachmentBuilder originaux + embed minimal

      at Object.log [as editReply] (bot.js:5430:45)

  console.log
    Ô£à Commande HTTP help ex├®cut├®e avec succ├¿s

      at GLSLDiscordBot.log [as handleInteractionFromHTTP] (bot.js:5562:29)

  console.log
    ­ƒöä handleInteractionFromHTTP appel├®

      at GLSLDiscordBot.log [as handleInteractionFromHTTP] (bot.js:4593:17)

  console.log
    ­ƒôï Interaction d├®tails: {
      id: '123',
      hasToken: true,
      type: 2,
      commandName: 'help',
      markedAsProcessed: true
    }

      at GLSLDiscordBot.log [as handleInteractionFromHTTP] (bot.js:4608:17)

  console.log
    ­ƒöì Commande HTTP re├ºue: help (user: testuser#1234)

      at GLSLDiscordBot.log [as handleInteractionFromHTTP] (bot.js:4632:25)

  console.log
    ÔûÂ´©Å Ex├®cution commande HTTP: help

      at GLSLDiscordBot.log [as handleInteractionFromHTTP] (bot.js:5556:29)

  console.log
    ­ƒôÄ Envoi de 1 fichier(s) - Test de toutes les strat├®gies

      at Object.log [as editReply] (bot.js:4725:37)

  console.log
    ­ƒº¬ TEST STRAT├ëGIE "rest.patch_double_edit_workaround": Double ├®dition avec AttachmentBuilder + embed minimal (workaround bug Discord)

      at Object.log [as editReply] (bot.js:5427:45)

  console.log
    ­ƒöä Double ├®dition - 1├¿re ├®dition avec AttachmentBuilder

      at Object.log [as test] (bot.js:4816:49)

  console.log
    ­ƒöä Double ├®dition - 2├¿me ├®dition avec fichiers en Buffer

      at Object.log [as test] (bot.js:4828:49)

  console.log
    Ô£à Ô£à Ô£à SUCC├êS avec strat├®gie "rest.patch_double_edit_workaround"! Ô£à Ô£à Ô£à

      at Object.log [as editReply] (bot.js:5429:45)

  console.log
    Ô£à Cette strat├®gie fonctionne: Double ├®dition avec AttachmentBuilder + embed minimal (workaround bug Discord)

      at Object.log [as editReply] (bot.js:5430:45)

  console.log
    Ô£à Commande HTTP help ex├®cut├®e avec succ├¿s

      at GLSLDiscordBot.log [as handleInteractionFromHTTP] (bot.js:5562:29)

  console.log
    ­ƒöä handleInteractionFromHTTP appel├®

      at GLSLDiscordBot.log [as handleInteractionFromHTTP] (bot.js:4593:17)

  console.log
    ­ƒôï Interaction d├®tails: {
      id: '123',
      hasToken: true,
      type: 2,
      commandName: 'help',
      markedAsProcessed: true
    }

      at GLSLDiscordBot.log [as handleInteractionFromHTTP] (bot.js:4608:17)

  console.log
    ­ƒöì Commande HTTP re├ºue: help (user: testuser#1234)

      at GLSLDiscordBot.log [as handleInteractionFromHTTP] (bot.js:4632:25)

  console.log
    ÔûÂ´©Å Ex├®cution commande HTTP: help

      at GLSLDiscordBot.log [as handleInteractionFromHTTP] (bot.js:5556:29)

  console.log
    ­ƒôÄ Envoi de 1 fichier(s) - Test de toutes les strat├®gies

      at Object.log [as editReply] (bot.js:4725:37)

  console.log
    ­ƒº¬ TEST STRAT├ëGIE "rest.patch_double_edit_workaround": Double ├®dition avec AttachmentBuilder + embed minimal (workaround bug Discord)

      at Object.log [as editReply] (bot.js:5427:45)

  console.log
    ­ƒöä Double ├®dition - 1├¿re ├®dition avec AttachmentBuilder

      at Object.log [as test] (bot.js:4816:49)

  console.log
      - ÔØî ├ëchec: Strategy 1 failed

      at Object.log [as editReply] (bot.js:5435:45)

  console.log
    ­ƒº¬ TEST STRAT├ëGIE "rest.patch_with_attachments_payload": rest.patch avec attachments dans payload_json + embed minimal

      at Object.log [as editReply] (bot.js:5427:45)

  console.log
    Ô£à Ô£à Ô£à SUCC├êS avec strat├®gie "rest.patch_with_attachments_payload"! Ô£à Ô£à Ô£à

      at Object.log [as editReply] (bot.js:5429:45)

  console.log
    Ô£à Cette strat├®gie fonctionne: rest.patch avec attachments dans payload_json + embed minimal

      at Object.log [as editReply] (bot.js:5430:45)

  console.log
    Ô£à Commande HTTP help ex├®cut├®e avec succ├¿s

      at GLSLDiscordBot.log [as handleInteractionFromHTTP] (bot.js:5562:29)

  console.log
    ­ƒöä handleInteractionFromHTTP appel├®

      at GLSLDiscordBot.log [as handleInteractionFromHTTP] (bot.js:4593:17)

  console.log
    ­ƒôï Interaction d├®tails: {
      id: '123',
      hasToken: true,
      type: 2,
      commandName: 'help',
      markedAsProcessed: true
    }

      at GLSLDiscordBot.log [as handleInteractionFromHTTP] (bot.js:4608:17)

  console.log
    ­ƒöì Commande HTTP re├ºue: help (user: testuser#1234)

      at GLSLDiscordBot.log [as handleInteractionFromHTTP] (bot.js:4632:25)

  console.log
    ÔûÂ´©Å Ex├®cution commande HTTP: help

      at GLSLDiscordBot.log [as handleInteractionFromHTTP] (bot.js:5556:29)

  console.log
    ­ƒôÄ Envoi de 1 fichier(s) - Test de toutes les strat├®gies

      at Object.log [as editReply] (bot.js:4725:37)

  console.log
    ­ƒº¬ TEST STRAT├ëGIE "rest.patch_double_edit_workaround": Double ├®dition avec AttachmentBuilder + embed minimal (workaround bug Discord)

      at Object.log [as editReply] (bot.js:5427:45)

  console.log
    ­ƒöä Double ├®dition - 1├¿re ├®dition avec AttachmentBuilder

      at Object.log [as test] (bot.js:4816:49)

  console.log
      - ÔØî ├ëchec: rest.patch failed

      at Object.log [as editReply] (bot.js:5435:45)

  console.log
    ­ƒº¬ TEST STRAT├ëGIE "rest.patch_with_attachments_payload": rest.patch avec attachments dans payload_json + embed minimal

      at Object.log [as editReply] (bot.js:5427:45)

  console.log
      - ÔØî ├ëchec: rest.patch failed

      at Object.log [as editReply] (bot.js:5435:45)

  console.log
    ­ƒº¬ TEST STRAT├ëGIE "rest.patch_AttachmentBuilder_minimal_embed": rest.patch avec AttachmentBuilder originaux + embed minimal

      at Object.log [as editReply] (bot.js:5427:45)

  console.log
      - ÔØî ├ëchec: rest.patch failed

      at Object.log [as editReply] (bot.js:5435:45)

  console.log
    ­ƒº¬ TEST STRAT├ëGIE "rest.patch_buffer_minimal_embed": rest.patch avec fichiers lus en Buffer + embed minimal

      at Object.log [as editReply] (bot.js:5427:45)

  console.log
      - ÔØî ├ëchec: rest.patch failed

      at Object.log [as editReply] (bot.js:5435:45)

  console.log
    ­ƒº¬ TEST STRAT├ëGIE "rest.patch_AttachmentBuilder_full_embed": rest.patch avec AttachmentBuilder originaux + embed complet

      at Object.log [as editReply] (bot.js:5427:45)

  console.log
      - ÔØî ├ëchec: rest.patch failed

      at Object.log [as editReply] (bot.js:5435:45)

  console.log
    ­ƒº¬ TEST STRAT├ëGIE "rest.patch_gif_only": rest.patch avec seulement le GIF, sans embed ni content

      at Object.log [as editReply] (bot.js:5427:45)

  console.log
      - ÔØî ├ëchec: rest.patch failed

      at Object.log [as editReply] (bot.js:5435:45)

  console.log
    ­ƒº¬ TEST STRAT├ëGIE "rest.patch_with_paths": rest.patch avec chemins de fichiers (objets)

      at Object.log [as editReply] (bot.js:5427:45)

  console.log
      - ÔØî ├ëchec: rest.patch failed

      at Object.log [as editReply] (bot.js:5435:45)

  console.log
    ­ƒº¬ TEST STRAT├ëGIE "rest.patch_with_paths_strings": rest.patch avec chemins de fichiers (strings)

      at Object.log [as editReply] (bot.js:5427:45)

  console.log
      - ÔØî ├ëchec: rest.patch failed

      at Object.log [as editReply] (bot.js:5435:45)

  console.log
    ­ƒº¬ TEST STRAT├ëGIE "rest.patch_with_buffers": rest.patch avec Buffers

      at Object.log [as editReply] (bot.js:5427:45)

  console.log
      - ÔØî ├ëchec: rest.patch failed

      at Object.log [as editReply] (bot.js:5435:45)

  console.log
    ­ƒº¬ TEST STRAT├ëGIE "formdata_content_text": FormData avec content texte "Shader animation"

      at Object.log [as editReply] (bot.js:5427:45)

  console.log
    Ô£à Ô£à Ô£à SUCC├êS avec strat├®gie "formdata_content_text"! Ô£à Ô£à Ô£à

      at Object.log [as editReply] (bot.js:5429:45)

  console.log
    Ô£à Cette strat├®gie fonctionne: FormData avec content texte "Shader animation"

      at Object.log [as editReply] (bot.js:5430:45)

  console.log
    Ô£à Commande HTTP help ex├®cut├®e avec succ├¿s

      at GLSLDiscordBot.log [as handleInteractionFromHTTP] (bot.js:5562:29)

  console.log
    ­ƒöä handleInteractionFromHTTP appel├®

      at GLSLDiscordBot.log [as handleInteractionFromHTTP] (bot.js:4593:17)

  console.log
    ­ƒôï Interaction d├®tails: {
      id: '123',
      hasToken: true,
      type: 2,
      commandName: 'help',
      markedAsProcessed: true
    }

      at GLSLDiscordBot.log [as handleInteractionFromHTTP] (bot.js:4608:17)

  console.log
    ­ƒöì Commande HTTP re├ºue: help (user: testuser#1234)

      at GLSLDiscordBot.log [as handleInteractionFromHTTP] (bot.js:4632:25)

  console.log
    ÔûÂ´©Å Ex├®cution commande HTTP: help

      at GLSLDiscordBot.log [as handleInteractionFromHTTP] (bot.js:5556:29)

  console.log
    ­ƒôÄ Envoi de 1 fichier(s) - Test de toutes les strat├®gies

      at Object.log [as editReply] (bot.js:4725:37)

  console.log
    ­ƒº¬ TEST STRAT├ëGIE "rest.patch_double_edit_workaround": Double ├®dition avec AttachmentBuilder + embed minimal (workaround bug Discord)

      at Object.log [as editReply] (bot.js:5427:45)

  console.log
    ­ƒöä Double ├®dition - 1├¿re ├®dition avec AttachmentBuilder

      at Object.log [as test] (bot.js:4816:49)

  console.log
      - ÔØî ├ëchec: rest.patch failed

      at Object.log [as editReply] (bot.js:5435:45)

  console.log
    ­ƒº¬ TEST STRAT├ëGIE "rest.patch_with_attachments_payload": rest.patch avec attachments dans payload_json + embed minimal

      at Object.log [as editReply] (bot.js:5427:45)

  console.log
      - ÔØî ├ëchec: rest.patch failed

      at Object.log [as editReply] (bot.js:5435:45)

  console.log
    ­ƒº¬ TEST STRAT├ëGIE "rest.patch_AttachmentBuilder_minimal_embed": rest.patch avec AttachmentBuilder originaux + embed minimal

      at Object.log [as editReply] (bot.js:5427:45)

  console.log
      - ÔØî ├ëchec: rest.patch failed

      at Object.log [as editReply] (bot.js:5435:45)

  console.log
    ­ƒº¬ TEST STRAT├ëGIE "rest.patch_buffer_minimal_embed": rest.patch avec fichiers lus en Buffer + embed minimal

      at Object.log [as editReply] (bot.js:5427:45)

  console.log
      - ÔØî ├ëchec: rest.patch failed

      at Object.log [as editReply] (bot.js:5435:45)

  console.log
    ­ƒº¬ TEST STRAT├ëGIE "rest.patch_AttachmentBuilder_full_embed": rest.patch avec AttachmentBuilder originaux + embed complet

      at Object.log [as editReply] (bot.js:5427:45)

  console.log
      - ÔØî ├ëchec: rest.patch failed

      at Object.log [as editReply] (bot.js:5435:45)

  console.log
    ­ƒº¬ TEST STRAT├ëGIE "rest.patch_gif_only": rest.patch avec seulement le GIF, sans embed ni content

      at Object.log [as editReply] (bot.js:5427:45)

  console.log
      - ÔØî ├ëchec: rest.patch failed

      at Object.log [as editReply] (bot.js:5435:45)

  console.log
    ­ƒº¬ TEST STRAT├ëGIE "rest.patch_with_paths": rest.patch avec chemins de fichiers (objets)

      at Object.log [as editReply] (bot.js:5427:45)

  console.log
      - ÔØî ├ëchec: rest.patch failed

      at Object.log [as editReply] (bot.js:5435:45)

  console.log
    ­ƒº¬ TEST STRAT├ëGIE "rest.patch_with_paths_strings": rest.patch avec chemins de fichiers (strings)

      at Object.log [as editReply] (bot.js:5427:45)

  console.log
      - ÔØî ├ëchec: rest.patch failed

      at Object.log [as editReply] (bot.js:5435:45)

  console.log
    ­ƒº¬ TEST STRAT├ëGIE "rest.patch_with_buffers": rest.patch avec Buffers

      at Object.log [as editReply] (bot.js:5427:45)

  console.log
      - ÔØî ├ëchec: rest.patch failed

      at Object.log [as editReply] (bot.js:5435:45)

  console.log
    ­ƒº¬ TEST STRAT├ëGIE "formdata_content_text": FormData avec content texte "Shader animation"

      at Object.log [as editReply] (bot.js:5427:45)

  console.log
      - ÔØî ├ëchec: HTTP 400: Bad Request

      at Object.log [as editReply] (bot.js:5435:45)

  console.log
    ­ƒº¬ TEST STRAT├ëGIE "formdata_content_nonbreaking_space": FormData avec content non-breaking space

      at Object.log [as editReply] (bot.js:5427:45)

  console.log
      - ÔØî ├ëchec: HTTP 400: Bad Request

      at Object.log [as editReply] (bot.js:5435:45)

  console.log
    ­ƒº¬ TEST STRAT├ëGIE "formdata_content_shader_id": FormData avec content "Shader ID: X"

      at Object.log [as editReply] (bot.js:5427:45)

  console.log
    Ô£à Ô£à Ô£à SUCC├êS avec strat├®gie "formdata_content_shader_id"! Ô£à Ô£à Ô£à

      at Object.log [as editReply] (bot.js:5429:45)

  console.log
    Ô£à Cette strat├®gie fonctionne: FormData avec content "Shader ID: X"

      at Object.log [as editReply] (bot.js:5430:45)

  console.log
    Ô£à Commande HTTP help ex├®cut├®e avec succ├¿s

      at GLSLDiscordBot.log [as handleInteractionFromHTTP] (bot.js:5562:29)

  console.log
    ­ƒöä handleInteractionFromHTTP appel├®

      at GLSLDiscordBot.log [as handleInteractionFromHTTP] (bot.js:4593:17)

  console.log
    ­ƒôï Interaction d├®tails: {
      id: '123',
      hasToken: true,
      type: 2,
      commandName: 'help',
      markedAsProcessed: true
    }

      at GLSLDiscordBot.log [as handleInteractionFromHTTP] (bot.js:4608:17)

  console.log
    ­ƒöì Commande HTTP re├ºue: help (user: testuser#1234)

      at GLSLDiscordBot.log [as handleInteractionFromHTTP] (bot.js:4632:25)

  console.log
    ÔûÂ´©Å Ex├®cution commande HTTP: help

      at GLSLDiscordBot.log [as handleInteractionFromHTTP] (bot.js:5556:29)

  console.log
    Ô£à Commande HTTP help ex├®cut├®e avec succ├¿s

      at GLSLDiscordBot.log [as handleInteractionFromHTTP] (bot.js:5562:29)

  console.log
    ­ƒöä handleInteractionFromHTTP appel├®

      at GLSLDiscordBot.log [as handleInteractionFromHTTP] (bot.js:4593:17)

  console.log
    ­ƒôï Interaction d├®tails: {
      id: '123',
      hasToken: true,
      type: 2,
      commandName: 'help',
      markedAsProcessed: true
    }

      at GLSLDiscordBot.log [as handleInteractionFromHTTP] (bot.js:4608:17)

  console.log
    ­ƒöì Commande HTTP re├ºue: help (user: testuser#1234)

      at GLSLDiscordBot.log [as handleInteractionFromHTTP] (bot.js:4632:25)

  console.log
    ÔûÂ´©Å Ex├®cution commande HTTP: help

      at GLSLDiscordBot.log [as handleInteractionFromHTTP] (bot.js:5556:29)

  console.log
    Ô£à Commande HTTP help ex├®cut├®e avec succ├¿s

      at GLSLDiscordBot.log [as handleInteractionFromHTTP] (bot.js:5562:29)

  console.log
    ­ƒöä handleInteractionFromHTTP appel├®

      at GLSLDiscordBot.log [as handleInteractionFromHTTP] (bot.js:4593:17)

  console.log
    ­ƒôï Interaction d├®tails: {
      id: '123',
      hasToken: true,
      type: 2,
      commandName: 'help',
      markedAsProcessed: true
    }

      at GLSLDiscordBot.log [as handleInteractionFromHTTP] (bot.js:4608:17)

  console.log
    ­ƒöì Commande HTTP re├ºue: help (user: testuser#1234)

      at GLSLDiscordBot.log [as handleInteractionFromHTTP] (bot.js:4632:25)

  console.log
    ÔûÂ´©Å Ex├®cution commande HTTP: help

      at GLSLDiscordBot.log [as handleInteractionFromHTTP] (bot.js:5556:29)

  console.log
    ­ƒôÄ Envoi de 1 fichier(s) - Test de toutes les strat├®gies

      at Object.log [as editReply] (bot.js:4725:37)

  console.log
    ­ƒº¬ TEST STRAT├ëGIE "rest.patch_double_edit_workaround": Double ├®dition avec AttachmentBuilder + embed minimal (workaround bug Discord)

      at Object.log [as editReply] (bot.js:5427:45)

  console.log
    ­ƒöä Double ├®dition - 1├¿re ├®dition avec AttachmentBuilder

      at Object.log [as test] (bot.js:4816:49)

  console.log
    ­ƒöä Double ├®dition - 2├¿me ├®dition avec fichiers en Buffer

      at Object.log [as test] (bot.js:4828:49)

  console.log
    Ô£à Ô£à Ô£à SUCC├êS avec strat├®gie "rest.patch_double_edit_workaround"! Ô£à Ô£à Ô£à

      at Object.log [as editReply] (bot.js:5429:45)

  console.log
    Ô£à Cette strat├®gie fonctionne: Double ├®dition avec AttachmentBuilder + embed minimal (workaround bug Discord)

      at Object.log [as editReply] (bot.js:5430:45)

  console.log
    Ô£à Commande HTTP help ex├®cut├®e avec succ├¿s

      at GLSLDiscordBot.log [as handleInteractionFromHTTP] (bot.js:5562:29)

  console.log
    ­ƒöä handleInteractionFromHTTP appel├®

      at GLSLDiscordBot.log [as handleInteractionFromHTTP] (bot.js:4593:17)

  console.log
    ­ƒôï Interaction d├®tails: {
      id: '123',
      hasToken: true,
      type: 2,
      commandName: 'help',
      markedAsProcessed: true
    }

      at GLSLDiscordBot.log [as handleInteractionFromHTTP] (bot.js:4608:17)

  console.log
    ­ƒöì Commande HTTP re├ºue: help (user: testuser#1234)

      at GLSLDiscordBot.log [as handleInteractionFromHTTP] (bot.js:4632:25)

  console.log
    ÔûÂ´©Å Ex├®cution commande HTTP: help

      at GLSLDiscordBot.log [as handleInteractionFromHTTP] (bot.js:5556:29)

  console.log
    ­ƒôÄ Envoi de 1 fichier(s) - Test de toutes les strat├®gies

      at Object.log [as editReply] (bot.js:4725:37)

  console.log
    ­ƒº¬ TEST STRAT├ëGIE "rest.patch_double_edit_workaround": Double ├®dition avec AttachmentBuilder + embed minimal (workaround bug Discord)

      at Object.log [as editReply] (bot.js:5427:45)

  console.log
    ­ƒöä Double ├®dition - 1├¿re ├®dition avec AttachmentBuilder

      at Object.log [as test] (bot.js:4816:49)

  console.log
    ­ƒöä Double ├®dition - 2├¿me ├®dition avec fichiers en Buffer

      at Object.log [as test] (bot.js:4828:49)

  console.log
    Ô£à Ô£à Ô£à SUCC├êS avec strat├®gie "rest.patch_double_edit_workaround"! Ô£à Ô£à Ô£à

      at Object.log [as editReply] (bot.js:5429:45)

  console.log
    Ô£à Cette strat├®gie fonctionne: Double ├®dition avec AttachmentBuilder + embed minimal (workaround bug Discord)

      at Object.log [as editReply] (bot.js:5430:45)

  console.log
    Ô£à Commande HTTP help ex├®cut├®e avec succ├¿s

      at GLSLDiscordBot.log [as handleInteractionFromHTTP] (bot.js:5562:29)

  console.log
    ­ƒöä handleInteractionFromHTTP appel├®

      at GLSLDiscordBot.log [as handleInteractionFromHTTP] (bot.js:4593:17)

  console.log
    ­ƒôï Interaction d├®tails: {
      id: '123',
      hasToken: true,
      type: 2,
      commandName: 'help',
      markedAsProcessed: true
    }

      at GLSLDiscordBot.log [as handleInteractionFromHTTP] (bot.js:4608:17)

  console.log
    ­ƒöì Commande HTTP re├ºue: help (user: testuser#1234)

      at GLSLDiscordBot.log [as handleInteractionFromHTTP] (bot.js:4632:25)

  console.log
    ÔûÂ´©Å Ex├®cution commande HTTP: help

      at GLSLDiscordBot.log [as handleInteractionFromHTTP] (bot.js:5556:29)

  console.log
    ­ƒôÄ Envoi de 1 fichier(s) - Test de toutes les strat├®gies

      at Object.log [as editReply] (bot.js:4725:37)

  console.log
    ­ƒº¬ TEST STRAT├ëGIE "rest.patch_double_edit_workaround": Double ├®dition avec AttachmentBuilder + embed minimal (workaround bug Discord)

      at Object.log [as editReply] (bot.js:5427:45)

  console.log
    ­ƒöä Double ├®dition - 1├¿re ├®dition avec AttachmentBuilder

      at Object.log [as test] (bot.js:4816:49)

  console.log
      - ÔØî ├ëchec: Impossible de lire le fichier

      at Object.log [as editReply] (bot.js:5435:45)

  console.log
    ­ƒº¬ TEST STRAT├ëGIE "rest.patch_with_attachments_payload": rest.patch avec attachments dans payload_json + embed minimal

      at Object.log [as editReply] (bot.js:5427:45)

  console.log
      - ÔØî ├ëchec: Aucun fichier valide ├á envoyer

      at Object.log [as editReply] (bot.js:5435:45)

  console.log
    ­ƒº¬ TEST STRAT├ëGIE "rest.patch_AttachmentBuilder_minimal_embed": rest.patch avec AttachmentBuilder originaux + embed minimal

      at Object.log [as editReply] (bot.js:5427:45)

  console.log
    Ô£à Ô£à Ô£à SUCC├êS avec strat├®gie "rest.patch_AttachmentBuilder_minimal_embed"! Ô£à Ô£à Ô£à

      at Object.log [as editReply] (bot.js:5429:45)

  console.log
    Ô£à Cette strat├®gie fonctionne: rest.patch avec AttachmentBuilder originaux + embed minimal

      at Object.log [as editReply] (bot.js:5430:45)

  console.log
    Ô£à Commande HTTP help ex├®cut├®e avec succ├¿s

      at GLSLDiscordBot.log [as handleInteractionFromHTTP] (bot.js:5562:29)

  console.log
    ­ƒöä handleInteractionFromHTTP appel├®

      at GLSLDiscordBot.log [as handleInteractionFromHTTP] (bot.js:4593:17)

  console.log
    ­ƒôï Interaction d├®tails: {
      id: '123',
      hasToken: true,
      type: 2,
      commandName: 'help',
      markedAsProcessed: true
    }

      at GLSLDiscordBot.log [as handleInteractionFromHTTP] (bot.js:4608:17)

  console.log
    ­ƒöì Commande HTTP re├ºue: help (user: testuser#1234)

      at GLSLDiscordBot.log [as handleInteractionFromHTTP] (bot.js:4632:25)

  console.log
    ÔûÂ´©Å Ex├®cution commande HTTP: help

      at GLSLDiscordBot.log [as handleInteractionFromHTTP] (bot.js:5556:29)

  console.log
    ­ƒôÄ Envoi de 1 fichier(s) - Test de toutes les strat├®gies

      at Object.log [as editReply] (bot.js:4725:37)

  console.log
    ­ƒº¬ TEST STRAT├ëGIE "rest.patch_double_edit_workaround": Double ├®dition avec AttachmentBuilder + embed minimal (workaround bug Discord)

      at Object.log [as editReply] (bot.js:5427:45)

  console.log
    ­ƒöä Double ├®dition - 1├¿re ├®dition avec AttachmentBuilder

      at Object.log [as test] (bot.js:4816:49)

  console.log
      - ÔØî ├ëchec: Strategy 1 failed

      at Object.log [as editReply] (bot.js:5435:45)

  console.log
    ­ƒº¬ TEST STRAT├ëGIE "rest.patch_with_attachments_payload": rest.patch avec attachments dans payload_json + embed minimal

      at Object.log [as editReply] (bot.js:5427:45)

  console.log
      - ÔØî ├ëchec: Aucun fichier valide ├á envoyer

      at Object.log [as editReply] (bot.js:5435:45)

  console.log
    ­ƒº¬ TEST STRAT├ëGIE "rest.patch_AttachmentBuilder_minimal_embed": rest.patch avec AttachmentBuilder originaux + embed minimal

      at Object.log [as editReply] (bot.js:5427:45)

  console.log
      - ÔØî ├ëchec: Aucun fichier valide ├á envoyer

      at Object.log [as editReply] (bot.js:5435:45)

  console.log
    ­ƒº¬ TEST STRAT├ëGIE "rest.patch_buffer_minimal_embed": rest.patch avec fichiers lus en Buffer + embed minimal

      at Object.log [as editReply] (bot.js:5427:45)

  console.log
      - ÔØî ├ëchec: Aucun fichier valide ├á envoyer

      at Object.log [as editReply] (bot.js:5435:45)

  console.log
    ­ƒº¬ TEST STRAT├ëGIE "rest.patch_AttachmentBuilder_full_embed": rest.patch avec AttachmentBuilder originaux + embed complet

      at Object.log [as editReply] (bot.js:5427:45)

  console.log
    Ô£à Ô£à Ô£à SUCC├êS avec strat├®gie "rest.patch_AttachmentBuilder_full_embed"! Ô£à Ô£à Ô£à

      at Object.log [as editReply] (bot.js:5429:45)

  console.log
    Ô£à Cette strat├®gie fonctionne: rest.patch avec AttachmentBuilder originaux + embed complet

      at Object.log [as editReply] (bot.js:5430:45)

  console.log
    Ô£à Commande HTTP help ex├®cut├®e avec succ├¿s

      at GLSLDiscordBot.log [as handleInteractionFromHTTP] (bot.js:5562:29)

  console.log
    ­ƒöä handleInteractionFromHTTP appel├®

      at GLSLDiscordBot.log [as handleInteractionFromHTTP] (bot.js:4593:17)

  console.log
    ­ƒôï Interaction d├®tails: {
      id: '123',
      hasToken: true,
      type: 2,
      commandName: 'help',
      markedAsProcessed: true
    }

      at GLSLDiscordBot.log [as handleInteractionFromHTTP] (bot.js:4608:17)

  console.log
    ­ƒöì Commande HTTP re├ºue: help (user: testuser#1234)

      at GLSLDiscordBot.log [as handleInteractionFromHTTP] (bot.js:4632:25)

  console.log
    ÔûÂ´©Å Ex├®cution commande HTTP: help

      at GLSLDiscordBot.log [as handleInteractionFromHTTP] (bot.js:5556:29)

  console.log
    Ô£à Commande HTTP help ex├®cut├®e avec succ├¿s

      at GLSLDiscordBot.log [as handleInteractionFromHTTP] (bot.js:5562:29)

  console.log
    ­ƒöä handleInteractionFromHTTP appel├®

      at GLSLDiscordBot.log [as handleInteractionFromHTTP] (bot.js:4593:17)

  console.log
    ­ƒôï Interaction d├®tails: {
      id: '123',
      hasToken: true,
      type: 2,
      commandName: 'help',
      markedAsProcessed: true
    }

      at GLSLDiscordBot.log [as handleInteractionFromHTTP] (bot.js:4608:17)

  console.log
    ­ƒöì Commande HTTP re├ºue: help (user: testuser#1234)

      at GLSLDiscordBot.log [as handleInteractionFromHTTP] (bot.js:4632:25)

  console.log
    ÔûÂ´©Å Ex├®cution commande HTTP: help

      at GLSLDiscordBot.log [as handleInteractionFromHTTP] (bot.js:5556:29)

  console.log
    Ô£à Commande HTTP help ex├®cut├®e avec succ├¿s

      at GLSLDiscordBot.log [as handleInteractionFromHTTP] (bot.js:5562:29)

  console.log
    ­ƒöä handleInteractionFromHTTP appel├®

      at GLSLDiscordBot.log [as handleInteractionFromHTTP] (bot.js:4593:17)

  console.log
    ­ƒôï Interaction d├®tails: {
      id: '123',
      hasToken: true,
      type: 2,
      commandName: 'help',
      markedAsProcessed: true
    }

      at GLSLDiscordBot.log [as handleInteractionFromHTTP] (bot.js:4608:17)

  console.log
    ­ƒöì Commande HTTP re├ºue: help (user: testuser#1234)

      at GLSLDiscordBot.log [as handleInteractionFromHTTP] (bot.js:4632:25)

  console.log
    ÔûÂ´©Å Ex├®cution commande HTTP: help

      at GLSLDiscordBot.log [as handleInteractionFromHTTP] (bot.js:5556:29)

  console.log
    Ô£à Commande HTTP help ex├®cut├®e avec succ├¿s

      at GLSLDiscordBot.log [as handleInteractionFromHTTP] (bot.js:5562:29)

  console.log
    ­ƒöä handleInteractionFromHTTP appel├®

      at GLSLDiscordBot.log [as handleInteractionFromHTTP] (bot.js:4593:17)

  console.log
    ­ƒôï Interaction d├®tails: {
      id: undefined,
      hasToken: true,
      type: 2,
      commandName: 'help',
      markedAsProcessed: true
    }

      at GLSLDiscordBot.log [as handleInteractionFromHTTP] (bot.js:4608:17)

  console.error
    ÔØî Interaction ID ou token manquant { hasId: false, hasToken: true }

      4615 |         
      4616 |         if (!interactionId || !interactionToken) {
    > 4617 |             console.error('ÔØî Interaction ID ou token manquant', {
           |                     ^
      4618 |                 hasId: !!interactionId,
      4619 |                 hasToken: !!interactionToken
      4620 |             });

      at GLSLDiscordBot.error [as handleInteractionFromHTTP] (bot.js:4617:21)
      at Object.handleInteractionFromHTTP (tests/bot.test.js:6476:38)

  console.log
    ­ƒöä handleInteractionFromHTTP appel├®

      at GLSLDiscordBot.log [as handleInteractionFromHTTP] (bot.js:4593:17)

  console.log
    ­ƒôï Interaction d├®tails: {
      id: '123',
      hasToken: false,
      type: 2,
      commandName: 'help',
      markedAsProcessed: true
    }

      at GLSLDiscordBot.log [as handleInteractionFromHTTP] (bot.js:4608:17)

  console.error
    ÔØî Interaction ID ou token manquant { hasId: true, hasToken: false }

      4615 |         
      4616 |         if (!interactionId || !interactionToken) {
    > 4617 |             console.error('ÔØî Interaction ID ou token manquant', {
           |                     ^
      4618 |                 hasId: !!interactionId,
      4619 |                 hasToken: !!interactionToken
      4620 |             });

      at GLSLDiscordBot.error [as handleInteractionFromHTTP] (bot.js:4617:21)
      at Object.handleInteractionFromHTTP (tests/bot.test.js:6496:38)

  console.log
    ­ƒöä handleInteractionFromHTTP appel├®

      at GLSLDiscordBot.log [as handleInteractionFromHTTP] (bot.js:4593:17)

  console.log
    ­ƒôï Interaction d├®tails: {
      id: '123',
      hasToken: true,
      type: 2,
      commandName: 'help',
      markedAsProcessed: true
    }

      at GLSLDiscordBot.log [as handleInteractionFromHTTP] (bot.js:4608:17)

  console.log
    ­ƒöì Commande HTTP re├ºue: help (user: testuser#1234)

      at GLSLDiscordBot.log [as handleInteractionFromHTTP] (bot.js:4632:25)

  console.log
    ÔûÂ´©Å Ex├®cution commande HTTP: help

      at GLSLDiscordBot.log [as handleInteractionFromHTTP] (bot.js:5556:29)

  console.log
    Ô£à Commande HTTP help ex├®cut├®e avec succ├¿s

      at GLSLDiscordBot.log [as handleInteractionFromHTTP] (bot.js:5562:29)

  console.log
    ­ƒöä handleInteractionFromHTTP appel├®

      at GLSLDiscordBot.log [as handleInteractionFromHTTP] (bot.js:4593:17)

  console.log
    ­ƒôï Interaction d├®tails: {
      id: '123',
      hasToken: true,
      type: 2,
      commandName: 'help',
      markedAsProcessed: true
    }

      at GLSLDiscordBot.log [as handleInteractionFromHTTP] (bot.js:4608:17)

  console.log
    ­ƒöì Commande HTTP re├ºue: help (user: testuser#1234)

      at GLSLDiscordBot.log [as handleInteractionFromHTTP] (bot.js:4632:25)

  console.log
    ÔûÂ´©Å Ex├®cution commande HTTP: help

      at GLSLDiscordBot.log [as handleInteractionFromHTTP] (bot.js:5556:29)

  console.log
    Ô£à Commande HTTP help ex├®cut├®e avec succ├¿s

      at GLSLDiscordBot.log [as handleInteractionFromHTTP] (bot.js:5562:29)

  console.log
    ­ƒöä handleInteractionFromHTTP appel├®

      at GLSLDiscordBot.log [as handleInteractionFromHTTP] (bot.js:4593:17)

  console.log
    ­ƒôï Interaction d├®tails: {
      id: '123',
      hasToken: true,
      type: 2,
      commandName: 'help',
      markedAsProcessed: true
    }

      at GLSLDiscordBot.log [as handleInteractionFromHTTP] (bot.js:4608:17)

  console.log
    ­ƒöì Commande HTTP re├ºue: help (user: testuser#1234)

      at GLSLDiscordBot.log [as handleInteractionFromHTTP] (bot.js:4632:25)

  console.log
    ÔûÂ´©Å Ex├®cution commande HTTP: help

      at GLSLDiscordBot.log [as handleInteractionFromHTTP] (bot.js:5556:29)

  console.log
    Ô£à Commande HTTP help ex├®cut├®e avec succ├¿s

      at GLSLDiscordBot.log [as handleInteractionFromHTTP] (bot.js:5562:29)

  console.log
    ­ƒöä handleInteractionFromHTTP appel├®

      at GLSLDiscordBot.log [as handleInteractionFromHTTP] (bot.js:4593:17)

  console.log
    ­ƒôï Interaction d├®tails: {
      id: '123',
      hasToken: true,
      type: 99,
      commandName: 'help',
      markedAsProcessed: true
    }

      at GLSLDiscordBot.log [as handleInteractionFromHTTP] (bot.js:4608:17)

  console.log
    ­ƒöä handleInteractionFromHTTP appel├®

      at GLSLDiscordBot.log [as handleInteractionFromHTTP] (bot.js:4593:17)

  console.log
    ­ƒôï Interaction d├®tails: {
      id: '123',
      hasToken: true,
      type: 2,
      commandName: 'help',
      markedAsProcessed: true
    }

      at GLSLDiscordBot.log [as handleInteractionFromHTTP] (bot.js:4608:17)

  console.log
    ­ƒöì Commande HTTP re├ºue: help (user: testuser#1234)

      at GLSLDiscordBot.log [as handleInteractionFromHTTP] (bot.js:4632:25)

  console.log
    ÔûÂ´©Å Ex├®cution commande HTTP: help

      at GLSLDiscordBot.log [as handleInteractionFromHTTP] (bot.js:5556:29)

  console.log
    Ô£à Commande HTTP help ex├®cut├®e avec succ├¿s

      at GLSLDiscordBot.log [as handleInteractionFromHTTP] (bot.js:5562:29)

  console.log
    ­ƒöä handleInteractionFromHTTP appel├®

      at GLSLDiscordBot.log [as handleInteractionFromHTTP] (bot.js:4593:17)

  console.log
    ­ƒôï Interaction d├®tails: {
      id: '123',
      hasToken: true,
      type: 2,
      commandName: 'help',
      markedAsProcessed: true
    }

      at GLSLDiscordBot.log [as handleInteractionFromHTTP] (bot.js:4608:17)

  console.log
    ­ƒöì Commande HTTP re├ºue: help (user: testuser#1234)

      at GLSLDiscordBot.log [as handleInteractionFromHTTP] (bot.js:4632:25)

  console.log
    ÔûÂ´©Å Ex├®cution commande HTTP: help

      at GLSLDiscordBot.log [as handleInteractionFromHTTP] (bot.js:5556:29)

  console.log
    Ô£à Commande HTTP help ex├®cut├®e avec succ├¿s

      at GLSLDiscordBot.log [as handleInteractionFromHTTP] (bot.js:5562:29)

  console.log
    ­ƒöä handleInteractionFromHTTP appel├®

      at GLSLDiscordBot.log [as handleInteractionFromHTTP] (bot.js:4593:17)

  console.log
    ­ƒôï Interaction d├®tails: {
      id: '123',
      hasToken: true,
      type: 2,
      commandName: 'help',
      markedAsProcessed: true
    }

      at GLSLDiscordBot.log [as handleInteractionFromHTTP] (bot.js:4608:17)

  console.log
    ­ƒöì Commande HTTP re├ºue: help (user: testuser#1234)

      at GLSLDiscordBot.log [as handleInteractionFromHTTP] (bot.js:4632:25)

  console.log
    ÔûÂ´©Å Ex├®cution commande HTTP: help

      at GLSLDiscordBot.log [as handleInteractionFromHTTP] (bot.js:5556:29)

  console.log
    Ô£à Envoi JSON pur - embeds seuls (content supprim├® car non requis)

      at Object.log [as editReply] (bot.js:5454:41)

  console.log
    Ô£à Commande HTTP help ex├®cut├®e avec succ├¿s

      at GLSLDiscordBot.log [as handleInteractionFromHTTP] (bot.js:5562:29)

  console.log
    ­ƒöä handleInteractionFromHTTP appel├®

      at GLSLDiscordBot.log [as handleInteractionFromHTTP] (bot.js:4593:17)

  console.log
    ­ƒôï Interaction d├®tails: {
      id: '123',
      hasToken: true,
      type: 2,
      commandName: 'help',
      markedAsProcessed: true
    }

      at GLSLDiscordBot.log [as handleInteractionFromHTTP] (bot.js:4608:17)

  console.log
    ­ƒöì Commande HTTP re├ºue: help (user: testuser#1234)

      at GLSLDiscordBot.log [as handleInteractionFromHTTP] (bot.js:4632:25)

  console.log
    ÔûÂ´©Å Ex├®cution commande HTTP: help

      at GLSLDiscordBot.log [as handleInteractionFromHTTP] (bot.js:5556:29)

  console.log
    Ô£à Commande HTTP help ex├®cut├®e avec succ├¿s

      at GLSLDiscordBot.log [as handleInteractionFromHTTP] (bot.js:5562:29)

  console.log
    ­ƒöä handleInteractionFromHTTP appel├®

      at GLSLDiscordBot.log [as handleInteractionFromHTTP] (bot.js:4593:17)

  console.log
    ­ƒôï Interaction d├®tails: {
      id: '123',
      hasToken: true,
      type: 2,
      commandName: 'help',
      markedAsProcessed: true
    }

      at GLSLDiscordBot.log [as handleInteractionFromHTTP] (bot.js:4608:17)

  console.log
    ­ƒöì Commande HTTP re├ºue: help (user: testuser#1234)

      at GLSLDiscordBot.log [as handleInteractionFromHTTP] (bot.js:4632:25)

  console.log
    ÔûÂ´©Å Ex├®cution commande HTTP: help

      at GLSLDiscordBot.log [as handleInteractionFromHTTP] (bot.js:5556:29)

  console.log
    Ô£à Commande HTTP help ex├®cut├®e avec succ├¿s

      at GLSLDiscordBot.log [as handleInteractionFromHTTP] (bot.js:5562:29)

  console.log
    ­ƒöä handleInteractionFromHTTP appel├®

      at GLSLDiscordBot.log [as handleInteractionFromHTTP] (bot.js:4593:17)

  console.log
    ­ƒôï Interaction d├®tails: {
      id: '123',
      hasToken: true,
      type: 2,
      commandName: 'help',
      markedAsProcessed: true
    }

      at GLSLDiscordBot.log [as handleInteractionFromHTTP] (bot.js:4608:17)

  console.log
    ­ƒöì Commande HTTP re├ºue: help (user: testuser#1234)

      at GLSLDiscordBot.log [as handleInteractionFromHTTP] (bot.js:4632:25)

  console.log
    ÔûÂ´©Å Ex├®cution commande HTTP: help

      at GLSLDiscordBot.log [as handleInteractionFromHTTP] (bot.js:5556:29)

  console.log
    Ô£à Commande HTTP help ex├®cut├®e avec succ├¿s

      at GLSLDiscordBot.log [as handleInteractionFromHTTP] (bot.js:5562:29)

  console.log
    ­ƒöä handleInteractionFromHTTP appel├®

      at GLSLDiscordBot.log [as handleInteractionFromHTTP] (bot.js:4593:17)

  console.log
    ­ƒôï Interaction d├®tails: {
      id: '123',
      hasToken: true,
      type: 4,
      commandName: 'help',
      markedAsProcessed: true
    }

      at GLSLDiscordBot.log [as handleInteractionFromHTTP] (bot.js:4608:17)

  console.log
    ­ƒöì Autocomplete HTTP re├ºu: help

      at GLSLDiscordBot.log [as handleInteractionFromHTTP] (bot.js:5577:25)

  console.log
    ­ƒöä handleInteractionFromHTTP appel├®

      at GLSLDiscordBot.log [as handleInteractionFromHTTP] (bot.js:4593:17)

  console.log
    ­ƒôï Interaction d├®tails: {
      id: '123',
      hasToken: true,
      type: 2,
      commandName: 'shader',
      markedAsProcessed: true
    }

      at GLSLDiscordBot.log [as handleInteractionFromHTTP] (bot.js:4608:17)

  console.log
    ­ƒöì Commande HTTP re├ºue: shader (user: testuser#1234)

      at GLSLDiscordBot.log [as handleInteractionFromHTTP] (bot.js:4632:25)

  console.log
    ÔûÂ´©Å Ex├®cution commande HTTP: shader

      at GLSLDiscordBot.log [as handleInteractionFromHTTP] (bot.js:5556:29)

  console.log
    Ô£à Commande HTTP shader ex├®cut├®e avec succ├¿s

      at GLSLDiscordBot.log [as handleInteractionFromHTTP] (bot.js:5562:29)

  console.log
    ­ƒöä handleInteractionFromHTTP appel├®

      at GLSLDiscordBot.log [as handleInteractionFromHTTP] (bot.js:4593:17)

  console.log
    ­ƒôï Interaction d├®tails: {
      id: '123',
      hasToken: true,
      type: 2,
      commandName: 'help',
      markedAsProcessed: true
    }

      at GLSLDiscordBot.log [as handleInteractionFromHTTP] (bot.js:4608:17)

  console.log
    ­ƒöì Commande HTTP re├ºue: help (user: undefined)

      at GLSLDiscordBot.log [as handleInteractionFromHTTP] (bot.js:4632:25)

  console.log
    ÔûÂ´©Å Ex├®cution commande HTTP: help

      at GLSLDiscordBot.log [as handleInteractionFromHTTP] (bot.js:5556:29)

  console.log
    Ô£à Commande HTTP help ex├®cut├®e avec succ├¿s

      at GLSLDiscordBot.log [as handleInteractionFromHTTP] (bot.js:5562:29)

  console.log
    ­ƒöä handleInteractionFromHTTP appel├®

      at GLSLDiscordBot.log [as handleInteractionFromHTTP] (bot.js:4593:17)

  console.log
    ­ƒôï Interaction d├®tails: {
      id: '123',
      hasToken: true,
      type: 2,
      commandName: 'help',
      markedAsProcessed: true
    }

      at GLSLDiscordBot.log [as handleInteractionFromHTTP] (bot.js:4608:17)

  console.log
    ­ƒöì Commande HTTP re├ºue: help (user: testuser#1234)

      at GLSLDiscordBot.log [as handleInteractionFromHTTP] (bot.js:4632:25)

  console.log
    ÔûÂ´©Å Ex├®cution commande HTTP: help

      at GLSLDiscordBot.log [as handleInteractionFromHTTP] (bot.js:5556:29)

  console.log
    Ô£à Commande HTTP help ex├®cut├®e avec succ├¿s

      at GLSLDiscordBot.log [as handleInteractionFromHTTP] (bot.js:5562:29)

  console.log
    ­ƒöä handleInteractionFromHTTP appel├®

      at GLSLDiscordBot.log [as handleInteractionFromHTTP] (bot.js:4593:17)

  console.log
    ­ƒôï Interaction d├®tails: {
      id: '123',
      hasToken: true,
      type: 2,
      commandName: 'help',
      markedAsProcessed: true
    }

      at GLSLDiscordBot.log [as handleInteractionFromHTTP] (bot.js:4608:17)

  console.log
    ­ƒöì Commande HTTP re├ºue: help (user: testuser#1234)

      at GLSLDiscordBot.log [as handleInteractionFromHTTP] (bot.js:4632:25)

  console.log
    ÔûÂ´©Å Ex├®cution commande HTTP: help

      at GLSLDiscordBot.log [as handleInteractionFromHTTP] (bot.js:5556:29)

  console.log
    ­ƒôÄ Envoi de 1 fichier(s) - Test de toutes les strat├®gies

      at Object.log [as editReply] (bot.js:4725:37)

  console.log
    ­ƒº¬ TEST STRAT├ëGIE "rest.patch_double_edit_workaround": Double ├®dition avec AttachmentBuilder + embed minimal (workaround bug Discord)

      at Object.log [as editReply] (bot.js:5427:45)

  console.log
    ­ƒöä Double ├®dition - 1├¿re ├®dition avec AttachmentBuilder

      at Object.log [as test] (bot.js:4816:49)

  console.log
      - ÔØî ├ëchec: rest.patch failed

      at Object.log [as editReply] (bot.js:5435:45)

  console.log
    ­ƒº¬ TEST STRAT├ëGIE "rest.patch_with_attachments_payload": rest.patch avec attachments dans payload_json + embed minimal

      at Object.log [as editReply] (bot.js:5427:45)

  console.log
      - ÔØî ├ëchec: Aucun fichier valide ├á envoyer

      at Object.log [as editReply] (bot.js:5435:45)

  console.log
    ­ƒº¬ TEST STRAT├ëGIE "rest.patch_AttachmentBuilder_minimal_embed": rest.patch avec AttachmentBuilder originaux + embed minimal

      at Object.log [as editReply] (bot.js:5427:45)

  console.log
      - ÔØî ├ëchec: rest.patch failed

      at Object.log [as editReply] (bot.js:5435:45)

  console.log
    ­ƒº¬ TEST STRAT├ëGIE "rest.patch_buffer_minimal_embed": rest.patch avec fichiers lus en Buffer + embed minimal

      at Object.log [as editReply] (bot.js:5427:45)

  console.log
      - ÔØî ├ëchec: Aucun fichier valide ├á envoyer

      at Object.log [as editReply] (bot.js:5435:45)

  console.log
    ­ƒº¬ TEST STRAT├ëGIE "rest.patch_AttachmentBuilder_full_embed": rest.patch avec AttachmentBuilder originaux + embed complet

      at Object.log [as editReply] (bot.js:5427:45)

  console.log
      - ÔØî ├ëchec: rest.patch failed

      at Object.log [as editReply] (bot.js:5435:45)

  console.log
    ­ƒº¬ TEST STRAT├ëGIE "rest.patch_gif_only": rest.patch avec seulement le GIF, sans embed ni content

      at Object.log [as editReply] (bot.js:5427:45)

  console.log
      - ÔØî ├ëchec: rest.patch failed

      at Object.log [as editReply] (bot.js:5435:45)

  console.log
    ­ƒº¬ TEST STRAT├ëGIE "rest.patch_with_paths": rest.patch avec chemins de fichiers (objets)

      at Object.log [as editReply] (bot.js:5427:45)

  console.log
      - ÔØî ├ëchec: rest.patch failed

      at Object.log [as editReply] (bot.js:5435:45)

  console.log
    ­ƒº¬ TEST STRAT├ëGIE "rest.patch_with_paths_strings": rest.patch avec chemins de fichiers (strings)

      at Object.log [as editReply] (bot.js:5427:45)

  console.log
      - ÔØî ├ëchec: rest.patch failed

      at Object.log [as editReply] (bot.js:5435:45)

  console.log
    ­ƒº¬ TEST STRAT├ëGIE "rest.patch_with_buffers": rest.patch avec Buffers

      at Object.log [as editReply] (bot.js:5427:45)

  console.log
      - ÔØî ├ëchec: rest.patch failed

      at Object.log [as editReply] (bot.js:5435:45)

  console.log
    ­ƒº¬ TEST STRAT├ëGIE "formdata_content_text": FormData avec content texte "Shader animation"

      at Object.log [as editReply] (bot.js:5427:45)

  console.log
      - ÔØî ├ëchec: HTTP 400: Bad Request

      at Object.log [as editReply] (bot.js:5435:45)

  console.log
    ­ƒº¬ TEST STRAT├ëGIE "formdata_content_nonbreaking_space": FormData avec content non-breaking space

      at Object.log [as editReply] (bot.js:5427:45)

  console.log
      - ÔØî ├ëchec: HTTP 400: Bad Request

      at Object.log [as editReply] (bot.js:5435:45)

  console.log
    ­ƒº¬ TEST STRAT├ëGIE "formdata_content_shader_id": FormData avec content "Shader ID: X"

      at Object.log [as editReply] (bot.js:5427:45)

  console.log
      - ÔØî ├ëchec: HTTP 400: Bad Request

      at Object.log [as editReply] (bot.js:5435:45)

  console.log
    ­ƒº¬ TEST STRAT├ëGIE "formdata_content_separate_field": FormData avec content dans champ s├®par├® (pas dans payload_json)

      at Object.log [as editReply] (bot.js:5427:45)

  console.log
      - ÔØî ├ëchec: HTTP 400: Bad Request

      at Object.log [as editReply] (bot.js:5435:45)

  console.log
    ­ƒº¬ TEST STRAT├ëGIE "formdata_files_without_index": FormData avec files sans index (files au lieu de files[0])

      at Object.log [as editReply] (bot.js:5427:45)

  console.log
      - ÔØî ├ëchec: HTTP 400: Bad Request

      at Object.log [as editReply] (bot.js:5435:45)

  console.log
    ­ƒº¬ TEST STRAT├ëGIE "formdata_file_singular": FormData avec file au singulier (file au lieu de files[0])

      at Object.log [as editReply] (bot.js:5427:45)

  console.log
      - ÔØî ├ëchec: HTTP 400: Bad Request

      at Object.log [as editReply] (bot.js:5435:45)

  console.log
    ­ƒº¬ TEST STRAT├ëGIE "formdata_buffers_instead_of_streams": FormData avec Buffers au lieu de Streams

      at Object.log [as editReply] (bot.js:5427:45)

  console.log
      - ÔØî ├ëchec: HTTP 400: Bad Request

      at Object.log [as editReply] (bot.js:5435:45)

  console.error
    ÔØî Erreur lors de l'ex├®cution de la commande HTTP help: Error: HTTP 400: Bad Request
        at Object.test (C:\Users\anne\Desktop\GLSL_DISCORD\bot.js:5415:51)
        at Object.editReply (C:\Users\anne\Desktop\GLSL_DISCORD\bot.js:5428:37)
        at Object.<anonymous> (C:\Users\anne\Desktop\GLSL_DISCORD\tests\bot.test.js:7115:21)
        at GLSLDiscordBot.handleInteractionFromHTTP (C:\Users\anne\Desktop\GLSL_DISCORD\bot.js:5557:21)
        at Object.<anonymous> (C:\Users\anne\Desktop\GLSL_DISCORD\tests\bot.test.js:7143:13)

      5562 |                     console.log(`Ô£à Commande HTTP ${commandName} ex├®cut├®e avec succ├¿s`);
      5563 |                 } catch (error) {
    > 5564 |                     console.error(`ÔØî Erreur lors de l'ex├®cution de la commande HTTP ${commandName}:`, error);
           |                             ^
      5565 |                     // Ne pas relancer l'erreur car elle a d├®j├á ├®t├® g├®r├®e par la commande
      5566 |                     // mais on log pour le debugging
      5567 |                 } finally {

      at GLSLDiscordBot.error [as handleInteractionFromHTTP] (bot.js:5564:29)
      at Object.<anonymous> (tests/bot.test.js:7143:13)

  console.log
    ­ƒöä handleInteractionFromHTTP appel├®

      at GLSLDiscordBot.log [as handleInteractionFromHTTP] (bot.js:4593:17)

  console.log
    ­ƒôï Interaction d├®tails: {
      id: '123',
      hasToken: true,
      type: 2,
      commandName: 'help',
      markedAsProcessed: true
    }

      at GLSLDiscordBot.log [as handleInteractionFromHTTP] (bot.js:4608:17)

  console.log
    ­ƒöì Commande HTTP re├ºue: help (user: testuser#1234)

      at GLSLDiscordBot.log [as handleInteractionFromHTTP] (bot.js:4632:25)

  console.log
    ÔûÂ´©Å Ex├®cution commande HTTP: help

      at GLSLDiscordBot.log [as handleInteractionFromHTTP] (bot.js:5556:29)

  console.log
    ­ƒôÄ Envoi de 1 fichier(s) - Test de toutes les strat├®gies

      at Object.log [as editReply] (bot.js:4725:37)

  console.log
    ­ƒº¬ TEST STRAT├ëGIE "rest.patch_double_edit_workaround": Double ├®dition avec AttachmentBuilder + embed minimal (workaround bug Discord)

      at Object.log [as editReply] (bot.js:5427:45)

  console.log
    ­ƒöä Double ├®dition - 1├¿re ├®dition avec AttachmentBuilder

      at Object.log [as test] (bot.js:4816:49)

  console.log
      - ÔØî ├ëchec: rest.patch failed

      at Object.log [as editReply] (bot.js:5435:45)

  console.log
    ­ƒº¬ TEST STRAT├ëGIE "rest.patch_with_attachments_payload": rest.patch avec attachments dans payload_json + embed minimal

      at Object.log [as editReply] (bot.js:5427:45)

  console.log
      - ÔØî ├ëchec: rest.patch failed

      at Object.log [as editReply] (bot.js:5435:45)

  console.log
    ­ƒº¬ TEST STRAT├ëGIE "rest.patch_AttachmentBuilder_minimal_embed": rest.patch avec AttachmentBuilder originaux + embed minimal

      at Object.log [as editReply] (bot.js:5427:45)

  console.log
      - ÔØî ├ëchec: rest.patch failed

      at Object.log [as editReply] (bot.js:5435:45)

  console.log
    ­ƒº¬ TEST STRAT├ëGIE "rest.patch_buffer_minimal_embed": rest.patch avec fichiers lus en Buffer + embed minimal

      at Object.log [as editReply] (bot.js:5427:45)

  console.log
      - ÔØî ├ëchec: rest.patch failed

      at Object.log [as editReply] (bot.js:5435:45)

  console.log
    ­ƒº¬ TEST STRAT├ëGIE "rest.patch_AttachmentBuilder_full_embed": rest.patch avec AttachmentBuilder originaux + embed complet

      at Object.log [as editReply] (bot.js:5427:45)

  console.log
      - ÔØî ├ëchec: rest.patch failed

      at Object.log [as editReply] (bot.js:5435:45)

  console.log
    ­ƒº¬ TEST STRAT├ëGIE "rest.patch_gif_only": rest.patch avec seulement le GIF, sans embed ni content

      at Object.log [as editReply] (bot.js:5427:45)

  console.log
      - ÔØî ├ëchec: rest.patch failed

      at Object.log [as editReply] (bot.js:5435:45)

  console.log
    ­ƒº¬ TEST STRAT├ëGIE "rest.patch_with_paths": rest.patch avec chemins de fichiers (objets)

      at Object.log [as editReply] (bot.js:5427:45)

  console.log
      - ÔØî ├ëchec: rest.patch failed

      at Object.log [as editReply] (bot.js:5435:45)

  console.log
    ­ƒº¬ TEST STRAT├ëGIE "rest.patch_with_paths_strings": rest.patch avec chemins de fichiers (strings)

      at Object.log [as editReply] (bot.js:5427:45)

  console.log
      - ÔØî ├ëchec: rest.patch failed

      at Object.log [as editReply] (bot.js:5435:45)

  console.log
    ­ƒº¬ TEST STRAT├ëGIE "rest.patch_with_buffers": rest.patch avec Buffers

      at Object.log [as editReply] (bot.js:5427:45)

  console.log
      - ÔØî ├ëchec: rest.patch failed

      at Object.log [as editReply] (bot.js:5435:45)

  console.log
    ­ƒº¬ TEST STRAT├ëGIE "formdata_content_text": FormData avec content texte "Shader animation"

      at Object.log [as editReply] (bot.js:5427:45)

  console.log
      - ÔØî ├ëchec: HTTP 400: Bad Request

      at Object.log [as editReply] (bot.js:5435:45)

  console.log
    ­ƒº¬ TEST STRAT├ëGIE "formdata_content_nonbreaking_space": FormData avec content non-breaking space

      at Object.log [as editReply] (bot.js:5427:45)

  console.log
      - ÔØî ├ëchec: HTTP 400: Bad Request

      at Object.log [as editReply] (bot.js:5435:45)

  console.log
    ­ƒº¬ TEST STRAT├ëGIE "formdata_content_shader_id": FormData avec content "Shader ID: X"

      at Object.log [as editReply] (bot.js:5427:45)

  console.log
    Ô£à Ô£à Ô£à SUCC├êS avec strat├®gie "formdata_content_shader_id"! Ô£à Ô£à Ô£à

      at Object.log [as editReply] (bot.js:5429:45)

  console.log
    Ô£à Cette strat├®gie fonctionne: FormData avec content "Shader ID: X"

      at Object.log [as editReply] (bot.js:5430:45)

  console.log
    Ô£à Commande HTTP help ex├®cut├®e avec succ├¿s

      at GLSLDiscordBot.log [as handleInteractionFromHTTP] (bot.js:5562:29)

  console.log
    ­ƒöä handleInteractionFromHTTP appel├®

      at GLSLDiscordBot.log [as handleInteractionFromHTTP] (bot.js:4593:17)

  console.log
    ­ƒôï Interaction d├®tails: {
      id: '123',
      hasToken: true,
      type: 2,
      commandName: 'help',
      markedAsProcessed: true
    }

      at GLSLDiscordBot.log [as handleInteractionFromHTTP] (bot.js:4608:17)

  console.log
    ­ƒöì Commande HTTP re├ºue: help (user: testuser#1234)

      at GLSLDiscordBot.log [as handleInteractionFromHTTP] (bot.js:4632:25)

  console.log
    ÔûÂ´©Å Ex├®cution commande HTTP: help

      at GLSLDiscordBot.log [as handleInteractionFromHTTP] (bot.js:5556:29)

  console.log
    ­ƒôÄ Envoi de 1 fichier(s) - Test de toutes les strat├®gies

      at Object.log [as editReply] (bot.js:4725:37)

  console.log
    ­ƒº¬ TEST STRAT├ëGIE "rest.patch_double_edit_workaround": Double ├®dition avec AttachmentBuilder + embed minimal (workaround bug Discord)

      at Object.log [as editReply] (bot.js:5427:45)

  console.log
    ­ƒöä Double ├®dition - 1├¿re ├®dition avec AttachmentBuilder

      at Object.log [as test] (bot.js:4816:49)

  console.log
      - ÔØî ├ëchec: rest.patch failed

      at Object.log [as editReply] (bot.js:5435:45)

  console.log
    ­ƒº¬ TEST STRAT├ëGIE "rest.patch_with_attachments_payload": rest.patch avec attachments dans payload_json + embed minimal

      at Object.log [as editReply] (bot.js:5427:45)

  console.log
      - ÔØî ├ëchec: rest.patch failed

      at Object.log [as editReply] (bot.js:5435:45)

  console.log
    ­ƒº¬ TEST STRAT├ëGIE "rest.patch_AttachmentBuilder_minimal_embed": rest.patch avec AttachmentBuilder originaux + embed minimal

      at Object.log [as editReply] (bot.js:5427:45)

  console.log
      - ÔØî ├ëchec: rest.patch failed

      at Object.log [as editReply] (bot.js:5435:45)

  console.log
    ­ƒº¬ TEST STRAT├ëGIE "rest.patch_buffer_minimal_embed": rest.patch avec fichiers lus en Buffer + embed minimal

      at Object.log [as editReply] (bot.js:5427:45)

  console.log
      - ÔØî ├ëchec: rest.patch failed

      at Object.log [as editReply] (bot.js:5435:45)

  console.log
    ­ƒº¬ TEST STRAT├ëGIE "rest.patch_AttachmentBuilder_full_embed": rest.patch avec AttachmentBuilder originaux + embed complet

      at Object.log [as editReply] (bot.js:5427:45)

  console.log
      - ÔØî ├ëchec: rest.patch failed

      at Object.log [as editReply] (bot.js:5435:45)

  console.log
    ­ƒº¬ TEST STRAT├ëGIE "rest.patch_gif_only": rest.patch avec seulement le GIF, sans embed ni content

      at Object.log [as editReply] (bot.js:5427:45)

  console.log
      - ÔØî ├ëchec: rest.patch failed

      at Object.log [as editReply] (bot.js:5435:45)

  console.log
    ­ƒº¬ TEST STRAT├ëGIE "rest.patch_with_paths": rest.patch avec chemins de fichiers (objets)

      at Object.log [as editReply] (bot.js:5427:45)

  console.log
      - ÔØî ├ëchec: rest.patch failed

      at Object.log [as editReply] (bot.js:5435:45)

  console.log
    ­ƒº¬ TEST STRAT├ëGIE "rest.patch_with_paths_strings": rest.patch avec chemins de fichiers (strings)

      at Object.log [as editReply] (bot.js:5427:45)

  console.log
      - ÔØî ├ëchec: rest.patch failed

      at Object.log [as editReply] (bot.js:5435:45)

  console.log
    ­ƒº¬ TEST STRAT├ëGIE "rest.patch_with_buffers": rest.patch avec Buffers

      at Object.log [as editReply] (bot.js:5427:45)

  console.log
      - ÔØî ├ëchec: rest.patch failed

      at Object.log [as editReply] (bot.js:5435:45)

  console.log
    ­ƒº¬ TEST STRAT├ëGIE "formdata_content_text": FormData avec content texte "Shader animation"

      at Object.log [as editReply] (bot.js:5427:45)

  console.log
      - ÔØî ├ëchec: HTTP 400: Bad Request

      at Object.log [as editReply] (bot.js:5435:45)

  console.log
    ­ƒº¬ TEST STRAT├ëGIE "formdata_content_nonbreaking_space": FormData avec content non-breaking space

      at Object.log [as editReply] (bot.js:5427:45)

  console.log
      - ÔØî ├ëchec: HTTP 400: Bad Request

      at Object.log [as editReply] (bot.js:5435:45)

  console.log
    ­ƒº¬ TEST STRAT├ëGIE "formdata_content_shader_id": FormData avec content "Shader ID: X"

      at Object.log [as editReply] (bot.js:5427:45)

  console.log
    Ô£à Ô£à Ô£à SUCC├êS avec strat├®gie "formdata_content_shader_id"! Ô£à Ô£à Ô£à

      at Object.log [as editReply] (bot.js:5429:45)

  console.log
    Ô£à Cette strat├®gie fonctionne: FormData avec content "Shader ID: X"

      at Object.log [as editReply] (bot.js:5430:45)

  console.log
    Ô£à Commande HTTP help ex├®cut├®e avec succ├¿s

      at GLSLDiscordBot.log [as handleInteractionFromHTTP] (bot.js:5562:29)

  console.log
    ­ƒöä handleInteractionFromHTTP appel├®

      at GLSLDiscordBot.log [as handleInteractionFromHTTP] (bot.js:4593:17)

  console.log
    ­ƒôï Interaction d├®tails: {
      id: '123',
      hasToken: true,
      type: 2,
      commandName: 'help',
      markedAsProcessed: true
    }

      at GLSLDiscordBot.log [as handleInteractionFromHTTP] (bot.js:4608:17)

  console.log
    ­ƒöì Commande HTTP re├ºue: help (user: testuser#1234)

      at GLSLDiscordBot.log [as handleInteractionFromHTTP] (bot.js:4632:25)

  console.log
    ÔûÂ´©Å Ex├®cution commande HTTP: help

      at GLSLDiscordBot.log [as handleInteractionFromHTTP] (bot.js:5556:29)

  console.log
    ­ƒôÄ Envoi de 1 fichier(s) - Test de toutes les strat├®gies

      at Object.log [as editReply] (bot.js:4725:37)

  console.log
    ­ƒº¬ TEST STRAT├ëGIE "rest.patch_double_edit_workaround": Double ├®dition avec AttachmentBuilder + embed minimal (workaround bug Discord)

      at Object.log [as editReply] (bot.js:5427:45)

  console.log
    ­ƒöä Double ├®dition - 1├¿re ├®dition avec AttachmentBuilder

      at Object.log [as test] (bot.js:4816:49)

  console.log
      - ÔØî ├ëchec: Strategy 1 failed

      at Object.log [as editReply] (bot.js:5435:45)

  console.log
    ­ƒº¬ TEST STRAT├ëGIE "rest.patch_with_attachments_payload": rest.patch avec attachments dans payload_json + embed minimal

      at Object.log [as editReply] (bot.js:5427:45)

  console.log
      - ÔØî ├ëchec: Strategy 2 failed

      at Object.log [as editReply] (bot.js:5435:45)

  console.log
    ­ƒº¬ TEST STRAT├ëGIE "rest.patch_AttachmentBuilder_minimal_embed": rest.patch avec AttachmentBuilder originaux + embed minimal

      at Object.log [as editReply] (bot.js:5427:45)

  console.log
      - ÔØî ├ëchec: Strategy 3 failed

      at Object.log [as editReply] (bot.js:5435:45)

  console.log
    ­ƒº¬ TEST STRAT├ëGIE "rest.patch_buffer_minimal_embed": rest.patch avec fichiers lus en Buffer + embed minimal

      at Object.log [as editReply] (bot.js:5427:45)

  console.log
      - ÔØî ├ëchec: Strategy 4 failed

      at Object.log [as editReply] (bot.js:5435:45)

  console.log
    ­ƒº¬ TEST STRAT├ëGIE "rest.patch_AttachmentBuilder_full_embed": rest.patch avec AttachmentBuilder originaux + embed complet

      at Object.log [as editReply] (bot.js:5427:45)

  console.log
      - ÔØî ├ëchec: Strategy 5 failed

      at Object.log [as editReply] (bot.js:5435:45)

  console.log
    ­ƒº¬ TEST STRAT├ëGIE "rest.patch_gif_only": rest.patch avec seulement le GIF, sans embed ni content

      at Object.log [as editReply] (bot.js:5427:45)

  console.log
    Ô£à Ô£à Ô£à SUCC├êS avec strat├®gie "rest.patch_gif_only"! Ô£à Ô£à Ô£à

      at Object.log [as editReply] (bot.js:5429:45)

  console.log
    Ô£à Cette strat├®gie fonctionne: rest.patch avec seulement le GIF, sans embed ni content

      at Object.log [as editReply] (bot.js:5430:45)

  console.log
    Ô£à Commande HTTP help ex├®cut├®e avec succ├¿s

      at GLSLDiscordBot.log [as handleInteractionFromHTTP] (bot.js:5562:29)

  console.log
    ­ƒöä handleInteractionFromHTTP appel├®

      at GLSLDiscordBot.log [as handleInteractionFromHTTP] (bot.js:4593:17)

  console.log
    ­ƒôï Interaction d├®tails: {
      id: '123',
      hasToken: true,
      type: 2,
      commandName: 'help',
      markedAsProcessed: true
    }

      at GLSLDiscordBot.log [as handleInteractionFromHTTP] (bot.js:4608:17)

  console.log
    ­ƒöì Commande HTTP re├ºue: help (user: testuser#1234)

      at GLSLDiscordBot.log [as handleInteractionFromHTTP] (bot.js:4632:25)

  console.log
    ÔûÂ´©Å Ex├®cution commande HTTP: help

      at GLSLDiscordBot.log [as handleInteractionFromHTTP] (bot.js:5556:29)

  console.log
    ­ƒôÄ Envoi de 1 fichier(s) - Test de toutes les strat├®gies

      at Object.log [as editReply] (bot.js:4725:37)

  console.log
    ­ƒº¬ TEST STRAT├ëGIE "rest.patch_double_edit_workaround": Double ├®dition avec AttachmentBuilder + embed minimal (workaround bug Discord)

      at Object.log [as editReply] (bot.js:5427:45)

  console.log
    ­ƒöä Double ├®dition - 1├¿re ├®dition avec AttachmentBuilder

      at Object.log [as test] (bot.js:4816:49)

  console.log
      - ÔØî ├ëchec: Strategy 1 failed

      at Object.log [as editReply] (bot.js:5435:45)

  console.log
    ­ƒº¬ TEST STRAT├ëGIE "rest.patch_with_attachments_payload": rest.patch avec attachments dans payload_json + embed minimal

      at Object.log [as editReply] (bot.js:5427:45)

  console.log
      - ÔØî ├ëchec: Strategy 2 failed

      at Object.log [as editReply] (bot.js:5435:45)

  console.log
    ­ƒº¬ TEST STRAT├ëGIE "rest.patch_AttachmentBuilder_minimal_embed": rest.patch avec AttachmentBuilder originaux + embed minimal

      at Object.log [as editReply] (bot.js:5427:45)

  console.log
      - ÔØî ├ëchec: Strategy 3 failed

      at Object.log [as editReply] (bot.js:5435:45)

  console.log
    ­ƒº¬ TEST STRAT├ëGIE "rest.patch_buffer_minimal_embed": rest.patch avec fichiers lus en Buffer + embed minimal

      at Object.log [as editReply] (bot.js:5427:45)

  console.log
      - ÔØî ├ëchec: Strategy 4 failed

      at Object.log [as editReply] (bot.js:5435:45)

  console.log
    ­ƒº¬ TEST STRAT├ëGIE "rest.patch_AttachmentBuilder_full_embed": rest.patch avec AttachmentBuilder originaux + embed complet

      at Object.log [as editReply] (bot.js:5427:45)

  console.log
      - ÔØî ├ëchec: Strategy 5 failed

      at Object.log [as editReply] (bot.js:5435:45)

  console.log
    ­ƒº¬ TEST STRAT├ëGIE "rest.patch_gif_only": rest.patch avec seulement le GIF, sans embed ni content

      at Object.log [as editReply] (bot.js:5427:45)

  console.log
      - ÔØî ├ëchec: Strategy 6 failed

      at Object.log [as editReply] (bot.js:5435:45)

  console.log
    ­ƒº¬ TEST STRAT├ëGIE "rest.patch_with_paths": rest.patch avec chemins de fichiers (objets)

      at Object.log [as editReply] (bot.js:5427:45)

  console.log
    Ô£à Ô£à Ô£à SUCC├êS avec strat├®gie "rest.patch_with_paths"! Ô£à Ô£à Ô£à

      at Object.log [as editReply] (bot.js:5429:45)

  console.log
    Ô£à Cette strat├®gie fonctionne: rest.patch avec chemins de fichiers (objets)

      at Object.log [as editReply] (bot.js:5430:45)

  console.log
    Ô£à Commande HTTP help ex├®cut├®e avec succ├¿s

      at GLSLDiscordBot.log [as handleInteractionFromHTTP] (bot.js:5562:29)

  console.log
    ­ƒöä handleInteractionFromHTTP appel├®

      at GLSLDiscordBot.log [as handleInteractionFromHTTP] (bot.js:4593:17)

  console.log
    ­ƒôï Interaction d├®tails: {
      id: '123',
      hasToken: true,
      type: 2,
      commandName: 'help',
      markedAsProcessed: true
    }

      at GLSLDiscordBot.log [as handleInteractionFromHTTP] (bot.js:4608:17)

  console.log
    ­ƒöì Commande HTTP re├ºue: help (user: testuser#1234)

      at GLSLDiscordBot.log [as handleInteractionFromHTTP] (bot.js:4632:25)

  console.log
    ÔûÂ´©Å Ex├®cution commande HTTP: help

      at GLSLDiscordBot.log [as handleInteractionFromHTTP] (bot.js:5556:29)

  console.log
    ­ƒôÄ Envoi de 1 fichier(s) - Test de toutes les strat├®gies

      at Object.log [as editReply] (bot.js:4725:37)

  console.log
    ­ƒº¬ TEST STRAT├ëGIE "rest.patch_double_edit_workaround": Double ├®dition avec AttachmentBuilder + embed minimal (workaround bug Discord)

      at Object.log [as editReply] (bot.js:5427:45)

  console.log
    ­ƒöä Double ├®dition - 1├¿re ├®dition avec AttachmentBuilder

      at Object.log [as test] (bot.js:4816:49)

  console.log
      - ÔØî ├ëchec: Strategy 1 failed

      at Object.log [as editReply] (bot.js:5435:45)

  console.log
    ­ƒº¬ TEST STRAT├ëGIE "rest.patch_with_attachments_payload": rest.patch avec attachments dans payload_json + embed minimal

      at Object.log [as editReply] (bot.js:5427:45)

  console.log
      - ÔØî ├ëchec: Strategy 2 failed

      at Object.log [as editReply] (bot.js:5435:45)

  console.log
    ­ƒº¬ TEST STRAT├ëGIE "rest.patch_AttachmentBuilder_minimal_embed": rest.patch avec AttachmentBuilder originaux + embed minimal

      at Object.log [as editReply] (bot.js:5427:45)

  console.log
      - ÔØî ├ëchec: Strategy 3 failed

      at Object.log [as editReply] (bot.js:5435:45)

  console.log
    ­ƒº¬ TEST STRAT├ëGIE "rest.patch_buffer_minimal_embed": rest.patch avec fichiers lus en Buffer + embed minimal

      at Object.log [as editReply] (bot.js:5427:45)

  console.log
      - ÔØî ├ëchec: Strategy 4 failed

      at Object.log [as editReply] (bot.js:5435:45)

  console.log
    ­ƒº¬ TEST STRAT├ëGIE "rest.patch_AttachmentBuilder_full_embed": rest.patch avec AttachmentBuilder originaux + embed complet

      at Object.log [as editReply] (bot.js:5427:45)

  console.log
      - ÔØî ├ëchec: Strategy 5 failed

      at Object.log [as editReply] (bot.js:5435:45)

  console.log
    ­ƒº¬ TEST STRAT├ëGIE "rest.patch_gif_only": rest.patch avec seulement le GIF, sans embed ni content

      at Object.log [as editReply] (bot.js:5427:45)

  console.log
      - ÔØî ├ëchec: Strategy 6 failed

      at Object.log [as editReply] (bot.js:5435:45)

  console.log
    ­ƒº¬ TEST STRAT├ëGIE "rest.patch_with_paths": rest.patch avec chemins de fichiers (objets)

      at Object.log [as editReply] (bot.js:5427:45)

  console.log
      - ÔØî ├ëchec: Strategy 7 failed

      at Object.log [as editReply] (bot.js:5435:45)

  console.log
    ­ƒº¬ TEST STRAT├ëGIE "rest.patch_with_paths_strings": rest.patch avec chemins de fichiers (strings)

      at Object.log [as editReply] (bot.js:5427:45)

  console.log
    Ô£à Ô£à Ô£à SUCC├êS avec strat├®gie "rest.patch_with_paths_strings"! Ô£à Ô£à Ô£à

      at Object.log [as editReply] (bot.js:5429:45)

  console.log
    Ô£à Cette strat├®gie fonctionne: rest.patch avec chemins de fichiers (strings)

      at Object.log [as editReply] (bot.js:5430:45)

  console.log
    Ô£à Commande HTTP help ex├®cut├®e avec succ├¿s

      at GLSLDiscordBot.log [as handleInteractionFromHTTP] (bot.js:5562:29)

  console.log
    ­ƒöä handleInteractionFromHTTP appel├®

      at GLSLDiscordBot.log [as handleInteractionFromHTTP] (bot.js:4593:17)

  console.log
    ­ƒôï Interaction d├®tails: {
      id: '123',
      hasToken: true,
      type: 2,
      commandName: 'help',
      markedAsProcessed: true
    }

      at GLSLDiscordBot.log [as handleInteractionFromHTTP] (bot.js:4608:17)

  console.log
    ­ƒöì Commande HTTP re├ºue: help (user: testuser#1234)

      at GLSLDiscordBot.log [as handleInteractionFromHTTP] (bot.js:4632:25)

  console.log
    ÔûÂ´©Å Ex├®cution commande HTTP: help

      at GLSLDiscordBot.log [as handleInteractionFromHTTP] (bot.js:5556:29)

  console.log
    ­ƒôÄ Envoi de 1 fichier(s) - Test de toutes les strat├®gies

      at Object.log [as editReply] (bot.js:4725:37)

  console.log
    ­ƒº¬ TEST STRAT├ëGIE "rest.patch_double_edit_workaround": Double ├®dition avec AttachmentBuilder + embed minimal (workaround bug Discord)

      at Object.log [as editReply] (bot.js:5427:45)

  console.log
    ­ƒöä Double ├®dition - 1├¿re ├®dition avec AttachmentBuilder

      at Object.log [as test] (bot.js:4816:49)

  console.log
      - ÔØî ├ëchec: Strategy 1 failed

      at Object.log [as editReply] (bot.js:5435:45)

  console.log
    ­ƒº¬ TEST STRAT├ëGIE "rest.patch_with_attachments_payload": rest.patch avec attachments dans payload_json + embed minimal

      at Object.log [as editReply] (bot.js:5427:45)

  console.log
      - ÔØî ├ëchec: Strategy 2 failed

      at Object.log [as editReply] (bot.js:5435:45)

  console.log
    ­ƒº¬ TEST STRAT├ëGIE "rest.patch_AttachmentBuilder_minimal_embed": rest.patch avec AttachmentBuilder originaux + embed minimal

      at Object.log [as editReply] (bot.js:5427:45)

  console.log
      - ÔØî ├ëchec: Strategy 3 failed

      at Object.log [as editReply] (bot.js:5435:45)

  console.log
    ­ƒº¬ TEST STRAT├ëGIE "rest.patch_buffer_minimal_embed": rest.patch avec fichiers lus en Buffer + embed minimal

      at Object.log [as editReply] (bot.js:5427:45)

  console.log
      - ÔØî ├ëchec: Strategy 4 failed

      at Object.log [as editReply] (bot.js:5435:45)

  console.log
    ­ƒº¬ TEST STRAT├ëGIE "rest.patch_AttachmentBuilder_full_embed": rest.patch avec AttachmentBuilder originaux + embed complet

      at Object.log [as editReply] (bot.js:5427:45)

  console.log
      - ÔØî ├ëchec: Strategy 5 failed

      at Object.log [as editReply] (bot.js:5435:45)

  console.log
    ­ƒº¬ TEST STRAT├ëGIE "rest.patch_gif_only": rest.patch avec seulement le GIF, sans embed ni content

      at Object.log [as editReply] (bot.js:5427:45)

  console.log
      - ÔØî ├ëchec: Strategy 6 failed

      at Object.log [as editReply] (bot.js:5435:45)

  console.log
    ­ƒº¬ TEST STRAT├ëGIE "rest.patch_with_paths": rest.patch avec chemins de fichiers (objets)

      at Object.log [as editReply] (bot.js:5427:45)

  console.log
      - ÔØî ├ëchec: Strategy 7 failed

      at Object.log [as editReply] (bot.js:5435:45)

  console.log
    ­ƒº¬ TEST STRAT├ëGIE "rest.patch_with_paths_strings": rest.patch avec chemins de fichiers (strings)

      at Object.log [as editReply] (bot.js:5427:45)

  console.log
      - ÔØî ├ëchec: Strategy 8 failed

      at Object.log [as editReply] (bot.js:5435:45)

  console.log
    ­ƒº¬ TEST STRAT├ëGIE "rest.patch_with_buffers": rest.patch avec Buffers

      at Object.log [as editReply] (bot.js:5427:45)

  console.log
    Ô£à Ô£à Ô£à SUCC├êS avec strat├®gie "rest.patch_with_buffers"! Ô£à Ô£à Ô£à

      at Object.log [as editReply] (bot.js:5429:45)

  console.log
    Ô£à Cette strat├®gie fonctionne: rest.patch avec Buffers

      at Object.log [as editReply] (bot.js:5430:45)

  console.log
    Ô£à Commande HTTP help ex├®cut├®e avec succ├¿s

      at GLSLDiscordBot.log [as handleInteractionFromHTTP] (bot.js:5562:29)

  console.log
    ­ƒöä handleInteractionFromHTTP appel├®

      at GLSLDiscordBot.log [as handleInteractionFromHTTP] (bot.js:4593:17)

  console.log
    ­ƒôï Interaction d├®tails: {
      id: '123',
      hasToken: true,
      type: 2,
      commandName: 'help',
      markedAsProcessed: true
    }

      at GLSLDiscordBot.log [as handleInteractionFromHTTP] (bot.js:4608:17)

  console.log
    ­ƒöì Commande HTTP re├ºue: help (user: testuser#1234)

      at GLSLDiscordBot.log [as handleInteractionFromHTTP] (bot.js:4632:25)

  console.log
    ÔûÂ´©Å Ex├®cution commande HTTP: help

      at GLSLDiscordBot.log [as handleInteractionFromHTTP] (bot.js:5556:29)

  console.log
    ­ƒôÄ Envoi de 1 fichier(s) - Test de toutes les strat├®gies

      at Object.log [as editReply] (bot.js:4725:37)

  console.log
    ­ƒº¬ TEST STRAT├ëGIE "rest.patch_double_edit_workaround": Double ├®dition avec AttachmentBuilder + embed minimal (workaround bug Discord)

      at Object.log [as editReply] (bot.js:5427:45)

  console.log
    ­ƒöä Double ├®dition - 1├¿re ├®dition avec AttachmentBuilder

      at Object.log [as test] (bot.js:4816:49)

  console.log
      - ÔØî ├ëchec: Strategy 1 failed

      at Object.log [as editReply] (bot.js:5435:45)

  console.log
    ­ƒº¬ TEST STRAT├ëGIE "rest.patch_with_attachments_payload": rest.patch avec attachments dans payload_json + embed minimal

      at Object.log [as editReply] (bot.js:5427:45)

  console.log
      - ÔØî ├ëchec: Strategy 2 failed

      at Object.log [as editReply] (bot.js:5435:45)

  console.log
    ­ƒº¬ TEST STRAT├ëGIE "rest.patch_AttachmentBuilder_minimal_embed": rest.patch avec AttachmentBuilder originaux + embed minimal

      at Object.log [as editReply] (bot.js:5427:45)

  console.log
      - ÔØî ├ëchec: Strategy 3 failed

      at Object.log [as editReply] (bot.js:5435:45)

  console.log
    ­ƒº¬ TEST STRAT├ëGIE "rest.patch_buffer_minimal_embed": rest.patch avec fichiers lus en Buffer + embed minimal

      at Object.log [as editReply] (bot.js:5427:45)

  console.log
      - ÔØî ├ëchec: Strategy 4 failed

      at Object.log [as editReply] (bot.js:5435:45)

  console.log
    ­ƒº¬ TEST STRAT├ëGIE "rest.patch_AttachmentBuilder_full_embed": rest.patch avec AttachmentBuilder originaux + embed complet

      at Object.log [as editReply] (bot.js:5427:45)

  console.log
      - ÔØî ├ëchec: Strategy 5 failed

      at Object.log [as editReply] (bot.js:5435:45)

  console.log
    ­ƒº¬ TEST STRAT├ëGIE "rest.patch_gif_only": rest.patch avec seulement le GIF, sans embed ni content

      at Object.log [as editReply] (bot.js:5427:45)

  console.log
      - ÔØî ├ëchec: Strategy 6 failed

      at Object.log [as editReply] (bot.js:5435:45)

  console.log
    ­ƒº¬ TEST STRAT├ëGIE "rest.patch_with_paths": rest.patch avec chemins de fichiers (objets)

      at Object.log [as editReply] (bot.js:5427:45)

  console.log
    Ô£à Ô£à Ô£à SUCC├êS avec strat├®gie "rest.patch_with_paths"! Ô£à Ô£à Ô£à

      at Object.log [as editReply] (bot.js:5429:45)

  console.log
    Ô£à Cette strat├®gie fonctionne: rest.patch avec chemins de fichiers (objets)

      at Object.log [as editReply] (bot.js:5430:45)

  console.log
    Ô£à Commande HTTP help ex├®cut├®e avec succ├¿s

      at GLSLDiscordBot.log [as handleInteractionFromHTTP] (bot.js:5562:29)

  console.log
    ­ƒöä handleInteractionFromHTTP appel├®

      at GLSLDiscordBot.log [as handleInteractionFromHTTP] (bot.js:4593:17)

  console.log
    ­ƒôï Interaction d├®tails: {
      id: '123',
      hasToken: true,
      type: 2,
      commandName: 'help',
      markedAsProcessed: true
    }

      at GLSLDiscordBot.log [as handleInteractionFromHTTP] (bot.js:4608:17)

  console.log
    ­ƒöì Commande HTTP re├ºue: help (user: testuser#1234)

      at GLSLDiscordBot.log [as handleInteractionFromHTTP] (bot.js:4632:25)

  console.log
    ÔûÂ´©Å Ex├®cution commande HTTP: help

      at GLSLDiscordBot.log [as handleInteractionFromHTTP] (bot.js:5556:29)

  console.log
    ­ƒôÄ Envoi de 1 fichier(s) - Test de toutes les strat├®gies

      at Object.log [as editReply] (bot.js:4725:37)

  console.log
    ­ƒº¬ TEST STRAT├ëGIE "rest.patch_double_edit_workaround": Double ├®dition avec AttachmentBuilder + embed minimal (workaround bug Discord)

      at Object.log [as editReply] (bot.js:5427:45)

  console.log
    ­ƒöä Double ├®dition - 1├¿re ├®dition avec AttachmentBuilder

      at Object.log [as test] (bot.js:4816:49)

  console.log
      - ÔØî ├ëchec: Strategy 1 failed

      at Object.log [as editReply] (bot.js:5435:45)

  console.log
    ­ƒº¬ TEST STRAT├ëGIE "rest.patch_with_attachments_payload": rest.patch avec attachments dans payload_json + embed minimal

      at Object.log [as editReply] (bot.js:5427:45)

  console.log
      - ÔØî ├ëchec: Strategy 2 failed

      at Object.log [as editReply] (bot.js:5435:45)

  console.log
    ­ƒº¬ TEST STRAT├ëGIE "rest.patch_AttachmentBuilder_minimal_embed": rest.patch avec AttachmentBuilder originaux + embed minimal

      at Object.log [as editReply] (bot.js:5427:45)

  console.log
      - ÔØî ├ëchec: Strategy 3 failed

      at Object.log [as editReply] (bot.js:5435:45)

  console.log
    ­ƒº¬ TEST STRAT├ëGIE "rest.patch_buffer_minimal_embed": rest.patch avec fichiers lus en Buffer + embed minimal

      at Object.log [as editReply] (bot.js:5427:45)

  console.log
      - ÔØî ├ëchec: Strategy 4 failed

      at Object.log [as editReply] (bot.js:5435:45)

  console.log
    ­ƒº¬ TEST STRAT├ëGIE "rest.patch_AttachmentBuilder_full_embed": rest.patch avec AttachmentBuilder originaux + embed complet

      at Object.log [as editReply] (bot.js:5427:45)

  console.log
      - ÔØî ├ëchec: Strategy 5 failed

      at Object.log [as editReply] (bot.js:5435:45)

  console.log
    ­ƒº¬ TEST STRAT├ëGIE "rest.patch_gif_only": rest.patch avec seulement le GIF, sans embed ni content

      at Object.log [as editReply] (bot.js:5427:45)

  console.log
      - ÔØî ├ëchec: Strategy 6 failed

      at Object.log [as editReply] (bot.js:5435:45)

  console.log
    ­ƒº¬ TEST STRAT├ëGIE "rest.patch_with_paths": rest.patch avec chemins de fichiers (objets)

      at Object.log [as editReply] (bot.js:5427:45)

  console.log
      - ÔØî ├ëchec: Strategy 7 failed

      at Object.log [as editReply] (bot.js:5435:45)

  console.log
    ­ƒº¬ TEST STRAT├ëGIE "rest.patch_with_paths_strings": rest.patch avec chemins de fichiers (strings)

      at Object.log [as editReply] (bot.js:5427:45)

  console.log
      - ÔØî ├ëchec: Strategy 8 failed

      at Object.log [as editReply] (bot.js:5435:45)

  console.log
    ­ƒº¬ TEST STRAT├ëGIE "rest.patch_with_buffers": rest.patch avec Buffers

      at Object.log [as editReply] (bot.js:5427:45)

  console.log
    Ô£à Ô£à Ô£à SUCC├êS avec strat├®gie "rest.patch_with_buffers"! Ô£à Ô£à Ô£à

      at Object.log [as editReply] (bot.js:5429:45)

  console.log
    Ô£à Cette strat├®gie fonctionne: rest.patch avec Buffers

      at Object.log [as editReply] (bot.js:5430:45)

  console.log
    Ô£à Commande HTTP help ex├®cut├®e avec succ├¿s

      at GLSLDiscordBot.log [as handleInteractionFromHTTP] (bot.js:5562:29)

  console.log
    ­ƒöä handleInteractionFromHTTP appel├®

      at GLSLDiscordBot.log [as handleInteractionFromHTTP] (bot.js:4593:17)

  console.log
    ­ƒôï Interaction d├®tails: {
      id: '123',
      hasToken: true,
      type: 2,
      commandName: 'help',
      markedAsProcessed: true
    }

      at GLSLDiscordBot.log [as handleInteractionFromHTTP] (bot.js:4608:17)

  console.log
    ­ƒöì Commande HTTP re├ºue: help (user: testuser#1234)

      at GLSLDiscordBot.log [as handleInteractionFromHTTP] (bot.js:4632:25)

  console.log
    ÔûÂ´©Å Ex├®cution commande HTTP: help

      at GLSLDiscordBot.log [as handleInteractionFromHTTP] (bot.js:5556:29)

  console.log
    ­ƒôÄ Envoi de 1 fichier(s) - Test de toutes les strat├®gies

      at Object.log [as editReply] (bot.js:4725:37)

  console.log
    ­ƒº¬ TEST STRAT├ëGIE "rest.patch_double_edit_workaround": Double ├®dition avec AttachmentBuilder + embed minimal (workaround bug Discord)

      at Object.log [as editReply] (bot.js:5427:45)

  console.log
    ­ƒöä Double ├®dition - 1├¿re ├®dition avec AttachmentBuilder

      at Object.log [as test] (bot.js:4816:49)

  console.log
      - ÔØî ├ëchec: rest.patch failed

      at Object.log [as editReply] (bot.js:5435:45)

  console.log
    ­ƒº¬ TEST STRAT├ëGIE "rest.patch_with_attachments_payload": rest.patch avec attachments dans payload_json + embed minimal

      at Object.log [as editReply] (bot.js:5427:45)

  console.log
      - ÔØî ├ëchec: rest.patch failed

      at Object.log [as editReply] (bot.js:5435:45)

  console.log
    ­ƒº¬ TEST STRAT├ëGIE "rest.patch_AttachmentBuilder_minimal_embed": rest.patch avec AttachmentBuilder originaux + embed minimal

      at Object.log [as editReply] (bot.js:5427:45)

  console.log
      - ÔØî ├ëchec: rest.patch failed

      at Object.log [as editReply] (bot.js:5435:45)

  console.log
    ­ƒº¬ TEST STRAT├ëGIE "rest.patch_buffer_minimal_embed": rest.patch avec fichiers lus en Buffer + embed minimal

      at Object.log [as editReply] (bot.js:5427:45)

  console.log
      - ÔØî ├ëchec: rest.patch failed

      at Object.log [as editReply] (bot.js:5435:45)

  console.log
    ­ƒº¬ TEST STRAT├ëGIE "rest.patch_AttachmentBuilder_full_embed": rest.patch avec AttachmentBuilder originaux + embed complet

      at Object.log [as editReply] (bot.js:5427:45)

  console.log
      - ÔØî ├ëchec: rest.patch failed

      at Object.log [as editReply] (bot.js:5435:45)

  console.log
    ­ƒº¬ TEST STRAT├ëGIE "rest.patch_gif_only": rest.patch avec seulement le GIF, sans embed ni content

      at Object.log [as editReply] (bot.js:5427:45)

  console.log
      - ÔØî ├ëchec: rest.patch failed

      at Object.log [as editReply] (bot.js:5435:45)

  console.log
    ­ƒº¬ TEST STRAT├ëGIE "rest.patch_with_paths": rest.patch avec chemins de fichiers (objets)

      at Object.log [as editReply] (bot.js:5427:45)

  console.log
      - ÔØî ├ëchec: rest.patch failed

      at Object.log [as editReply] (bot.js:5435:45)

  console.log
    ­ƒº¬ TEST STRAT├ëGIE "rest.patch_with_paths_strings": rest.patch avec chemins de fichiers (strings)

      at Object.log [as editReply] (bot.js:5427:45)

  console.log
      - ÔØî ├ëchec: rest.patch failed

      at Object.log [as editReply] (bot.js:5435:45)

  console.log
    ­ƒº¬ TEST STRAT├ëGIE "rest.patch_with_buffers": rest.patch avec Buffers

      at Object.log [as editReply] (bot.js:5427:45)

  console.log
      - ÔØî ├ëchec: rest.patch failed

      at Object.log [as editReply] (bot.js:5435:45)

  console.log
    ­ƒº¬ TEST STRAT├ëGIE "formdata_content_text": FormData avec content texte "Shader animation"

      at Object.log [as editReply] (bot.js:5427:45)

  console.log
      - ÔØî ├ëchec: HTTP 400: Bad Request

      at Object.log [as editReply] (bot.js:5435:45)

  console.log
    ­ƒº¬ TEST STRAT├ëGIE "formdata_content_nonbreaking_space": FormData avec content non-breaking space

      at Object.log [as editReply] (bot.js:5427:45)

  console.log
    Ô£à Ô£à Ô£à SUCC├êS avec strat├®gie "formdata_content_nonbreaking_space"! Ô£à Ô£à Ô£à

      at Object.log [as editReply] (bot.js:5429:45)

  console.log
    Ô£à Cette strat├®gie fonctionne: FormData avec content non-breaking space

      at Object.log [as editReply] (bot.js:5430:45)

  console.log
    Ô£à Commande HTTP help ex├®cut├®e avec succ├¿s

      at GLSLDiscordBot.log [as handleInteractionFromHTTP] (bot.js:5562:29)

  console.log
    ­ƒöä handleInteractionFromHTTP appel├®

      at GLSLDiscordBot.log [as handleInteractionFromHTTP] (bot.js:4593:17)

  console.log
    ­ƒôï Interaction d├®tails: {
      id: '123',
      hasToken: true,
      type: 2,
      commandName: 'help',
      markedAsProcessed: true
    }

      at GLSLDiscordBot.log [as handleInteractionFromHTTP] (bot.js:4608:17)

  console.log
    ­ƒöì Commande HTTP re├ºue: help (user: testuser#1234)

      at GLSLDiscordBot.log [as handleInteractionFromHTTP] (bot.js:4632:25)

  console.log
    ÔûÂ´©Å Ex├®cution commande HTTP: help

      at GLSLDiscordBot.log [as handleInteractionFromHTTP] (bot.js:5556:29)

  console.log
    ­ƒôÄ Envoi de 1 fichier(s) - Test de toutes les strat├®gies

      at Object.log [as editReply] (bot.js:4725:37)

  console.log
    ­ƒº¬ TEST STRAT├ëGIE "rest.patch_double_edit_workaround": Double ├®dition avec AttachmentBuilder + embed minimal (workaround bug Discord)

      at Object.log [as editReply] (bot.js:5427:45)

  console.log
    ­ƒöä Double ├®dition - 1├¿re ├®dition avec AttachmentBuilder

      at Object.log [as test] (bot.js:4816:49)

  console.log
      - ÔØî ├ëchec: rest.patch failed

      at Object.log [as editReply] (bot.js:5435:45)

  console.log
    ­ƒº¬ TEST STRAT├ëGIE "rest.patch_with_attachments_payload": rest.patch avec attachments dans payload_json + embed minimal

      at Object.log [as editReply] (bot.js:5427:45)

  console.log
      - ÔØî ├ëchec: rest.patch failed

      at Object.log [as editReply] (bot.js:5435:45)

  console.log
    ­ƒº¬ TEST STRAT├ëGIE "rest.patch_AttachmentBuilder_minimal_embed": rest.patch avec AttachmentBuilder originaux + embed minimal

      at Object.log [as editReply] (bot.js:5427:45)

  console.log
      - ÔØî ├ëchec: rest.patch failed

      at Object.log [as editReply] (bot.js:5435:45)

  console.log
    ­ƒº¬ TEST STRAT├ëGIE "rest.patch_buffer_minimal_embed": rest.patch avec fichiers lus en Buffer + embed minimal

      at Object.log [as editReply] (bot.js:5427:45)

  console.log
      - ÔØî ├ëchec: rest.patch failed

      at Object.log [as editReply] (bot.js:5435:45)

  console.log
    ­ƒº¬ TEST STRAT├ëGIE "rest.patch_AttachmentBuilder_full_embed": rest.patch avec AttachmentBuilder originaux + embed complet

      at Object.log [as editReply] (bot.js:5427:45)

  console.log
      - ÔØî ├ëchec: rest.patch failed

      at Object.log [as editReply] (bot.js:5435:45)

  console.log
    ­ƒº¬ TEST STRAT├ëGIE "rest.patch_gif_only": rest.patch avec seulement le GIF, sans embed ni content

      at Object.log [as editReply] (bot.js:5427:45)

  console.log
      - ÔØî ├ëchec: rest.patch failed

      at Object.log [as editReply] (bot.js:5435:45)

  console.log
    ­ƒº¬ TEST STRAT├ëGIE "rest.patch_with_paths": rest.patch avec chemins de fichiers (objets)

      at Object.log [as editReply] (bot.js:5427:45)

  console.log
      - ÔØî ├ëchec: rest.patch failed

      at Object.log [as editReply] (bot.js:5435:45)

  console.log
    ­ƒº¬ TEST STRAT├ëGIE "rest.patch_with_paths_strings": rest.patch avec chemins de fichiers (strings)

      at Object.log [as editReply] (bot.js:5427:45)

  console.log
      - ÔØî ├ëchec: rest.patch failed

      at Object.log [as editReply] (bot.js:5435:45)

  console.log
    ­ƒº¬ TEST STRAT├ëGIE "rest.patch_with_buffers": rest.patch avec Buffers

      at Object.log [as editReply] (bot.js:5427:45)

  console.log
      - ÔØî ├ëchec: rest.patch failed

      at Object.log [as editReply] (bot.js:5435:45)

  console.log
    ­ƒº¬ TEST STRAT├ëGIE "formdata_content_text": FormData avec content texte "Shader animation"

      at Object.log [as editReply] (bot.js:5427:45)

  console.log
      - ÔØî ├ëchec: HTTP 400: Bad Request

      at Object.log [as editReply] (bot.js:5435:45)

  console.log
    ­ƒº¬ TEST STRAT├ëGIE "formdata_content_nonbreaking_space": FormData avec content non-breaking space

      at Object.log [as editReply] (bot.js:5427:45)

  console.log
      - ÔØî ├ëchec: HTTP 400: Bad Request

      at Object.log [as editReply] (bot.js:5435:45)

  console.log
    ­ƒº¬ TEST STRAT├ëGIE "formdata_content_shader_id": FormData avec content "Shader ID: X"

      at Object.log [as editReply] (bot.js:5427:45)

  console.log
      - ÔØî ├ëchec: HTTP 400: Bad Request

      at Object.log [as editReply] (bot.js:5435:45)

  console.log
    ­ƒº¬ TEST STRAT├ëGIE "formdata_content_separate_field": FormData avec content dans champ s├®par├® (pas dans payload_json)

      at Object.log [as editReply] (bot.js:5427:45)

  console.log
    Ô£à Ô£à Ô£à SUCC├êS avec strat├®gie "formdata_content_separate_field"! Ô£à Ô£à Ô£à

      at Object.log [as editReply] (bot.js:5429:45)

  console.log
    Ô£à Cette strat├®gie fonctionne: FormData avec content dans champ s├®par├® (pas dans payload_json)

      at Object.log [as editReply] (bot.js:5430:45)

  console.log
    Ô£à Commande HTTP help ex├®cut├®e avec succ├¿s

      at GLSLDiscordBot.log [as handleInteractionFromHTTP] (bot.js:5562:29)

  console.log
    ­ƒöä handleInteractionFromHTTP appel├®

      at GLSLDiscordBot.log [as handleInteractionFromHTTP] (bot.js:4593:17)

  console.log
    ­ƒôï Interaction d├®tails: {
      id: '123',
      hasToken: true,
      type: 2,
      commandName: 'help',
      markedAsProcessed: true
    }

      at GLSLDiscordBot.log [as handleInteractionFromHTTP] (bot.js:4608:17)

  console.log
    ­ƒöì Commande HTTP re├ºue: help (user: testuser#1234)

      at GLSLDiscordBot.log [as handleInteractionFromHTTP] (bot.js:4632:25)

  console.log
    ÔûÂ´©Å Ex├®cution commande HTTP: help

      at GLSLDiscordBot.log [as handleInteractionFromHTTP] (bot.js:5556:29)

  console.log
    ­ƒôÄ Envoi de 1 fichier(s) - Test de toutes les strat├®gies

      at Object.log [as editReply] (bot.js:4725:37)

  console.log
    ­ƒº¬ TEST STRAT├ëGIE "rest.patch_double_edit_workaround": Double ├®dition avec AttachmentBuilder + embed minimal (workaround bug Discord)

      at Object.log [as editReply] (bot.js:5427:45)

  console.log
    ­ƒöä Double ├®dition - 1├¿re ├®dition avec AttachmentBuilder

      at Object.log [as test] (bot.js:4816:49)

  console.log
      - ÔØî ├ëchec: rest.patch failed

      at Object.log [as editReply] (bot.js:5435:45)

  console.log
    ­ƒº¬ TEST STRAT├ëGIE "rest.patch_with_attachments_payload": rest.patch avec attachments dans payload_json + embed minimal

      at Object.log [as editReply] (bot.js:5427:45)

  console.log
      - ÔØî ├ëchec: rest.patch failed

      at Object.log [as editReply] (bot.js:5435:45)

  console.log
    ­ƒº¬ TEST STRAT├ëGIE "rest.patch_AttachmentBuilder_minimal_embed": rest.patch avec AttachmentBuilder originaux + embed minimal

      at Object.log [as editReply] (bot.js:5427:45)

  console.log
      - ÔØî ├ëchec: rest.patch failed

      at Object.log [as editReply] (bot.js:5435:45)

  console.log
    ­ƒº¬ TEST STRAT├ëGIE "rest.patch_buffer_minimal_embed": rest.patch avec fichiers lus en Buffer + embed minimal

      at Object.log [as editReply] (bot.js:5427:45)

  console.log
      - ÔØî ├ëchec: rest.patch failed

      at Object.log [as editReply] (bot.js:5435:45)

  console.log
    ­ƒº¬ TEST STRAT├ëGIE "rest.patch_AttachmentBuilder_full_embed": rest.patch avec AttachmentBuilder originaux + embed complet

      at Object.log [as editReply] (bot.js:5427:45)

  console.log
      - ÔØî ├ëchec: rest.patch failed

      at Object.log [as editReply] (bot.js:5435:45)

  console.log
    ­ƒº¬ TEST STRAT├ëGIE "rest.patch_gif_only": rest.patch avec seulement le GIF, sans embed ni content

      at Object.log [as editReply] (bot.js:5427:45)

  console.log
      - ÔØî ├ëchec: rest.patch failed

      at Object.log [as editReply] (bot.js:5435:45)

  console.log
    ­ƒº¬ TEST STRAT├ëGIE "rest.patch_with_paths": rest.patch avec chemins de fichiers (objets)

      at Object.log [as editReply] (bot.js:5427:45)

  console.log
      - ÔØî ├ëchec: rest.patch failed

      at Object.log [as editReply] (bot.js:5435:45)

  console.log
    ­ƒº¬ TEST STRAT├ëGIE "rest.patch_with_paths_strings": rest.patch avec chemins de fichiers (strings)

      at Object.log [as editReply] (bot.js:5427:45)

  console.log
      - ÔØî ├ëchec: rest.patch failed

      at Object.log [as editReply] (bot.js:5435:45)

  console.log
    ­ƒº¬ TEST STRAT├ëGIE "rest.patch_with_buffers": rest.patch avec Buffers

      at Object.log [as editReply] (bot.js:5427:45)

  console.log
      - ÔØî ├ëchec: rest.patch failed

      at Object.log [as editReply] (bot.js:5435:45)

  console.log
    ­ƒº¬ TEST STRAT├ëGIE "formdata_content_text": FormData avec content texte "Shader animation"

      at Object.log [as editReply] (bot.js:5427:45)

  console.log
      - ÔØî ├ëchec: HTTP 400: Bad Request

      at Object.log [as editReply] (bot.js:5435:45)

  console.log
    ­ƒº¬ TEST STRAT├ëGIE "formdata_content_nonbreaking_space": FormData avec content non-breaking space

      at Object.log [as editReply] (bot.js:5427:45)

  console.log
      - ÔØî ├ëchec: HTTP 400: Bad Request

      at Object.log [as editReply] (bot.js:5435:45)

  console.log
    ­ƒº¬ TEST STRAT├ëGIE "formdata_content_shader_id": FormData avec content "Shader ID: X"

      at Object.log [as editReply] (bot.js:5427:45)

  console.log
      - ÔØî ├ëchec: HTTP 400: Bad Request

      at Object.log [as editReply] (bot.js:5435:45)

  console.log
    ­ƒº¬ TEST STRAT├ëGIE "formdata_content_separate_field": FormData avec content dans champ s├®par├® (pas dans payload_json)

      at Object.log [as editReply] (bot.js:5427:45)

  console.log
      - ÔØî ├ëchec: HTTP 400: Bad Request

      at Object.log [as editReply] (bot.js:5435:45)

  console.log
    ­ƒº¬ TEST STRAT├ëGIE "formdata_files_without_index": FormData avec files sans index (files au lieu de files[0])

      at Object.log [as editReply] (bot.js:5427:45)

  console.log
    Ô£à Ô£à Ô£à SUCC├êS avec strat├®gie "formdata_files_without_index"! Ô£à Ô£à Ô£à

      at Object.log [as editReply] (bot.js:5429:45)

  console.log
    Ô£à Cette strat├®gie fonctionne: FormData avec files sans index (files au lieu de files[0])

      at Object.log [as editReply] (bot.js:5430:45)

  console.log
    Ô£à Commande HTTP help ex├®cut├®e avec succ├¿s

      at GLSLDiscordBot.log [as handleInteractionFromHTTP] (bot.js:5562:29)

  console.log
    ­ƒöä handleInteractionFromHTTP appel├®

      at GLSLDiscordBot.log [as handleInteractionFromHTTP] (bot.js:4593:17)

  console.log
    ­ƒôï Interaction d├®tails: {
      id: '123',
      hasToken: true,
      type: 2,
      commandName: 'help',
      markedAsProcessed: true
    }

      at GLSLDiscordBot.log [as handleInteractionFromHTTP] (bot.js:4608:17)

  console.log
    ­ƒöì Commande HTTP re├ºue: help (user: testuser#1234)

      at GLSLDiscordBot.log [as handleInteractionFromHTTP] (bot.js:4632:25)

  console.log
    ÔûÂ´©Å Ex├®cution commande HTTP: help

      at GLSLDiscordBot.log [as handleInteractionFromHTTP] (bot.js:5556:29)

  console.log
    ­ƒôÄ Envoi de 1 fichier(s) - Test de toutes les strat├®gies

      at Object.log [as editReply] (bot.js:4725:37)

  console.log
    ­ƒº¬ TEST STRAT├ëGIE "rest.patch_double_edit_workaround": Double ├®dition avec AttachmentBuilder + embed minimal (workaround bug Discord)

      at Object.log [as editReply] (bot.js:5427:45)

  console.log
    ­ƒöä Double ├®dition - 1├¿re ├®dition avec AttachmentBuilder

      at Object.log [as test] (bot.js:4816:49)

  console.log
      - ÔØî ├ëchec: rest.patch failed

      at Object.log [as editReply] (bot.js:5435:45)

  console.log
    ­ƒº¬ TEST STRAT├ëGIE "rest.patch_with_attachments_payload": rest.patch avec attachments dans payload_json + embed minimal

      at Object.log [as editReply] (bot.js:5427:45)

  console.log
      - ÔØî ├ëchec: rest.patch failed

      at Object.log [as editReply] (bot.js:5435:45)

  console.log
    ­ƒº¬ TEST STRAT├ëGIE "rest.patch_AttachmentBuilder_minimal_embed": rest.patch avec AttachmentBuilder originaux + embed minimal

      at Object.log [as editReply] (bot.js:5427:45)

  console.log
      - ÔØî ├ëchec: rest.patch failed

      at Object.log [as editReply] (bot.js:5435:45)

  console.log
    ­ƒº¬ TEST STRAT├ëGIE "rest.patch_buffer_minimal_embed": rest.patch avec fichiers lus en Buffer + embed minimal

      at Object.log [as editReply] (bot.js:5427:45)

  console.log
      - ÔØî ├ëchec: rest.patch failed

      at Object.log [as editReply] (bot.js:5435:45)

  console.log
    ­ƒº¬ TEST STRAT├ëGIE "rest.patch_AttachmentBuilder_full_embed": rest.patch avec AttachmentBuilder originaux + embed complet

      at Object.log [as editReply] (bot.js:5427:45)

  console.log
      - ÔØî ├ëchec: rest.patch failed

      at Object.log [as editReply] (bot.js:5435:45)

  console.log
    ­ƒº¬ TEST STRAT├ëGIE "rest.patch_gif_only": rest.patch avec seulement le GIF, sans embed ni content

      at Object.log [as editReply] (bot.js:5427:45)

  console.log
      - ÔØî ├ëchec: rest.patch failed

      at Object.log [as editReply] (bot.js:5435:45)

  console.log
    ­ƒº¬ TEST STRAT├ëGIE "rest.patch_with_paths": rest.patch avec chemins de fichiers (objets)

      at Object.log [as editReply] (bot.js:5427:45)

  console.log
      - ÔØî ├ëchec: rest.patch failed

      at Object.log [as editReply] (bot.js:5435:45)

  console.log
    ­ƒº¬ TEST STRAT├ëGIE "rest.patch_with_paths_strings": rest.patch avec chemins de fichiers (strings)

      at Object.log [as editReply] (bot.js:5427:45)

  console.log
      - ÔØî ├ëchec: rest.patch failed

      at Object.log [as editReply] (bot.js:5435:45)

  console.log
    ­ƒº¬ TEST STRAT├ëGIE "rest.patch_with_buffers": rest.patch avec Buffers

      at Object.log [as editReply] (bot.js:5427:45)

  console.log
      - ÔØî ├ëchec: rest.patch failed

      at Object.log [as editReply] (bot.js:5435:45)

  console.log
    ­ƒº¬ TEST STRAT├ëGIE "formdata_content_text": FormData avec content texte "Shader animation"

      at Object.log [as editReply] (bot.js:5427:45)

  console.log
      - ÔØî ├ëchec: HTTP 400: Bad Request

      at Object.log [as editReply] (bot.js:5435:45)

  console.log
    ­ƒº¬ TEST STRAT├ëGIE "formdata_content_nonbreaking_space": FormData avec content non-breaking space

      at Object.log [as editReply] (bot.js:5427:45)

  console.log
      - ÔØî ├ëchec: HTTP 400: Bad Request

      at Object.log [as editReply] (bot.js:5435:45)

  console.log
    ­ƒº¬ TEST STRAT├ëGIE "formdata_content_shader_id": FormData avec content "Shader ID: X"

      at Object.log [as editReply] (bot.js:5427:45)

  console.log
      - ÔØî ├ëchec: HTTP 400: Bad Request

      at Object.log [as editReply] (bot.js:5435:45)

  console.log
    ­ƒº¬ TEST STRAT├ëGIE "formdata_content_separate_field": FormData avec content dans champ s├®par├® (pas dans payload_json)

      at Object.log [as editReply] (bot.js:5427:45)

  console.log
      - ÔØî ├ëchec: HTTP 400: Bad Request

      at Object.log [as editReply] (bot.js:5435:45)

  console.log
    ­ƒº¬ TEST STRAT├ëGIE "formdata_files_without_index": FormData avec files sans index (files au lieu de files[0])

      at Object.log [as editReply] (bot.js:5427:45)

  console.log
      - ÔØî ├ëchec: HTTP 400: Bad Request

      at Object.log [as editReply] (bot.js:5435:45)

  console.log
    ­ƒº¬ TEST STRAT├ëGIE "formdata_file_singular": FormData avec file au singulier (file au lieu de files[0])

      at Object.log [as editReply] (bot.js:5427:45)

  console.log
    Ô£à Ô£à Ô£à SUCC├êS avec strat├®gie "formdata_file_singular"! Ô£à Ô£à Ô£à

      at Object.log [as editReply] (bot.js:5429:45)

  console.log
    Ô£à Cette strat├®gie fonctionne: FormData avec file au singulier (file au lieu de files[0])

      at Object.log [as editReply] (bot.js:5430:45)

  console.log
    Ô£à Commande HTTP help ex├®cut├®e avec succ├¿s

      at GLSLDiscordBot.log [as handleInteractionFromHTTP] (bot.js:5562:29)

  console.log
    ­ƒöä handleInteractionFromHTTP appel├®

      at GLSLDiscordBot.log [as handleInteractionFromHTTP] (bot.js:4593:17)

  console.log
    ­ƒôï Interaction d├®tails: {
      id: '123',
      hasToken: true,
      type: 2,
      commandName: 'help',
      markedAsProcessed: true
    }

      at GLSLDiscordBot.log [as handleInteractionFromHTTP] (bot.js:4608:17)

  console.log
    ­ƒöì Commande HTTP re├ºue: help (user: testuser#1234)

      at GLSLDiscordBot.log [as handleInteractionFromHTTP] (bot.js:4632:25)

  console.log
    ÔûÂ´©Å Ex├®cution commande HTTP: help

      at GLSLDiscordBot.log [as handleInteractionFromHTTP] (bot.js:5556:29)

  console.log
    Ô£à Commande HTTP help ex├®cut├®e avec succ├¿s

      at GLSLDiscordBot.log [as handleInteractionFromHTTP] (bot.js:5562:29)

  console.log
    ­ƒöä handleInteractionFromHTTP appel├®

      at GLSLDiscordBot.log [as handleInteractionFromHTTP] (bot.js:4593:17)

  console.log
    ­ƒôï Interaction d├®tails: {
      id: '123',
      hasToken: true,
      type: 2,
      commandName: 'help',
      markedAsProcessed: true
    }

      at GLSLDiscordBot.log [as handleInteractionFromHTTP] (bot.js:4608:17)

  console.log
    ­ƒöì Commande HTTP re├ºue: help (user: testuser#1234)

      at GLSLDiscordBot.log [as handleInteractionFromHTTP] (bot.js:4632:25)

  console.log
    ÔûÂ´©Å Ex├®cution commande HTTP: help

      at GLSLDiscordBot.log [as handleInteractionFromHTTP] (bot.js:5556:29)

  console.log
    Ô£à Commande HTTP help ex├®cut├®e avec succ├¿s

      at GLSLDiscordBot.log [as handleInteractionFromHTTP] (bot.js:5562:29)

  console.log
    ­ƒöä handleInteractionFromHTTP appel├®

      at GLSLDiscordBot.log [as handleInteractionFromHTTP] (bot.js:4593:17)

  console.log
    ­ƒôï Interaction d├®tails: {
      id: '123',
      hasToken: true,
      type: 2,
      commandName: 'help',
      markedAsProcessed: true
    }

      at GLSLDiscordBot.log [as handleInteractionFromHTTP] (bot.js:4608:17)

  console.log
    ­ƒöì Commande HTTP re├ºue: help (user: testuser#1234)

      at GLSLDiscordBot.log [as handleInteractionFromHTTP] (bot.js:4632:25)

  console.log
    ÔûÂ´©Å Ex├®cution commande HTTP: help

      at GLSLDiscordBot.log [as handleInteractionFromHTTP] (bot.js:5556:29)

  console.log
    Ô£à Commande HTTP help ex├®cut├®e avec succ├¿s

      at GLSLDiscordBot.log [as handleInteractionFromHTTP] (bot.js:5562:29)

  console.log
    ­ƒöä handleInteractionFromHTTP appel├®

      at GLSLDiscordBot.log [as handleInteractionFromHTTP] (bot.js:4593:17)

  console.log
    ­ƒôï Interaction d├®tails: {
      id: '123',
      hasToken: true,
      type: 2,
      commandName: 'help',
      markedAsProcessed: true
    }

      at GLSLDiscordBot.log [as handleInteractionFromHTTP] (bot.js:4608:17)

  console.log
    ­ƒöì Commande HTTP re├ºue: help (user: testuser#1234)

      at GLSLDiscordBot.log [as handleInteractionFromHTTP] (bot.js:4632:25)

  console.log
    ÔûÂ´©Å Ex├®cution commande HTTP: help

      at GLSLDiscordBot.log [as handleInteractionFromHTTP] (bot.js:5556:29)

  console.log
    ­ƒôÄ Envoi de 1 fichier(s) - Test de toutes les strat├®gies

      at Object.log [as editReply] (bot.js:4725:37)

  console.log
    ­ƒº¬ TEST STRAT├ëGIE "rest.patch_double_edit_workaround": Double ├®dition avec AttachmentBuilder + embed minimal (workaround bug Discord)

      at Object.log [as editReply] (bot.js:5427:45)

  console.log
    ­ƒöä Double ├®dition - 1├¿re ├®dition avec AttachmentBuilder

      at Object.log [as test] (bot.js:4816:49)

  console.log
      - ÔØî ├ëchec: rest.patch failed

      at Object.log [as editReply] (bot.js:5435:45)

  console.log
    ­ƒº¬ TEST STRAT├ëGIE "rest.patch_with_attachments_payload": rest.patch avec attachments dans payload_json + embed minimal

      at Object.log [as editReply] (bot.js:5427:45)

  console.log
      - ÔØî ├ëchec: Aucun fichier valide ├á envoyer

      at Object.log [as editReply] (bot.js:5435:45)

  console.log
    ­ƒº¬ TEST STRAT├ëGIE "rest.patch_AttachmentBuilder_minimal_embed": rest.patch avec AttachmentBuilder originaux + embed minimal

      at Object.log [as editReply] (bot.js:5427:45)

  console.log
      - ÔØî ├ëchec: rest.patch failed

      at Object.log [as editReply] (bot.js:5435:45)

  console.log
    ­ƒº¬ TEST STRAT├ëGIE "rest.patch_buffer_minimal_embed": rest.patch avec fichiers lus en Buffer + embed minimal

      at Object.log [as editReply] (bot.js:5427:45)

  console.log
      - ÔØî ├ëchec: Aucun fichier valide ├á envoyer

      at Object.log [as editReply] (bot.js:5435:45)

  console.log
    ­ƒº¬ TEST STRAT├ëGIE "rest.patch_AttachmentBuilder_full_embed": rest.patch avec AttachmentBuilder originaux + embed complet

      at Object.log [as editReply] (bot.js:5427:45)

  console.log
      - ÔØî ├ëchec: rest.patch failed

      at Object.log [as editReply] (bot.js:5435:45)

  console.log
    ­ƒº¬ TEST STRAT├ëGIE "rest.patch_gif_only": rest.patch avec seulement le GIF, sans embed ni content

      at Object.log [as editReply] (bot.js:5427:45)

  console.log
      - ÔØî ├ëchec: rest.patch failed

      at Object.log [as editReply] (bot.js:5435:45)

  console.log
    ­ƒº¬ TEST STRAT├ëGIE "rest.patch_with_paths": rest.patch avec chemins de fichiers (objets)

      at Object.log [as editReply] (bot.js:5427:45)

  console.log
      - ÔØî ├ëchec: rest.patch failed

      at Object.log [as editReply] (bot.js:5435:45)

  console.log
    ­ƒº¬ TEST STRAT├ëGIE "rest.patch_with_paths_strings": rest.patch avec chemins de fichiers (strings)

      at Object.log [as editReply] (bot.js:5427:45)

  console.log
      - ÔØî ├ëchec: rest.patch failed

      at Object.log [as editReply] (bot.js:5435:45)

  console.log
    ­ƒº¬ TEST STRAT├ëGIE "rest.patch_with_buffers": rest.patch avec Buffers

      at Object.log [as editReply] (bot.js:5427:45)

  console.log
      - ÔØî ├ëchec: rest.patch failed

      at Object.log [as editReply] (bot.js:5435:45)

  console.log
    ­ƒº¬ TEST STRAT├ëGIE "formdata_content_text": FormData avec content texte "Shader animation"

      at Object.log [as editReply] (bot.js:5427:45)

  console.log
    Ô£à Ô£à Ô£à SUCC├êS avec strat├®gie "formdata_content_text"! Ô£à Ô£à Ô£à

      at Object.log [as editReply] (bot.js:5429:45)

  console.log
    Ô£à Cette strat├®gie fonctionne: FormData avec content texte "Shader animation"

      at Object.log [as editReply] (bot.js:5430:45)

  console.log
    Ô£à Commande HTTP help ex├®cut├®e avec succ├¿s

      at GLSLDiscordBot.log [as handleInteractionFromHTTP] (bot.js:5562:29)

  console.log
    ­ƒöä handleInteractionFromHTTP appel├®

      at GLSLDiscordBot.log [as handleInteractionFromHTTP] (bot.js:4593:17)

  console.log
    ­ƒôï Interaction d├®tails: {
      id: '123',
      hasToken: true,
      type: 2,
      commandName: 'help',
      markedAsProcessed: true
    }

      at GLSLDiscordBot.log [as handleInteractionFromHTTP] (bot.js:4608:17)

  console.log
    ­ƒöì Commande HTTP re├ºue: help (user: testuser#1234)

      at GLSLDiscordBot.log [as handleInteractionFromHTTP] (bot.js:4632:25)

  console.log
    ÔûÂ´©Å Ex├®cution commande HTTP: help

      at GLSLDiscordBot.log [as handleInteractionFromHTTP] (bot.js:5556:29)

  console.log
    ­ƒôÄ Envoi de 1 fichier(s) - Test de toutes les strat├®gies

      at Object.log [as editReply] (bot.js:4725:37)

  console.log
    ­ƒº¬ TEST STRAT├ëGIE "rest.patch_double_edit_workaround": Double ├®dition avec AttachmentBuilder + embed minimal (workaround bug Discord)

      at Object.log [as editReply] (bot.js:5427:45)

  console.log
    ­ƒöä Double ├®dition - 1├¿re ├®dition avec AttachmentBuilder

      at Object.log [as test] (bot.js:4816:49)

  console.log
      - ÔØî ├ëchec: All strategies failed

      at Object.log [as editReply] (bot.js:5435:45)

  console.log
    ­ƒº¬ TEST STRAT├ëGIE "rest.patch_with_attachments_payload": rest.patch avec attachments dans payload_json + embed minimal

      at Object.log [as editReply] (bot.js:5427:45)

  console.log
      - ÔØî ├ëchec: All strategies failed

      at Object.log [as editReply] (bot.js:5435:45)

  console.log
    ­ƒº¬ TEST STRAT├ëGIE "rest.patch_AttachmentBuilder_minimal_embed": rest.patch avec AttachmentBuilder originaux + embed minimal

      at Object.log [as editReply] (bot.js:5427:45)

  console.log
      - ÔØî ├ëchec: All strategies failed

      at Object.log [as editReply] (bot.js:5435:45)

  console.log
    ­ƒº¬ TEST STRAT├ëGIE "rest.patch_buffer_minimal_embed": rest.patch avec fichiers lus en Buffer + embed minimal

      at Object.log [as editReply] (bot.js:5427:45)

  console.log
      - ÔØî ├ëchec: All strategies failed

      at Object.log [as editReply] (bot.js:5435:45)

  console.log
    ­ƒº¬ TEST STRAT├ëGIE "rest.patch_AttachmentBuilder_full_embed": rest.patch avec AttachmentBuilder originaux + embed complet

      at Object.log [as editReply] (bot.js:5427:45)

  console.log
      - ÔØî ├ëchec: All strategies failed

      at Object.log [as editReply] (bot.js:5435:45)

  console.log
    ­ƒº¬ TEST STRAT├ëGIE "rest.patch_gif_only": rest.patch avec seulement le GIF, sans embed ni content

      at Object.log [as editReply] (bot.js:5427:45)

  console.log
      - ÔØî ├ëchec: All strategies failed

      at Object.log [as editReply] (bot.js:5435:45)

  console.log
    ­ƒº¬ TEST STRAT├ëGIE "rest.patch_with_paths": rest.patch avec chemins de fichiers (objets)

      at Object.log [as editReply] (bot.js:5427:45)

  console.log
      - ÔØî ├ëchec: All strategies failed

      at Object.log [as editReply] (bot.js:5435:45)

  console.log
    ­ƒº¬ TEST STRAT├ëGIE "rest.patch_with_paths_strings": rest.patch avec chemins de fichiers (strings)

      at Object.log [as editReply] (bot.js:5427:45)

  console.log
      - ÔØî ├ëchec: All strategies failed

      at Object.log [as editReply] (bot.js:5435:45)

  console.log
    ­ƒº¬ TEST STRAT├ëGIE "rest.patch_with_buffers": rest.patch avec Buffers

      at Object.log [as editReply] (bot.js:5427:45)

  console.log
      - ÔØî ├ëchec: All strategies failed

      at Object.log [as editReply] (bot.js:5435:45)

  console.log
    ­ƒº¬ TEST STRAT├ëGIE "formdata_content_text": FormData avec content texte "Shader animation"

      at Object.log [as editReply] (bot.js:5427:45)

  console.log
      - ÔØî ├ëchec: HTTP 500: Internal Server Error

      at Object.log [as editReply] (bot.js:5435:45)

  console.log
    ­ƒº¬ TEST STRAT├ëGIE "formdata_content_nonbreaking_space": FormData avec content non-breaking space

      at Object.log [as editReply] (bot.js:5427:45)

  console.log
      - ÔØî ├ëchec: HTTP 500: Internal Server Error

      at Object.log [as editReply] (bot.js:5435:45)

  console.log
    ­ƒº¬ TEST STRAT├ëGIE "formdata_content_shader_id": FormData avec content "Shader ID: X"

      at Object.log [as editReply] (bot.js:5427:45)

  console.log
      - ÔØî ├ëchec: HTTP 500: Internal Server Error

      at Object.log [as editReply] (bot.js:5435:45)

  console.log
    ­ƒº¬ TEST STRAT├ëGIE "formdata_content_separate_field": FormData avec content dans champ s├®par├® (pas dans payload_json)

      at Object.log [as editReply] (bot.js:5427:45)

  console.log
      - ÔØî ├ëchec: HTTP 500: Internal Server Error

      at Object.log [as editReply] (bot.js:5435:45)

  console.log
    ­ƒº¬ TEST STRAT├ëGIE "formdata_files_without_index": FormData avec files sans index (files au lieu de files[0])

      at Object.log [as editReply] (bot.js:5427:45)

  console.log
      - ÔØî ├ëchec: HTTP 500: Internal Server Error

      at Object.log [as editReply] (bot.js:5435:45)

  console.log
    ­ƒº¬ TEST STRAT├ëGIE "formdata_file_singular": FormData avec file au singulier (file au lieu de files[0])

      at Object.log [as editReply] (bot.js:5427:45)

  console.log
      - ÔØî ├ëchec: HTTP 500: Internal Server Error

      at Object.log [as editReply] (bot.js:5435:45)

  console.log
    ­ƒº¬ TEST STRAT├ëGIE "formdata_buffers_instead_of_streams": FormData avec Buffers au lieu de Streams

      at Object.log [as editReply] (bot.js:5427:45)

  console.log
      - ÔØî ├ëchec: HTTP 500: Internal Server Error

      at Object.log [as editReply] (bot.js:5435:45)

  console.error
    ÔØî Erreur lors de l'ex├®cution de la commande HTTP help: Error: HTTP 500: Internal Server Error
        at Object.test (C:\Users\anne\Desktop\GLSL_DISCORD\bot.js:5415:51)
        at Object.editReply (C:\Users\anne\Desktop\GLSL_DISCORD\bot.js:5428:37)
        at Object.<anonymous> (C:\Users\anne\Desktop\GLSL_DISCORD\tests\bot.test.js:8387:21)
        at GLSLDiscordBot.handleInteractionFromHTTP (C:\Users\anne\Desktop\GLSL_DISCORD\bot.js:5557:21)
        at Object.<anonymous> (C:\Users\anne\Desktop\GLSL_DISCORD\tests\bot.test.js:8403:13)

      5562 |                     console.log(`Ô£à Commande HTTP ${commandName} ex├®cut├®e avec succ├¿s`);
      5563 |                 } catch (error) {
    > 5564 |                     console.error(`ÔØî Erreur lors de l'ex├®cution de la commande HTTP ${commandName}:`, error);
           |                             ^
      5565 |                     // Ne pas relancer l'erreur car elle a d├®j├á ├®t├® g├®r├®e par la commande
      5566 |                     // mais on log pour le debugging
      5567 |                 } finally {

      at GLSLDiscordBot.error [as handleInteractionFromHTTP] (bot.js:5564:29)
      at Object.<anonymous> (tests/bot.test.js:8403:13)

  console.log
    ­ƒöä handleInteractionFromHTTP appel├®

      at GLSLDiscordBot.log [as handleInteractionFromHTTP] (bot.js:4593:17)

  console.log
    ­ƒôï Interaction d├®tails: {
      id: '123',
      hasToken: true,
      type: 2,
      commandName: 'help',
      markedAsProcessed: true
    }

      at GLSLDiscordBot.log [as handleInteractionFromHTTP] (bot.js:4608:17)

  console.log
    ­ƒöì Commande HTTP re├ºue: help (user: testuser#1234)

      at GLSLDiscordBot.log [as handleInteractionFromHTTP] (bot.js:4632:25)

  console.log
    ÔûÂ´©Å Ex├®cution commande HTTP: help

      at GLSLDiscordBot.log [as handleInteractionFromHTTP] (bot.js:5556:29)

  console.log
    Ô£à Commande HTTP help ex├®cut├®e avec succ├¿s

      at GLSLDiscordBot.log [as handleInteractionFromHTTP] (bot.js:5562:29)

  console.log
    ­ƒöä handleInteractionFromHTTP appel├®

      at GLSLDiscordBot.log [as handleInteractionFromHTTP] (bot.js:4593:17)

  console.log
    ­ƒôï Interaction d├®tails: {
      id: '123',
      hasToken: true,
      type: 2,
      commandName: 'help',
      markedAsProcessed: true
    }

      at GLSLDiscordBot.log [as handleInteractionFromHTTP] (bot.js:4608:17)

  console.log
    ­ƒöì Commande HTTP re├ºue: help (user: testuser#1234)

      at GLSLDiscordBot.log [as handleInteractionFromHTTP] (bot.js:4632:25)

  console.log
    ÔûÂ´©Å Ex├®cution commande HTTP: help

      at GLSLDiscordBot.log [as handleInteractionFromHTTP] (bot.js:5556:29)

  console.log
    Ô£à Commande HTTP help ex├®cut├®e avec succ├¿s

      at GLSLDiscordBot.log [as handleInteractionFromHTTP] (bot.js:5562:29)

  console.log
    ­ƒöä handleInteractionFromHTTP appel├®

      at GLSLDiscordBot.log [as handleInteractionFromHTTP] (bot.js:4593:17)

  console.log
    ­ƒôï Interaction d├®tails: {
      id: '123',
      hasToken: true,
      type: 2,
      commandName: 'help',
      markedAsProcessed: true
    }

      at GLSLDiscordBot.log [as handleInteractionFromHTTP] (bot.js:4608:17)

  console.log
    ­ƒöì Commande HTTP re├ºue: help (user: testuser#1234)

      at GLSLDiscordBot.log [as handleInteractionFromHTTP] (bot.js:4632:25)

  console.log
    ÔûÂ´©Å Ex├®cution commande HTTP: help

      at GLSLDiscordBot.log [as handleInteractionFromHTTP] (bot.js:5556:29)

  console.log
    Ô£à Commande HTTP help ex├®cut├®e avec succ├¿s

      at GLSLDiscordBot.log [as handleInteractionFromHTTP] (bot.js:5562:29)

  console.log
    ­ƒöä handleInteractionFromHTTP appel├®

      at GLSLDiscordBot.log [as handleInteractionFromHTTP] (bot.js:4593:17)

  console.log
    ­ƒôï Interaction d├®tails: {
      id: '123',
      hasToken: true,
      type: 2,
      commandName: 'help',
      markedAsProcessed: true
    }

      at GLSLDiscordBot.log [as handleInteractionFromHTTP] (bot.js:4608:17)

  console.log
    ­ƒöì Commande HTTP re├ºue: help (user: testuser#1234)

      at GLSLDiscordBot.log [as handleInteractionFromHTTP] (bot.js:4632:25)

  console.log
    ÔûÂ´©Å Ex├®cution commande HTTP: help

      at GLSLDiscordBot.log [as handleInteractionFromHTTP] (bot.js:5556:29)

  console.log
    ­ƒôÄ Envoi de 1 fichier(s) - Test de toutes les strat├®gies

      at Object.log [as editReply] (bot.js:4725:37)

  console.log
    ­ƒº¬ TEST STRAT├ëGIE "rest.patch_double_edit_workaround": Double ├®dition avec AttachmentBuilder + embed minimal (workaround bug Discord)

      at Object.log [as editReply] (bot.js:5427:45)

  console.log
    ­ƒöä Double ├®dition - 1├¿re ├®dition avec AttachmentBuilder

      at Object.log [as test] (bot.js:4816:49)

  console.log
    ­ƒöä Double ├®dition - 2├¿me ├®dition avec fichiers en Buffer

      at Object.log [as test] (bot.js:4828:49)

  console.log
    Ô£à Ô£à Ô£à SUCC├êS avec strat├®gie "rest.patch_double_edit_workaround"! Ô£à Ô£à Ô£à

      at Object.log [as editReply] (bot.js:5429:45)

  console.log
    Ô£à Cette strat├®gie fonctionne: Double ├®dition avec AttachmentBuilder + embed minimal (workaround bug Discord)

      at Object.log [as editReply] (bot.js:5430:45)

  console.log
    Ô£à Commande HTTP help ex├®cut├®e avec succ├¿s

      at GLSLDiscordBot.log [as handleInteractionFromHTTP] (bot.js:5562:29)

  console.log
    ­ƒöä handleInteractionFromHTTP appel├®

      at GLSLDiscordBot.log [as handleInteractionFromHTTP] (bot.js:4593:17)

  console.log
    ­ƒôï Interaction d├®tails: {
      id: '123',
      hasToken: true,
      type: 2,
      commandName: 'help',
      markedAsProcessed: true
    }

      at GLSLDiscordBot.log [as handleInteractionFromHTTP] (bot.js:4608:17)

  console.log
    ­ƒöì Commande HTTP re├ºue: help (user: testuser#1234)

      at GLSLDiscordBot.log [as handleInteractionFromHTTP] (bot.js:4632:25)

  console.log
    ÔûÂ´©Å Ex├®cution commande HTTP: help

      at GLSLDiscordBot.log [as handleInteractionFromHTTP] (bot.js:5556:29)

  console.log
    ­ƒôÄ Envoi de 1 fichier(s) - Test de toutes les strat├®gies

      at Object.log [as editReply] (bot.js:4725:37)

  console.log
    ­ƒº¬ TEST STRAT├ëGIE "rest.patch_double_edit_workaround": Double ├®dition avec AttachmentBuilder + embed minimal (workaround bug Discord)

      at Object.log [as editReply] (bot.js:5427:45)

  console.log
    ­ƒöä Double ├®dition - 1├¿re ├®dition avec AttachmentBuilder

      at Object.log [as test] (bot.js:4816:49)

  console.log
    ­ƒöä Double ├®dition - 2├¿me ├®dition avec fichiers en Buffer

      at Object.log [as test] (bot.js:4828:49)

  console.log
    Ô£à Ô£à Ô£à SUCC├êS avec strat├®gie "rest.patch_double_edit_workaround"! Ô£à Ô£à Ô£à

      at Object.log [as editReply] (bot.js:5429:45)

  console.log
    Ô£à Cette strat├®gie fonctionne: Double ├®dition avec AttachmentBuilder + embed minimal (workaround bug Discord)

      at Object.log [as editReply] (bot.js:5430:45)

  console.log
    Ô£à Commande HTTP help ex├®cut├®e avec succ├¿s

      at GLSLDiscordBot.log [as handleInteractionFromHTTP] (bot.js:5562:29)

  console.log
    ­ƒöä handleInteractionFromHTTP appel├®

      at GLSLDiscordBot.log [as handleInteractionFromHTTP] (bot.js:4593:17)

  console.log
    ­ƒôï Interaction d├®tails: {
      id: '123',
      hasToken: true,
      type: 2,
      commandName: 'help',
      markedAsProcessed: true
    }

      at GLSLDiscordBot.log [as handleInteractionFromHTTP] (bot.js:4608:17)

  console.log
    ­ƒöì Commande HTTP re├ºue: help (user: testuser#1234)

      at GLSLDiscordBot.log [as handleInteractionFromHTTP] (bot.js:4632:25)

  console.log
    ÔûÂ´©Å Ex├®cution commande HTTP: help

      at GLSLDiscordBot.log [as handleInteractionFromHTTP] (bot.js:5556:29)

  console.log
    ­ƒôÄ Envoi de 1 fichier(s) - Test de toutes les strat├®gies

      at Object.log [as editReply] (bot.js:4725:37)

  console.log
    ­ƒº¬ TEST STRAT├ëGIE "rest.patch_double_edit_workaround": Double ├®dition avec AttachmentBuilder + embed minimal (workaround bug Discord)

      at Object.log [as editReply] (bot.js:5427:45)

  console.log
    ­ƒöä Double ├®dition - 1├¿re ├®dition avec AttachmentBuilder

      at Object.log [as test] (bot.js:4816:49)

  console.log
    ­ƒöä Double ├®dition - 2├¿me ├®dition avec fichiers en Buffer

      at Object.log [as test] (bot.js:4828:49)

  console.log
    Ô£à Ô£à Ô£à SUCC├êS avec strat├®gie "rest.patch_double_edit_workaround"! Ô£à Ô£à Ô£à

      at Object.log [as editReply] (bot.js:5429:45)

  console.log
    Ô£à Cette strat├®gie fonctionne: Double ├®dition avec AttachmentBuilder + embed minimal (workaround bug Discord)

      at Object.log [as editReply] (bot.js:5430:45)

  console.log
    Ô£à Commande HTTP help ex├®cut├®e avec succ├¿s

      at GLSLDiscordBot.log [as handleInteractionFromHTTP] (bot.js:5562:29)

  console.log
    ­ƒöä handleInteractionFromHTTP appel├®

      at GLSLDiscordBot.log [as handleInteractionFromHTTP] (bot.js:4593:17)

  console.log
    ­ƒôï Interaction d├®tails: {
      id: '123',
      hasToken: true,
      type: 2,
      commandName: 'help',
      markedAsProcessed: true
    }

      at GLSLDiscordBot.log [as handleInteractionFromHTTP] (bot.js:4608:17)

  console.log
    ­ƒöì Commande HTTP re├ºue: help (user: testuser#1234)

      at GLSLDiscordBot.log [as handleInteractionFromHTTP] (bot.js:4632:25)

  console.log
    ÔûÂ´©Å Ex├®cution commande HTTP: help

      at GLSLDiscordBot.log [as handleInteractionFromHTTP] (bot.js:5556:29)

  console.error
    ÔØî Erreur lors de l'ex├®cution de la commande HTTP help: Error: Discord API error: 500 - Internal Server Error
        at Object.followUp (C:\Users\anne\Desktop\GLSL_DISCORD\bot.js:5539:43)
        at Object.<anonymous> (C:\Users\anne\Desktop\GLSL_DISCORD\tests\bot.test.js:8826:21)
        at GLSLDiscordBot.handleInteractionFromHTTP (C:\Users\anne\Desktop\GLSL_DISCORD\bot.js:5557:21)
        at Object.<anonymous> (C:\Users\anne\Desktop\GLSL_DISCORD\tests\bot.test.js:8837:13)

      5562 |                     console.log(`Ô£à Commande HTTP ${commandName} ex├®cut├®e avec succ├¿s`);
      5563 |                 } catch (error) {
    > 5564 |                     console.error(`ÔØî Erreur lors de l'ex├®cution de la commande HTTP ${commandName}:`, error);
           |                             ^
      5565 |                     // Ne pas relancer l'erreur car elle a d├®j├á ├®t├® g├®r├®e par la commande
      5566 |                     // mais on log pour le debugging
      5567 |                 } finally {

      at GLSLDiscordBot.error [as handleInteractionFromHTTP] (bot.js:5564:29)
      at Object.<anonymous> (tests/bot.test.js:8837:13)

  console.log
    ­ƒöä handleInteractionFromHTTP appel├®

      at GLSLDiscordBot.log [as handleInteractionFromHTTP] (bot.js:4593:17)

  console.log
    ­ƒôï Interaction d├®tails: {
      id: '123',
      hasToken: true,
      type: 2,
      commandName: 'help',
      markedAsProcessed: true
    }

      at GLSLDiscordBot.log [as handleInteractionFromHTTP] (bot.js:4608:17)

  console.log
    ­ƒöì Commande HTTP re├ºue: help (user: testuser#1234)

      at GLSLDiscordBot.log [as handleInteractionFromHTTP] (bot.js:4632:25)

  console.log
    ÔûÂ´©Å Ex├®cution commande HTTP: help

      at GLSLDiscordBot.log [as handleInteractionFromHTTP] (bot.js:5556:29)

  console.log
    Ô£à Commande HTTP help ex├®cut├®e avec succ├¿s

      at GLSLDiscordBot.log [as handleInteractionFromHTTP] (bot.js:5562:29)

  console.log
    ­ƒöä handleInteractionFromHTTP appel├®

      at GLSLDiscordBot.log [as handleInteractionFromHTTP] (bot.js:4593:17)

  console.log
    ­ƒôï Interaction d├®tails: {
      id: '123',
      hasToken: true,
      type: 2,
      commandName: 'help',
      markedAsProcessed: true
    }

      at GLSLDiscordBot.log [as handleInteractionFromHTTP] (bot.js:4608:17)

  console.log
    ­ƒöì Commande HTTP re├ºue: help (user: testuser#1234)

      at GLSLDiscordBot.log [as handleInteractionFromHTTP] (bot.js:4632:25)

  console.log
    ÔûÂ´©Å Ex├®cution commande HTTP: help

      at GLSLDiscordBot.log [as handleInteractionFromHTTP] (bot.js:5556:29)

  console.log
    Ô£à Commande HTTP help ex├®cut├®e avec succ├¿s

      at GLSLDiscordBot.log [as handleInteractionFromHTTP] (bot.js:5562:29)

  console.log
    ­ƒöä handleInteractionFromHTTP appel├®

      at GLSLDiscordBot.log [as handleInteractionFromHTTP] (bot.js:4593:17)

  console.log
    ­ƒôï Interaction d├®tails: {
      id: '123',
      hasToken: true,
      type: 2,
      commandName: 'help',
      markedAsProcessed: true
    }

      at GLSLDiscordBot.log [as handleInteractionFromHTTP] (bot.js:4608:17)

  console.log
    ­ƒöì Commande HTTP re├ºue: help (user: testuser#1234)

      at GLSLDiscordBot.log [as handleInteractionFromHTTP] (bot.js:4632:25)

  console.log
    ÔûÂ´©Å Ex├®cution commande HTTP: help

      at GLSLDiscordBot.log [as handleInteractionFromHTTP] (bot.js:5556:29)

  console.log
    ­ƒôÄ Envoi de 1 fichier(s) - Test de toutes les strat├®gies

      at Object.log [as editReply] (bot.js:4725:37)

  console.error
    ÔØî Erreur lors de l'ex├®cution de la commande HTTP help: Error: Aucun fichier valide trouv├® dans options.files
        at Object.editReply (C:\Users\anne\Desktop\GLSL_DISCORD\bot.js:4794:39)
        at Object.editReply (C:\Users\anne\Desktop\GLSL_DISCORD\tests\bot.test.js:8983:39)
        at C:\Users\anne\Desktop\GLSL_DISCORD\node_modules\jest-mock\build\index.js:397:39
        at Object.<anonymous> (C:\Users\anne\Desktop\GLSL_DISCORD\node_modules\jest-mock\build\index.js:404:13)
        at Object.mockConstructor [as execute] (C:\Users\anne\Desktop\GLSL_DISCORD\node_modules\jest-mock\build\index.js:103:19)
        at GLSLDiscordBot.execute [as handleInteractionFromHTTP] (C:\Users\anne\Desktop\GLSL_DISCORD\bot.js:5557:35)
        at Object.handleInteractionFromHTTP (C:\Users\anne\Desktop\GLSL_DISCORD\tests\bot.test.js:8993:23)
        at Promise.then.completed (C:\Users\anne\Desktop\GLSL_DISCORD\node_modules\jest-circus\build\utils.js:298:28)
        at new Promise (<anonymous>)
        at callAsyncCircusFn (C:\Users\anne\Desktop\GLSL_DISCORD\node_modules\jest-circus\build\utils.js:231:10)
        at _callCircusTest (C:\Users\anne\Desktop\GLSL_DISCORD\node_modules\jest-circus\build\run.js:316:40)
        at _runTest (C:\Users\anne\Desktop\GLSL_DISCORD\node_modules\jest-circus\build\run.js:252:3)
        at _runTestsForDescribeBlock (C:\Users\anne\Desktop\GLSL_DISCORD\node_modules\jest-circus\build\run.js:126:9)
        at _runTestsForDescribeBlock (C:\Users\anne\Desktop\GLSL_DISCORD\node_modules\jest-circus\build\run.js:121:9)
        at _runTestsForDescribeBlock (C:\Users\anne\Desktop\GLSL_DISCORD\node_modules\jest-circus\build\run.js:121:9)
        at run (C:\Users\anne\Desktop\GLSL_DISCORD\node_modules\jest-circus\build\run.js:71:3)
        at runAndTransformResultsToJestFormat (C:\Users\anne\Desktop\GLSL_DISCORD\node_modules\jest-circus\build\legacy-code-todo-rewrite\jestAdapterInit.js:122:21)
        at jestAdapter (C:\Users\anne\Desktop\GLSL_DISCORD\node_modules\jest-circus\build\legacy-code-todo-rewrite\jestAdapter.js:79:19)
        at runTestInternal (C:\Users\anne\Desktop\GLSL_DISCORD\node_modules\jest-runner\build\runTest.js:367:16)
        at runTest (C:\Users\anne\Desktop\GLSL_DISCORD\node_modules\jest-runner\build\runTest.js:444:34)

      5562 |                     console.log(`Ô£à Commande HTTP ${commandName} ex├®cut├®e avec succ├¿s`);
      5563 |                 } catch (error) {
    > 5564 |                     console.error(`ÔØî Erreur lors de l'ex├®cution de la commande HTTP ${commandName}:`, error);
           |                             ^
      5565 |                     // Ne pas relancer l'erreur car elle a d├®j├á ├®t├® g├®r├®e par la commande
      5566 |                     // mais on log pour le debugging
      5567 |                 } finally {

      at GLSLDiscordBot.error [as handleInteractionFromHTTP] (bot.js:5564:29)
      at Object.<anonymous> (tests/bot.test.js:8993:13)

  console.log
    ­ƒöä handleInteractionFromHTTP appel├®

      at GLSLDiscordBot.log [as handleInteractionFromHTTP] (bot.js:4593:17)

  console.log
    ­ƒôï Interaction d├®tails: {
      id: '123',
      hasToken: true,
      type: 2,
      commandName: 'help',
      markedAsProcessed: true
    }

      at GLSLDiscordBot.log [as handleInteractionFromHTTP] (bot.js:4608:17)

  console.log
    ­ƒöì Commande HTTP re├ºue: help (user: testuser#1234)

      at GLSLDiscordBot.log [as handleInteractionFromHTTP] (bot.js:4632:25)

  console.log
    ÔûÂ´©Å Ex├®cution commande HTTP: help

      at GLSLDiscordBot.log [as handleInteractionFromHTTP] (bot.js:5556:29)

  console.log
    ­ƒôÄ Envoi de 1 fichier(s) - Test de toutes les strat├®gies

      at Object.log [as editReply] (bot.js:4725:37)

  console.error
    ÔØî Erreur lors de l'ex├®cution de la commande HTTP help: Error: Aucun fichier valide trouv├® dans options.files
        at Object.editReply (C:\Users\anne\Desktop\GLSL_DISCORD\bot.js:4794:39)
        at Object.editReply (C:\Users\anne\Desktop\GLSL_DISCORD\tests\bot.test.js:9035:39)
        at C:\Users\anne\Desktop\GLSL_DISCORD\node_modules\jest-mock\build\index.js:397:39
        at Object.<anonymous> (C:\Users\anne\Desktop\GLSL_DISCORD\node_modules\jest-mock\build\index.js:404:13)
        at Object.mockConstructor [as execute] (C:\Users\anne\Desktop\GLSL_DISCORD\node_modules\jest-mock\build\index.js:103:19)
        at GLSLDiscordBot.execute [as handleInteractionFromHTTP] (C:\Users\anne\Desktop\GLSL_DISCORD\bot.js:5557:35)
        at Object.handleInteractionFromHTTP (C:\Users\anne\Desktop\GLSL_DISCORD\tests\bot.test.js:9045:23)
        at Promise.then.completed (C:\Users\anne\Desktop\GLSL_DISCORD\node_modules\jest-circus\build\utils.js:298:28)
        at new Promise (<anonymous>)
        at callAsyncCircusFn (C:\Users\anne\Desktop\GLSL_DISCORD\node_modules\jest-circus\build\utils.js:231:10)
        at _callCircusTest (C:\Users\anne\Desktop\GLSL_DISCORD\node_modules\jest-circus\build\run.js:316:40)
        at _runTest (C:\Users\anne\Desktop\GLSL_DISCORD\node_modules\jest-circus\build\run.js:252:3)
        at _runTestsForDescribeBlock (C:\Users\anne\Desktop\GLSL_DISCORD\node_modules\jest-circus\build\run.js:126:9)
        at _runTestsForDescribeBlock (C:\Users\anne\Desktop\GLSL_DISCORD\node_modules\jest-circus\build\run.js:121:9)
        at _runTestsForDescribeBlock (C:\Users\anne\Desktop\GLSL_DISCORD\node_modules\jest-circus\build\run.js:121:9)
        at run (C:\Users\anne\Desktop\GLSL_DISCORD\node_modules\jest-circus\build\run.js:71:3)
        at runAndTransformResultsToJestFormat (C:\Users\anne\Desktop\GLSL_DISCORD\node_modules\jest-circus\build\legacy-code-todo-rewrite\jestAdapterInit.js:122:21)
        at jestAdapter (C:\Users\anne\Desktop\GLSL_DISCORD\node_modules\jest-circus\build\legacy-code-todo-rewrite\jestAdapter.js:79:19)
        at runTestInternal (C:\Users\anne\Desktop\GLSL_DISCORD\node_modules\jest-runner\build\runTest.js:367:16)
        at runTest (C:\Users\anne\Desktop\GLSL_DISCORD\node_modules\jest-runner\build\runTest.js:444:34)

      5562 |                     console.log(`Ô£à Commande HTTP ${commandName} ex├®cut├®e avec succ├¿s`);
      5563 |                 } catch (error) {
    > 5564 |                     console.error(`ÔØî Erreur lors de l'ex├®cution de la commande HTTP ${commandName}:`, error);
           |                             ^
      5565 |                     // Ne pas relancer l'erreur car elle a d├®j├á ├®t├® g├®r├®e par la commande
      5566 |                     // mais on log pour le debugging
      5567 |                 } finally {

      at GLSLDiscordBot.error [as handleInteractionFromHTTP] (bot.js:5564:29)
      at Object.<anonymous> (tests/bot.test.js:9045:13)

  console.log
    ­ƒÜÇ Initialisation du bot Discord GLSL...

      at GLSLDiscordBot.log [as initialize] (bot.js:124:21)

  console.error
    ÔØî Erreur initialisation bot: Error: DISCORD_TOKEN manquant dans .env
        at GLSLDiscordBot.initialize (C:\Users\anne\Desktop\GLSL_DISCORD\bot.js:128:23)
        at Object.initialize (C:\Users\anne\Desktop\GLSL_DISCORD\tests\bot.test.js:9073:37)
        at Promise.then.completed (C:\Users\anne\Desktop\GLSL_DISCORD\node_modules\jest-circus\build\utils.js:298:28)
        at new Promise (<anonymous>)
        at callAsyncCircusFn (C:\Users\anne\Desktop\GLSL_DISCORD\node_modules\jest-circus\build\utils.js:231:10)
        at _callCircusTest (C:\Users\anne\Desktop\GLSL_DISCORD\node_modules\jest-circus\build\run.js:316:40)
        at _runTest (C:\Users\anne\Desktop\GLSL_DISCORD\node_modules\jest-circus\build\run.js:252:3)
        at _runTestsForDescribeBlock (C:\Users\anne\Desktop\GLSL_DISCORD\node_modules\jest-circus\build\run.js:126:9)
        at _runTestsForDescribeBlock (C:\Users\anne\Desktop\GLSL_DISCORD\node_modules\jest-circus\build\run.js:121:9)
        at _runTestsForDescribeBlock (C:\Users\anne\Desktop\GLSL_DISCORD\node_modules\jest-circus\build\run.js:121:9)
        at run (C:\Users\anne\Desktop\GLSL_DISCORD\node_modules\jest-circus\build\run.js:71:3)
        at runAndTransformResultsToJestFormat (C:\Users\anne\Desktop\GLSL_DISCORD\node_modules\jest-circus\build\legacy-code-todo-rewrite\jestAdapterInit.js:122:21)
        at jestAdapter (C:\Users\anne\Desktop\GLSL_DISCORD\node_modules\jest-circus\build\legacy-code-todo-rewrite\jestAdapter.js:79:19)
        at runTestInternal (C:\Users\anne\Desktop\GLSL_DISCORD\node_modules\jest-runner\build\runTest.js:367:16)
        at runTest (C:\Users\anne\Desktop\GLSL_DISCORD\node_modules\jest-runner\build\runTest.js:444:34)

      180 |
      181 |         } catch (error) {
    > 182 |             console.error('ÔØî Erreur initialisation bot:', error);
          |                     ^
      183 |             console.error('ÔØî Stack:', error.stack);
      184 |             // Si c'est juste Chrome qui n'est pas trouv├®, ne pas quitter - l'installation runtime va le r├®soudre
      185 |             if (error.message && error.message.includes('Could not find Chrome')) {

      at GLSLDiscordBot.error [as initialize] (bot.js:182:21)
      at Object.initialize (tests/bot.test.js:9073:37)

  console.error
    ÔØî Stack: Error: DISCORD_TOKEN manquant dans .env
        at GLSLDiscordBot.initialize (C:\Users\anne\Desktop\GLSL_DISCORD\bot.js:128:23)
        at Object.initialize (C:\Users\anne\Desktop\GLSL_DISCORD\tests\bot.test.js:9073:37)
        at Promise.then.completed (C:\Users\anne\Desktop\GLSL_DISCORD\node_modules\jest-circus\build\utils.js:298:28)
        at new Promise (<anonymous>)
        at callAsyncCircusFn (C:\Users\anne\Desktop\GLSL_DISCORD\node_modules\jest-circus\build\utils.js:231:10)
        at _callCircusTest (C:\Users\anne\Desktop\GLSL_DISCORD\node_modules\jest-circus\build\run.js:316:40)
        at _runTest (C:\Users\anne\Desktop\GLSL_DISCORD\node_modules\jest-circus\build\run.js:252:3)
        at _runTestsForDescribeBlock (C:\Users\anne\Desktop\GLSL_DISCORD\node_modules\jest-circus\build\run.js:126:9)
        at _runTestsForDescribeBlock (C:\Users\anne\Desktop\GLSL_DISCORD\node_modules\jest-circus\build\run.js:121:9)
        at _runTestsForDescribeBlock (C:\Users\anne\Desktop\GLSL_DISCORD\node_modules\jest-circus\build\run.js:121:9)
        at run (C:\Users\anne\Desktop\GLSL_DISCORD\node_modules\jest-circus\build\run.js:71:3)
        at runAndTransformResultsToJestFormat (C:\Users\anne\Desktop\GLSL_DISCORD\node_modules\jest-circus\build\legacy-code-todo-rewrite\jestAdapterInit.js:122:21)
        at jestAdapter (C:\Users\anne\Desktop\GLSL_DISCORD\node_modules\jest-circus\build\legacy-code-todo-rewrite\jestAdapter.js:79:19)
        at runTestInternal (C:\Users\anne\Desktop\GLSL_DISCORD\node_modules\jest-runner\build\runTest.js:367:16)
        at runTest (C:\Users\anne\Desktop\GLSL_DISCORD\node_modules\jest-runner\build\runTest.js:444:34)

      181 |         } catch (error) {
      182 |             console.error('ÔØî Erreur initialisation bot:', error);
    > 183 |             console.error('ÔØî Stack:', error.stack);
          |                     ^
      184 |             // Si c'est juste Chrome qui n'est pas trouv├®, ne pas quitter - l'installation runtime va le r├®soudre
      185 |             if (error.message && error.message.includes('Could not find Chrome')) {
      186 |                 console.log('ÔÜá´©Å Chrome non trouv├®, mais l\'installation runtime devrait le r├®soudre au prochain red├®marrage');

      at GLSLDiscordBot.error [as initialize] (bot.js:183:21)
      at Object.initialize (tests/bot.test.js:9073:37)

  console.log
    ­ƒÜÇ Initialisation du bot Discord GLSL...

      at GLSLDiscordBot.log [as initialize] (bot.js:124:21)

  console.error
    ÔØî Erreur initialisation bot: Error: DISCORD_CLIENT_ID manquant dans .env
        at GLSLDiscordBot.initialize (C:\Users\anne\Desktop\GLSL_DISCORD\bot.js:131:23)
        at Object.initialize (C:\Users\anne\Desktop\GLSL_DISCORD\tests\bot.test.js:9111:37)
        at Promise.then.completed (C:\Users\anne\Desktop\GLSL_DISCORD\node_modules\jest-circus\build\utils.js:298:28)
        at new Promise (<anonymous>)
        at callAsyncCircusFn (C:\Users\anne\Desktop\GLSL_DISCORD\node_modules\jest-circus\build\utils.js:231:10)
        at _callCircusTest (C:\Users\anne\Desktop\GLSL_DISCORD\node_modules\jest-circus\build\run.js:316:40)
        at _runTest (C:\Users\anne\Desktop\GLSL_DISCORD\node_modules\jest-circus\build\run.js:252:3)
        at _runTestsForDescribeBlock (C:\Users\anne\Desktop\GLSL_DISCORD\node_modules\jest-circus\build\run.js:126:9)
        at _runTestsForDescribeBlock (C:\Users\anne\Desktop\GLSL_DISCORD\node_modules\jest-circus\build\run.js:121:9)
        at _runTestsForDescribeBlock (C:\Users\anne\Desktop\GLSL_DISCORD\node_modules\jest-circus\build\run.js:121:9)
        at run (C:\Users\anne\Desktop\GLSL_DISCORD\node_modules\jest-circus\build\run.js:71:3)
        at runAndTransformResultsToJestFormat (C:\Users\anne\Desktop\GLSL_DISCORD\node_modules\jest-circus\build\legacy-code-todo-rewrite\jestAdapterInit.js:122:21)
        at jestAdapter (C:\Users\anne\Desktop\GLSL_DISCORD\node_modules\jest-circus\build\legacy-code-todo-rewrite\jestAdapter.js:79:19)
        at runTestInternal (C:\Users\anne\Desktop\GLSL_DISCORD\node_modules\jest-runner\build\runTest.js:367:16)
        at runTest (C:\Users\anne\Desktop\GLSL_DISCORD\node_modules\jest-runner\build\runTest.js:444:34)

      180 |
      181 |         } catch (error) {
    > 182 |             console.error('ÔØî Erreur initialisation bot:', error);
          |                     ^
      183 |             console.error('ÔØî Stack:', error.stack);
      184 |             // Si c'est juste Chrome qui n'est pas trouv├®, ne pas quitter - l'installation runtime va le r├®soudre
      185 |             if (error.message && error.message.includes('Could not find Chrome')) {

      at GLSLDiscordBot.error [as initialize] (bot.js:182:21)
      at Object.initialize (tests/bot.test.js:9111:37)

  console.error
    ÔØî Stack: Error: DISCORD_CLIENT_ID manquant dans .env
        at GLSLDiscordBot.initialize (C:\Users\anne\Desktop\GLSL_DISCORD\bot.js:131:23)
        at Object.initialize (C:\Users\anne\Desktop\GLSL_DISCORD\tests\bot.test.js:9111:37)
        at Promise.then.completed (C:\Users\anne\Desktop\GLSL_DISCORD\node_modules\jest-circus\build\utils.js:298:28)
        at new Promise (<anonymous>)
        at callAsyncCircusFn (C:\Users\anne\Desktop\GLSL_DISCORD\node_modules\jest-circus\build\utils.js:231:10)
        at _callCircusTest (C:\Users\anne\Desktop\GLSL_DISCORD\node_modules\jest-circus\build\run.js:316:40)
        at _runTest (C:\Users\anne\Desktop\GLSL_DISCORD\node_modules\jest-circus\build\run.js:252:3)
        at _runTestsForDescribeBlock (C:\Users\anne\Desktop\GLSL_DISCORD\node_modules\jest-circus\build\run.js:126:9)
        at _runTestsForDescribeBlock (C:\Users\anne\Desktop\GLSL_DISCORD\node_modules\jest-circus\build\run.js:121:9)
        at _runTestsForDescribeBlock (C:\Users\anne\Desktop\GLSL_DISCORD\node_modules\jest-circus\build\run.js:121:9)
        at run (C:\Users\anne\Desktop\GLSL_DISCORD\node_modules\jest-circus\build\run.js:71:3)
        at runAndTransformResultsToJestFormat (C:\Users\anne\Desktop\GLSL_DISCORD\node_modules\jest-circus\build\legacy-code-todo-rewrite\jestAdapterInit.js:122:21)
        at jestAdapter (C:\Users\anne\Desktop\GLSL_DISCORD\node_modules\jest-circus\build\legacy-code-todo-rewrite\jestAdapter.js:79:19)
        at runTestInternal (C:\Users\anne\Desktop\GLSL_DISCORD\node_modules\jest-runner\build\runTest.js:367:16)
        at runTest (C:\Users\anne\Desktop\GLSL_DISCORD\node_modules\jest-runner\build\runTest.js:444:34)

      181 |         } catch (error) {
      182 |             console.error('ÔØî Erreur initialisation bot:', error);
    > 183 |             console.error('ÔØî Stack:', error.stack);
          |                     ^
      184 |             // Si c'est juste Chrome qui n'est pas trouv├®, ne pas quitter - l'installation runtime va le r├®soudre
      185 |             if (error.message && error.message.includes('Could not find Chrome')) {
      186 |                 console.log('ÔÜá´©Å Chrome non trouv├®, mais l\'installation runtime devrait le r├®soudre au prochain red├®marrage');

      at GLSLDiscordBot.error [as initialize] (bot.js:183:21)
      at Object.initialize (tests/bot.test.js:9111:37)

  console.log
    ­ƒÜÇ Initialisation du bot Discord GLSL...

      at GLSLDiscordBot.log [as initialize] (bot.js:124:21)

  console.log
    Ô£à Base de donn├®es initialis├®e

      at GLSLDiscordBot.log [as initialize] (bot.js:140:21)

  console.warn
    ÔÜá´©Å WebGL non disponible au d├®marrage - les shaders ne pourront pas ├¬tre compil├®s

      153 |                     compilerError.message.includes('WebGL')
      154 |                 )) {
    > 155 |                     console.warn('ÔÜá´©Å WebGL non disponible au d├®marrage - les shaders ne pourront pas ├¬tre compil├®s');
          |                             ^
      156 |                     console.warn('ÔÜá´©Å Le bot va continuer ├á fonctionner, mais les shaders ne pourront pas ├¬tre compil├®s');
      157 |                 } else {
      158 |                     // Si c'est une autre erreur, la propager

      at GLSLDiscordBot.warn [as initialize] (bot.js:155:29)
      at Object.<anonymous> (tests/bot.test.js:9155:13)

  console.warn
    ÔÜá´©Å Le bot va continuer ├á fonctionner, mais les shaders ne pourront pas ├¬tre compil├®s

      154 |                 )) {
      155 |                     console.warn('ÔÜá´©Å WebGL non disponible au d├®marrage - les shaders ne pourront pas ├¬tre compil├®s');
    > 156 |                     console.warn('ÔÜá´©Å Le bot va continuer ├á fonctionner, mais les shaders ne pourront pas ├¬tre compil├®s');
          |                             ^
      157 |                 } else {
      158 |                     // Si c'est une autre erreur, la propager
      159 |                     throw compilerError;

      at GLSLDiscordBot.warn [as initialize] (bot.js:156:29)
      at Object.<anonymous> (tests/bot.test.js:9155:13)

  console.log
    Ô£à Commande charg├®e: undefined

      at GLSLDiscordBot.log [as loadCommands] (bot.js:214:25)

  console.log
    Ô£à Commande charg├®e: undefined

      at GLSLDiscordBot.log [as loadCommands] (bot.js:214:25)

  console.log
    Ô£à Commande charg├®e: undefined

      at GLSLDiscordBot.log [as loadCommands] (bot.js:214:25)

  console.log
    Ô£à Commande charg├®e: undefined

      at GLSLDiscordBot.log [as loadCommands] (bot.js:214:25)

  console.log
    Ô£à Commande charg├®e: undefined

      at GLSLDiscordBot.log [as loadCommands] (bot.js:214:25)

  console.log
    Ô£à Commande charg├®e: undefined

      at GLSLDiscordBot.log [as loadCommands] (bot.js:214:25)

  console.log
    Ô£à Commandes charg├®es

      at GLSLDiscordBot.log [as initialize] (bot.js:165:21)

  console.log
    ­ƒöä Enregistrement de 1 commandes slash...

      at GLSLDiscordBot.log [as registerSlashCommands] (bot.js:230:21)

  console.error
    ÔØî Erreur enregistrement commandes: Error: API Error
        at Object.<anonymous> (C:\Users\anne\Desktop\GLSL_DISCORD\tests\bot.test.js:2478:50)
        at Promise.then.completed (C:\Users\anne\Desktop\GLSL_DISCORD\node_modules\jest-circus\build\utils.js:298:28)
        at new Promise (<anonymous>)
        at callAsyncCircusFn (C:\Users\anne\Desktop\GLSL_DISCORD\node_modules\jest-circus\build\utils.js:231:10)
        at _callCircusTest (C:\Users\anne\Desktop\GLSL_DISCORD\node_modules\jest-circus\build\run.js:316:40)
        at processTicksAndRejections (node:internal/process/task_queues:95:5)
        at _runTest (C:\Users\anne\Desktop\GLSL_DISCORD\node_modules\jest-circus\build\run.js:252:3)
        at _runTestsForDescribeBlock (C:\Users\anne\Desktop\GLSL_DISCORD\node_modules\jest-circus\build\run.js:126:9)
        at _runTestsForDescribeBlock (C:\Users\anne\Desktop\GLSL_DISCORD\node_modules\jest-circus\build\run.js:121:9)
        at _runTestsForDescribeBlock (C:\Users\anne\Desktop\GLSL_DISCORD\node_modules\jest-circus\build\run.js:121:9)
        at run (C:\Users\anne\Desktop\GLSL_DISCORD\node_modules\jest-circus\build\run.js:71:3)
        at runAndTransformResultsToJestFormat (C:\Users\anne\Desktop\GLSL_DISCORD\node_modules\jest-circus\build\legacy-code-todo-rewrite\jestAdapterInit.js:122:21)
        at jestAdapter (C:\Users\anne\Desktop\GLSL_DISCORD\node_modules\jest-circus\build\legacy-code-todo-rewrite\jestAdapter.js:79:19)
        at runTestInternal (C:\Users\anne\Desktop\GLSL_DISCORD\node_modules\jest-runner\build\runTest.js:367:16)
        at runTest (C:\Users\anne\Desktop\GLSL_DISCORD\node_modules\jest-runner\build\runTest.js:444:34)

      237 |             console.log(`Ô£à ${data.length} commandes slash enregistr├®es avec succ├¿s`);
      238 |         } catch (error) {
    > 239 |             console.error('ÔØî Erreur enregistrement commandes:', error);
          |                     ^
      240 |         }
      241 |     }
      242 |

      at GLSLDiscordBot.error [as registerSlashCommands] (bot.js:239:21)
      at GLSLDiscordBot.initialize (bot.js:168:13)
      at Object.<anonymous> (tests/bot.test.js:9155:13)

  console.log
    Ô£à Commandes slash enregistr├®es

      at GLSLDiscordBot.log [as initialize] (bot.js:169:21)

  console.log
    [2025-11-15T10:43:25.260Z] INFO: Registered cleanup function: browserPool

      at Function.log [as info] (src/utils/logger.js:11:17)

  console.log
    [2025-11-15T10:43:25.260Z] INFO: Registered cleanup function: database

      at Function.log [as info] (src/utils/logger.js:11:17)

  console.log
    [2025-11-15T10:43:25.262Z] INFO: ­ƒöä Auto backups scheduled: 0 3 * * *

      at Function.log [as info] (src/utils/logger.js:11:17)

  console.log
    [2025-11-15T10:43:25.262Z] INFO: ­ƒöä Auto cleanup scheduled: weekly on Sunday at 4am

      at Function.log [as info] (src/utils/logger.js:11:17)

  console.log
    ­ƒîÉ Serveur Express d├®marr├® sur le port 8080

      at log (bot.js:5918:25)

  console.log
    [2025-11-15T10:43:25.262Z] INFO: Registered cleanup function: expressServer

      at Function.log [as info] (src/utils/logger.js:11:17)

  console.log
    Ô£à Bot Discord connect├® avec succ├¿s!

      at GLSLDiscordBot.log [as initialize] (bot.js:179:21)

  console.log
    ­ƒÜÇ Initialisation du bot Discord GLSL...

      at GLSLDiscordBot.log [as initialize] (bot.js:124:21)

  console.log
    Ô£à Base de donn├®es initialis├®e

      at GLSLDiscordBot.log [as initialize] (bot.js:140:21)

  console.warn
    ÔÜá´©Å WebGL non disponible au d├®marrage - les shaders ne pourront pas ├¬tre compil├®s

      153 |                     compilerError.message.includes('WebGL')
      154 |                 )) {
    > 155 |                     console.warn('ÔÜá´©Å WebGL non disponible au d├®marrage - les shaders ne pourront pas ├¬tre compil├®s');
          |                             ^
      156 |                     console.warn('ÔÜá´©Å Le bot va continuer ├á fonctionner, mais les shaders ne pourront pas ├¬tre compil├®s');
      157 |                 } else {
      158 |                     // Si c'est une autre erreur, la propager

      at GLSLDiscordBot.warn [as initialize] (bot.js:155:29)
      at Object.<anonymous> (tests/bot.test.js:9181:13)

  console.warn
    ÔÜá´©Å Le bot va continuer ├á fonctionner, mais les shaders ne pourront pas ├¬tre compil├®s

      154 |                 )) {
      155 |                     console.warn('ÔÜá´©Å WebGL non disponible au d├®marrage - les shaders ne pourront pas ├¬tre compil├®s');
    > 156 |                     console.warn('ÔÜá´©Å Le bot va continuer ├á fonctionner, mais les shaders ne pourront pas ├¬tre compil├®s');
          |                             ^
      157 |                 } else {
      158 |                     // Si c'est une autre erreur, la propager
      159 |                     throw compilerError;

      at GLSLDiscordBot.warn [as initialize] (bot.js:156:29)
      at Object.<anonymous> (tests/bot.test.js:9181:13)

  console.log
    Ô£à Commande charg├®e: undefined

      at GLSLDiscordBot.log [as loadCommands] (bot.js:214:25)

  console.log
    Ô£à Commande charg├®e: undefined

      at GLSLDiscordBot.log [as loadCommands] (bot.js:214:25)

  console.log
    Ô£à Commande charg├®e: undefined

      at GLSLDiscordBot.log [as loadCommands] (bot.js:214:25)

  console.log
    Ô£à Commande charg├®e: undefined

      at GLSLDiscordBot.log [as loadCommands] (bot.js:214:25)

  console.log
    Ô£à Commande charg├®e: undefined

      at GLSLDiscordBot.log [as loadCommands] (bot.js:214:25)

  console.log
    Ô£à Commande charg├®e: undefined

      at GLSLDiscordBot.log [as loadCommands] (bot.js:214:25)

  console.log
    Ô£à Commandes charg├®es

      at GLSLDiscordBot.log [as initialize] (bot.js:165:21)

  console.log
    ­ƒöä Enregistrement de 1 commandes slash...

      at GLSLDiscordBot.log [as registerSlashCommands] (bot.js:230:21)

  console.error
    ÔØî Erreur enregistrement commandes: Error: API Error
        at Object.<anonymous> (C:\Users\anne\Desktop\GLSL_DISCORD\tests\bot.test.js:2478:50)
        at Promise.then.completed (C:\Users\anne\Desktop\GLSL_DISCORD\node_modules\jest-circus\build\utils.js:298:28)
        at new Promise (<anonymous>)
        at callAsyncCircusFn (C:\Users\anne\Desktop\GLSL_DISCORD\node_modules\jest-circus\build\utils.js:231:10)
        at _callCircusTest (C:\Users\anne\Desktop\GLSL_DISCORD\node_modules\jest-circus\build\run.js:316:40)
        at processTicksAndRejections (node:internal/process/task_queues:95:5)
        at _runTest (C:\Users\anne\Desktop\GLSL_DISCORD\node_modules\jest-circus\build\run.js:252:3)
        at _runTestsForDescribeBlock (C:\Users\anne\Desktop\GLSL_DISCORD\node_modules\jest-circus\build\run.js:126:9)
        at _runTestsForDescribeBlock (C:\Users\anne\Desktop\GLSL_DISCORD\node_modules\jest-circus\build\run.js:121:9)
        at _runTestsForDescribeBlock (C:\Users\anne\Desktop\GLSL_DISCORD\node_modules\jest-circus\build\run.js:121:9)
        at run (C:\Users\anne\Desktop\GLSL_DISCORD\node_modules\jest-circus\build\run.js:71:3)
        at runAndTransformResultsToJestFormat (C:\Users\anne\Desktop\GLSL_DISCORD\node_modules\jest-circus\build\legacy-code-todo-rewrite\jestAdapterInit.js:122:21)
        at jestAdapter (C:\Users\anne\Desktop\GLSL_DISCORD\node_modules\jest-circus\build\legacy-code-todo-rewrite\jestAdapter.js:79:19)
        at runTestInternal (C:\Users\anne\Desktop\GLSL_DISCORD\node_modules\jest-runner\build\runTest.js:367:16)
        at runTest (C:\Users\anne\Desktop\GLSL_DISCORD\node_modules\jest-runner\build\runTest.js:444:34)

      237 |             console.log(`Ô£à ${data.length} commandes slash enregistr├®es avec succ├¿s`);
      238 |         } catch (error) {
    > 239 |             console.error('ÔØî Erreur enregistrement commandes:', error);
          |                     ^
      240 |         }
      241 |     }
      242 |

      at GLSLDiscordBot.error [as registerSlashCommands] (bot.js:239:21)
      at GLSLDiscordBot.initialize (bot.js:168:13)
      at Object.<anonymous> (tests/bot.test.js:9181:13)

  console.log
    Ô£à Commandes slash enregistr├®es

      at GLSLDiscordBot.log [as initialize] (bot.js:169:21)

  console.log
    [2025-11-15T10:43:25.382Z] INFO: Registered cleanup function: browserPool

      at Function.log [as info] (src/utils/logger.js:11:17)

  console.log
    [2025-11-15T10:43:25.383Z] INFO: Registered cleanup function: database

      at Function.log [as info] (src/utils/logger.js:11:17)

  console.log
    [2025-11-15T10:43:25.383Z] INFO: ­ƒöä Auto backups scheduled: 0 3 * * *

      at Function.log [as info] (src/utils/logger.js:11:17)

  console.log
    [2025-11-15T10:43:25.383Z] INFO: ­ƒöä Auto cleanup scheduled: weekly on Sunday at 4am

      at Function.log [as info] (src/utils/logger.js:11:17)

  console.log
    ­ƒîÉ Serveur Express d├®marr├® sur le port 8080

      at log (bot.js:5918:25)

  console.log
    [2025-11-15T10:43:25.384Z] INFO: Registered cleanup function: expressServer

      at Function.log [as info] (src/utils/logger.js:11:17)

  console.log
    Ô£à Bot Discord connect├® avec succ├¿s!

      at GLSLDiscordBot.log [as initialize] (bot.js:179:21)

  console.log
    ­ƒÜÇ Initialisation du bot Discord GLSL...

      at GLSLDiscordBot.log [as initialize] (bot.js:124:21)

  console.log
    Ô£à Base de donn├®es initialis├®e

      at GLSLDiscordBot.log [as initialize] (bot.js:140:21)

  console.warn
    ÔÜá´©Å WebGL non disponible au d├®marrage - les shaders ne pourront pas ├¬tre compil├®s

      153 |                     compilerError.message.includes('WebGL')
      154 |                 )) {
    > 155 |                     console.warn('ÔÜá´©Å WebGL non disponible au d├®marrage - les shaders ne pourront pas ├¬tre compil├®s');
          |                             ^
      156 |                     console.warn('ÔÜá´©Å Le bot va continuer ├á fonctionner, mais les shaders ne pourront pas ├¬tre compil├®s');
      157 |                 } else {
      158 |                     // Si c'est une autre erreur, la propager

      at GLSLDiscordBot.warn [as initialize] (bot.js:155:29)
      at Object.<anonymous> (tests/bot.test.js:9200:13)

  console.warn
    ÔÜá´©Å Le bot va continuer ├á fonctionner, mais les shaders ne pourront pas ├¬tre compil├®s

      154 |                 )) {
      155 |                     console.warn('ÔÜá´©Å WebGL non disponible au d├®marrage - les shaders ne pourront pas ├¬tre compil├®s');
    > 156 |                     console.warn('ÔÜá´©Å Le bot va continuer ├á fonctionner, mais les shaders ne pourront pas ├¬tre compil├®s');
          |                             ^
      157 |                 } else {
      158 |                     // Si c'est une autre erreur, la propager
      159 |                     throw compilerError;

      at GLSLDiscordBot.warn [as initialize] (bot.js:156:29)
      at Object.<anonymous> (tests/bot.test.js:9200:13)

  console.log
    Ô£à Commande charg├®e: undefined

      at GLSLDiscordBot.log [as loadCommands] (bot.js:214:25)

  console.log
    Ô£à Commande charg├®e: undefined

      at GLSLDiscordBot.log [as loadCommands] (bot.js:214:25)

  console.log
    Ô£à Commande charg├®e: undefined

      at GLSLDiscordBot.log [as loadCommands] (bot.js:214:25)

  console.log
    Ô£à Commande charg├®e: undefined

      at GLSLDiscordBot.log [as loadCommands] (bot.js:214:25)

  console.log
    Ô£à Commande charg├®e: undefined

      at GLSLDiscordBot.log [as loadCommands] (bot.js:214:25)

  console.log
    Ô£à Commande charg├®e: undefined

      at GLSLDiscordBot.log [as loadCommands] (bot.js:214:25)

  console.log
    Ô£à Commandes charg├®es

      at GLSLDiscordBot.log [as initialize] (bot.js:165:21)

  console.log
    ­ƒöä Enregistrement de 1 commandes slash...

      at GLSLDiscordBot.log [as registerSlashCommands] (bot.js:230:21)

  console.error
    ÔØî Erreur enregistrement commandes: Error: API Error
        at Object.<anonymous> (C:\Users\anne\Desktop\GLSL_DISCORD\tests\bot.test.js:2478:50)
        at Promise.then.completed (C:\Users\anne\Desktop\GLSL_DISCORD\node_modules\jest-circus\build\utils.js:298:28)
        at new Promise (<anonymous>)
        at callAsyncCircusFn (C:\Users\anne\Desktop\GLSL_DISCORD\node_modules\jest-circus\build\utils.js:231:10)
        at _callCircusTest (C:\Users\anne\Desktop\GLSL_DISCORD\node_modules\jest-circus\build\run.js:316:40)
        at processTicksAndRejections (node:internal/process/task_queues:95:5)
        at _runTest (C:\Users\anne\Desktop\GLSL_DISCORD\node_modules\jest-circus\build\run.js:252:3)
        at _runTestsForDescribeBlock (C:\Users\anne\Desktop\GLSL_DISCORD\node_modules\jest-circus\build\run.js:126:9)
        at _runTestsForDescribeBlock (C:\Users\anne\Desktop\GLSL_DISCORD\node_modules\jest-circus\build\run.js:121:9)
        at _runTestsForDescribeBlock (C:\Users\anne\Desktop\GLSL_DISCORD\node_modules\jest-circus\build\run.js:121:9)
        at run (C:\Users\anne\Desktop\GLSL_DISCORD\node_modules\jest-circus\build\run.js:71:3)
        at runAndTransformResultsToJestFormat (C:\Users\anne\Desktop\GLSL_DISCORD\node_modules\jest-circus\build\legacy-code-todo-rewrite\jestAdapterInit.js:122:21)
        at jestAdapter (C:\Users\anne\Desktop\GLSL_DISCORD\node_modules\jest-circus\build\legacy-code-todo-rewrite\jestAdapter.js:79:19)
        at runTestInternal (C:\Users\anne\Desktop\GLSL_DISCORD\node_modules\jest-runner\build\runTest.js:367:16)
        at runTest (C:\Users\anne\Desktop\GLSL_DISCORD\node_modules\jest-runner\build\runTest.js:444:34)

      237 |             console.log(`Ô£à ${data.length} commandes slash enregistr├®es avec succ├¿s`);
      238 |         } catch (error) {
    > 239 |             console.error('ÔØî Erreur enregistrement commandes:', error);
          |                     ^
      240 |         }
      241 |     }
      242 |

      at GLSLDiscordBot.error [as registerSlashCommands] (bot.js:239:21)
      at GLSLDiscordBot.initialize (bot.js:168:13)
      at Object.<anonymous> (tests/bot.test.js:9200:13)

  console.log
    Ô£à Commandes slash enregistr├®es

      at GLSLDiscordBot.log [as initialize] (bot.js:169:21)

  console.log
    [2025-11-15T10:43:25.392Z] INFO: Registered cleanup function: browserPool

      at Function.log [as info] (src/utils/logger.js:11:17)

  console.log
    [2025-11-15T10:43:25.392Z] INFO: Registered cleanup function: database

      at Function.log [as info] (src/utils/logger.js:11:17)

  console.log
    [2025-11-15T10:43:25.393Z] INFO: ­ƒöä Auto backups scheduled: 0 3 * * *

      at Function.log [as info] (src/utils/logger.js:11:17)

  console.log
    [2025-11-15T10:43:25.393Z] INFO: ­ƒöä Auto cleanup scheduled: weekly on Sunday at 4am

      at Function.log [as info] (src/utils/logger.js:11:17)

  console.log
    ­ƒîÉ Serveur Express d├®marr├® sur le port 8080

      at log (bot.js:5918:25)

  console.log
    [2025-11-15T10:43:25.393Z] INFO: Registered cleanup function: expressServer

      at Function.log [as info] (src/utils/logger.js:11:17)

  console.log
    Ô£à Bot Discord connect├® avec succ├¿s!

      at GLSLDiscordBot.log [as initialize] (bot.js:179:21)

  console.log
    ­ƒÜÇ Initialisation du bot Discord GLSL...

      at GLSLDiscordBot.log [as initialize] (bot.js:124:21)

  console.log
    Ô£à Base de donn├®es initialis├®e

      at GLSLDiscordBot.log [as initialize] (bot.js:140:21)

  console.warn
    ÔÜá´©Å WebGL non disponible au d├®marrage - les shaders ne pourront pas ├¬tre compil├®s

      153 |                     compilerError.message.includes('WebGL')
      154 |                 )) {
    > 155 |                     console.warn('ÔÜá´©Å WebGL non disponible au d├®marrage - les shaders ne pourront pas ├¬tre compil├®s');
          |                             ^
      156 |                     console.warn('ÔÜá´©Å Le bot va continuer ├á fonctionner, mais les shaders ne pourront pas ├¬tre compil├®s');
      157 |                 } else {
      158 |                     // Si c'est une autre erreur, la propager

      at GLSLDiscordBot.warn [as initialize] (bot.js:155:29)
      at Object.<anonymous> (tests/bot.test.js:9219:13)

  console.warn
    ÔÜá´©Å Le bot va continuer ├á fonctionner, mais les shaders ne pourront pas ├¬tre compil├®s

      154 |                 )) {
      155 |                     console.warn('ÔÜá´©Å WebGL non disponible au d├®marrage - les shaders ne pourront pas ├¬tre compil├®s');
    > 156 |                     console.warn('ÔÜá´©Å Le bot va continuer ├á fonctionner, mais les shaders ne pourront pas ├¬tre compil├®s');
          |                             ^
      157 |                 } else {
      158 |                     // Si c'est une autre erreur, la propager
      159 |                     throw compilerError;

      at GLSLDiscordBot.warn [as initialize] (bot.js:156:29)
      at Object.<anonymous> (tests/bot.test.js:9219:13)

  console.log
    Ô£à Commande charg├®e: undefined

      at GLSLDiscordBot.log [as loadCommands] (bot.js:214:25)

  console.log
    Ô£à Commande charg├®e: undefined

      at GLSLDiscordBot.log [as loadCommands] (bot.js:214:25)

  console.log
    Ô£à Commande charg├®e: undefined

      at GLSLDiscordBot.log [as loadCommands] (bot.js:214:25)

  console.log
    Ô£à Commande charg├®e: undefined

      at GLSLDiscordBot.log [as loadCommands] (bot.js:214:25)

  console.log
    Ô£à Commande charg├®e: undefined

      at GLSLDiscordBot.log [as loadCommands] (bot.js:214:25)

  console.log
    Ô£à Commande charg├®e: undefined

      at GLSLDiscordBot.log [as loadCommands] (bot.js:214:25)

  console.log
    Ô£à Commandes charg├®es

      at GLSLDiscordBot.log [as initialize] (bot.js:165:21)

  console.log
    ­ƒöä Enregistrement de 1 commandes slash...

      at GLSLDiscordBot.log [as registerSlashCommands] (bot.js:230:21)

  console.error
    ÔØî Erreur enregistrement commandes: Error: API Error
        at Object.<anonymous> (C:\Users\anne\Desktop\GLSL_DISCORD\tests\bot.test.js:2478:50)
        at Promise.then.completed (C:\Users\anne\Desktop\GLSL_DISCORD\node_modules\jest-circus\build\utils.js:298:28)
        at new Promise (<anonymous>)
        at callAsyncCircusFn (C:\Users\anne\Desktop\GLSL_DISCORD\node_modules\jest-circus\build\utils.js:231:10)
        at _callCircusTest (C:\Users\anne\Desktop\GLSL_DISCORD\node_modules\jest-circus\build\run.js:316:40)
        at processTicksAndRejections (node:internal/process/task_queues:95:5)
        at _runTest (C:\Users\anne\Desktop\GLSL_DISCORD\node_modules\jest-circus\build\run.js:252:3)
        at _runTestsForDescribeBlock (C:\Users\anne\Desktop\GLSL_DISCORD\node_modules\jest-circus\build\run.js:126:9)
        at _runTestsForDescribeBlock (C:\Users\anne\Desktop\GLSL_DISCORD\node_modules\jest-circus\build\run.js:121:9)
        at _runTestsForDescribeBlock (C:\Users\anne\Desktop\GLSL_DISCORD\node_modules\jest-circus\build\run.js:121:9)
        at run (C:\Users\anne\Desktop\GLSL_DISCORD\node_modules\jest-circus\build\run.js:71:3)
        at runAndTransformResultsToJestFormat (C:\Users\anne\Desktop\GLSL_DISCORD\node_modules\jest-circus\build\legacy-code-todo-rewrite\jestAdapterInit.js:122:21)
        at jestAdapter (C:\Users\anne\Desktop\GLSL_DISCORD\node_modules\jest-circus\build\legacy-code-todo-rewrite\jestAdapter.js:79:19)
        at runTestInternal (C:\Users\anne\Desktop\GLSL_DISCORD\node_modules\jest-runner\build\runTest.js:367:16)
        at runTest (C:\Users\anne\Desktop\GLSL_DISCORD\node_modules\jest-runner\build\runTest.js:444:34)

      237 |             console.log(`Ô£à ${data.length} commandes slash enregistr├®es avec succ├¿s`);
      238 |         } catch (error) {
    > 239 |             console.error('ÔØî Erreur enregistrement commandes:', error);
          |                     ^
      240 |         }
      241 |     }
      242 |

      at GLSLDiscordBot.error [as registerSlashCommands] (bot.js:239:21)
      at GLSLDiscordBot.initialize (bot.js:168:13)
      at Object.<anonymous> (tests/bot.test.js:9219:13)

  console.log
    Ô£à Commandes slash enregistr├®es

      at GLSLDiscordBot.log [as initialize] (bot.js:169:21)

  console.log
    [2025-11-15T10:43:25.402Z] INFO: Registered cleanup function: browserPool

      at Function.log [as info] (src/utils/logger.js:11:17)

  console.log
    [2025-11-15T10:43:25.402Z] INFO: Registered cleanup function: database

      at Function.log [as info] (src/utils/logger.js:11:17)

  console.log
    [2025-11-15T10:43:25.402Z] INFO: ­ƒöä Auto backups scheduled: 0 3 * * *

      at Function.log [as info] (src/utils/logger.js:11:17)

  console.log
    [2025-11-15T10:43:25.403Z] INFO: ­ƒöä Auto cleanup scheduled: weekly on Sunday at 4am

      at Function.log [as info] (src/utils/logger.js:11:17)

  console.log
    ­ƒîÉ Serveur Express d├®marr├® sur le port 8080

      at log (bot.js:5918:25)

  console.log
    [2025-11-15T10:43:25.403Z] INFO: Registered cleanup function: expressServer

      at Function.log [as info] (src/utils/logger.js:11:17)

  console.log
    Ô£à Bot Discord connect├® avec succ├¿s!

      at GLSLDiscordBot.log [as initialize] (bot.js:179:21)

  console.log
    ­ƒÜÇ Initialisation du bot Discord GLSL...

      at GLSLDiscordBot.log [as initialize] (bot.js:124:21)

  console.log
    Ô£à Base de donn├®es initialis├®e

      at GLSLDiscordBot.log [as initialize] (bot.js:140:21)

  console.warn
    ÔÜá´©Å WebGL non disponible au d├®marrage - les shaders ne pourront pas ├¬tre compil├®s

      153 |                     compilerError.message.includes('WebGL')
      154 |                 )) {
    > 155 |                     console.warn('ÔÜá´©Å WebGL non disponible au d├®marrage - les shaders ne pourront pas ├¬tre compil├®s');
          |                             ^
      156 |                     console.warn('ÔÜá´©Å Le bot va continuer ├á fonctionner, mais les shaders ne pourront pas ├¬tre compil├®s');
      157 |                 } else {
      158 |                     // Si c'est une autre erreur, la propager

      at GLSLDiscordBot.warn [as initialize] (bot.js:155:29)
      at Object.<anonymous> (tests/bot.test.js:9238:13)

  console.warn
    ÔÜá´©Å Le bot va continuer ├á fonctionner, mais les shaders ne pourront pas ├¬tre compil├®s

      154 |                 )) {
      155 |                     console.warn('ÔÜá´©Å WebGL non disponible au d├®marrage - les shaders ne pourront pas ├¬tre compil├®s');
    > 156 |                     console.warn('ÔÜá´©Å Le bot va continuer ├á fonctionner, mais les shaders ne pourront pas ├¬tre compil├®s');
          |                             ^
      157 |                 } else {
      158 |                     // Si c'est une autre erreur, la propager
      159 |                     throw compilerError;

      at GLSLDiscordBot.warn [as initialize] (bot.js:156:29)
      at Object.<anonymous> (tests/bot.test.js:9238:13)

  console.log
    Ô£à Commande charg├®e: undefined

      at GLSLDiscordBot.log [as loadCommands] (bot.js:214:25)

  console.log
    Ô£à Commande charg├®e: undefined

      at GLSLDiscordBot.log [as loadCommands] (bot.js:214:25)

  console.log
    Ô£à Commande charg├®e: undefined

      at GLSLDiscordBot.log [as loadCommands] (bot.js:214:25)

  console.log
    Ô£à Commande charg├®e: undefined

      at GLSLDiscordBot.log [as loadCommands] (bot.js:214:25)

  console.log
    Ô£à Commande charg├®e: undefined

      at GLSLDiscordBot.log [as loadCommands] (bot.js:214:25)

  console.log
    Ô£à Commande charg├®e: undefined

      at GLSLDiscordBot.log [as loadCommands] (bot.js:214:25)

  console.log
    Ô£à Commandes charg├®es

      at GLSLDiscordBot.log [as initialize] (bot.js:165:21)

  console.log
    ­ƒöä Enregistrement de 1 commandes slash...

      at GLSLDiscordBot.log [as registerSlashCommands] (bot.js:230:21)

  console.error
    ÔØî Erreur enregistrement commandes: Error: API Error
        at Object.<anonymous> (C:\Users\anne\Desktop\GLSL_DISCORD\tests\bot.test.js:2478:50)
        at Promise.then.completed (C:\Users\anne\Desktop\GLSL_DISCORD\node_modules\jest-circus\build\utils.js:298:28)
        at new Promise (<anonymous>)
        at callAsyncCircusFn (C:\Users\anne\Desktop\GLSL_DISCORD\node_modules\jest-circus\build\utils.js:231:10)
        at _callCircusTest (C:\Users\anne\Desktop\GLSL_DISCORD\node_modules\jest-circus\build\run.js:316:40)
        at processTicksAndRejections (node:internal/process/task_queues:95:5)
        at _runTest (C:\Users\anne\Desktop\GLSL_DISCORD\node_modules\jest-circus\build\run.js:252:3)
        at _runTestsForDescribeBlock (C:\Users\anne\Desktop\GLSL_DISCORD\node_modules\jest-circus\build\run.js:126:9)
        at _runTestsForDescribeBlock (C:\Users\anne\Desktop\GLSL_DISCORD\node_modules\jest-circus\build\run.js:121:9)
        at _runTestsForDescribeBlock (C:\Users\anne\Desktop\GLSL_DISCORD\node_modules\jest-circus\build\run.js:121:9)
        at run (C:\Users\anne\Desktop\GLSL_DISCORD\node_modules\jest-circus\build\run.js:71:3)
        at runAndTransformResultsToJestFormat (C:\Users\anne\Desktop\GLSL_DISCORD\node_modules\jest-circus\build\legacy-code-todo-rewrite\jestAdapterInit.js:122:21)
        at jestAdapter (C:\Users\anne\Desktop\GLSL_DISCORD\node_modules\jest-circus\build\legacy-code-todo-rewrite\jestAdapter.js:79:19)
        at runTestInternal (C:\Users\anne\Desktop\GLSL_DISCORD\node_modules\jest-runner\build\runTest.js:367:16)
        at runTest (C:\Users\anne\Desktop\GLSL_DISCORD\node_modules\jest-runner\build\runTest.js:444:34)

      237 |             console.log(`Ô£à ${data.length} commandes slash enregistr├®es avec succ├¿s`);
      238 |         } catch (error) {
    > 239 |             console.error('ÔØî Erreur enregistrement commandes:', error);
          |                     ^
      240 |         }
      241 |     }
      242 |

      at GLSLDiscordBot.error [as registerSlashCommands] (bot.js:239:21)
      at GLSLDiscordBot.initialize (bot.js:168:13)
      at Object.<anonymous> (tests/bot.test.js:9238:13)

  console.log
    Ô£à Commandes slash enregistr├®es

      at GLSLDiscordBot.log [as initialize] (bot.js:169:21)

  console.log
    [2025-11-15T10:43:25.412Z] INFO: Registered cleanup function: browserPool

      at Function.log [as info] (src/utils/logger.js:11:17)

  console.log
    [2025-11-15T10:43:25.412Z] INFO: Registered cleanup function: database

      at Function.log [as info] (src/utils/logger.js:11:17)

  console.log
    [2025-11-15T10:43:25.412Z] INFO: ­ƒöä Auto backups scheduled: 0 3 * * *

      at Function.log [as info] (src/utils/logger.js:11:17)

  console.log
    [2025-11-15T10:43:25.412Z] INFO: ­ƒöä Auto cleanup scheduled: weekly on Sunday at 4am

      at Function.log [as info] (src/utils/logger.js:11:17)

  console.log
    ­ƒîÉ Serveur Express d├®marr├® sur le port 8080

      at log (bot.js:5918:25)

  console.log
    [2025-11-15T10:43:25.413Z] INFO: Registered cleanup function: expressServer

      at Function.log [as info] (src/utils/logger.js:11:17)

  console.log
    Ô£à Bot Discord connect├® avec succ├¿s!

      at GLSLDiscordBot.log [as initialize] (bot.js:179:21)

  console.log
    ­ƒÜÇ Initialisation du bot Discord GLSL...

      at GLSLDiscordBot.log [as initialize] (bot.js:124:21)

  console.log
    Ô£à Base de donn├®es initialis├®e

      at GLSLDiscordBot.log [as initialize] (bot.js:140:21)

  console.error
    ÔØî Erreur initialisation bot: Error: Other compiler error
        at Object.<anonymous> (C:\Users\anne\Desktop\GLSL_DISCORD\tests\bot.test.js:9255:59)
        at Promise.then.completed (C:\Users\anne\Desktop\GLSL_DISCORD\node_modules\jest-circus\build\utils.js:298:28)
        at new Promise (<anonymous>)
        at callAsyncCircusFn (C:\Users\anne\Desktop\GLSL_DISCORD\node_modules\jest-circus\build\utils.js:231:10)
        at _callCircusTest (C:\Users\anne\Desktop\GLSL_DISCORD\node_modules\jest-circus\build\run.js:316:40)
        at _runTest (C:\Users\anne\Desktop\GLSL_DISCORD\node_modules\jest-circus\build\run.js:252:3)
        at _runTestsForDescribeBlock (C:\Users\anne\Desktop\GLSL_DISCORD\node_modules\jest-circus\build\run.js:126:9)
        at _runTestsForDescribeBlock (C:\Users\anne\Desktop\GLSL_DISCORD\node_modules\jest-circus\build\run.js:121:9)
        at _runTestsForDescribeBlock (C:\Users\anne\Desktop\GLSL_DISCORD\node_modules\jest-circus\build\run.js:121:9)
        at run (C:\Users\anne\Desktop\GLSL_DISCORD\node_modules\jest-circus\build\run.js:71:3)
        at runAndTransformResultsToJestFormat (C:\Users\anne\Desktop\GLSL_DISCORD\node_modules\jest-circus\build\legacy-code-todo-rewrite\jestAdapterInit.js:122:21)
        at jestAdapter (C:\Users\anne\Desktop\GLSL_DISCORD\node_modules\jest-circus\build\legacy-code-todo-rewrite\jestAdapter.js:79:19)
        at runTestInternal (C:\Users\anne\Desktop\GLSL_DISCORD\node_modules\jest-runner\build\runTest.js:367:16)
        at runTest (C:\Users\anne\Desktop\GLSL_DISCORD\node_modules\jest-runner\build\runTest.js:444:34)

      180 |
      181 |         } catch (error) {
    > 182 |             console.error('ÔØî Erreur initialisation bot:', error);
          |                     ^
      183 |             console.error('ÔØî Stack:', error.stack);
      184 |             // Si c'est juste Chrome qui n'est pas trouv├®, ne pas quitter - l'installation runtime va le r├®soudre
      185 |             if (error.message && error.message.includes('Could not find Chrome')) {

      at GLSLDiscordBot.error [as initialize] (bot.js:182:21)
      at Object.<anonymous> (tests/bot.test.js:9261:13)

  console.error
    ÔØî Stack: Error: Other compiler error
        at Object.<anonymous> (C:\Users\anne\Desktop\GLSL_DISCORD\tests\bot.test.js:9255:59)
        at Promise.then.completed (C:\Users\anne\Desktop\GLSL_DISCORD\node_modules\jest-circus\build\utils.js:298:28)
        at new Promise (<anonymous>)
        at callAsyncCircusFn (C:\Users\anne\Desktop\GLSL_DISCORD\node_modules\jest-circus\build\utils.js:231:10)
        at _callCircusTest (C:\Users\anne\Desktop\GLSL_DISCORD\node_modules\jest-circus\build\run.js:316:40)
        at _runTest (C:\Users\anne\Desktop\GLSL_DISCORD\node_modules\jest-circus\build\run.js:252:3)
        at _runTestsForDescribeBlock (C:\Users\anne\Desktop\GLSL_DISCORD\node_modules\jest-circus\build\run.js:126:9)
        at _runTestsForDescribeBlock (C:\Users\anne\Desktop\GLSL_DISCORD\node_modules\jest-circus\build\run.js:121:9)
        at _runTestsForDescribeBlock (C:\Users\anne\Desktop\GLSL_DISCORD\node_modules\jest-circus\build\run.js:121:9)
        at run (C:\Users\anne\Desktop\GLSL_DISCORD\node_modules\jest-circus\build\run.js:71:3)
        at runAndTransformResultsToJestFormat (C:\Users\anne\Desktop\GLSL_DISCORD\node_modules\jest-circus\build\legacy-code-todo-rewrite\jestAdapterInit.js:122:21)
        at jestAdapter (C:\Users\anne\Desktop\GLSL_DISCORD\node_modules\jest-circus\build\legacy-code-todo-rewrite\jestAdapter.js:79:19)
        at runTestInternal (C:\Users\anne\Desktop\GLSL_DISCORD\node_modules\jest-runner\build\runTest.js:367:16)
        at runTest (C:\Users\anne\Desktop\GLSL_DISCORD\node_modules\jest-runner\build\runTest.js:444:34)

      181 |         } catch (error) {
      182 |             console.error('ÔØî Erreur initialisation bot:', error);
    > 183 |             console.error('ÔØî Stack:', error.stack);
          |                     ^
      184 |             // Si c'est juste Chrome qui n'est pas trouv├®, ne pas quitter - l'installation runtime va le r├®soudre
      185 |             if (error.message && error.message.includes('Could not find Chrome')) {
      186 |                 console.log('ÔÜá´©Å Chrome non trouv├®, mais l\'installation runtime devrait le r├®soudre au prochain red├®marrage');

      at GLSLDiscordBot.error [as initialize] (bot.js:183:21)
      at Object.<anonymous> (tests/bot.test.js:9261:13)

  console.log
    ­ƒÜÇ Initialisation du bot Discord GLSL...

      at GLSLDiscordBot.log [as initialize] (bot.js:124:21)

  console.error
    ÔØî Erreur initialisation bot: Error: Could not find Chrome
        at Object.<anonymous> (C:\Users\anne\Desktop\GLSL_DISCORD\tests\bot.test.js:9288:59)
        at Promise.then.completed (C:\Users\anne\Desktop\GLSL_DISCORD\node_modules\jest-circus\build\utils.js:298:28)
        at new Promise (<anonymous>)
        at callAsyncCircusFn (C:\Users\anne\Desktop\GLSL_DISCORD\node_modules\jest-circus\build\utils.js:231:10)
        at _callCircusTest (C:\Users\anne\Desktop\GLSL_DISCORD\node_modules\jest-circus\build\run.js:316:40)
        at _runTest (C:\Users\anne\Desktop\GLSL_DISCORD\node_modules\jest-circus\build\run.js:252:3)
        at _runTestsForDescribeBlock (C:\Users\anne\Desktop\GLSL_DISCORD\node_modules\jest-circus\build\run.js:126:9)
        at _runTestsForDescribeBlock (C:\Users\anne\Desktop\GLSL_DISCORD\node_modules\jest-circus\build\run.js:121:9)
        at _runTestsForDescribeBlock (C:\Users\anne\Desktop\GLSL_DISCORD\node_modules\jest-circus\build\run.js:121:9)
        at run (C:\Users\anne\Desktop\GLSL_DISCORD\node_modules\jest-circus\build\run.js:71:3)
        at runAndTransformResultsToJestFormat (C:\Users\anne\Desktop\GLSL_DISCORD\node_modules\jest-circus\build\legacy-code-todo-rewrite\jestAdapterInit.js:122:21)
        at jestAdapter (C:\Users\anne\Desktop\GLSL_DISCORD\node_modules\jest-circus\build\legacy-code-todo-rewrite\jestAdapter.js:79:19)
        at runTestInternal (C:\Users\anne\Desktop\GLSL_DISCORD\node_modules\jest-runner\build\runTest.js:367:16)
        at runTest (C:\Users\anne\Desktop\GLSL_DISCORD\node_modules\jest-runner\build\runTest.js:444:34)

      180 |
      181 |         } catch (error) {
    > 182 |             console.error('ÔØî Erreur initialisation bot:', error);
          |                     ^
      183 |             console.error('ÔØî Stack:', error.stack);
      184 |             // Si c'est juste Chrome qui n'est pas trouv├®, ne pas quitter - l'installation runtime va le r├®soudre
      185 |             if (error.message && error.message.includes('Could not find Chrome')) {

      at GLSLDiscordBot.error [as initialize] (bot.js:182:21)
      at Object.<anonymous> (tests/bot.test.js:9292:13)

  console.error
    ÔØî Stack: Error: Could not find Chrome
        at Object.<anonymous> (C:\Users\anne\Desktop\GLSL_DISCORD\tests\bot.test.js:9288:59)
        at Promise.then.completed (C:\Users\anne\Desktop\GLSL_DISCORD\node_modules\jest-circus\build\utils.js:298:28)
        at new Promise (<anonymous>)
        at callAsyncCircusFn (C:\Users\anne\Desktop\GLSL_DISCORD\node_modules\jest-circus\build\utils.js:231:10)
        at _callCircusTest (C:\Users\anne\Desktop\GLSL_DISCORD\node_modules\jest-circus\build\run.js:316:40)
        at _runTest (C:\Users\anne\Desktop\GLSL_DISCORD\node_modules\jest-circus\build\run.js:252:3)
        at _runTestsForDescribeBlock (C:\Users\anne\Desktop\GLSL_DISCORD\node_modules\jest-circus\build\run.js:126:9)
        at _runTestsForDescribeBlock (C:\Users\anne\Desktop\GLSL_DISCORD\node_modules\jest-circus\build\run.js:121:9)
        at _runTestsForDescribeBlock (C:\Users\anne\Desktop\GLSL_DISCORD\node_modules\jest-circus\build\run.js:121:9)
        at run (C:\Users\anne\Desktop\GLSL_DISCORD\node_modules\jest-circus\build\run.js:71:3)
        at runAndTransformResultsToJestFormat (C:\Users\anne\Desktop\GLSL_DISCORD\node_modules\jest-circus\build\legacy-code-todo-rewrite\jestAdapterInit.js:122:21)
        at jestAdapter (C:\Users\anne\Desktop\GLSL_DISCORD\node_modules\jest-circus\build\legacy-code-todo-rewrite\jestAdapter.js:79:19)
        at runTestInternal (C:\Users\anne\Desktop\GLSL_DISCORD\node_modules\jest-runner\build\runTest.js:367:16)
        at runTest (C:\Users\anne\Desktop\GLSL_DISCORD\node_modules\jest-runner\build\runTest.js:444:34)

      181 |         } catch (error) {
      182 |             console.error('ÔØî Erreur initialisation bot:', error);
    > 183 |             console.error('ÔØî Stack:', error.stack);
          |                     ^
      184 |             // Si c'est juste Chrome qui n'est pas trouv├®, ne pas quitter - l'installation runtime va le r├®soudre
      185 |             if (error.message && error.message.includes('Could not find Chrome')) {
      186 |                 console.log('ÔÜá´©Å Chrome non trouv├®, mais l\'installation runtime devrait le r├®soudre au prochain red├®marrage');

      at GLSLDiscordBot.error [as initialize] (bot.js:183:21)
      at Object.<anonymous> (tests/bot.test.js:9292:13)

  console.log
    ÔÜá´©Å Chrome non trouv├®, mais l'installation runtime devrait le r├®soudre au prochain red├®marrage

      at GLSLDiscordBot.log [as initialize] (bot.js:186:25)

  console.log
    ÔÜá´©Å Le bot va continuer ├á fonctionner, mais les shaders ne pourront pas ├¬tre compil├®s jusqu'├á ce que Chrome soit install├®

      at GLSLDiscordBot.log [as initialize] (bot.js:187:25)

  console.log
    ­ƒöä Enregistrement de 0 commandes slash...

      at GLSLDiscordBot.log [as registerSlashCommands] (bot.js:230:21)

  console.log
    ­ƒöä handleInteractionFromHTTP appel├®

      at GLSLDiscordBot.log [as handleInteractionFromHTTP] (bot.js:4593:17)

  console.log
    ­ƒôï Interaction d├®tails: {
      id: '123',
      hasToken: true,
      type: 2,
      commandName: 'help',
      markedAsProcessed: true
    }

      at GLSLDiscordBot.log [as handleInteractionFromHTTP] (bot.js:4608:17)

  console.log
    ­ƒöì Commande HTTP re├ºue: help (user: testuser#1234)

      at GLSLDiscordBot.log [as handleInteractionFromHTTP] (bot.js:4632:25)

  console.log
    ÔûÂ´©Å Ex├®cution commande HTTP: help

      at GLSLDiscordBot.log [as handleInteractionFromHTTP] (bot.js:5556:29)

  console.error
    ÔØî Erreur lors de l'ex├®cution de la commande HTTP help: Error: Command error
        at Object.<anonymous> (C:\Users\anne\Desktop\GLSL_DISCORD\tests\bot.test.js:9399:54)
        at Promise.then.completed (C:\Users\anne\Desktop\GLSL_DISCORD\node_modules\jest-circus\build\utils.js:298:28)
        at new Promise (<anonymous>)
        at callAsyncCircusFn (C:\Users\anne\Desktop\GLSL_DISCORD\node_modules\jest-circus\build\utils.js:231:10)
        at _callCircusTest (C:\Users\anne\Desktop\GLSL_DISCORD\node_modules\jest-circus\build\run.js:316:40)
        at _runTest (C:\Users\anne\Desktop\GLSL_DISCORD\node_modules\jest-circus\build\run.js:252:3)
        at _runTestsForDescribeBlock (C:\Users\anne\Desktop\GLSL_DISCORD\node_modules\jest-circus\build\run.js:126:9)
        at _runTestsForDescribeBlock (C:\Users\anne\Desktop\GLSL_DISCORD\node_modules\jest-circus\build\run.js:121:9)
        at _runTestsForDescribeBlock (C:\Users\anne\Desktop\GLSL_DISCORD\node_modules\jest-circus\build\run.js:121:9)
        at run (C:\Users\anne\Desktop\GLSL_DISCORD\node_modules\jest-circus\build\run.js:71:3)
        at runAndTransformResultsToJestFormat (C:\Users\anne\Desktop\GLSL_DISCORD\node_modules\jest-circus\build\legacy-code-todo-rewrite\jestAdapterInit.js:122:21)
        at jestAdapter (C:\Users\anne\Desktop\GLSL_DISCORD\node_modules\jest-circus\build\legacy-code-todo-rewrite\jestAdapter.js:79:19)
        at runTestInternal (C:\Users\anne\Desktop\GLSL_DISCORD\node_modules\jest-runner\build\runTest.js:367:16)
        at runTest (C:\Users\anne\Desktop\GLSL_DISCORD\node_modules\jest-runner\build\runTest.js:444:34)

      5562 |                     console.log(`Ô£à Commande HTTP ${commandName} ex├®cut├®e avec succ├¿s`);
      5563 |                 } catch (error) {
    > 5564 |                     console.error(`ÔØî Erreur lors de l'ex├®cution de la commande HTTP ${commandName}:`, error);
           |                             ^
      5565 |                     // Ne pas relancer l'erreur car elle a d├®j├á ├®t├® g├®r├®e par la commande
      5566 |                     // mais on log pour le debugging
      5567 |                 } finally {

      at GLSLDiscordBot.error [as handleInteractionFromHTTP] (bot.js:5564:29)
      at Object.<anonymous> (tests/bot.test.js:9407:13)

  console.log
    ­ƒöä handleInteractionFromHTTP appel├®

      at GLSLDiscordBot.log [as handleInteractionFromHTTP] (bot.js:4593:17)

  console.log
    ­ƒôï Interaction d├®tails: {
      id: '123',
      hasToken: true,
      type: 4,
      commandName: 'help',
      markedAsProcessed: true
    }

      at GLSLDiscordBot.log [as handleInteractionFromHTTP] (bot.js:4608:17)

  console.log
    ­ƒöì Autocomplete HTTP re├ºu: help

      at GLSLDiscordBot.log [as handleInteractionFromHTTP] (bot.js:5577:25)

  console.log
    ­ƒöä handleInteractionFromHTTP appel├®

      at GLSLDiscordBot.log [as handleInteractionFromHTTP] (bot.js:4593:17)

  console.log
    ­ƒôï Interaction d├®tails: {
      id: '123',
      hasToken: true,
      type: 4,
      commandName: 'nonexistent',
      markedAsProcessed: true
    }

      at GLSLDiscordBot.log [as handleInteractionFromHTTP] (bot.js:4608:17)

  console.log
    ­ƒöì Autocomplete HTTP re├ºu: nonexistent

      at GLSLDiscordBot.log [as handleInteractionFromHTTP] (bot.js:5577:25)

  console.log
    ­ƒöä handleInteractionFromHTTP appel├®

      at GLSLDiscordBot.log [as handleInteractionFromHTTP] (bot.js:4593:17)

  console.log
    ­ƒôï Interaction d├®tails: {
      id: '123',
      hasToken: true,
      type: 4,
      commandName: 'help',
      markedAsProcessed: true
    }

      at GLSLDiscordBot.log [as handleInteractionFromHTTP] (bot.js:4608:17)

  console.log
    ­ƒöì Autocomplete HTTP re├ºu: help

      at GLSLDiscordBot.log [as handleInteractionFromHTTP] (bot.js:5577:25)

  console.error
    ÔØî Erreur lors de l'autocomplete HTTP help: Error: Autocomplete error
        at Object.<anonymous> (C:\Users\anne\Desktop\GLSL_DISCORD\tests\bot.test.js:9512:59)
        at Promise.then.completed (C:\Users\anne\Desktop\GLSL_DISCORD\node_modules\jest-circus\build\utils.js:298:28)
        at new Promise (<anonymous>)
        at callAsyncCircusFn (C:\Users\anne\Desktop\GLSL_DISCORD\node_modules\jest-circus\build\utils.js:231:10)
        at _callCircusTest (C:\Users\anne\Desktop\GLSL_DISCORD\node_modules\jest-circus\build\run.js:316:40)
        at _runTest (C:\Users\anne\Desktop\GLSL_DISCORD\node_modules\jest-circus\build\run.js:252:3)
        at _runTestsForDescribeBlock (C:\Users\anne\Desktop\GLSL_DISCORD\node_modules\jest-circus\build\run.js:126:9)
        at _runTestsForDescribeBlock (C:\Users\anne\Desktop\GLSL_DISCORD\node_modules\jest-circus\build\run.js:121:9)
        at _runTestsForDescribeBlock (C:\Users\anne\Desktop\GLSL_DISCORD\node_modules\jest-circus\build\run.js:121:9)
        at run (C:\Users\anne\Desktop\GLSL_DISCORD\node_modules\jest-circus\build\run.js:71:3)
        at runAndTransformResultsToJestFormat (C:\Users\anne\Desktop\GLSL_DISCORD\node_modules\jest-circus\build\legacy-code-todo-rewrite\jestAdapterInit.js:122:21)
        at jestAdapter (C:\Users\anne\Desktop\GLSL_DISCORD\node_modules\jest-circus\build\legacy-code-todo-rewrite\jestAdapter.js:79:19)
        at runTestInternal (C:\Users\anne\Desktop\GLSL_DISCORD\node_modules\jest-runner\build\runTest.js:367:16)
        at runTest (C:\Users\anne\Desktop\GLSL_DISCORD\node_modules\jest-runner\build\runTest.js:444:34)

      5605 |                     }
      5606 |                     } catch (error) {
    > 5607 |                         console.error(`ÔØî Erreur lors de l'autocomplete HTTP ${commandName}:`, error);
           |                                 ^
      5608 |                     }
      5609 |                 }
      5610 |                 

      at GLSLDiscordBot.error [as handleInteractionFromHTTP] (bot.js:5607:33)
      at Object.<anonymous> (tests/bot.test.js:9516:28)

  console.log
    ­ƒöä handleInteractionFromHTTP appel├®

      at GLSLDiscordBot.log [as handleInteractionFromHTTP] (bot.js:4593:17)

  console.log
    ­ƒôï Interaction d├®tails: {
      id: '123',
      hasToken: true,
      type: 4,
      commandName: 'help',
      markedAsProcessed: true
    }

      at GLSLDiscordBot.log [as handleInteractionFromHTTP] (bot.js:4608:17)

  console.log
    ­ƒöì Autocomplete HTTP re├ºu: help

      at GLSLDiscordBot.log [as handleInteractionFromHTTP] (bot.js:5577:25)

  console.log
    ­ƒöä handleInteractionFromHTTP appel├®

      at GLSLDiscordBot.log [as handleInteractionFromHTTP] (bot.js:4593:17)

  console.log
    ­ƒôï Interaction d├®tails: {
      id: '123',
      hasToken: true,
      type: 2,
      commandName: 'help',
      markedAsProcessed: true
    }

      at GLSLDiscordBot.log [as handleInteractionFromHTTP] (bot.js:4608:17)

  console.log
    ­ƒöì Commande HTTP re├ºue: help (user: testuser#1234)

      at GLSLDiscordBot.log [as handleInteractionFromHTTP] (bot.js:4632:25)

  console.log
    ÔûÂ´©Å Ex├®cution commande HTTP: help

      at GLSLDiscordBot.log [as handleInteractionFromHTTP] (bot.js:5556:29)

  console.log
    Ô£à Commande HTTP help ex├®cut├®e avec succ├¿s

      at GLSLDiscordBot.log [as handleInteractionFromHTTP] (bot.js:5562:29)

  console.log
    ÔÅ¡´©Å Interaction interaction123 d├®j├á trait├®e (d├®duplication), ignor├®e

      at MockClient.log (bot.js:255:25)

  console.log
    ­ƒöì Commande WebSocket re├ºue: nonexistent (user: testuser#1234)

      at MockClient.log (bot.js:276:21)

  console.error
    ÔÜá´©Å Commande non trouv├®e: nonexistent

      277 |
      278 |             if (!command) {
    > 279 |                 console.error(`ÔÜá´©Å Commande non trouv├®e: ${interaction.commandName}`);
          |                         ^
      280 |                 // R├®pondre imm├®diatement pour ├®viter le timeout
      281 |                 if (!interaction.replied && !interaction.deferred) {
      282 |                     try {

      at MockClient.error (bot.js:279:25)
      at Object.emit (tests/bot.test.js:9695:24)

  console.log
    ­ƒöì Commande WebSocket re├ºue: help (user: testuser#1234)

      at MockClient.log (bot.js:276:21)

  console.log
    ÔûÂ´©Å Ex├®cution commande WebSocket: help

      at MockClient.log (bot.js:338:25)

  console.log
    Ô£à Commande help ex├®cut├®e avec succ├¿s

      at MockClient.log (bot.js:344:25)

  console.log
    ­ƒöì Commande WebSocket re├ºue: shader (user: testuser#1234)

      at MockClient.log (bot.js:276:21)

  console.log
    ÔÅ¡´©Å Commande shader d├®j├á en cours d'ex├®cution pour l'utilisateur user123, ignor├®e

      at MockClient.log (bot.js:324:25)

  console.log
    ­ƒöì Commande WebSocket re├ºue: help (user: testuser#1234)

      at MockClient.log (bot.js:276:21)

  console.log
    ÔûÂ´©Å Ex├®cution commande WebSocket: help

      at MockClient.log (bot.js:338:25)

  console.error
    ÔØî Erreur ex├®cution commande help: Error: Command execution error
        at Object.<anonymous> (C:\Users\anne\Desktop\GLSL_DISCORD\tests\bot.test.js:9805:54)
        at Promise.then.completed (C:\Users\anne\Desktop\GLSL_DISCORD\node_modules\jest-circus\build\utils.js:298:28)
        at new Promise (<anonymous>)
        at callAsyncCircusFn (C:\Users\anne\Desktop\GLSL_DISCORD\node_modules\jest-circus\build\utils.js:231:10)
        at _callCircusTest (C:\Users\anne\Desktop\GLSL_DISCORD\node_modules\jest-circus\build\run.js:316:40)
        at _runTest (C:\Users\anne\Desktop\GLSL_DISCORD\node_modules\jest-circus\build\run.js:252:3)
        at _runTestsForDescribeBlock (C:\Users\anne\Desktop\GLSL_DISCORD\node_modules\jest-circus\build\run.js:126:9)
        at _runTestsForDescribeBlock (C:\Users\anne\Desktop\GLSL_DISCORD\node_modules\jest-circus\build\run.js:121:9)
        at _runTestsForDescribeBlock (C:\Users\anne\Desktop\GLSL_DISCORD\node_modules\jest-circus\build\run.js:121:9)
        at run (C:\Users\anne\Desktop\GLSL_DISCORD\node_modules\jest-circus\build\run.js:71:3)
        at runAndTransformResultsToJestFormat (C:\Users\anne\Desktop\GLSL_DISCORD\node_modules\jest-circus\build\legacy-code-todo-rewrite\jestAdapterInit.js:122:21)
        at jestAdapter (C:\Users\anne\Desktop\GLSL_DISCORD\node_modules\jest-circus\build\legacy-code-todo-rewrite\jestAdapter.js:79:19)
        at runTestInternal (C:\Users\anne\Desktop\GLSL_DISCORD\node_modules\jest-runner\build\runTest.js:367:16)
        at runTest (C:\Users\anne\Desktop\GLSL_DISCORD\node_modules\jest-runner\build\runTest.js:444:34)

      344 |                 console.log(`Ô£à Commande ${interaction.commandName} ex├®cut├®e avec succ├¿s`);
      345 |             } catch (error) {
    > 346 |                 console.error(`ÔØî Erreur ex├®cution commande ${interaction.commandName}:`, error);
          |                         ^
      347 |                 
      348 |                 const errorMessage = {
      349 |                     content: 'ÔØî Une erreur s\'est produite lors de l\'ex├®cution de cette commande.'

      at MockClient.error (bot.js:346:25)

  console.log
    ­ƒöì Commande WebSocket re├ºue: help (user: testuser#1234)

      at MockClient.log (bot.js:276:21)

  console.log
    ÔûÂ´©Å Ex├®cution commande WebSocket: help

      at MockClient.log (bot.js:338:25)

  console.log
    Ô£à Commande help ex├®cut├®e avec succ├¿s

      at MockClient.log (bot.js:344:25)

  console.log
    ­ƒöì Commande WebSocket re├ºue: help (user: testuser#1234)

      at MockClient.log (bot.js:276:21)

  console.log
    ÔûÂ´©Å Ex├®cution commande WebSocket: help

      at MockClient.log (bot.js:338:25)

  console.log
    Ô£à Commande help ex├®cut├®e avec succ├¿s

      at MockClient.log (bot.js:344:25)

  console.log
    ­ƒöì Commande WebSocket re├ºue: help (user: testuser#1234)

      at MockClient.log (bot.js:276:21)

  console.log
    ÔûÂ´©Å Ex├®cution commande WebSocket: help

      at MockClient.log (bot.js:338:25)

  console.error
    ÔØî Erreur ex├®cution commande help: Error: Command error
        at Object.<anonymous> (C:\Users\anne\Desktop\GLSL_DISCORD\tests\bot.test.js:9902:54)
        at Promise.then.completed (C:\Users\anne\Desktop\GLSL_DISCORD\node_modules\jest-circus\build\utils.js:298:28)
        at new Promise (<anonymous>)
        at callAsyncCircusFn (C:\Users\anne\Desktop\GLSL_DISCORD\node_modules\jest-circus\build\utils.js:231:10)
        at _callCircusTest (C:\Users\anne\Desktop\GLSL_DISCORD\node_modules\jest-circus\build\run.js:316:40)
        at _runTest (C:\Users\anne\Desktop\GLSL_DISCORD\node_modules\jest-circus\build\run.js:252:3)
        at _runTestsForDescribeBlock (C:\Users\anne\Desktop\GLSL_DISCORD\node_modules\jest-circus\build\run.js:126:9)
        at _runTestsForDescribeBlock (C:\Users\anne\Desktop\GLSL_DISCORD\node_modules\jest-circus\build\run.js:121:9)
        at _runTestsForDescribeBlock (C:\Users\anne\Desktop\GLSL_DISCORD\node_modules\jest-circus\build\run.js:121:9)
        at run (C:\Users\anne\Desktop\GLSL_DISCORD\node_modules\jest-circus\build\run.js:71:3)
        at runAndTransformResultsToJestFormat (C:\Users\anne\Desktop\GLSL_DISCORD\node_modules\jest-circus\build\legacy-code-todo-rewrite\jestAdapterInit.js:122:21)
        at jestAdapter (C:\Users\anne\Desktop\GLSL_DISCORD\node_modules\jest-circus\build\legacy-code-todo-rewrite\jestAdapter.js:79:19)
        at runTestInternal (C:\Users\anne\Desktop\GLSL_DISCORD\node_modules\jest-runner\build\runTest.js:367:16)
        at runTest (C:\Users\anne\Desktop\GLSL_DISCORD\node_modules\jest-runner\build\runTest.js:444:34)

      344 |                 console.log(`Ô£à Commande ${interaction.commandName} ex├®cut├®e avec succ├¿s`);
      345 |             } catch (error) {
    > 346 |                 console.error(`ÔØî Erreur ex├®cution commande ${interaction.commandName}:`, error);
          |                         ^
      347 |                 
      348 |                 const errorMessage = {
      349 |                     content: 'ÔØî Une erreur s\'est produite lors de l\'ex├®cution de cette commande.'

      at MockClient.error (bot.js:346:25)

  console.log
    ­ƒöì Commande WebSocket re├ºue: help (user: testuser#1234)

      at MockClient.log (bot.js:276:21)

  console.log
    ÔûÂ´©Å Ex├®cution commande WebSocket: help

      at MockClient.log (bot.js:338:25)

  console.error
    ÔØî Erreur ex├®cution commande help: Error: Command error
        at Object.<anonymous> (C:\Users\anne\Desktop\GLSL_DISCORD\tests\bot.test.js:9935:54)
        at Promise.then.completed (C:\Users\anne\Desktop\GLSL_DISCORD\node_modules\jest-circus\build\utils.js:298:28)
        at new Promise (<anonymous>)
        at callAsyncCircusFn (C:\Users\anne\Desktop\GLSL_DISCORD\node_modules\jest-circus\build\utils.js:231:10)
        at _callCircusTest (C:\Users\anne\Desktop\GLSL_DISCORD\node_modules\jest-circus\build\run.js:316:40)
        at runNextTicks (node:internal/process/task_queues:60:5)
        at processTimers (node:internal/timers:509:9)
        at _runTest (C:\Users\anne\Desktop\GLSL_DISCORD\node_modules\jest-circus\build\run.js:252:3)
        at _runTestsForDescribeBlock (C:\Users\anne\Desktop\GLSL_DISCORD\node_modules\jest-circus\build\run.js:126:9)
        at _runTestsForDescribeBlock (C:\Users\anne\Desktop\GLSL_DISCORD\node_modules\jest-circus\build\run.js:121:9)
        at _runTestsForDescribeBlock (C:\Users\anne\Desktop\GLSL_DISCORD\node_modules\jest-circus\build\run.js:121:9)
        at run (C:\Users\anne\Desktop\GLSL_DISCORD\node_modules\jest-circus\build\run.js:71:3)
        at runAndTransformResultsToJestFormat (C:\Users\anne\Desktop\GLSL_DISCORD\node_modules\jest-circus\build\legacy-code-todo-rewrite\jestAdapterInit.js:122:21)
        at jestAdapter (C:\Users\anne\Desktop\GLSL_DISCORD\node_modules\jest-circus\build\legacy-code-todo-rewrite\jestAdapter.js:79:19)
        at runTestInternal (C:\Users\anne\Desktop\GLSL_DISCORD\node_modules\jest-runner\build\runTest.js:367:16)
        at runTest (C:\Users\anne\Desktop\GLSL_DISCORD\node_modules\jest-runner\build\runTest.js:444:34)

      344 |                 console.log(`Ô£à Commande ${interaction.commandName} ex├®cut├®e avec succ├¿s`);
      345 |             } catch (error) {
    > 346 |                 console.error(`ÔØî Erreur ex├®cution commande ${interaction.commandName}:`, error);
          |                         ^
      347 |                 
      348 |                 const errorMessage = {
      349 |                     content: 'ÔØî Une erreur s\'est produite lors de l\'ex├®cution de cette commande.'

      at MockClient.error (bot.js:346:25)

  console.log
    ­ƒöì Commande WebSocket re├ºue: help (user: testuser#1234)

      at MockClient.log (bot.js:276:21)

  console.log
    ÔûÂ´©Å Ex├®cution commande WebSocket: help

      at MockClient.log (bot.js:338:25)

  console.error
    ÔØî Erreur ex├®cution commande help: Error: Command error
        at Object.<anonymous> (C:\Users\anne\Desktop\GLSL_DISCORD\tests\bot.test.js:9968:54)
        at Promise.then.completed (C:\Users\anne\Desktop\GLSL_DISCORD\node_modules\jest-circus\build\utils.js:298:28)
        at new Promise (<anonymous>)
        at callAsyncCircusFn (C:\Users\anne\Desktop\GLSL_DISCORD\node_modules\jest-circus\build\utils.js:231:10)
        at _callCircusTest (C:\Users\anne\Desktop\GLSL_DISCORD\node_modules\jest-circus\build\run.js:316:40)
        at _runTest (C:\Users\anne\Desktop\GLSL_DISCORD\node_modules\jest-circus\build\run.js:252:3)
        at _runTestsForDescribeBlock (C:\Users\anne\Desktop\GLSL_DISCORD\node_modules\jest-circus\build\run.js:126:9)
        at _runTestsForDescribeBlock (C:\Users\anne\Desktop\GLSL_DISCORD\node_modules\jest-circus\build\run.js:121:9)
        at _runTestsForDescribeBlock (C:\Users\anne\Desktop\GLSL_DISCORD\node_modules\jest-circus\build\run.js:121:9)
        at run (C:\Users\anne\Desktop\GLSL_DISCORD\node_modules\jest-circus\build\run.js:71:3)
        at runAndTransformResultsToJestFormat (C:\Users\anne\Desktop\GLSL_DISCORD\node_modules\jest-circus\build\legacy-code-todo-rewrite\jestAdapterInit.js:122:21)
        at jestAdapter (C:\Users\anne\Desktop\GLSL_DISCORD\node_modules\jest-circus\build\legacy-code-todo-rewrite\jestAdapter.js:79:19)
        at runTestInternal (C:\Users\anne\Desktop\GLSL_DISCORD\node_modules\jest-runner\build\runTest.js:367:16)
        at runTest (C:\Users\anne\Desktop\GLSL_DISCORD\node_modules\jest-runner\build\runTest.js:444:34)

      344 |                 console.log(`Ô£à Commande ${interaction.commandName} ex├®cut├®e avec succ├¿s`);
      345 |             } catch (error) {
    > 346 |                 console.error(`ÔØî Erreur ex├®cution commande ${interaction.commandName}:`, error);
          |                         ^
      347 |                 
      348 |                 const errorMessage = {
      349 |                     content: 'ÔØî Une erreur s\'est produite lors de l\'ex├®cution de cette commande.'

      at MockClient.error (bot.js:346:25)

  console.error
    ÔØî Erreur autocomplete commande help: Error: Autocomplete error
        at Object.<anonymous> (C:\Users\anne\Desktop\GLSL_DISCORD\tests\bot.test.js:10025:59)
        at Promise.then.completed (C:\Users\anne\Desktop\GLSL_DISCORD\node_modules\jest-circus\build\utils.js:298:28)
        at new Promise (<anonymous>)
        at callAsyncCircusFn (C:\Users\anne\Desktop\GLSL_DISCORD\node_modules\jest-circus\build\utils.js:231:10)
        at _callCircusTest (C:\Users\anne\Desktop\GLSL_DISCORD\node_modules\jest-circus\build\run.js:316:40)
        at _runTest (C:\Users\anne\Desktop\GLSL_DISCORD\node_modules\jest-circus\build\run.js:252:3)
        at _runTestsForDescribeBlock (C:\Users\anne\Desktop\GLSL_DISCORD\node_modules\jest-circus\build\run.js:126:9)
        at _runTestsForDescribeBlock (C:\Users\anne\Desktop\GLSL_DISCORD\node_modules\jest-circus\build\run.js:121:9)
        at _runTestsForDescribeBlock (C:\Users\anne\Desktop\GLSL_DISCORD\node_modules\jest-circus\build\run.js:121:9)
        at run (C:\Users\anne\Desktop\GLSL_DISCORD\node_modules\jest-circus\build\run.js:71:3)
        at runAndTransformResultsToJestFormat (C:\Users\anne\Desktop\GLSL_DISCORD\node_modules\jest-circus\build\legacy-code-todo-rewrite\jestAdapterInit.js:122:21)
        at jestAdapter (C:\Users\anne\Desktop\GLSL_DISCORD\node_modules\jest-circus\build\legacy-code-todo-rewrite\jestAdapter.js:79:19)
        at runTestInternal (C:\Users\anne\Desktop\GLSL_DISCORD\node_modules\jest-runner\build\runTest.js:367:16)
        at runTest (C:\Users\anne\Desktop\GLSL_DISCORD\node_modules\jest-runner\build\runTest.js:444:34)

      264 |                         await command.autocomplete(interaction);
      265 |                     } catch (error) {
    > 266 |                         console.error(`ÔØî Erreur autocomplete commande ${interaction.commandName}:`, error);
          |                                 ^
      267 |                     }
      268 |                 }
      269 |                 return;

      at MockClient.error (bot.js:266:33)

  console.log
    ­ƒöì Commande WebSocket re├ºue: help (user: testuser#1234)

      at MockClient.log (bot.js:276:21)

  console.log
    ÔûÂ´©Å Ex├®cution commande WebSocket: help

      at MockClient.log (bot.js:338:25)

  console.log
    Ô£à Commande help ex├®cut├®e avec succ├¿s

      at MockClient.log (bot.js:344:25)

  console.log
    ­ƒöä handleInteractionFromHTTP appel├®

      at GLSLDiscordBot.log [as handleInteractionFromHTTP] (bot.js:4593:17)

  console.log
    ­ƒôï Interaction d├®tails: {
      id: undefined,
      hasToken: true,
      type: 2,
      commandName: 'help',
      markedAsProcessed: true
    }

      at GLSLDiscordBot.log [as handleInteractionFromHTTP] (bot.js:4608:17)

  console.error
    ÔØî Interaction ID ou token manquant { hasId: false, hasToken: true }

      4615 |         
      4616 |         if (!interactionId || !interactionToken) {
    > 4617 |             console.error('ÔØî Interaction ID ou token manquant', {
           |                     ^
      4618 |                 hasId: !!interactionId,
      4619 |                 hasToken: !!interactionToken
      4620 |             });

      at GLSLDiscordBot.error [as handleInteractionFromHTTP] (bot.js:4617:21)
      at Object.handleInteractionFromHTTP (tests/bot.test.js:10135:38)

  console.log
    ­ƒöä handleInteractionFromHTTP appel├®

      at GLSLDiscordBot.log [as handleInteractionFromHTTP] (bot.js:4593:17)

  console.log
    ­ƒôï Interaction d├®tails: {
      id: 'test-id',
      hasToken: false,
      type: 2,
      commandName: 'help',
      markedAsProcessed: true
    }

      at GLSLDiscordBot.log [as handleInteractionFromHTTP] (bot.js:4608:17)

  console.error
    ÔØî Interaction ID ou token manquant { hasId: true, hasToken: false }

      4615 |         
      4616 |         if (!interactionId || !interactionToken) {
    > 4617 |             console.error('ÔØî Interaction ID ou token manquant', {
           |                     ^
      4618 |                 hasId: !!interactionId,
      4619 |                 hasToken: !!interactionToken
      4620 |             });

      at GLSLDiscordBot.error [as handleInteractionFromHTTP] (bot.js:4617:21)
      at Object.handleInteractionFromHTTP (tests/bot.test.js:10149:38)

  console.log
    ­ƒöä handleInteractionFromHTTP appel├®

      at GLSLDiscordBot.log [as handleInteractionFromHTTP] (bot.js:4593:17)

  console.log
    ­ƒôï Interaction d├®tails: {
      id: 'interaction123',
      hasToken: true,
      type: 2,
      commandName: 'help',
      markedAsProcessed: true
    }

      at GLSLDiscordBot.log [as handleInteractionFromHTTP] (bot.js:4608:17)

  console.log
    ­ƒöì Commande HTTP re├ºue: help (user: testuser#1234)

      at GLSLDiscordBot.log [as handleInteractionFromHTTP] (bot.js:4632:25)

  console.log
    ÔÅ¡´©Å Commande HTTP help d├®j├á en cours d'ex├®cution pour l'utilisateur user123, ignor├®e

      at GLSLDiscordBot.log [as handleInteractionFromHTTP] (bot.js:4675:29)

  console.log
    ­ƒöä handleInteractionFromHTTP appel├®

      at GLSLDiscordBot.log [as handleInteractionFromHTTP] (bot.js:4593:17)

  console.log
    ­ƒôï Interaction d├®tails: {
      id: 'interaction123',
      hasToken: true,
      type: 2,
      commandName: 'help',
      markedAsProcessed: true
    }

      at GLSLDiscordBot.log [as handleInteractionFromHTTP] (bot.js:4608:17)

  console.log
    ­ƒöì Commande HTTP re├ºue: help (user: testuser#1234)

      at GLSLDiscordBot.log [as handleInteractionFromHTTP] (bot.js:4632:25)

  console.log
    ­ƒÜÇ Initialisation du bot Discord GLSL...

      at GLSLDiscordBot.log [as initialize] (bot.js:124:21)

  console.log
    Ô£à Base de donn├®es initialis├®e

      at GLSLDiscordBot.log [as initialize] (bot.js:140:21)

  console.log
    Ô£à Compilateur WebGL initialis├®

      at GLSLDiscordBot.log [as initialize] (bot.js:145:25)

  console.error
    ÔØî Erreur initialisation bot: Error: Erreur chargement commandes
        at Object.<anonymous> (C:\Users\anne\Desktop\GLSL_DISCORD\tests\bot.test.js:10282:60)
        at Promise.then.completed (C:\Users\anne\Desktop\GLSL_DISCORD\node_modules\jest-circus\build\utils.js:298:28)
        at new Promise (<anonymous>)
        at callAsyncCircusFn (C:\Users\anne\Desktop\GLSL_DISCORD\node_modules\jest-circus\build\utils.js:231:10)
        at _callCircusTest (C:\Users\anne\Desktop\GLSL_DISCORD\node_modules\jest-circus\build\run.js:316:40)
        at _runTest (C:\Users\anne\Desktop\GLSL_DISCORD\node_modules\jest-circus\build\run.js:252:3)
        at _runTestsForDescribeBlock (C:\Users\anne\Desktop\GLSL_DISCORD\node_modules\jest-circus\build\run.js:126:9)
        at _runTestsForDescribeBlock (C:\Users\anne\Desktop\GLSL_DISCORD\node_modules\jest-circus\build\run.js:121:9)
        at _runTestsForDescribeBlock (C:\Users\anne\Desktop\GLSL_DISCORD\node_modules\jest-circus\build\run.js:121:9)
        at run (C:\Users\anne\Desktop\GLSL_DISCORD\node_modules\jest-circus\build\run.js:71:3)
        at runAndTransformResultsToJestFormat (C:\Users\anne\Desktop\GLSL_DISCORD\node_modules\jest-circus\build\legacy-code-todo-rewrite\jestAdapterInit.js:122:21)
        at jestAdapter (C:\Users\anne\Desktop\GLSL_DISCORD\node_modules\jest-circus\build\legacy-code-todo-rewrite\jestAdapter.js:79:19)
        at runTestInternal (C:\Users\anne\Desktop\GLSL_DISCORD\node_modules\jest-runner\build\runTest.js:367:16)
        at runTest (C:\Users\anne\Desktop\GLSL_DISCORD\node_modules\jest-runner\build\runTest.js:444:34)

      180 |
      181 |         } catch (error) {
    > 182 |             console.error('ÔØî Erreur initialisation bot:', error);
          |                     ^
      183 |             console.error('ÔØî Stack:', error.stack);
      184 |             // Si c'est juste Chrome qui n'est pas trouv├®, ne pas quitter - l'installation runtime va le r├®soudre
      185 |             if (error.message && error.message.includes('Could not find Chrome')) {

      at GLSLDiscordBot.error [as initialize] (bot.js:182:21)
      at Object.<anonymous> (tests/bot.test.js:10296:13)

  console.error
    ÔØî Stack: Error: Erreur chargement commandes
        at Object.<anonymous> (C:\Users\anne\Desktop\GLSL_DISCORD\tests\bot.test.js:10282:60)
        at Promise.then.completed (C:\Users\anne\Desktop\GLSL_DISCORD\node_modules\jest-circus\build\utils.js:298:28)
        at new Promise (<anonymous>)
        at callAsyncCircusFn (C:\Users\anne\Desktop\GLSL_DISCORD\node_modules\jest-circus\build\utils.js:231:10)
        at _callCircusTest (C:\Users\anne\Desktop\GLSL_DISCORD\node_modules\jest-circus\build\run.js:316:40)
        at _runTest (C:\Users\anne\Desktop\GLSL_DISCORD\node_modules\jest-circus\build\run.js:252:3)
        at _runTestsForDescribeBlock (C:\Users\anne\Desktop\GLSL_DISCORD\node_modules\jest-circus\build\run.js:126:9)
        at _runTestsForDescribeBlock (C:\Users\anne\Desktop\GLSL_DISCORD\node_modules\jest-circus\build\run.js:121:9)
        at _runTestsForDescribeBlock (C:\Users\anne\Desktop\GLSL_DISCORD\node_modules\jest-circus\build\run.js:121:9)
        at run (C:\Users\anne\Desktop\GLSL_DISCORD\node_modules\jest-circus\build\run.js:71:3)
        at runAndTransformResultsToJestFormat (C:\Users\anne\Desktop\GLSL_DISCORD\node_modules\jest-circus\build\legacy-code-todo-rewrite\jestAdapterInit.js:122:21)
        at jestAdapter (C:\Users\anne\Desktop\GLSL_DISCORD\node_modules\jest-circus\build\legacy-code-todo-rewrite\jestAdapter.js:79:19)
        at runTestInternal (C:\Users\anne\Desktop\GLSL_DISCORD\node_modules\jest-runner\build\runTest.js:367:16)
        at runTest (C:\Users\anne\Desktop\GLSL_DISCORD\node_modules\jest-runner\build\runTest.js:444:34)

      181 |         } catch (error) {
      182 |             console.error('ÔØî Erreur initialisation bot:', error);
    > 183 |             console.error('ÔØî Stack:', error.stack);
          |                     ^
      184 |             // Si c'est juste Chrome qui n'est pas trouv├®, ne pas quitter - l'installation runtime va le r├®soudre
      185 |             if (error.message && error.message.includes('Could not find Chrome')) {
      186 |                 console.log('ÔÜá´©Å Chrome non trouv├®, mais l\'installation runtime devrait le r├®soudre au prochain red├®marrage');

      at GLSLDiscordBot.error [as initialize] (bot.js:183:21)
      at Object.<anonymous> (tests/bot.test.js:10296:13)

npm :   ÔùÅ  process.exit called with "1"
Au caractère C:\Users\anne\AppData\Local\Temp\ps-script-6bc8ebdd-9174-4000-a7ee-5e90a49a4458.ps1:7 : 40
+ ... anne\Desktop\GLSL_DISCORD; npm test -- tests/bot.test.js 2>&1 | Tee-O ...
+                                ~~~~~~~~~~~~~~~~~~~~~~~~~~~~~~~~~~
    + CategoryInfo          : NotSpecified: (  ÔùÅ  process.exit called with "1":String) [], RemoteException
    + FullyQualifiedErrorId : NativeCommandError
 

      191 |             // Attendre un peu avant de quitter pour voir les logs
      192 |             await new Promise(resolve => setTimeout(resolve, 2000));
    > 193 |             process.exit(1);
          |                     ^
      194 |         }
      195 |     }
      196 |

      at GLSLDiscordBot.exit [as initialize] (bot.js:193:21)
      at Object.<anonymous> (tests/bot.test.js:10296:13)
